

================================================================
== Vitis HLS Report for 'matrix_mult'
================================================================
* Date:           Sun Apr 12 22:06:27 2026

* Version:        2025.2 (Build 6295257 on Nov 14 2025)
* Project:        matrix_hls
* Solution:       hls (Vivado IP Flow Target)
* Product family: zynq
* Target device:  xc7z010-clg400-1


================================================================
== Performance Estimates
================================================================
+ Timing: 
    * Summary: 
    +--------+----------+----------+------------+
    |  Clock |  Target  | Estimated| Uncertainty|
    +--------+----------+----------+------------+
    |ap_clk  |  10.00 ns|  6.923 ns|     2.70 ns|
    +--------+----------+----------+------------+

+ Latency: 
    * Summary: 
    +---------+---------+-----------+-----------+------+------+---------+
    |  Latency (cycles) |   Latency (absolute)  |   Interval  | Pipeline|
    |   min   |   max   |    min    |    max    |  min |  max |   Type  |
    +---------+---------+-----------+-----------+------+------+---------+
    |     4125|     4125|  41.250 us|  41.250 us|  4126|  4126|       no|
    +---------+---------+-----------+-----------+------+------+---------+

    + Detail: 
        * Instance: 
        +-----------------------------------------------------------------+------------------------------------------------------+---------+---------+-----------+-----------+-----+-----+-------------------+
        |                                                                 |                                                      |  Latency (cycles) |   Latency (absolute)  |  Interval |      Pipeline     |
        |                             Instance                            |                        Module                        |   min   |   max   |    min    |    max    | min | max |        Type       |
        +-----------------------------------------------------------------+------------------------------------------------------+---------+---------+-----------+-----------+-----+-----+-------------------+
        |grp_matrix_mult_Pipeline_VITIS_LOOP_23_1_VITIS_LOOP_24_2_fu_328  |matrix_mult_Pipeline_VITIS_LOOP_23_1_VITIS_LOOP_24_2  |     1027|     1027|  10.270 us|  10.270 us|    0|    0|  loop pipeline stp|
        |grp_matrix_mult_Pipeline_VITIS_LOOP_31_3_VITIS_LOOP_32_4_fu_378  |matrix_mult_Pipeline_VITIS_LOOP_31_3_VITIS_LOOP_32_4  |     1027|     1027|  10.270 us|  10.270 us|    0|    0|  loop pipeline stp|
        |grp_matrix_mult_Pipeline_VITIS_LOOP_39_5_VITIS_LOOP_40_6_fu_428  |matrix_mult_Pipeline_VITIS_LOOP_39_5_VITIS_LOOP_40_6  |     1034|     1034|  10.340 us|  10.340 us|    0|    0|  loop pipeline stp|
        |grp_matrix_mult_Pipeline_VITIS_LOOP_52_8_VITIS_LOOP_53_9_fu_497  |matrix_mult_Pipeline_VITIS_LOOP_52_8_VITIS_LOOP_53_9  |     1028|     1028|  10.280 us|  10.280 us|    0|    0|  loop pipeline stp|
        +-----------------------------------------------------------------+------------------------------------------------------+---------+---------+-----------+-----------+-----+-----+-------------------+

        * Loop: 
        N/A

============================================================
+ Verbose Summary: Synthesis Manager
============================================================
InlineROM: 1
ExposeGlobal: 0
============================================================
+ Verbose Summary: CDFG Model
============================================================
IsTopModel: 1
ResetActiveHigh: 1
IsCombinational: 0
IsDatapathOnly: 0
HasWiredReturn: 1
HasMFsm: 0
HasVarLatency: 1
IsPipeline: 0
IsRtlPipelined: 0
IsInstanceOverlapped: 0
IsDontTouch: 0
HasImplIP: 0
IsGatedGlobalClock: 0


============================================================
+ Verbose Summary: Schedule
============================================================
* Number of FSM states : 10
* Pipeline : 0
* Dataflow Pipeline: 0

* FSM state transitions: 
1 --> 2 
2 --> 3 
3 --> 4 
4 --> 5 
5 --> 6 
6 --> 7 
7 --> 8 
8 --> 9 
9 --> 10 
10 --> 

* FSM state operations: 

State 1 <SV = 0> <Delay = 3.25>
ST_1 : Operation 11 [1/1] (3.25ns)   --->   "%A = alloca i64 1" [matrix_mult.cpp:18]   --->   Operation 11 'alloca' 'A' <Predicate = true> <Delay = 3.25>
ST_1 : Operation 12 [1/1] (3.25ns)   --->   "%A_1 = alloca i64 1" [matrix_mult.cpp:18]   --->   Operation 12 'alloca' 'A_1' <Predicate = true> <Delay = 3.25>
ST_1 : Operation 13 [1/1] (3.25ns)   --->   "%A_2 = alloca i64 1" [matrix_mult.cpp:18]   --->   Operation 13 'alloca' 'A_2' <Predicate = true> <Delay = 3.25>
ST_1 : Operation 14 [1/1] (3.25ns)   --->   "%A_3 = alloca i64 1" [matrix_mult.cpp:18]   --->   Operation 14 'alloca' 'A_3' <Predicate = true> <Delay = 3.25>
ST_1 : Operation 15 [1/1] (3.25ns)   --->   "%A_4 = alloca i64 1" [matrix_mult.cpp:18]   --->   Operation 15 'alloca' 'A_4' <Predicate = true> <Delay = 3.25>
ST_1 : Operation 16 [1/1] (3.25ns)   --->   "%A_5 = alloca i64 1" [matrix_mult.cpp:18]   --->   Operation 16 'alloca' 'A_5' <Predicate = true> <Delay = 3.25>
ST_1 : Operation 17 [1/1] (3.25ns)   --->   "%A_6 = alloca i64 1" [matrix_mult.cpp:18]   --->   Operation 17 'alloca' 'A_6' <Predicate = true> <Delay = 3.25>
ST_1 : Operation 18 [1/1] (3.25ns)   --->   "%A_7 = alloca i64 1" [matrix_mult.cpp:18]   --->   Operation 18 'alloca' 'A_7' <Predicate = true> <Delay = 3.25>
ST_1 : Operation 19 [1/1] (3.25ns)   --->   "%A_8 = alloca i64 1" [matrix_mult.cpp:18]   --->   Operation 19 'alloca' 'A_8' <Predicate = true> <Delay = 3.25>
ST_1 : Operation 20 [1/1] (3.25ns)   --->   "%A_9 = alloca i64 1" [matrix_mult.cpp:18]   --->   Operation 20 'alloca' 'A_9' <Predicate = true> <Delay = 3.25>
ST_1 : Operation 21 [1/1] (3.25ns)   --->   "%A_10 = alloca i64 1" [matrix_mult.cpp:18]   --->   Operation 21 'alloca' 'A_10' <Predicate = true> <Delay = 3.25>
ST_1 : Operation 22 [1/1] (3.25ns)   --->   "%A_11 = alloca i64 1" [matrix_mult.cpp:18]   --->   Operation 22 'alloca' 'A_11' <Predicate = true> <Delay = 3.25>
ST_1 : Operation 23 [1/1] (3.25ns)   --->   "%A_12 = alloca i64 1" [matrix_mult.cpp:18]   --->   Operation 23 'alloca' 'A_12' <Predicate = true> <Delay = 3.25>
ST_1 : Operation 24 [1/1] (3.25ns)   --->   "%A_13 = alloca i64 1" [matrix_mult.cpp:18]   --->   Operation 24 'alloca' 'A_13' <Predicate = true> <Delay = 3.25>
ST_1 : Operation 25 [1/1] (3.25ns)   --->   "%A_14 = alloca i64 1" [matrix_mult.cpp:18]   --->   Operation 25 'alloca' 'A_14' <Predicate = true> <Delay = 3.25>
ST_1 : Operation 26 [1/1] (3.25ns)   --->   "%A_15 = alloca i64 1" [matrix_mult.cpp:18]   --->   Operation 26 'alloca' 'A_15' <Predicate = true> <Delay = 3.25>
ST_1 : Operation 27 [1/1] (3.25ns)   --->   "%A_16 = alloca i64 1" [matrix_mult.cpp:18]   --->   Operation 27 'alloca' 'A_16' <Predicate = true> <Delay = 3.25>
ST_1 : Operation 28 [1/1] (3.25ns)   --->   "%A_17 = alloca i64 1" [matrix_mult.cpp:18]   --->   Operation 28 'alloca' 'A_17' <Predicate = true> <Delay = 3.25>
ST_1 : Operation 29 [1/1] (3.25ns)   --->   "%A_18 = alloca i64 1" [matrix_mult.cpp:18]   --->   Operation 29 'alloca' 'A_18' <Predicate = true> <Delay = 3.25>
ST_1 : Operation 30 [1/1] (3.25ns)   --->   "%A_19 = alloca i64 1" [matrix_mult.cpp:18]   --->   Operation 30 'alloca' 'A_19' <Predicate = true> <Delay = 3.25>
ST_1 : Operation 31 [1/1] (3.25ns)   --->   "%A_20 = alloca i64 1" [matrix_mult.cpp:18]   --->   Operation 31 'alloca' 'A_20' <Predicate = true> <Delay = 3.25>
ST_1 : Operation 32 [1/1] (3.25ns)   --->   "%A_21 = alloca i64 1" [matrix_mult.cpp:18]   --->   Operation 32 'alloca' 'A_21' <Predicate = true> <Delay = 3.25>
ST_1 : Operation 33 [1/1] (3.25ns)   --->   "%A_22 = alloca i64 1" [matrix_mult.cpp:18]   --->   Operation 33 'alloca' 'A_22' <Predicate = true> <Delay = 3.25>
ST_1 : Operation 34 [1/1] (3.25ns)   --->   "%A_23 = alloca i64 1" [matrix_mult.cpp:18]   --->   Operation 34 'alloca' 'A_23' <Predicate = true> <Delay = 3.25>
ST_1 : Operation 35 [1/1] (3.25ns)   --->   "%A_24 = alloca i64 1" [matrix_mult.cpp:18]   --->   Operation 35 'alloca' 'A_24' <Predicate = true> <Delay = 3.25>
ST_1 : Operation 36 [1/1] (3.25ns)   --->   "%A_25 = alloca i64 1" [matrix_mult.cpp:18]   --->   Operation 36 'alloca' 'A_25' <Predicate = true> <Delay = 3.25>
ST_1 : Operation 37 [1/1] (3.25ns)   --->   "%A_26 = alloca i64 1" [matrix_mult.cpp:18]   --->   Operation 37 'alloca' 'A_26' <Predicate = true> <Delay = 3.25>
ST_1 : Operation 38 [1/1] (3.25ns)   --->   "%A_27 = alloca i64 1" [matrix_mult.cpp:18]   --->   Operation 38 'alloca' 'A_27' <Predicate = true> <Delay = 3.25>
ST_1 : Operation 39 [1/1] (3.25ns)   --->   "%A_28 = alloca i64 1" [matrix_mult.cpp:18]   --->   Operation 39 'alloca' 'A_28' <Predicate = true> <Delay = 3.25>
ST_1 : Operation 40 [1/1] (3.25ns)   --->   "%A_29 = alloca i64 1" [matrix_mult.cpp:18]   --->   Operation 40 'alloca' 'A_29' <Predicate = true> <Delay = 3.25>
ST_1 : Operation 41 [1/1] (3.25ns)   --->   "%A_30 = alloca i64 1" [matrix_mult.cpp:18]   --->   Operation 41 'alloca' 'A_30' <Predicate = true> <Delay = 3.25>
ST_1 : Operation 42 [1/1] (3.25ns)   --->   "%A_31 = alloca i64 1" [matrix_mult.cpp:18]   --->   Operation 42 'alloca' 'A_31' <Predicate = true> <Delay = 3.25>
ST_1 : Operation 43 [1/1] (3.25ns)   --->   "%B = alloca i64 1" [matrix_mult.cpp:19]   --->   Operation 43 'alloca' 'B' <Predicate = true> <Delay = 3.25>
ST_1 : Operation 44 [1/1] (3.25ns)   --->   "%B_1 = alloca i64 1" [matrix_mult.cpp:19]   --->   Operation 44 'alloca' 'B_1' <Predicate = true> <Delay = 3.25>
ST_1 : Operation 45 [1/1] (3.25ns)   --->   "%B_2 = alloca i64 1" [matrix_mult.cpp:19]   --->   Operation 45 'alloca' 'B_2' <Predicate = true> <Delay = 3.25>
ST_1 : Operation 46 [1/1] (3.25ns)   --->   "%B_3 = alloca i64 1" [matrix_mult.cpp:19]   --->   Operation 46 'alloca' 'B_3' <Predicate = true> <Delay = 3.25>
ST_1 : Operation 47 [1/1] (3.25ns)   --->   "%B_4 = alloca i64 1" [matrix_mult.cpp:19]   --->   Operation 47 'alloca' 'B_4' <Predicate = true> <Delay = 3.25>
ST_1 : Operation 48 [1/1] (3.25ns)   --->   "%B_5 = alloca i64 1" [matrix_mult.cpp:19]   --->   Operation 48 'alloca' 'B_5' <Predicate = true> <Delay = 3.25>
ST_1 : Operation 49 [1/1] (3.25ns)   --->   "%B_6 = alloca i64 1" [matrix_mult.cpp:19]   --->   Operation 49 'alloca' 'B_6' <Predicate = true> <Delay = 3.25>
ST_1 : Operation 50 [1/1] (3.25ns)   --->   "%B_7 = alloca i64 1" [matrix_mult.cpp:19]   --->   Operation 50 'alloca' 'B_7' <Predicate = true> <Delay = 3.25>
ST_1 : Operation 51 [1/1] (3.25ns)   --->   "%B_8 = alloca i64 1" [matrix_mult.cpp:19]   --->   Operation 51 'alloca' 'B_8' <Predicate = true> <Delay = 3.25>
ST_1 : Operation 52 [1/1] (3.25ns)   --->   "%B_9 = alloca i64 1" [matrix_mult.cpp:19]   --->   Operation 52 'alloca' 'B_9' <Predicate = true> <Delay = 3.25>
ST_1 : Operation 53 [1/1] (3.25ns)   --->   "%B_10 = alloca i64 1" [matrix_mult.cpp:19]   --->   Operation 53 'alloca' 'B_10' <Predicate = true> <Delay = 3.25>
ST_1 : Operation 54 [1/1] (3.25ns)   --->   "%B_11 = alloca i64 1" [matrix_mult.cpp:19]   --->   Operation 54 'alloca' 'B_11' <Predicate = true> <Delay = 3.25>
ST_1 : Operation 55 [1/1] (3.25ns)   --->   "%B_12 = alloca i64 1" [matrix_mult.cpp:19]   --->   Operation 55 'alloca' 'B_12' <Predicate = true> <Delay = 3.25>
ST_1 : Operation 56 [1/1] (3.25ns)   --->   "%B_13 = alloca i64 1" [matrix_mult.cpp:19]   --->   Operation 56 'alloca' 'B_13' <Predicate = true> <Delay = 3.25>
ST_1 : Operation 57 [1/1] (3.25ns)   --->   "%B_14 = alloca i64 1" [matrix_mult.cpp:19]   --->   Operation 57 'alloca' 'B_14' <Predicate = true> <Delay = 3.25>
ST_1 : Operation 58 [1/1] (3.25ns)   --->   "%B_15 = alloca i64 1" [matrix_mult.cpp:19]   --->   Operation 58 'alloca' 'B_15' <Predicate = true> <Delay = 3.25>
ST_1 : Operation 59 [1/1] (3.25ns)   --->   "%B_16 = alloca i64 1" [matrix_mult.cpp:19]   --->   Operation 59 'alloca' 'B_16' <Predicate = true> <Delay = 3.25>
ST_1 : Operation 60 [1/1] (3.25ns)   --->   "%B_17 = alloca i64 1" [matrix_mult.cpp:19]   --->   Operation 60 'alloca' 'B_17' <Predicate = true> <Delay = 3.25>
ST_1 : Operation 61 [1/1] (3.25ns)   --->   "%B_18 = alloca i64 1" [matrix_mult.cpp:19]   --->   Operation 61 'alloca' 'B_18' <Predicate = true> <Delay = 3.25>
ST_1 : Operation 62 [1/1] (3.25ns)   --->   "%B_19 = alloca i64 1" [matrix_mult.cpp:19]   --->   Operation 62 'alloca' 'B_19' <Predicate = true> <Delay = 3.25>
ST_1 : Operation 63 [1/1] (3.25ns)   --->   "%B_20 = alloca i64 1" [matrix_mult.cpp:19]   --->   Operation 63 'alloca' 'B_20' <Predicate = true> <Delay = 3.25>
ST_1 : Operation 64 [1/1] (3.25ns)   --->   "%B_21 = alloca i64 1" [matrix_mult.cpp:19]   --->   Operation 64 'alloca' 'B_21' <Predicate = true> <Delay = 3.25>
ST_1 : Operation 65 [1/1] (3.25ns)   --->   "%B_22 = alloca i64 1" [matrix_mult.cpp:19]   --->   Operation 65 'alloca' 'B_22' <Predicate = true> <Delay = 3.25>
ST_1 : Operation 66 [1/1] (3.25ns)   --->   "%B_23 = alloca i64 1" [matrix_mult.cpp:19]   --->   Operation 66 'alloca' 'B_23' <Predicate = true> <Delay = 3.25>
ST_1 : Operation 67 [1/1] (3.25ns)   --->   "%B_24 = alloca i64 1" [matrix_mult.cpp:19]   --->   Operation 67 'alloca' 'B_24' <Predicate = true> <Delay = 3.25>
ST_1 : Operation 68 [1/1] (3.25ns)   --->   "%B_25 = alloca i64 1" [matrix_mult.cpp:19]   --->   Operation 68 'alloca' 'B_25' <Predicate = true> <Delay = 3.25>
ST_1 : Operation 69 [1/1] (3.25ns)   --->   "%B_26 = alloca i64 1" [matrix_mult.cpp:19]   --->   Operation 69 'alloca' 'B_26' <Predicate = true> <Delay = 3.25>
ST_1 : Operation 70 [1/1] (3.25ns)   --->   "%B_27 = alloca i64 1" [matrix_mult.cpp:19]   --->   Operation 70 'alloca' 'B_27' <Predicate = true> <Delay = 3.25>
ST_1 : Operation 71 [1/1] (3.25ns)   --->   "%B_28 = alloca i64 1" [matrix_mult.cpp:19]   --->   Operation 71 'alloca' 'B_28' <Predicate = true> <Delay = 3.25>
ST_1 : Operation 72 [1/1] (3.25ns)   --->   "%B_29 = alloca i64 1" [matrix_mult.cpp:19]   --->   Operation 72 'alloca' 'B_29' <Predicate = true> <Delay = 3.25>
ST_1 : Operation 73 [1/1] (3.25ns)   --->   "%B_30 = alloca i64 1" [matrix_mult.cpp:19]   --->   Operation 73 'alloca' 'B_30' <Predicate = true> <Delay = 3.25>
ST_1 : Operation 74 [1/1] (3.25ns)   --->   "%B_31 = alloca i64 1" [matrix_mult.cpp:19]   --->   Operation 74 'alloca' 'B_31' <Predicate = true> <Delay = 3.25>
ST_1 : Operation 75 [1/1] (3.25ns)   --->   "%C = alloca i64 1" [matrix_mult.cpp:20]   --->   Operation 75 'alloca' 'C' <Predicate = true> <Delay = 3.25>

State 2 <SV = 1> <Delay = 3.77>
ST_2 : Operation 76 [2/2] (3.77ns)   --->   "%call_ln0 = call void @matrix_mult_Pipeline_VITIS_LOOP_23_1_VITIS_LOOP_24_2, i32 %A, i32 %A_1, i32 %A_2, i32 %A_3, i32 %A_4, i32 %A_5, i32 %A_6, i32 %A_7, i32 %A_8, i32 %A_9, i32 %A_10, i32 %A_11, i32 %A_12, i32 %A_13, i32 %A_14, i32 %A_15, i32 %A_16, i32 %A_17, i32 %A_18, i32 %A_19, i32 %A_20, i32 %A_21, i32 %A_22, i32 %A_23, i32 %A_24, i32 %A_25, i32 %A_26, i32 %A_27, i32 %A_28, i32 %A_29, i32 %A_30, i32 %A_31, i32 %in_stream_V_data_V, i4 %in_stream_V_keep_V, i4 %in_stream_V_strb_V, i1 %in_stream_V_user_V, i1 %in_stream_V_last_V, i1 %in_stream_V_id_V, i1 %in_stream_V_dest_V"   --->   Operation 76 'call' 'call_ln0' <Predicate = true> <Delay = 3.77> <CoreType = "Generic">   --->   Generic Core

State 3 <SV = 2> <Delay = 0.00>
ST_3 : Operation 77 [1/2] (0.00ns)   --->   "%call_ln0 = call void @matrix_mult_Pipeline_VITIS_LOOP_23_1_VITIS_LOOP_24_2, i32 %A, i32 %A_1, i32 %A_2, i32 %A_3, i32 %A_4, i32 %A_5, i32 %A_6, i32 %A_7, i32 %A_8, i32 %A_9, i32 %A_10, i32 %A_11, i32 %A_12, i32 %A_13, i32 %A_14, i32 %A_15, i32 %A_16, i32 %A_17, i32 %A_18, i32 %A_19, i32 %A_20, i32 %A_21, i32 %A_22, i32 %A_23, i32 %A_24, i32 %A_25, i32 %A_26, i32 %A_27, i32 %A_28, i32 %A_29, i32 %A_30, i32 %A_31, i32 %in_stream_V_data_V, i4 %in_stream_V_keep_V, i4 %in_stream_V_strb_V, i1 %in_stream_V_user_V, i1 %in_stream_V_last_V, i1 %in_stream_V_id_V, i1 %in_stream_V_dest_V"   --->   Operation 77 'call' 'call_ln0' <Predicate = true> <Delay = 0.00> <CoreType = "Generic">   --->   Generic Core

State 4 <SV = 3> <Delay = 3.77>
ST_4 : Operation 78 [2/2] (3.77ns)   --->   "%call_ln0 = call void @matrix_mult_Pipeline_VITIS_LOOP_31_3_VITIS_LOOP_32_4, i32 %B_31, i32 %B_30, i32 %B_29, i32 %B_28, i32 %B_27, i32 %B_26, i32 %B_25, i32 %B_24, i32 %B_23, i32 %B_22, i32 %B_21, i32 %B_20, i32 %B_19, i32 %B_18, i32 %B_17, i32 %B_16, i32 %B_15, i32 %B_14, i32 %B_13, i32 %B_12, i32 %B_11, i32 %B_10, i32 %B_9, i32 %B_8, i32 %B_7, i32 %B_6, i32 %B_5, i32 %B_4, i32 %B_3, i32 %B_2, i32 %B_1, i32 %B, i32 %in_stream_V_data_V, i4 %in_stream_V_keep_V, i4 %in_stream_V_strb_V, i1 %in_stream_V_user_V, i1 %in_stream_V_last_V, i1 %in_stream_V_id_V, i1 %in_stream_V_dest_V"   --->   Operation 78 'call' 'call_ln0' <Predicate = true> <Delay = 3.77> <CoreType = "Generic">   --->   Generic Core

State 5 <SV = 4> <Delay = 0.00>
ST_5 : Operation 79 [1/2] (0.00ns)   --->   "%call_ln0 = call void @matrix_mult_Pipeline_VITIS_LOOP_31_3_VITIS_LOOP_32_4, i32 %B_31, i32 %B_30, i32 %B_29, i32 %B_28, i32 %B_27, i32 %B_26, i32 %B_25, i32 %B_24, i32 %B_23, i32 %B_22, i32 %B_21, i32 %B_20, i32 %B_19, i32 %B_18, i32 %B_17, i32 %B_16, i32 %B_15, i32 %B_14, i32 %B_13, i32 %B_12, i32 %B_11, i32 %B_10, i32 %B_9, i32 %B_8, i32 %B_7, i32 %B_6, i32 %B_5, i32 %B_4, i32 %B_3, i32 %B_2, i32 %B_1, i32 %B, i32 %in_stream_V_data_V, i4 %in_stream_V_keep_V, i4 %in_stream_V_strb_V, i1 %in_stream_V_user_V, i1 %in_stream_V_last_V, i1 %in_stream_V_id_V, i1 %in_stream_V_dest_V"   --->   Operation 79 'call' 'call_ln0' <Predicate = true> <Delay = 0.00> <CoreType = "Generic">   --->   Generic Core

State 6 <SV = 5> <Delay = 0.00>
ST_6 : Operation 80 [2/2] (0.00ns)   --->   "%call_ln0 = call void @matrix_mult_Pipeline_VITIS_LOOP_39_5_VITIS_LOOP_40_6, i32 %A, i32 %A_1, i32 %A_2, i32 %A_3, i32 %A_4, i32 %A_5, i32 %A_6, i32 %A_7, i32 %A_8, i32 %A_9, i32 %A_10, i32 %A_11, i32 %A_12, i32 %A_13, i32 %A_14, i32 %A_15, i32 %A_16, i32 %A_17, i32 %A_18, i32 %A_19, i32 %A_20, i32 %A_21, i32 %A_22, i32 %A_23, i32 %A_24, i32 %A_25, i32 %A_26, i32 %A_27, i32 %A_28, i32 %A_29, i32 %A_30, i32 %A_31, i32 %C, i32 %B, i32 %B_1, i32 %B_2, i32 %B_3, i32 %B_4, i32 %B_5, i32 %B_6, i32 %B_7, i32 %B_8, i32 %B_9, i32 %B_10, i32 %B_11, i32 %B_12, i32 %B_13, i32 %B_14, i32 %B_15, i32 %B_16, i32 %B_17, i32 %B_18, i32 %B_19, i32 %B_20, i32 %B_21, i32 %B_22, i32 %B_23, i32 %B_24, i32 %B_25, i32 %B_26, i32 %B_27, i32 %B_28, i32 %B_29, i32 %B_30, i32 %B_31"   --->   Operation 80 'call' 'call_ln0' <Predicate = true> <Delay = 0.00> <CoreType = "Generic">   --->   Generic Core

State 7 <SV = 6> <Delay = 0.00>
ST_7 : Operation 81 [1/2] (0.00ns)   --->   "%call_ln0 = call void @matrix_mult_Pipeline_VITIS_LOOP_39_5_VITIS_LOOP_40_6, i32 %A, i32 %A_1, i32 %A_2, i32 %A_3, i32 %A_4, i32 %A_5, i32 %A_6, i32 %A_7, i32 %A_8, i32 %A_9, i32 %A_10, i32 %A_11, i32 %A_12, i32 %A_13, i32 %A_14, i32 %A_15, i32 %A_16, i32 %A_17, i32 %A_18, i32 %A_19, i32 %A_20, i32 %A_21, i32 %A_22, i32 %A_23, i32 %A_24, i32 %A_25, i32 %A_26, i32 %A_27, i32 %A_28, i32 %A_29, i32 %A_30, i32 %A_31, i32 %C, i32 %B, i32 %B_1, i32 %B_2, i32 %B_3, i32 %B_4, i32 %B_5, i32 %B_6, i32 %B_7, i32 %B_8, i32 %B_9, i32 %B_10, i32 %B_11, i32 %B_12, i32 %B_13, i32 %B_14, i32 %B_15, i32 %B_16, i32 %B_17, i32 %B_18, i32 %B_19, i32 %B_20, i32 %B_21, i32 %B_22, i32 %B_23, i32 %B_24, i32 %B_25, i32 %B_26, i32 %B_27, i32 %B_28, i32 %B_29, i32 %B_30, i32 %B_31"   --->   Operation 81 'call' 'call_ln0' <Predicate = true> <Delay = 0.00> <CoreType = "Generic">   --->   Generic Core

State 8 <SV = 7> <Delay = 0.00>
ST_8 : Operation 82 [2/2] (0.00ns)   --->   "%call_ln0 = call void @matrix_mult_Pipeline_VITIS_LOOP_52_8_VITIS_LOOP_53_9, i32 %C, i32 %out_stream_V_data_V, i4 %out_stream_V_keep_V, i4 %out_stream_V_strb_V, i1 %out_stream_V_user_V, i1 %out_stream_V_last_V, i1 %out_stream_V_id_V, i1 %out_stream_V_dest_V"   --->   Operation 82 'call' 'call_ln0' <Predicate = true> <Delay = 0.00> <CoreType = "Generic">   --->   Generic Core

State 9 <SV = 8> <Delay = 4.54>
ST_9 : Operation 83 [1/2] (4.54ns)   --->   "%call_ln0 = call void @matrix_mult_Pipeline_VITIS_LOOP_52_8_VITIS_LOOP_53_9, i32 %C, i32 %out_stream_V_data_V, i4 %out_stream_V_keep_V, i4 %out_stream_V_strb_V, i1 %out_stream_V_user_V, i1 %out_stream_V_last_V, i1 %out_stream_V_id_V, i1 %out_stream_V_dest_V"   --->   Operation 83 'call' 'call_ln0' <Predicate = true> <Delay = 4.54> <CoreType = "Generic">   --->   Generic Core

State 10 <SV = 9> <Delay = 0.00>
ST_10 : Operation 84 [1/1] (0.00ns)   --->   "%spectopmodule_ln10 = spectopmodule void @_ssdm_op_SpecTopModule, void @empty_6" [matrix_mult.cpp:10]   --->   Operation 84 'spectopmodule' 'spectopmodule_ln10' <Predicate = true> <Delay = 0.00>
ST_10 : Operation 85 [1/1] (0.00ns)   --->   "%specinterface_ln0 = specinterface void @_ssdm_op_SpecInterface, i32 %in_stream_V_data_V, i4 %in_stream_V_keep_V, i4 %in_stream_V_strb_V, i1 %in_stream_V_user_V, i1 %in_stream_V_last_V, i1 %in_stream_V_id_V, i1 %in_stream_V_dest_V, void @empty, i32 1, i32 1, void @empty_0, i32 0, i32 0, void @empty_1, void @empty_1, void @empty_1, i32 0, i32 0, i32 0, i32 0, void @empty_1, void @empty_1, i32 4294967295, i32 0, i32 0, i32 0"   --->   Operation 85 'specinterface' 'specinterface_ln0' <Predicate = true> <Delay = 0.00>
ST_10 : Operation 86 [1/1] (0.00ns)   --->   "%specbitsmap_ln0 = specbitsmap void @_ssdm_op_SpecBitsMap, i32 %in_stream_V_data_V"   --->   Operation 86 'specbitsmap' 'specbitsmap_ln0' <Predicate = true> <Delay = 0.00>
ST_10 : Operation 87 [1/1] (0.00ns)   --->   "%specbitsmap_ln0 = specbitsmap void @_ssdm_op_SpecBitsMap, i4 %in_stream_V_keep_V"   --->   Operation 87 'specbitsmap' 'specbitsmap_ln0' <Predicate = true> <Delay = 0.00>
ST_10 : Operation 88 [1/1] (0.00ns)   --->   "%specbitsmap_ln0 = specbitsmap void @_ssdm_op_SpecBitsMap, i4 %in_stream_V_strb_V"   --->   Operation 88 'specbitsmap' 'specbitsmap_ln0' <Predicate = true> <Delay = 0.00>
ST_10 : Operation 89 [1/1] (0.00ns)   --->   "%specbitsmap_ln0 = specbitsmap void @_ssdm_op_SpecBitsMap, i1 %in_stream_V_user_V"   --->   Operation 89 'specbitsmap' 'specbitsmap_ln0' <Predicate = true> <Delay = 0.00>
ST_10 : Operation 90 [1/1] (0.00ns)   --->   "%specbitsmap_ln0 = specbitsmap void @_ssdm_op_SpecBitsMap, i1 %in_stream_V_last_V"   --->   Operation 90 'specbitsmap' 'specbitsmap_ln0' <Predicate = true> <Delay = 0.00>
ST_10 : Operation 91 [1/1] (0.00ns)   --->   "%specbitsmap_ln0 = specbitsmap void @_ssdm_op_SpecBitsMap, i1 %in_stream_V_id_V"   --->   Operation 91 'specbitsmap' 'specbitsmap_ln0' <Predicate = true> <Delay = 0.00>
ST_10 : Operation 92 [1/1] (0.00ns)   --->   "%specbitsmap_ln0 = specbitsmap void @_ssdm_op_SpecBitsMap, i1 %in_stream_V_dest_V"   --->   Operation 92 'specbitsmap' 'specbitsmap_ln0' <Predicate = true> <Delay = 0.00>
ST_10 : Operation 93 [1/1] (0.00ns)   --->   "%specinterface_ln0 = specinterface void @_ssdm_op_SpecInterface, i32 %out_stream_V_data_V, i4 %out_stream_V_keep_V, i4 %out_stream_V_strb_V, i1 %out_stream_V_user_V, i1 %out_stream_V_last_V, i1 %out_stream_V_id_V, i1 %out_stream_V_dest_V, void @empty, i32 1, i32 1, void @empty_0, i32 0, i32 0, void @empty_1, void @empty_1, void @empty_1, i32 0, i32 0, i32 0, i32 0, void @empty_1, void @empty_1, i32 4294967295, i32 0, i32 0, i32 0"   --->   Operation 93 'specinterface' 'specinterface_ln0' <Predicate = true> <Delay = 0.00>
ST_10 : Operation 94 [1/1] (0.00ns)   --->   "%specbitsmap_ln0 = specbitsmap void @_ssdm_op_SpecBitsMap, i32 %out_stream_V_data_V"   --->   Operation 94 'specbitsmap' 'specbitsmap_ln0' <Predicate = true> <Delay = 0.00>
ST_10 : Operation 95 [1/1] (0.00ns)   --->   "%specbitsmap_ln0 = specbitsmap void @_ssdm_op_SpecBitsMap, i4 %out_stream_V_keep_V"   --->   Operation 95 'specbitsmap' 'specbitsmap_ln0' <Predicate = true> <Delay = 0.00>
ST_10 : Operation 96 [1/1] (0.00ns)   --->   "%specbitsmap_ln0 = specbitsmap void @_ssdm_op_SpecBitsMap, i4 %out_stream_V_strb_V"   --->   Operation 96 'specbitsmap' 'specbitsmap_ln0' <Predicate = true> <Delay = 0.00>
ST_10 : Operation 97 [1/1] (0.00ns)   --->   "%specbitsmap_ln0 = specbitsmap void @_ssdm_op_SpecBitsMap, i1 %out_stream_V_user_V"   --->   Operation 97 'specbitsmap' 'specbitsmap_ln0' <Predicate = true> <Delay = 0.00>
ST_10 : Operation 98 [1/1] (0.00ns)   --->   "%specbitsmap_ln0 = specbitsmap void @_ssdm_op_SpecBitsMap, i1 %out_stream_V_last_V"   --->   Operation 98 'specbitsmap' 'specbitsmap_ln0' <Predicate = true> <Delay = 0.00>
ST_10 : Operation 99 [1/1] (0.00ns)   --->   "%specbitsmap_ln0 = specbitsmap void @_ssdm_op_SpecBitsMap, i1 %out_stream_V_id_V"   --->   Operation 99 'specbitsmap' 'specbitsmap_ln0' <Predicate = true> <Delay = 0.00>
ST_10 : Operation 100 [1/1] (0.00ns)   --->   "%specbitsmap_ln0 = specbitsmap void @_ssdm_op_SpecBitsMap, i1 %out_stream_V_dest_V"   --->   Operation 100 'specbitsmap' 'specbitsmap_ln0' <Predicate = true> <Delay = 0.00>
ST_10 : Operation 101 [1/1] (0.00ns)   --->   "%specinterface_ln0 = specinterface void @_ssdm_op_SpecInterface, i32 0, void @empty_2, i32 0, i32 0, void @empty_1, i32 0, i32 0, void @empty_3, void @empty_1, void @empty_1, i32 0, i32 0, i32 0, i32 0, void @empty_1, void @empty_1, i32 0, i32 0, i32 0, i32 0"   --->   Operation 101 'specinterface' 'specinterface_ln0' <Predicate = true> <Delay = 0.00>
ST_10 : Operation 102 [1/1] (0.00ns)   --->   "%specaxissidechannel_ln23 = specaxissidechannel void @_ssdm_op_SpecAXISSideChannel, i32 %out_stream_V_data_V, i4 %out_stream_V_keep_V, i4 %out_stream_V_strb_V, i1 %out_stream_V_user_V, i1 %out_stream_V_last_V, i1 %out_stream_V_id_V, i1 %out_stream_V_dest_V, void @empty_4" [matrix_mult.cpp:23]   --->   Operation 102 'specaxissidechannel' 'specaxissidechannel_ln23' <Predicate = true> <Delay = 0.00>
ST_10 : Operation 103 [1/1] (0.00ns)   --->   "%specaxissidechannel_ln23 = specaxissidechannel void @_ssdm_op_SpecAXISSideChannel, i32 %in_stream_V_data_V, i4 %in_stream_V_keep_V, i4 %in_stream_V_strb_V, i1 %in_stream_V_user_V, i1 %in_stream_V_last_V, i1 %in_stream_V_id_V, i1 %in_stream_V_dest_V, void @empty_5" [matrix_mult.cpp:23]   --->   Operation 103 'specaxissidechannel' 'specaxissidechannel_ln23' <Predicate = true> <Delay = 0.00>
ST_10 : Operation 104 [1/1] (0.00ns)   --->   "%ret_ln66 = ret" [matrix_mult.cpp:66]   --->   Operation 104 'ret' 'ret_ln66' <Predicate = true> <Delay = 0.00>


============================================================
+ Verbose Summary: Binding
============================================================
STG Binding: 
---------------- STG Properties BEGIN ----------------
- Is combinational: 0
- Is one-state seq: 0
- Is datapath-only: 0
- Is pipelined: 0
- Is top level: 1
Port [ Return ] is wired: 1; IO mode=ap_ctrl_hs:ce=0
Port [ in_stream_V_data_V]:  wired=1; compound=1; hidden=0; nouse=0; global=0; static=0; extern=0; dir=0; type=0; pingpong=0; private_global=0; IO mode=axis:ce=0
Port [ in_stream_V_keep_V]:  wired=1; compound=1; hidden=0; nouse=0; global=0; static=0; extern=0; dir=0; type=0; pingpong=0; private_global=0; IO mode=axis:ce=0
Port [ in_stream_V_strb_V]:  wired=1; compound=1; hidden=0; nouse=0; global=0; static=0; extern=0; dir=0; type=0; pingpong=0; private_global=0; IO mode=axis:ce=0
Port [ in_stream_V_user_V]:  wired=1; compound=1; hidden=0; nouse=0; global=0; static=0; extern=0; dir=0; type=0; pingpong=0; private_global=0; IO mode=axis:ce=0
Port [ in_stream_V_last_V]:  wired=1; compound=1; hidden=0; nouse=0; global=0; static=0; extern=0; dir=0; type=0; pingpong=0; private_global=0; IO mode=axis:ce=0
Port [ in_stream_V_id_V]:  wired=1; compound=1; hidden=0; nouse=0; global=0; static=0; extern=0; dir=0; type=0; pingpong=0; private_global=0; IO mode=axis:ce=0
Port [ in_stream_V_dest_V]:  wired=1; compound=1; hidden=0; nouse=0; global=0; static=0; extern=0; dir=0; type=0; pingpong=0; private_global=0; IO mode=axis:ce=0
Port [ out_stream_V_data_V]:  wired=1; compound=1; hidden=0; nouse=0; global=0; static=0; extern=0; dir=1; type=0; pingpong=0; private_global=0; IO mode=axis:ce=0
Port [ out_stream_V_keep_V]:  wired=1; compound=1; hidden=0; nouse=0; global=0; static=0; extern=0; dir=1; type=0; pingpong=0; private_global=0; IO mode=axis:ce=0
Port [ out_stream_V_strb_V]:  wired=1; compound=1; hidden=0; nouse=0; global=0; static=0; extern=0; dir=1; type=0; pingpong=0; private_global=0; IO mode=axis:ce=0
Port [ out_stream_V_user_V]:  wired=1; compound=1; hidden=0; nouse=0; global=0; static=0; extern=0; dir=1; type=0; pingpong=0; private_global=0; IO mode=axis:ce=0
Port [ out_stream_V_last_V]:  wired=1; compound=1; hidden=0; nouse=0; global=0; static=0; extern=0; dir=1; type=0; pingpong=0; private_global=0; IO mode=axis:ce=0
Port [ out_stream_V_id_V]:  wired=1; compound=1; hidden=0; nouse=0; global=0; static=0; extern=0; dir=1; type=0; pingpong=0; private_global=0; IO mode=axis:ce=0
Port [ out_stream_V_dest_V]:  wired=1; compound=1; hidden=0; nouse=0; global=0; static=0; extern=0; dir=1; type=0; pingpong=0; private_global=0; IO mode=axis:ce=0
---------------- STG Properties END ------------------

---------------- Datapath Model BEGIN ----------------

<LifeTime>
<method=bitvector/>
A                        (alloca             ) [ 00111111000]
A_1                      (alloca             ) [ 00111111000]
A_2                      (alloca             ) [ 00111111000]
A_3                      (alloca             ) [ 00111111000]
A_4                      (alloca             ) [ 00111111000]
A_5                      (alloca             ) [ 00111111000]
A_6                      (alloca             ) [ 00111111000]
A_7                      (alloca             ) [ 00111111000]
A_8                      (alloca             ) [ 00111111000]
A_9                      (alloca             ) [ 00111111000]
A_10                     (alloca             ) [ 00111111000]
A_11                     (alloca             ) [ 00111111000]
A_12                     (alloca             ) [ 00111111000]
A_13                     (alloca             ) [ 00111111000]
A_14                     (alloca             ) [ 00111111000]
A_15                     (alloca             ) [ 00111111000]
A_16                     (alloca             ) [ 00111111000]
A_17                     (alloca             ) [ 00111111000]
A_18                     (alloca             ) [ 00111111000]
A_19                     (alloca             ) [ 00111111000]
A_20                     (alloca             ) [ 00111111000]
A_21                     (alloca             ) [ 00111111000]
A_22                     (alloca             ) [ 00111111000]
A_23                     (alloca             ) [ 00111111000]
A_24                     (alloca             ) [ 00111111000]
A_25                     (alloca             ) [ 00111111000]
A_26                     (alloca             ) [ 00111111000]
A_27                     (alloca             ) [ 00111111000]
A_28                     (alloca             ) [ 00111111000]
A_29                     (alloca             ) [ 00111111000]
A_30                     (alloca             ) [ 00111111000]
A_31                     (alloca             ) [ 00111111000]
B                        (alloca             ) [ 00111111000]
B_1                      (alloca             ) [ 00111111000]
B_2                      (alloca             ) [ 00111111000]
B_3                      (alloca             ) [ 00111111000]
B_4                      (alloca             ) [ 00111111000]
B_5                      (alloca             ) [ 00111111000]
B_6                      (alloca             ) [ 00111111000]
B_7                      (alloca             ) [ 00111111000]
B_8                      (alloca             ) [ 00111111000]
B_9                      (alloca             ) [ 00111111000]
B_10                     (alloca             ) [ 00111111000]
B_11                     (alloca             ) [ 00111111000]
B_12                     (alloca             ) [ 00111111000]
B_13                     (alloca             ) [ 00111111000]
B_14                     (alloca             ) [ 00111111000]
B_15                     (alloca             ) [ 00111111000]
B_16                     (alloca             ) [ 00111111000]
B_17                     (alloca             ) [ 00111111000]
B_18                     (alloca             ) [ 00111111000]
B_19                     (alloca             ) [ 00111111000]
B_20                     (alloca             ) [ 00111111000]
B_21                     (alloca             ) [ 00111111000]
B_22                     (alloca             ) [ 00111111000]
B_23                     (alloca             ) [ 00111111000]
B_24                     (alloca             ) [ 00111111000]
B_25                     (alloca             ) [ 00111111000]
B_26                     (alloca             ) [ 00111111000]
B_27                     (alloca             ) [ 00111111000]
B_28                     (alloca             ) [ 00111111000]
B_29                     (alloca             ) [ 00111111000]
B_30                     (alloca             ) [ 00111111000]
B_31                     (alloca             ) [ 00111111000]
C                        (alloca             ) [ 00111111110]
call_ln0                 (call               ) [ 00000000000]
call_ln0                 (call               ) [ 00000000000]
call_ln0                 (call               ) [ 00000000000]
call_ln0                 (call               ) [ 00000000000]
spectopmodule_ln10       (spectopmodule      ) [ 00000000000]
specinterface_ln0        (specinterface      ) [ 00000000000]
specbitsmap_ln0          (specbitsmap        ) [ 00000000000]
specbitsmap_ln0          (specbitsmap        ) [ 00000000000]
specbitsmap_ln0          (specbitsmap        ) [ 00000000000]
specbitsmap_ln0          (specbitsmap        ) [ 00000000000]
specbitsmap_ln0          (specbitsmap        ) [ 00000000000]
specbitsmap_ln0          (specbitsmap        ) [ 00000000000]
specbitsmap_ln0          (specbitsmap        ) [ 00000000000]
specinterface_ln0        (specinterface      ) [ 00000000000]
specbitsmap_ln0          (specbitsmap        ) [ 00000000000]
specbitsmap_ln0          (specbitsmap        ) [ 00000000000]
specbitsmap_ln0          (specbitsmap        ) [ 00000000000]
specbitsmap_ln0          (specbitsmap        ) [ 00000000000]
specbitsmap_ln0          (specbitsmap        ) [ 00000000000]
specbitsmap_ln0          (specbitsmap        ) [ 00000000000]
specbitsmap_ln0          (specbitsmap        ) [ 00000000000]
specinterface_ln0        (specinterface      ) [ 00000000000]
specaxissidechannel_ln23 (specaxissidechannel) [ 00000000000]
specaxissidechannel_ln23 (specaxissidechannel) [ 00000000000]
ret_ln66                 (ret                ) [ 00000000000]
</LifeTime>

<model>

<comp_list>
<comp id="0" class="1000" name="in_stream_V_data_V">
<pin_list>
<pin id="1" dir="1" index="0" bw="1" slack="0"/>
</pin_list>
<bind>
<StgValue><ssdm name="in_stream_V_data_V"/></StgValue>
</bind>
</comp>

<comp id="2" class="1000" name="in_stream_V_keep_V">
<pin_list>
<pin id="3" dir="1" index="0" bw="1" slack="0"/>
</pin_list>
<bind>
<StgValue><ssdm name="in_stream_V_keep_V"/></StgValue>
</bind>
</comp>

<comp id="4" class="1000" name="in_stream_V_strb_V">
<pin_list>
<pin id="5" dir="1" index="0" bw="1" slack="0"/>
</pin_list>
<bind>
<StgValue><ssdm name="in_stream_V_strb_V"/></StgValue>
</bind>
</comp>

<comp id="6" class="1000" name="in_stream_V_user_V">
<pin_list>
<pin id="7" dir="1" index="0" bw="1" slack="0"/>
</pin_list>
<bind>
<StgValue><ssdm name="in_stream_V_user_V"/></StgValue>
</bind>
</comp>

<comp id="8" class="1000" name="in_stream_V_last_V">
<pin_list>
<pin id="9" dir="1" index="0" bw="1" slack="0"/>
</pin_list>
<bind>
<StgValue><ssdm name="in_stream_V_last_V"/></StgValue>
</bind>
</comp>

<comp id="10" class="1000" name="in_stream_V_id_V">
<pin_list>
<pin id="11" dir="1" index="0" bw="1" slack="0"/>
</pin_list>
<bind>
<StgValue><ssdm name="in_stream_V_id_V"/></StgValue>
</bind>
</comp>

<comp id="12" class="1000" name="in_stream_V_dest_V">
<pin_list>
<pin id="13" dir="1" index="0" bw="1" slack="0"/>
</pin_list>
<bind>
<StgValue><ssdm name="in_stream_V_dest_V"/></StgValue>
</bind>
</comp>

<comp id="14" class="1000" name="out_stream_V_data_V">
<pin_list>
<pin id="15" dir="1" index="0" bw="1" slack="0"/>
</pin_list>
<bind>
<StgValue><ssdm name="out_stream_V_data_V"/></StgValue>
</bind>
</comp>

<comp id="16" class="1000" name="out_stream_V_keep_V">
<pin_list>
<pin id="17" dir="1" index="0" bw="1" slack="0"/>
</pin_list>
<bind>
<StgValue><ssdm name="out_stream_V_keep_V"/></StgValue>
</bind>
</comp>

<comp id="18" class="1000" name="out_stream_V_strb_V">
<pin_list>
<pin id="19" dir="1" index="0" bw="1" slack="0"/>
</pin_list>
<bind>
<StgValue><ssdm name="out_stream_V_strb_V"/></StgValue>
</bind>
</comp>

<comp id="20" class="1000" name="out_stream_V_user_V">
<pin_list>
<pin id="21" dir="1" index="0" bw="1" slack="0"/>
</pin_list>
<bind>
<StgValue><ssdm name="out_stream_V_user_V"/></StgValue>
</bind>
</comp>

<comp id="22" class="1000" name="out_stream_V_last_V">
<pin_list>
<pin id="23" dir="1" index="0" bw="1" slack="0"/>
</pin_list>
<bind>
<StgValue><ssdm name="out_stream_V_last_V"/></StgValue>
</bind>
</comp>

<comp id="24" class="1000" name="out_stream_V_id_V">
<pin_list>
<pin id="25" dir="1" index="0" bw="1" slack="0"/>
</pin_list>
<bind>
<StgValue><ssdm name="out_stream_V_id_V"/></StgValue>
</bind>
</comp>

<comp id="26" class="1000" name="out_stream_V_dest_V">
<pin_list>
<pin id="27" dir="1" index="0" bw="1" slack="0"/>
</pin_list>
<bind>
<StgValue><ssdm name="out_stream_V_dest_V"/></StgValue>
</bind>
</comp>

<comp id="28" class="1001" name="const_28">
<pin_list>
<pin id="29" dir="1" index="0" bw="1" slack="0"/>
</pin_list>
<bind>
<StgValue><ssdm name=""/></StgValue>
</bind>
</comp>

<comp id="30" class="1001" name="const_30">
<pin_list>
<pin id="31" dir="1" index="0" bw="1" slack="0"/>
</pin_list>
<bind>
<StgValue><ssdm name="matrix_mult_Pipeline_VITIS_LOOP_23_1_VITIS_LOOP_24_2"/></StgValue>
</bind>
</comp>

<comp id="32" class="1001" name="const_32">
<pin_list>
<pin id="33" dir="1" index="0" bw="1" slack="0"/>
</pin_list>
<bind>
<StgValue><ssdm name="matrix_mult_Pipeline_VITIS_LOOP_31_3_VITIS_LOOP_32_4"/></StgValue>
</bind>
</comp>

<comp id="34" class="1001" name="const_34">
<pin_list>
<pin id="35" dir="1" index="0" bw="1" slack="0"/>
</pin_list>
<bind>
<StgValue><ssdm name="matrix_mult_Pipeline_VITIS_LOOP_39_5_VITIS_LOOP_40_6"/></StgValue>
</bind>
</comp>

<comp id="36" class="1001" name="const_36">
<pin_list>
<pin id="37" dir="1" index="0" bw="1" slack="0"/>
</pin_list>
<bind>
<StgValue><ssdm name="matrix_mult_Pipeline_VITIS_LOOP_52_8_VITIS_LOOP_53_9"/></StgValue>
</bind>
</comp>

<comp id="38" class="1001" name="const_38">
<pin_list>
<pin id="39" dir="1" index="0" bw="1" slack="2147483647"/>
</pin_list>
<bind>
<StgValue><ssdm name="_ssdm_op_SpecTopModule"/></StgValue>
</bind>
</comp>

<comp id="40" class="1001" name="const_40">
<pin_list>
<pin id="41" dir="1" index="0" bw="1" slack="2147483647"/>
</pin_list>
<bind>
<StgValue><ssdm name="empty_6"/></StgValue>
</bind>
</comp>

<comp id="42" class="1001" name="const_42">
<pin_list>
<pin id="43" dir="1" index="0" bw="1" slack="2147483647"/>
</pin_list>
<bind>
<StgValue><ssdm name="_ssdm_op_SpecInterface"/></StgValue>
</bind>
</comp>

<comp id="44" class="1001" name="const_44">
<pin_list>
<pin id="45" dir="1" index="0" bw="1" slack="2147483647"/>
</pin_list>
<bind>
<StgValue><ssdm name="empty"/></StgValue>
</bind>
</comp>

<comp id="46" class="1001" name="const_46">
<pin_list>
<pin id="47" dir="1" index="0" bw="1" slack="2147483647"/>
</pin_list>
<bind>
<StgValue><ssdm name=""/></StgValue>
</bind>
</comp>

<comp id="48" class="1001" name="const_48">
<pin_list>
<pin id="49" dir="1" index="0" bw="1" slack="2147483647"/>
</pin_list>
<bind>
<StgValue><ssdm name="empty_0"/></StgValue>
</bind>
</comp>

<comp id="50" class="1001" name="const_50">
<pin_list>
<pin id="51" dir="1" index="0" bw="1" slack="2147483647"/>
</pin_list>
<bind>
<StgValue><ssdm name=""/></StgValue>
</bind>
</comp>

<comp id="52" class="1001" name="const_52">
<pin_list>
<pin id="53" dir="1" index="0" bw="1" slack="2147483647"/>
</pin_list>
<bind>
<StgValue><ssdm name="empty_1"/></StgValue>
</bind>
</comp>

<comp id="54" class="1001" name="const_54">
<pin_list>
<pin id="55" dir="1" index="0" bw="1" slack="2147483647"/>
</pin_list>
<bind>
<StgValue><ssdm name=""/></StgValue>
</bind>
</comp>

<comp id="56" class="1001" name="const_56">
<pin_list>
<pin id="57" dir="1" index="0" bw="1" slack="2147483647"/>
</pin_list>
<bind>
<StgValue><ssdm name="_ssdm_op_SpecBitsMap"/></StgValue>
</bind>
</comp>

<comp id="58" class="1001" name="const_58">
<pin_list>
<pin id="59" dir="1" index="0" bw="1" slack="2147483647"/>
</pin_list>
<bind>
<StgValue><ssdm name="empty_2"/></StgValue>
</bind>
</comp>

<comp id="60" class="1001" name="const_60">
<pin_list>
<pin id="61" dir="1" index="0" bw="1" slack="2147483647"/>
</pin_list>
<bind>
<StgValue><ssdm name="empty_3"/></StgValue>
</bind>
</comp>

<comp id="62" class="1001" name="const_62">
<pin_list>
<pin id="63" dir="1" index="0" bw="1" slack="2147483647"/>
</pin_list>
<bind>
<StgValue><ssdm name="_ssdm_op_SpecAXISSideChannel"/></StgValue>
</bind>
</comp>

<comp id="64" class="1001" name="const_64">
<pin_list>
<pin id="65" dir="1" index="0" bw="1" slack="2147483647"/>
</pin_list>
<bind>
<StgValue><ssdm name="empty_4"/></StgValue>
</bind>
</comp>

<comp id="66" class="1001" name="const_66">
<pin_list>
<pin id="67" dir="1" index="0" bw="1" slack="2147483647"/>
</pin_list>
<bind>
<StgValue><ssdm name="empty_5"/></StgValue>
</bind>
</comp>

<comp id="68" class="1004" name="A_alloca_fu_68">
<pin_list>
<pin id="69" dir="0" index="0" bw="1" slack="0"/>
<pin id="70" dir="1" index="1" bw="32" slack="2147483647"/>
</pin_list>
<bind>
<opcode="alloca(26) " fcode="alloca"/>
<opset="A/1 "/>
</bind>
</comp>

<comp id="72" class="1004" name="A_1_alloca_fu_72">
<pin_list>
<pin id="73" dir="0" index="0" bw="1" slack="0"/>
<pin id="74" dir="1" index="1" bw="32" slack="2147483647"/>
</pin_list>
<bind>
<opcode="alloca(26) " fcode="alloca"/>
<opset="A_1/1 "/>
</bind>
</comp>

<comp id="76" class="1004" name="A_2_alloca_fu_76">
<pin_list>
<pin id="77" dir="0" index="0" bw="1" slack="0"/>
<pin id="78" dir="1" index="1" bw="32" slack="2147483647"/>
</pin_list>
<bind>
<opcode="alloca(26) " fcode="alloca"/>
<opset="A_2/1 "/>
</bind>
</comp>

<comp id="80" class="1004" name="A_3_alloca_fu_80">
<pin_list>
<pin id="81" dir="0" index="0" bw="1" slack="0"/>
<pin id="82" dir="1" index="1" bw="32" slack="2147483647"/>
</pin_list>
<bind>
<opcode="alloca(26) " fcode="alloca"/>
<opset="A_3/1 "/>
</bind>
</comp>

<comp id="84" class="1004" name="A_4_alloca_fu_84">
<pin_list>
<pin id="85" dir="0" index="0" bw="1" slack="0"/>
<pin id="86" dir="1" index="1" bw="32" slack="2147483647"/>
</pin_list>
<bind>
<opcode="alloca(26) " fcode="alloca"/>
<opset="A_4/1 "/>
</bind>
</comp>

<comp id="88" class="1004" name="A_5_alloca_fu_88">
<pin_list>
<pin id="89" dir="0" index="0" bw="1" slack="0"/>
<pin id="90" dir="1" index="1" bw="32" slack="2147483647"/>
</pin_list>
<bind>
<opcode="alloca(26) " fcode="alloca"/>
<opset="A_5/1 "/>
</bind>
</comp>

<comp id="92" class="1004" name="A_6_alloca_fu_92">
<pin_list>
<pin id="93" dir="0" index="0" bw="1" slack="0"/>
<pin id="94" dir="1" index="1" bw="32" slack="2147483647"/>
</pin_list>
<bind>
<opcode="alloca(26) " fcode="alloca"/>
<opset="A_6/1 "/>
</bind>
</comp>

<comp id="96" class="1004" name="A_7_alloca_fu_96">
<pin_list>
<pin id="97" dir="0" index="0" bw="1" slack="0"/>
<pin id="98" dir="1" index="1" bw="32" slack="2147483647"/>
</pin_list>
<bind>
<opcode="alloca(26) " fcode="alloca"/>
<opset="A_7/1 "/>
</bind>
</comp>

<comp id="100" class="1004" name="A_8_alloca_fu_100">
<pin_list>
<pin id="101" dir="0" index="0" bw="1" slack="0"/>
<pin id="102" dir="1" index="1" bw="32" slack="2147483647"/>
</pin_list>
<bind>
<opcode="alloca(26) " fcode="alloca"/>
<opset="A_8/1 "/>
</bind>
</comp>

<comp id="104" class="1004" name="A_9_alloca_fu_104">
<pin_list>
<pin id="105" dir="0" index="0" bw="1" slack="0"/>
<pin id="106" dir="1" index="1" bw="32" slack="2147483647"/>
</pin_list>
<bind>
<opcode="alloca(26) " fcode="alloca"/>
<opset="A_9/1 "/>
</bind>
</comp>

<comp id="108" class="1004" name="A_10_alloca_fu_108">
<pin_list>
<pin id="109" dir="0" index="0" bw="1" slack="0"/>
<pin id="110" dir="1" index="1" bw="32" slack="2147483647"/>
</pin_list>
<bind>
<opcode="alloca(26) " fcode="alloca"/>
<opset="A_10/1 "/>
</bind>
</comp>

<comp id="112" class="1004" name="A_11_alloca_fu_112">
<pin_list>
<pin id="113" dir="0" index="0" bw="1" slack="0"/>
<pin id="114" dir="1" index="1" bw="32" slack="2147483647"/>
</pin_list>
<bind>
<opcode="alloca(26) " fcode="alloca"/>
<opset="A_11/1 "/>
</bind>
</comp>

<comp id="116" class="1004" name="A_12_alloca_fu_116">
<pin_list>
<pin id="117" dir="0" index="0" bw="1" slack="0"/>
<pin id="118" dir="1" index="1" bw="32" slack="2147483647"/>
</pin_list>
<bind>
<opcode="alloca(26) " fcode="alloca"/>
<opset="A_12/1 "/>
</bind>
</comp>

<comp id="120" class="1004" name="A_13_alloca_fu_120">
<pin_list>
<pin id="121" dir="0" index="0" bw="1" slack="0"/>
<pin id="122" dir="1" index="1" bw="32" slack="2147483647"/>
</pin_list>
<bind>
<opcode="alloca(26) " fcode="alloca"/>
<opset="A_13/1 "/>
</bind>
</comp>

<comp id="124" class="1004" name="A_14_alloca_fu_124">
<pin_list>
<pin id="125" dir="0" index="0" bw="1" slack="0"/>
<pin id="126" dir="1" index="1" bw="32" slack="2147483647"/>
</pin_list>
<bind>
<opcode="alloca(26) " fcode="alloca"/>
<opset="A_14/1 "/>
</bind>
</comp>

<comp id="128" class="1004" name="A_15_alloca_fu_128">
<pin_list>
<pin id="129" dir="0" index="0" bw="1" slack="0"/>
<pin id="130" dir="1" index="1" bw="32" slack="2147483647"/>
</pin_list>
<bind>
<opcode="alloca(26) " fcode="alloca"/>
<opset="A_15/1 "/>
</bind>
</comp>

<comp id="132" class="1004" name="A_16_alloca_fu_132">
<pin_list>
<pin id="133" dir="0" index="0" bw="1" slack="0"/>
<pin id="134" dir="1" index="1" bw="32" slack="2147483647"/>
</pin_list>
<bind>
<opcode="alloca(26) " fcode="alloca"/>
<opset="A_16/1 "/>
</bind>
</comp>

<comp id="136" class="1004" name="A_17_alloca_fu_136">
<pin_list>
<pin id="137" dir="0" index="0" bw="1" slack="0"/>
<pin id="138" dir="1" index="1" bw="32" slack="2147483647"/>
</pin_list>
<bind>
<opcode="alloca(26) " fcode="alloca"/>
<opset="A_17/1 "/>
</bind>
</comp>

<comp id="140" class="1004" name="A_18_alloca_fu_140">
<pin_list>
<pin id="141" dir="0" index="0" bw="1" slack="0"/>
<pin id="142" dir="1" index="1" bw="32" slack="2147483647"/>
</pin_list>
<bind>
<opcode="alloca(26) " fcode="alloca"/>
<opset="A_18/1 "/>
</bind>
</comp>

<comp id="144" class="1004" name="A_19_alloca_fu_144">
<pin_list>
<pin id="145" dir="0" index="0" bw="1" slack="0"/>
<pin id="146" dir="1" index="1" bw="32" slack="2147483647"/>
</pin_list>
<bind>
<opcode="alloca(26) " fcode="alloca"/>
<opset="A_19/1 "/>
</bind>
</comp>

<comp id="148" class="1004" name="A_20_alloca_fu_148">
<pin_list>
<pin id="149" dir="0" index="0" bw="1" slack="0"/>
<pin id="150" dir="1" index="1" bw="32" slack="2147483647"/>
</pin_list>
<bind>
<opcode="alloca(26) " fcode="alloca"/>
<opset="A_20/1 "/>
</bind>
</comp>

<comp id="152" class="1004" name="A_21_alloca_fu_152">
<pin_list>
<pin id="153" dir="0" index="0" bw="1" slack="0"/>
<pin id="154" dir="1" index="1" bw="32" slack="2147483647"/>
</pin_list>
<bind>
<opcode="alloca(26) " fcode="alloca"/>
<opset="A_21/1 "/>
</bind>
</comp>

<comp id="156" class="1004" name="A_22_alloca_fu_156">
<pin_list>
<pin id="157" dir="0" index="0" bw="1" slack="0"/>
<pin id="158" dir="1" index="1" bw="32" slack="2147483647"/>
</pin_list>
<bind>
<opcode="alloca(26) " fcode="alloca"/>
<opset="A_22/1 "/>
</bind>
</comp>

<comp id="160" class="1004" name="A_23_alloca_fu_160">
<pin_list>
<pin id="161" dir="0" index="0" bw="1" slack="0"/>
<pin id="162" dir="1" index="1" bw="32" slack="2147483647"/>
</pin_list>
<bind>
<opcode="alloca(26) " fcode="alloca"/>
<opset="A_23/1 "/>
</bind>
</comp>

<comp id="164" class="1004" name="A_24_alloca_fu_164">
<pin_list>
<pin id="165" dir="0" index="0" bw="1" slack="0"/>
<pin id="166" dir="1" index="1" bw="32" slack="2147483647"/>
</pin_list>
<bind>
<opcode="alloca(26) " fcode="alloca"/>
<opset="A_24/1 "/>
</bind>
</comp>

<comp id="168" class="1004" name="A_25_alloca_fu_168">
<pin_list>
<pin id="169" dir="0" index="0" bw="1" slack="0"/>
<pin id="170" dir="1" index="1" bw="32" slack="2147483647"/>
</pin_list>
<bind>
<opcode="alloca(26) " fcode="alloca"/>
<opset="A_25/1 "/>
</bind>
</comp>

<comp id="172" class="1004" name="A_26_alloca_fu_172">
<pin_list>
<pin id="173" dir="0" index="0" bw="1" slack="0"/>
<pin id="174" dir="1" index="1" bw="32" slack="2147483647"/>
</pin_list>
<bind>
<opcode="alloca(26) " fcode="alloca"/>
<opset="A_26/1 "/>
</bind>
</comp>

<comp id="176" class="1004" name="A_27_alloca_fu_176">
<pin_list>
<pin id="177" dir="0" index="0" bw="1" slack="0"/>
<pin id="178" dir="1" index="1" bw="32" slack="2147483647"/>
</pin_list>
<bind>
<opcode="alloca(26) " fcode="alloca"/>
<opset="A_27/1 "/>
</bind>
</comp>

<comp id="180" class="1004" name="A_28_alloca_fu_180">
<pin_list>
<pin id="181" dir="0" index="0" bw="1" slack="0"/>
<pin id="182" dir="1" index="1" bw="32" slack="2147483647"/>
</pin_list>
<bind>
<opcode="alloca(26) " fcode="alloca"/>
<opset="A_28/1 "/>
</bind>
</comp>

<comp id="184" class="1004" name="A_29_alloca_fu_184">
<pin_list>
<pin id="185" dir="0" index="0" bw="1" slack="0"/>
<pin id="186" dir="1" index="1" bw="32" slack="2147483647"/>
</pin_list>
<bind>
<opcode="alloca(26) " fcode="alloca"/>
<opset="A_29/1 "/>
</bind>
</comp>

<comp id="188" class="1004" name="A_30_alloca_fu_188">
<pin_list>
<pin id="189" dir="0" index="0" bw="1" slack="0"/>
<pin id="190" dir="1" index="1" bw="32" slack="2147483647"/>
</pin_list>
<bind>
<opcode="alloca(26) " fcode="alloca"/>
<opset="A_30/1 "/>
</bind>
</comp>

<comp id="192" class="1004" name="A_31_alloca_fu_192">
<pin_list>
<pin id="193" dir="0" index="0" bw="1" slack="0"/>
<pin id="194" dir="1" index="1" bw="32" slack="2147483647"/>
</pin_list>
<bind>
<opcode="alloca(26) " fcode="alloca"/>
<opset="A_31/1 "/>
</bind>
</comp>

<comp id="196" class="1004" name="B_alloca_fu_196">
<pin_list>
<pin id="197" dir="0" index="0" bw="1" slack="0"/>
<pin id="198" dir="1" index="1" bw="32" slack="2147483647"/>
</pin_list>
<bind>
<opcode="alloca(26) " fcode="alloca"/>
<opset="B/1 "/>
</bind>
</comp>

<comp id="200" class="1004" name="B_1_alloca_fu_200">
<pin_list>
<pin id="201" dir="0" index="0" bw="1" slack="0"/>
<pin id="202" dir="1" index="1" bw="32" slack="2147483647"/>
</pin_list>
<bind>
<opcode="alloca(26) " fcode="alloca"/>
<opset="B_1/1 "/>
</bind>
</comp>

<comp id="204" class="1004" name="B_2_alloca_fu_204">
<pin_list>
<pin id="205" dir="0" index="0" bw="1" slack="0"/>
<pin id="206" dir="1" index="1" bw="32" slack="2147483647"/>
</pin_list>
<bind>
<opcode="alloca(26) " fcode="alloca"/>
<opset="B_2/1 "/>
</bind>
</comp>

<comp id="208" class="1004" name="B_3_alloca_fu_208">
<pin_list>
<pin id="209" dir="0" index="0" bw="1" slack="0"/>
<pin id="210" dir="1" index="1" bw="32" slack="2147483647"/>
</pin_list>
<bind>
<opcode="alloca(26) " fcode="alloca"/>
<opset="B_3/1 "/>
</bind>
</comp>

<comp id="212" class="1004" name="B_4_alloca_fu_212">
<pin_list>
<pin id="213" dir="0" index="0" bw="1" slack="0"/>
<pin id="214" dir="1" index="1" bw="32" slack="2147483647"/>
</pin_list>
<bind>
<opcode="alloca(26) " fcode="alloca"/>
<opset="B_4/1 "/>
</bind>
</comp>

<comp id="216" class="1004" name="B_5_alloca_fu_216">
<pin_list>
<pin id="217" dir="0" index="0" bw="1" slack="0"/>
<pin id="218" dir="1" index="1" bw="32" slack="2147483647"/>
</pin_list>
<bind>
<opcode="alloca(26) " fcode="alloca"/>
<opset="B_5/1 "/>
</bind>
</comp>

<comp id="220" class="1004" name="B_6_alloca_fu_220">
<pin_list>
<pin id="221" dir="0" index="0" bw="1" slack="0"/>
<pin id="222" dir="1" index="1" bw="32" slack="2147483647"/>
</pin_list>
<bind>
<opcode="alloca(26) " fcode="alloca"/>
<opset="B_6/1 "/>
</bind>
</comp>

<comp id="224" class="1004" name="B_7_alloca_fu_224">
<pin_list>
<pin id="225" dir="0" index="0" bw="1" slack="0"/>
<pin id="226" dir="1" index="1" bw="32" slack="2147483647"/>
</pin_list>
<bind>
<opcode="alloca(26) " fcode="alloca"/>
<opset="B_7/1 "/>
</bind>
</comp>

<comp id="228" class="1004" name="B_8_alloca_fu_228">
<pin_list>
<pin id="229" dir="0" index="0" bw="1" slack="0"/>
<pin id="230" dir="1" index="1" bw="32" slack="2147483647"/>
</pin_list>
<bind>
<opcode="alloca(26) " fcode="alloca"/>
<opset="B_8/1 "/>
</bind>
</comp>

<comp id="232" class="1004" name="B_9_alloca_fu_232">
<pin_list>
<pin id="233" dir="0" index="0" bw="1" slack="0"/>
<pin id="234" dir="1" index="1" bw="32" slack="2147483647"/>
</pin_list>
<bind>
<opcode="alloca(26) " fcode="alloca"/>
<opset="B_9/1 "/>
</bind>
</comp>

<comp id="236" class="1004" name="B_10_alloca_fu_236">
<pin_list>
<pin id="237" dir="0" index="0" bw="1" slack="0"/>
<pin id="238" dir="1" index="1" bw="32" slack="2147483647"/>
</pin_list>
<bind>
<opcode="alloca(26) " fcode="alloca"/>
<opset="B_10/1 "/>
</bind>
</comp>

<comp id="240" class="1004" name="B_11_alloca_fu_240">
<pin_list>
<pin id="241" dir="0" index="0" bw="1" slack="0"/>
<pin id="242" dir="1" index="1" bw="32" slack="2147483647"/>
</pin_list>
<bind>
<opcode="alloca(26) " fcode="alloca"/>
<opset="B_11/1 "/>
</bind>
</comp>

<comp id="244" class="1004" name="B_12_alloca_fu_244">
<pin_list>
<pin id="245" dir="0" index="0" bw="1" slack="0"/>
<pin id="246" dir="1" index="1" bw="32" slack="2147483647"/>
</pin_list>
<bind>
<opcode="alloca(26) " fcode="alloca"/>
<opset="B_12/1 "/>
</bind>
</comp>

<comp id="248" class="1004" name="B_13_alloca_fu_248">
<pin_list>
<pin id="249" dir="0" index="0" bw="1" slack="0"/>
<pin id="250" dir="1" index="1" bw="32" slack="2147483647"/>
</pin_list>
<bind>
<opcode="alloca(26) " fcode="alloca"/>
<opset="B_13/1 "/>
</bind>
</comp>

<comp id="252" class="1004" name="B_14_alloca_fu_252">
<pin_list>
<pin id="253" dir="0" index="0" bw="1" slack="0"/>
<pin id="254" dir="1" index="1" bw="32" slack="2147483647"/>
</pin_list>
<bind>
<opcode="alloca(26) " fcode="alloca"/>
<opset="B_14/1 "/>
</bind>
</comp>

<comp id="256" class="1004" name="B_15_alloca_fu_256">
<pin_list>
<pin id="257" dir="0" index="0" bw="1" slack="0"/>
<pin id="258" dir="1" index="1" bw="32" slack="2147483647"/>
</pin_list>
<bind>
<opcode="alloca(26) " fcode="alloca"/>
<opset="B_15/1 "/>
</bind>
</comp>

<comp id="260" class="1004" name="B_16_alloca_fu_260">
<pin_list>
<pin id="261" dir="0" index="0" bw="1" slack="0"/>
<pin id="262" dir="1" index="1" bw="32" slack="2147483647"/>
</pin_list>
<bind>
<opcode="alloca(26) " fcode="alloca"/>
<opset="B_16/1 "/>
</bind>
</comp>

<comp id="264" class="1004" name="B_17_alloca_fu_264">
<pin_list>
<pin id="265" dir="0" index="0" bw="1" slack="0"/>
<pin id="266" dir="1" index="1" bw="32" slack="2147483647"/>
</pin_list>
<bind>
<opcode="alloca(26) " fcode="alloca"/>
<opset="B_17/1 "/>
</bind>
</comp>

<comp id="268" class="1004" name="B_18_alloca_fu_268">
<pin_list>
<pin id="269" dir="0" index="0" bw="1" slack="0"/>
<pin id="270" dir="1" index="1" bw="32" slack="2147483647"/>
</pin_list>
<bind>
<opcode="alloca(26) " fcode="alloca"/>
<opset="B_18/1 "/>
</bind>
</comp>

<comp id="272" class="1004" name="B_19_alloca_fu_272">
<pin_list>
<pin id="273" dir="0" index="0" bw="1" slack="0"/>
<pin id="274" dir="1" index="1" bw="32" slack="2147483647"/>
</pin_list>
<bind>
<opcode="alloca(26) " fcode="alloca"/>
<opset="B_19/1 "/>
</bind>
</comp>

<comp id="276" class="1004" name="B_20_alloca_fu_276">
<pin_list>
<pin id="277" dir="0" index="0" bw="1" slack="0"/>
<pin id="278" dir="1" index="1" bw="32" slack="2147483647"/>
</pin_list>
<bind>
<opcode="alloca(26) " fcode="alloca"/>
<opset="B_20/1 "/>
</bind>
</comp>

<comp id="280" class="1004" name="B_21_alloca_fu_280">
<pin_list>
<pin id="281" dir="0" index="0" bw="1" slack="0"/>
<pin id="282" dir="1" index="1" bw="32" slack="2147483647"/>
</pin_list>
<bind>
<opcode="alloca(26) " fcode="alloca"/>
<opset="B_21/1 "/>
</bind>
</comp>

<comp id="284" class="1004" name="B_22_alloca_fu_284">
<pin_list>
<pin id="285" dir="0" index="0" bw="1" slack="0"/>
<pin id="286" dir="1" index="1" bw="32" slack="2147483647"/>
</pin_list>
<bind>
<opcode="alloca(26) " fcode="alloca"/>
<opset="B_22/1 "/>
</bind>
</comp>

<comp id="288" class="1004" name="B_23_alloca_fu_288">
<pin_list>
<pin id="289" dir="0" index="0" bw="1" slack="0"/>
<pin id="290" dir="1" index="1" bw="32" slack="2147483647"/>
</pin_list>
<bind>
<opcode="alloca(26) " fcode="alloca"/>
<opset="B_23/1 "/>
</bind>
</comp>

<comp id="292" class="1004" name="B_24_alloca_fu_292">
<pin_list>
<pin id="293" dir="0" index="0" bw="1" slack="0"/>
<pin id="294" dir="1" index="1" bw="32" slack="2147483647"/>
</pin_list>
<bind>
<opcode="alloca(26) " fcode="alloca"/>
<opset="B_24/1 "/>
</bind>
</comp>

<comp id="296" class="1004" name="B_25_alloca_fu_296">
<pin_list>
<pin id="297" dir="0" index="0" bw="1" slack="0"/>
<pin id="298" dir="1" index="1" bw="32" slack="2147483647"/>
</pin_list>
<bind>
<opcode="alloca(26) " fcode="alloca"/>
<opset="B_25/1 "/>
</bind>
</comp>

<comp id="300" class="1004" name="B_26_alloca_fu_300">
<pin_list>
<pin id="301" dir="0" index="0" bw="1" slack="0"/>
<pin id="302" dir="1" index="1" bw="32" slack="2147483647"/>
</pin_list>
<bind>
<opcode="alloca(26) " fcode="alloca"/>
<opset="B_26/1 "/>
</bind>
</comp>

<comp id="304" class="1004" name="B_27_alloca_fu_304">
<pin_list>
<pin id="305" dir="0" index="0" bw="1" slack="0"/>
<pin id="306" dir="1" index="1" bw="32" slack="2147483647"/>
</pin_list>
<bind>
<opcode="alloca(26) " fcode="alloca"/>
<opset="B_27/1 "/>
</bind>
</comp>

<comp id="308" class="1004" name="B_28_alloca_fu_308">
<pin_list>
<pin id="309" dir="0" index="0" bw="1" slack="0"/>
<pin id="310" dir="1" index="1" bw="32" slack="2147483647"/>
</pin_list>
<bind>
<opcode="alloca(26) " fcode="alloca"/>
<opset="B_28/1 "/>
</bind>
</comp>

<comp id="312" class="1004" name="B_29_alloca_fu_312">
<pin_list>
<pin id="313" dir="0" index="0" bw="1" slack="0"/>
<pin id="314" dir="1" index="1" bw="32" slack="2147483647"/>
</pin_list>
<bind>
<opcode="alloca(26) " fcode="alloca"/>
<opset="B_29/1 "/>
</bind>
</comp>

<comp id="316" class="1004" name="B_30_alloca_fu_316">
<pin_list>
<pin id="317" dir="0" index="0" bw="1" slack="0"/>
<pin id="318" dir="1" index="1" bw="32" slack="2147483647"/>
</pin_list>
<bind>
<opcode="alloca(26) " fcode="alloca"/>
<opset="B_30/1 "/>
</bind>
</comp>

<comp id="320" class="1004" name="B_31_alloca_fu_320">
<pin_list>
<pin id="321" dir="0" index="0" bw="1" slack="0"/>
<pin id="322" dir="1" index="1" bw="32" slack="2147483647"/>
</pin_list>
<bind>
<opcode="alloca(26) " fcode="alloca"/>
<opset="B_31/1 "/>
</bind>
</comp>

<comp id="324" class="1004" name="C_alloca_fu_324">
<pin_list>
<pin id="325" dir="0" index="0" bw="1" slack="0"/>
<pin id="326" dir="1" index="1" bw="32" slack="2147483647"/>
</pin_list>
<bind>
<opcode="alloca(26) " fcode="alloca"/>
<opset="C/1 "/>
</bind>
</comp>

<comp id="328" class="1004" name="grp_matrix_mult_Pipeline_VITIS_LOOP_23_1_VITIS_LOOP_24_2_fu_328">
<pin_list>
<pin id="329" dir="0" index="0" bw="0" slack="0"/>
<pin id="330" dir="0" index="1" bw="32" slack="2147483647"/>
<pin id="331" dir="0" index="2" bw="32" slack="2147483647"/>
<pin id="332" dir="0" index="3" bw="32" slack="2147483647"/>
<pin id="333" dir="0" index="4" bw="32" slack="2147483647"/>
<pin id="334" dir="0" index="5" bw="32" slack="2147483647"/>
<pin id="335" dir="0" index="6" bw="32" slack="2147483647"/>
<pin id="336" dir="0" index="7" bw="32" slack="2147483647"/>
<pin id="337" dir="0" index="8" bw="32" slack="2147483647"/>
<pin id="338" dir="0" index="9" bw="32" slack="2147483647"/>
<pin id="339" dir="0" index="10" bw="32" slack="2147483647"/>
<pin id="340" dir="0" index="11" bw="32" slack="2147483647"/>
<pin id="341" dir="0" index="12" bw="32" slack="2147483647"/>
<pin id="342" dir="0" index="13" bw="32" slack="2147483647"/>
<pin id="343" dir="0" index="14" bw="32" slack="2147483647"/>
<pin id="344" dir="0" index="15" bw="32" slack="2147483647"/>
<pin id="345" dir="0" index="16" bw="32" slack="2147483647"/>
<pin id="346" dir="0" index="17" bw="32" slack="2147483647"/>
<pin id="347" dir="0" index="18" bw="32" slack="2147483647"/>
<pin id="348" dir="0" index="19" bw="32" slack="2147483647"/>
<pin id="349" dir="0" index="20" bw="32" slack="2147483647"/>
<pin id="350" dir="0" index="21" bw="32" slack="2147483647"/>
<pin id="351" dir="0" index="22" bw="32" slack="2147483647"/>
<pin id="352" dir="0" index="23" bw="32" slack="2147483647"/>
<pin id="353" dir="0" index="24" bw="32" slack="2147483647"/>
<pin id="354" dir="0" index="25" bw="32" slack="2147483647"/>
<pin id="355" dir="0" index="26" bw="32" slack="2147483647"/>
<pin id="356" dir="0" index="27" bw="32" slack="2147483647"/>
<pin id="357" dir="0" index="28" bw="32" slack="2147483647"/>
<pin id="358" dir="0" index="29" bw="32" slack="2147483647"/>
<pin id="359" dir="0" index="30" bw="32" slack="2147483647"/>
<pin id="360" dir="0" index="31" bw="32" slack="2147483647"/>
<pin id="361" dir="0" index="32" bw="32" slack="2147483647"/>
<pin id="362" dir="0" index="33" bw="32" slack="0"/>
<pin id="363" dir="0" index="34" bw="4" slack="0"/>
<pin id="364" dir="0" index="35" bw="4" slack="0"/>
<pin id="365" dir="0" index="36" bw="1" slack="0"/>
<pin id="366" dir="0" index="37" bw="1" slack="0"/>
<pin id="367" dir="0" index="38" bw="1" slack="0"/>
<pin id="368" dir="0" index="39" bw="1" slack="0"/>
<pin id="369" dir="1" index="40" bw="0" slack="2147483647"/>
</pin_list>
<bind>
<opcode="call(48) " fcode="call"/>
<opset="call_ln0/2 "/>
</bind>
</comp>

<comp id="378" class="1004" name="grp_matrix_mult_Pipeline_VITIS_LOOP_31_3_VITIS_LOOP_32_4_fu_378">
<pin_list>
<pin id="379" dir="0" index="0" bw="0" slack="0"/>
<pin id="380" dir="0" index="1" bw="32" slack="2147483647"/>
<pin id="381" dir="0" index="2" bw="32" slack="2147483647"/>
<pin id="382" dir="0" index="3" bw="32" slack="2147483647"/>
<pin id="383" dir="0" index="4" bw="32" slack="2147483647"/>
<pin id="384" dir="0" index="5" bw="32" slack="2147483647"/>
<pin id="385" dir="0" index="6" bw="32" slack="2147483647"/>
<pin id="386" dir="0" index="7" bw="32" slack="2147483647"/>
<pin id="387" dir="0" index="8" bw="32" slack="2147483647"/>
<pin id="388" dir="0" index="9" bw="32" slack="2147483647"/>
<pin id="389" dir="0" index="10" bw="32" slack="2147483647"/>
<pin id="390" dir="0" index="11" bw="32" slack="2147483647"/>
<pin id="391" dir="0" index="12" bw="32" slack="2147483647"/>
<pin id="392" dir="0" index="13" bw="32" slack="2147483647"/>
<pin id="393" dir="0" index="14" bw="32" slack="2147483647"/>
<pin id="394" dir="0" index="15" bw="32" slack="2147483647"/>
<pin id="395" dir="0" index="16" bw="32" slack="2147483647"/>
<pin id="396" dir="0" index="17" bw="32" slack="2147483647"/>
<pin id="397" dir="0" index="18" bw="32" slack="2147483647"/>
<pin id="398" dir="0" index="19" bw="32" slack="2147483647"/>
<pin id="399" dir="0" index="20" bw="32" slack="2147483647"/>
<pin id="400" dir="0" index="21" bw="32" slack="2147483647"/>
<pin id="401" dir="0" index="22" bw="32" slack="2147483647"/>
<pin id="402" dir="0" index="23" bw="32" slack="2147483647"/>
<pin id="403" dir="0" index="24" bw="32" slack="2147483647"/>
<pin id="404" dir="0" index="25" bw="32" slack="2147483647"/>
<pin id="405" dir="0" index="26" bw="32" slack="2147483647"/>
<pin id="406" dir="0" index="27" bw="32" slack="2147483647"/>
<pin id="407" dir="0" index="28" bw="32" slack="2147483647"/>
<pin id="408" dir="0" index="29" bw="32" slack="2147483647"/>
<pin id="409" dir="0" index="30" bw="32" slack="2147483647"/>
<pin id="410" dir="0" index="31" bw="32" slack="2147483647"/>
<pin id="411" dir="0" index="32" bw="32" slack="2147483647"/>
<pin id="412" dir="0" index="33" bw="32" slack="0"/>
<pin id="413" dir="0" index="34" bw="4" slack="0"/>
<pin id="414" dir="0" index="35" bw="4" slack="0"/>
<pin id="415" dir="0" index="36" bw="1" slack="0"/>
<pin id="416" dir="0" index="37" bw="1" slack="0"/>
<pin id="417" dir="0" index="38" bw="1" slack="0"/>
<pin id="418" dir="0" index="39" bw="1" slack="0"/>
<pin id="419" dir="1" index="40" bw="0" slack="2147483647"/>
</pin_list>
<bind>
<opcode="call(48) " fcode="call"/>
<opset="call_ln0/4 "/>
</bind>
</comp>

<comp id="428" class="1004" name="grp_matrix_mult_Pipeline_VITIS_LOOP_39_5_VITIS_LOOP_40_6_fu_428">
<pin_list>
<pin id="429" dir="0" index="0" bw="0" slack="0"/>
<pin id="430" dir="0" index="1" bw="32" slack="2147483647"/>
<pin id="431" dir="0" index="2" bw="32" slack="2147483647"/>
<pin id="432" dir="0" index="3" bw="32" slack="2147483647"/>
<pin id="433" dir="0" index="4" bw="32" slack="2147483647"/>
<pin id="434" dir="0" index="5" bw="32" slack="2147483647"/>
<pin id="435" dir="0" index="6" bw="32" slack="2147483647"/>
<pin id="436" dir="0" index="7" bw="32" slack="2147483647"/>
<pin id="437" dir="0" index="8" bw="32" slack="2147483647"/>
<pin id="438" dir="0" index="9" bw="32" slack="2147483647"/>
<pin id="439" dir="0" index="10" bw="32" slack="2147483647"/>
<pin id="440" dir="0" index="11" bw="32" slack="2147483647"/>
<pin id="441" dir="0" index="12" bw="32" slack="2147483647"/>
<pin id="442" dir="0" index="13" bw="32" slack="2147483647"/>
<pin id="443" dir="0" index="14" bw="32" slack="2147483647"/>
<pin id="444" dir="0" index="15" bw="32" slack="2147483647"/>
<pin id="445" dir="0" index="16" bw="32" slack="2147483647"/>
<pin id="446" dir="0" index="17" bw="32" slack="2147483647"/>
<pin id="447" dir="0" index="18" bw="32" slack="2147483647"/>
<pin id="448" dir="0" index="19" bw="32" slack="2147483647"/>
<pin id="449" dir="0" index="20" bw="32" slack="2147483647"/>
<pin id="450" dir="0" index="21" bw="32" slack="2147483647"/>
<pin id="451" dir="0" index="22" bw="32" slack="2147483647"/>
<pin id="452" dir="0" index="23" bw="32" slack="2147483647"/>
<pin id="453" dir="0" index="24" bw="32" slack="2147483647"/>
<pin id="454" dir="0" index="25" bw="32" slack="2147483647"/>
<pin id="455" dir="0" index="26" bw="32" slack="2147483647"/>
<pin id="456" dir="0" index="27" bw="32" slack="2147483647"/>
<pin id="457" dir="0" index="28" bw="32" slack="2147483647"/>
<pin id="458" dir="0" index="29" bw="32" slack="2147483647"/>
<pin id="459" dir="0" index="30" bw="32" slack="2147483647"/>
<pin id="460" dir="0" index="31" bw="32" slack="2147483647"/>
<pin id="461" dir="0" index="32" bw="32" slack="2147483647"/>
<pin id="462" dir="0" index="33" bw="32" slack="2147483647"/>
<pin id="463" dir="0" index="34" bw="32" slack="2147483647"/>
<pin id="464" dir="0" index="35" bw="32" slack="2147483647"/>
<pin id="465" dir="0" index="36" bw="32" slack="2147483647"/>
<pin id="466" dir="0" index="37" bw="32" slack="2147483647"/>
<pin id="467" dir="0" index="38" bw="32" slack="2147483647"/>
<pin id="468" dir="0" index="39" bw="32" slack="2147483647"/>
<pin id="469" dir="0" index="40" bw="32" slack="2147483647"/>
<pin id="470" dir="0" index="41" bw="32" slack="2147483647"/>
<pin id="471" dir="0" index="42" bw="32" slack="2147483647"/>
<pin id="472" dir="0" index="43" bw="32" slack="2147483647"/>
<pin id="473" dir="0" index="44" bw="32" slack="2147483647"/>
<pin id="474" dir="0" index="45" bw="32" slack="2147483647"/>
<pin id="475" dir="0" index="46" bw="32" slack="2147483647"/>
<pin id="476" dir="0" index="47" bw="32" slack="2147483647"/>
<pin id="477" dir="0" index="48" bw="32" slack="2147483647"/>
<pin id="478" dir="0" index="49" bw="32" slack="2147483647"/>
<pin id="479" dir="0" index="50" bw="32" slack="2147483647"/>
<pin id="480" dir="0" index="51" bw="32" slack="2147483647"/>
<pin id="481" dir="0" index="52" bw="32" slack="2147483647"/>
<pin id="482" dir="0" index="53" bw="32" slack="2147483647"/>
<pin id="483" dir="0" index="54" bw="32" slack="2147483647"/>
<pin id="484" dir="0" index="55" bw="32" slack="2147483647"/>
<pin id="485" dir="0" index="56" bw="32" slack="2147483647"/>
<pin id="486" dir="0" index="57" bw="32" slack="2147483647"/>
<pin id="487" dir="0" index="58" bw="32" slack="2147483647"/>
<pin id="488" dir="0" index="59" bw="32" slack="2147483647"/>
<pin id="489" dir="0" index="60" bw="32" slack="2147483647"/>
<pin id="490" dir="0" index="61" bw="32" slack="2147483647"/>
<pin id="491" dir="0" index="62" bw="32" slack="2147483647"/>
<pin id="492" dir="0" index="63" bw="32" slack="2147483647"/>
<pin id="493" dir="0" index="64" bw="32" slack="2147483647"/>
<pin id="494" dir="0" index="65" bw="32" slack="2147483647"/>
<pin id="495" dir="1" index="66" bw="0" slack="2147483647"/>
</pin_list>
<bind>
<opcode="call(48) " fcode="call"/>
<opset="call_ln0/6 "/>
</bind>
</comp>

<comp id="497" class="1004" name="grp_matrix_mult_Pipeline_VITIS_LOOP_52_8_VITIS_LOOP_53_9_fu_497">
<pin_list>
<pin id="498" dir="0" index="0" bw="0" slack="0"/>
<pin id="499" dir="0" index="1" bw="32" slack="2147483647"/>
<pin id="500" dir="0" index="2" bw="32" slack="0"/>
<pin id="501" dir="0" index="3" bw="4" slack="0"/>
<pin id="502" dir="0" index="4" bw="4" slack="0"/>
<pin id="503" dir="0" index="5" bw="1" slack="0"/>
<pin id="504" dir="0" index="6" bw="1" slack="0"/>
<pin id="505" dir="0" index="7" bw="1" slack="0"/>
<pin id="506" dir="0" index="8" bw="1" slack="0"/>
<pin id="507" dir="1" index="9" bw="0" slack="2147483647"/>
</pin_list>
<bind>
<opcode="call(48) " fcode="call"/>
<opset="call_ln0/8 "/>
</bind>
</comp>

</comp_list>

<net_list>
<net id="71"><net_src comp="28" pin="0"/><net_sink comp="68" pin=0"/></net>

<net id="75"><net_src comp="28" pin="0"/><net_sink comp="72" pin=0"/></net>

<net id="79"><net_src comp="28" pin="0"/><net_sink comp="76" pin=0"/></net>

<net id="83"><net_src comp="28" pin="0"/><net_sink comp="80" pin=0"/></net>

<net id="87"><net_src comp="28" pin="0"/><net_sink comp="84" pin=0"/></net>

<net id="91"><net_src comp="28" pin="0"/><net_sink comp="88" pin=0"/></net>

<net id="95"><net_src comp="28" pin="0"/><net_sink comp="92" pin=0"/></net>

<net id="99"><net_src comp="28" pin="0"/><net_sink comp="96" pin=0"/></net>

<net id="103"><net_src comp="28" pin="0"/><net_sink comp="100" pin=0"/></net>

<net id="107"><net_src comp="28" pin="0"/><net_sink comp="104" pin=0"/></net>

<net id="111"><net_src comp="28" pin="0"/><net_sink comp="108" pin=0"/></net>

<net id="115"><net_src comp="28" pin="0"/><net_sink comp="112" pin=0"/></net>

<net id="119"><net_src comp="28" pin="0"/><net_sink comp="116" pin=0"/></net>

<net id="123"><net_src comp="28" pin="0"/><net_sink comp="120" pin=0"/></net>

<net id="127"><net_src comp="28" pin="0"/><net_sink comp="124" pin=0"/></net>

<net id="131"><net_src comp="28" pin="0"/><net_sink comp="128" pin=0"/></net>

<net id="135"><net_src comp="28" pin="0"/><net_sink comp="132" pin=0"/></net>

<net id="139"><net_src comp="28" pin="0"/><net_sink comp="136" pin=0"/></net>

<net id="143"><net_src comp="28" pin="0"/><net_sink comp="140" pin=0"/></net>

<net id="147"><net_src comp="28" pin="0"/><net_sink comp="144" pin=0"/></net>

<net id="151"><net_src comp="28" pin="0"/><net_sink comp="148" pin=0"/></net>

<net id="155"><net_src comp="28" pin="0"/><net_sink comp="152" pin=0"/></net>

<net id="159"><net_src comp="28" pin="0"/><net_sink comp="156" pin=0"/></net>

<net id="163"><net_src comp="28" pin="0"/><net_sink comp="160" pin=0"/></net>

<net id="167"><net_src comp="28" pin="0"/><net_sink comp="164" pin=0"/></net>

<net id="171"><net_src comp="28" pin="0"/><net_sink comp="168" pin=0"/></net>

<net id="175"><net_src comp="28" pin="0"/><net_sink comp="172" pin=0"/></net>

<net id="179"><net_src comp="28" pin="0"/><net_sink comp="176" pin=0"/></net>

<net id="183"><net_src comp="28" pin="0"/><net_sink comp="180" pin=0"/></net>

<net id="187"><net_src comp="28" pin="0"/><net_sink comp="184" pin=0"/></net>

<net id="191"><net_src comp="28" pin="0"/><net_sink comp="188" pin=0"/></net>

<net id="195"><net_src comp="28" pin="0"/><net_sink comp="192" pin=0"/></net>

<net id="199"><net_src comp="28" pin="0"/><net_sink comp="196" pin=0"/></net>

<net id="203"><net_src comp="28" pin="0"/><net_sink comp="200" pin=0"/></net>

<net id="207"><net_src comp="28" pin="0"/><net_sink comp="204" pin=0"/></net>

<net id="211"><net_src comp="28" pin="0"/><net_sink comp="208" pin=0"/></net>

<net id="215"><net_src comp="28" pin="0"/><net_sink comp="212" pin=0"/></net>

<net id="219"><net_src comp="28" pin="0"/><net_sink comp="216" pin=0"/></net>

<net id="223"><net_src comp="28" pin="0"/><net_sink comp="220" pin=0"/></net>

<net id="227"><net_src comp="28" pin="0"/><net_sink comp="224" pin=0"/></net>

<net id="231"><net_src comp="28" pin="0"/><net_sink comp="228" pin=0"/></net>

<net id="235"><net_src comp="28" pin="0"/><net_sink comp="232" pin=0"/></net>

<net id="239"><net_src comp="28" pin="0"/><net_sink comp="236" pin=0"/></net>

<net id="243"><net_src comp="28" pin="0"/><net_sink comp="240" pin=0"/></net>

<net id="247"><net_src comp="28" pin="0"/><net_sink comp="244" pin=0"/></net>

<net id="251"><net_src comp="28" pin="0"/><net_sink comp="248" pin=0"/></net>

<net id="255"><net_src comp="28" pin="0"/><net_sink comp="252" pin=0"/></net>

<net id="259"><net_src comp="28" pin="0"/><net_sink comp="256" pin=0"/></net>

<net id="263"><net_src comp="28" pin="0"/><net_sink comp="260" pin=0"/></net>

<net id="267"><net_src comp="28" pin="0"/><net_sink comp="264" pin=0"/></net>

<net id="271"><net_src comp="28" pin="0"/><net_sink comp="268" pin=0"/></net>

<net id="275"><net_src comp="28" pin="0"/><net_sink comp="272" pin=0"/></net>

<net id="279"><net_src comp="28" pin="0"/><net_sink comp="276" pin=0"/></net>

<net id="283"><net_src comp="28" pin="0"/><net_sink comp="280" pin=0"/></net>

<net id="287"><net_src comp="28" pin="0"/><net_sink comp="284" pin=0"/></net>

<net id="291"><net_src comp="28" pin="0"/><net_sink comp="288" pin=0"/></net>

<net id="295"><net_src comp="28" pin="0"/><net_sink comp="292" pin=0"/></net>

<net id="299"><net_src comp="28" pin="0"/><net_sink comp="296" pin=0"/></net>

<net id="303"><net_src comp="28" pin="0"/><net_sink comp="300" pin=0"/></net>

<net id="307"><net_src comp="28" pin="0"/><net_sink comp="304" pin=0"/></net>

<net id="311"><net_src comp="28" pin="0"/><net_sink comp="308" pin=0"/></net>

<net id="315"><net_src comp="28" pin="0"/><net_sink comp="312" pin=0"/></net>

<net id="319"><net_src comp="28" pin="0"/><net_sink comp="316" pin=0"/></net>

<net id="323"><net_src comp="28" pin="0"/><net_sink comp="320" pin=0"/></net>

<net id="327"><net_src comp="28" pin="0"/><net_sink comp="324" pin=0"/></net>

<net id="370"><net_src comp="30" pin="0"/><net_sink comp="328" pin=0"/></net>

<net id="371"><net_src comp="0" pin="0"/><net_sink comp="328" pin=33"/></net>

<net id="372"><net_src comp="2" pin="0"/><net_sink comp="328" pin=34"/></net>

<net id="373"><net_src comp="4" pin="0"/><net_sink comp="328" pin=35"/></net>

<net id="374"><net_src comp="6" pin="0"/><net_sink comp="328" pin=36"/></net>

<net id="375"><net_src comp="8" pin="0"/><net_sink comp="328" pin=37"/></net>

<net id="376"><net_src comp="10" pin="0"/><net_sink comp="328" pin=38"/></net>

<net id="377"><net_src comp="12" pin="0"/><net_sink comp="328" pin=39"/></net>

<net id="420"><net_src comp="32" pin="0"/><net_sink comp="378" pin=0"/></net>

<net id="421"><net_src comp="0" pin="0"/><net_sink comp="378" pin=33"/></net>

<net id="422"><net_src comp="2" pin="0"/><net_sink comp="378" pin=34"/></net>

<net id="423"><net_src comp="4" pin="0"/><net_sink comp="378" pin=35"/></net>

<net id="424"><net_src comp="6" pin="0"/><net_sink comp="378" pin=36"/></net>

<net id="425"><net_src comp="8" pin="0"/><net_sink comp="378" pin=37"/></net>

<net id="426"><net_src comp="10" pin="0"/><net_sink comp="378" pin=38"/></net>

<net id="427"><net_src comp="12" pin="0"/><net_sink comp="378" pin=39"/></net>

<net id="496"><net_src comp="34" pin="0"/><net_sink comp="428" pin=0"/></net>

<net id="508"><net_src comp="36" pin="0"/><net_sink comp="497" pin=0"/></net>

<net id="509"><net_src comp="14" pin="0"/><net_sink comp="497" pin=2"/></net>

<net id="510"><net_src comp="16" pin="0"/><net_sink comp="497" pin=3"/></net>

<net id="511"><net_src comp="18" pin="0"/><net_sink comp="497" pin=4"/></net>

<net id="512"><net_src comp="20" pin="0"/><net_sink comp="497" pin=5"/></net>

<net id="513"><net_src comp="22" pin="0"/><net_sink comp="497" pin=6"/></net>

<net id="514"><net_src comp="24" pin="0"/><net_sink comp="497" pin=7"/></net>

<net id="515"><net_src comp="26" pin="0"/><net_sink comp="497" pin=8"/></net>

</net_list>

</model> 
---------------- Datapath Model END ------------------

* FSMD analyzer results:
  - Output states:
	Port: out_stream_V_data_V | {8 9 }
	Port: out_stream_V_keep_V | {8 9 }
	Port: out_stream_V_strb_V | {8 9 }
	Port: out_stream_V_user_V | {8 9 }
	Port: out_stream_V_last_V | {8 9 }
	Port: out_stream_V_id_V | {8 9 }
	Port: out_stream_V_dest_V | {8 9 }
 - Input state : 
	Port: matrix_mult : in_stream_V_data_V | {2 3 4 5 }
	Port: matrix_mult : in_stream_V_keep_V | {2 3 4 5 }
	Port: matrix_mult : in_stream_V_strb_V | {2 3 4 5 }
	Port: matrix_mult : in_stream_V_user_V | {2 3 4 5 }
	Port: matrix_mult : in_stream_V_last_V | {2 3 4 5 }
	Port: matrix_mult : in_stream_V_id_V | {2 3 4 5 }
	Port: matrix_mult : in_stream_V_dest_V | {2 3 4 5 }
  - Chain level:
	State 1
	State 2
	State 3
	State 4
	State 5
	State 6
	State 7
	State 8
	State 9
	State 10


============================================================
+ Verbose Summary: Datapath Resource usage 
============================================================

* Functional unit list:
|----------|-----------------------------------------------------------------|---------|---------|---------|---------|
| Operation|                         Functional Unit                         |   DSP   |  Delay  |    FF   |   LUT   |
|----------|-----------------------------------------------------------------|---------|---------|---------|---------|
|          | grp_matrix_mult_Pipeline_VITIS_LOOP_23_1_VITIS_LOOP_24_2_fu_328 |    0    |    0    |    30   |    78   |
|   call   | grp_matrix_mult_Pipeline_VITIS_LOOP_31_3_VITIS_LOOP_32_4_fu_378 |    0    |    0    |    35   |    78   |
|          | grp_matrix_mult_Pipeline_VITIS_LOOP_39_5_VITIS_LOOP_40_6_fu_428 |    96   | 101.632 |   9154  |   3336  |
|          | grp_matrix_mult_Pipeline_VITIS_LOOP_52_8_VITIS_LOOP_53_9_fu_497 |    0    |  1.588  |    45   |   130   |
|----------|-----------------------------------------------------------------|---------|---------|---------|---------|
|   Total  |                                                                 |    96   |  103.22 |   9264  |   3622  |
|----------|-----------------------------------------------------------------|---------|---------|---------|---------|

Memories:
+----+--------+--------+--------+--------+
|    |  BRAM  |   FF   |   LUT  |  URAM  |
+----+--------+--------+--------+--------+
|  A |    1   |    0   |    0   |    0   |
| A_1|    1   |    0   |    0   |    0   |
|A_10|    1   |    0   |    0   |    0   |
|A_11|    1   |    0   |    0   |    0   |
|A_12|    1   |    0   |    0   |    0   |
|A_13|    1   |    0   |    0   |    0   |
|A_14|    1   |    0   |    0   |    0   |
|A_15|    1   |    0   |    0   |    0   |
|A_16|    1   |    0   |    0   |    0   |
|A_17|    1   |    0   |    0   |    0   |
|A_18|    1   |    0   |    0   |    0   |
|A_19|    1   |    0   |    0   |    0   |
| A_2|    1   |    0   |    0   |    0   |
|A_20|    1   |    0   |    0   |    0   |
|A_21|    1   |    0   |    0   |    0   |
|A_22|    1   |    0   |    0   |    0   |
|A_23|    1   |    0   |    0   |    0   |
|A_24|    1   |    0   |    0   |    0   |
|A_25|    1   |    0   |    0   |    0   |
|A_26|    1   |    0   |    0   |    0   |
|A_27|    1   |    0   |    0   |    0   |
|A_28|    1   |    0   |    0   |    0   |
|A_29|    1   |    0   |    0   |    0   |
| A_3|    1   |    0   |    0   |    0   |
|A_30|    1   |    0   |    0   |    0   |
|A_31|    1   |    0   |    0   |    0   |
| A_4|    1   |    0   |    0   |    0   |
| A_5|    1   |    0   |    0   |    0   |
| A_6|    1   |    0   |    0   |    0   |
| A_7|    1   |    0   |    0   |    0   |
| A_8|    1   |    0   |    0   |    0   |
| A_9|    1   |    0   |    0   |    0   |
|  B |    1   |    0   |    0   |    0   |
| B_1|    1   |    0   |    0   |    0   |
|B_10|    1   |    0   |    0   |    0   |
|B_11|    1   |    0   |    0   |    0   |
|B_12|    1   |    0   |    0   |    0   |
|B_13|    1   |    0   |    0   |    0   |
|B_14|    1   |    0   |    0   |    0   |
|B_15|    1   |    0   |    0   |    0   |
|B_16|    1   |    0   |    0   |    0   |
|B_17|    1   |    0   |    0   |    0   |
|B_18|    1   |    0   |    0   |    0   |
|B_19|    1   |    0   |    0   |    0   |
| B_2|    1   |    0   |    0   |    0   |
|B_20|    1   |    0   |    0   |    0   |
|B_21|    1   |    0   |    0   |    0   |
|B_22|    1   |    0   |    0   |    0   |
|B_23|    1   |    0   |    0   |    0   |
|B_24|    1   |    0   |    0   |    0   |
|B_25|    1   |    0   |    0   |    0   |
|B_26|    1   |    0   |    0   |    0   |
|B_27|    1   |    0   |    0   |    0   |
|B_28|    1   |    0   |    0   |    0   |
|B_29|    1   |    0   |    0   |    0   |
| B_3|    1   |    0   |    0   |    0   |
|B_30|    1   |    0   |    0   |    0   |
|B_31|    1   |    0   |    0   |    0   |
| B_4|    1   |    0   |    0   |    0   |
| B_5|    1   |    0   |    0   |    0   |
| B_6|    1   |    0   |    0   |    0   |
| B_7|    1   |    0   |    0   |    0   |
| B_8|    1   |    0   |    0   |    0   |
| B_9|    1   |    0   |    0   |    0   |
|  C |    2   |    0   |    0   |    0   |
+----+--------+--------+--------+--------+
|Total|   66   |    0   |    0   |    0   |
+----+--------+--------+--------+--------+

* Register list:
N/A

* Multiplexer (MUX) list: 
|--------|------|------|------|--------|
|  Comp  |  Pin | Size |  BW  | S x BW |
|--------|------|------|------|--------|
|  Total |      |      |      |    0   |
|--------|------|------|------|--------|



* Summary:
+-----------+--------+--------+--------+--------+--------+--------+
|           |  BRAM  |   DSP  |  Delay |   FF   |   LUT  |  URAM  |
+-----------+--------+--------+--------+--------+--------+--------+
|  Function |    -   |   96   |   103  |  9264  |  3622  |    -   |
|   Memory  |   66   |    -   |    -   |    0   |    0   |    0   |
|Multiplexer|    -   |    -   |    -   |    -   |    -   |    -   |
|  Register |    -   |    -   |    -   |    -   |    -   |    -   |
+-----------+--------+--------+--------+--------+--------+--------+
|   Total   |   66   |   96   |   103  |  9264  |  3622  |    0   |
+-----------+--------+--------+--------+--------+--------+--------+
