

================================================================
== Vitis HLS Report for 'matrix_mult'
================================================================
* Date:           Sun Apr 12 22:06:27 2026

* Version:        2025.2 (Build 6295257 on Nov 14 2025)
* Project:        matrix_hls
* Solution:       hls (Vivado IP Flow Target)
* Product family: zynq
* Target device:  xc7z010-clg400-1


================================================================
== Performance Estimates
================================================================
+ Timing: 
    * Summary: 
    +--------+----------+----------+------------+
    |  Clock |  Target  | Estimated| Uncertainty|
    +--------+----------+----------+------------+
    |ap_clk  |  10.00 ns|  6.923 ns|     2.70 ns|
    +--------+----------+----------+------------+

+ Latency: 
    * Summary: 
    +---------+---------+-----------+-----------+------+------+---------+
    |  Latency (cycles) |   Latency (absolute)  |   Interval  | Pipeline|
    |   min   |   max   |    min    |    max    |  min |  max |   Type  |
    +---------+---------+-----------+-----------+------+------+---------+
    |     4125|     4125|  41.250 us|  41.250 us|  4126|  4126|       no|
    +---------+---------+-----------+-----------+------+------+---------+

    + Detail: 
        * Instance: 
        N/A

        * Loop: 
        N/A

============================================================
+ Verbose Summary: Synthesis Manager
============================================================
InlineROM: 1
ExposeGlobal: 0
============================================================
+ Verbose Summary: CDFG Model
============================================================
IsTopModel: 1
ResetActiveHigh: 1
IsCombinational: 0
IsDatapathOnly: 0
HasWiredReturn: 1
HasMFsm: 0
HasVarLatency: 1
IsPipeline: 0
IsRtlPipelined: 0
IsInstanceOverlapped: 0
IsDontTouch: 0
HasImplIP: 0
IsGatedGlobalClock: 0


============================================================
+ Verbose Summary: Schedule
============================================================
* Number of FSM states : 10
* Pipeline : 0
* Dataflow Pipeline: 0

* FSM state transitions: 
1 --> 2 
2 --> 3 
3 --> 4 
4 --> 5 
5 --> 6 
6 --> 7 
7 --> 8 
8 --> 9 
9 --> 10 
10 --> 

* FSM state operations: 

State 1 <SV = 0> <Delay = 0.00>
ST_1 : Operation 11 [1/1] (0.00ns)   --->   "%A = alloca i64 1" [matrix_mult.cpp:18]   --->   Operation 11 'alloca' 'A' <Predicate = true> <Delay = 0.00>
ST_1 : Operation 12 [1/1] (0.00ns)   --->   "%A_1 = alloca i64 1" [matrix_mult.cpp:18]   --->   Operation 12 'alloca' 'A_1' <Predicate = true> <Delay = 0.00>
ST_1 : Operation 13 [1/1] (0.00ns)   --->   "%A_2 = alloca i64 1" [matrix_mult.cpp:18]   --->   Operation 13 'alloca' 'A_2' <Predicate = true> <Delay = 0.00>
ST_1 : Operation 14 [1/1] (0.00ns)   --->   "%A_3 = alloca i64 1" [matrix_mult.cpp:18]   --->   Operation 14 'alloca' 'A_3' <Predicate = true> <Delay = 0.00>
ST_1 : Operation 15 [1/1] (0.00ns)   --->   "%A_4 = alloca i64 1" [matrix_mult.cpp:18]   --->   Operation 15 'alloca' 'A_4' <Predicate = true> <Delay = 0.00>
ST_1 : Operation 16 [1/1] (0.00ns)   --->   "%A_5 = alloca i64 1" [matrix_mult.cpp:18]   --->   Operation 16 'alloca' 'A_5' <Predicate = true> <Delay = 0.00>
ST_1 : Operation 17 [1/1] (0.00ns)   --->   "%A_6 = alloca i64 1" [matrix_mult.cpp:18]   --->   Operation 17 'alloca' 'A_6' <Predicate = true> <Delay = 0.00>
ST_1 : Operation 18 [1/1] (0.00ns)   --->   "%A_7 = alloca i64 1" [matrix_mult.cpp:18]   --->   Operation 18 'alloca' 'A_7' <Predicate = true> <Delay = 0.00>
ST_1 : Operation 19 [1/1] (0.00ns)   --->   "%A_8 = alloca i64 1" [matrix_mult.cpp:18]   --->   Operation 19 'alloca' 'A_8' <Predicate = true> <Delay = 0.00>
ST_1 : Operation 20 [1/1] (0.00ns)   --->   "%A_9 = alloca i64 1" [matrix_mult.cpp:18]   --->   Operation 20 'alloca' 'A_9' <Predicate = true> <Delay = 0.00>
ST_1 : Operation 21 [1/1] (0.00ns)   --->   "%A_10 = alloca i64 1" [matrix_mult.cpp:18]   --->   Operation 21 'alloca' 'A_10' <Predicate = true> <Delay = 0.00>
ST_1 : Operation 22 [1/1] (0.00ns)   --->   "%A_11 = alloca i64 1" [matrix_mult.cpp:18]   --->   Operation 22 'alloca' 'A_11' <Predicate = true> <Delay = 0.00>
ST_1 : Operation 23 [1/1] (0.00ns)   --->   "%A_12 = alloca i64 1" [matrix_mult.cpp:18]   --->   Operation 23 'alloca' 'A_12' <Predicate = true> <Delay = 0.00>
ST_1 : Operation 24 [1/1] (0.00ns)   --->   "%A_13 = alloca i64 1" [matrix_mult.cpp:18]   --->   Operation 24 'alloca' 'A_13' <Predicate = true> <Delay = 0.00>
ST_1 : Operation 25 [1/1] (0.00ns)   --->   "%A_14 = alloca i64 1" [matrix_mult.cpp:18]   --->   Operation 25 'alloca' 'A_14' <Predicate = true> <Delay = 0.00>
ST_1 : Operation 26 [1/1] (0.00ns)   --->   "%A_15 = alloca i64 1" [matrix_mult.cpp:18]   --->   Operation 26 'alloca' 'A_15' <Predicate = true> <Delay = 0.00>
ST_1 : Operation 27 [1/1] (0.00ns)   --->   "%A_16 = alloca i64 1" [matrix_mult.cpp:18]   --->   Operation 27 'alloca' 'A_16' <Predicate = true> <Delay = 0.00>
ST_1 : Operation 28 [1/1] (0.00ns)   --->   "%A_17 = alloca i64 1" [matrix_mult.cpp:18]   --->   Operation 28 'alloca' 'A_17' <Predicate = true> <Delay = 0.00>
ST_1 : Operation 29 [1/1] (0.00ns)   --->   "%A_18 = alloca i64 1" [matrix_mult.cpp:18]   --->   Operation 29 'alloca' 'A_18' <Predicate = true> <Delay = 0.00>
ST_1 : Operation 30 [1/1] (0.00ns)   --->   "%A_19 = alloca i64 1" [matrix_mult.cpp:18]   --->   Operation 30 'alloca' 'A_19' <Predicate = true> <Delay = 0.00>
ST_1 : Operation 31 [1/1] (0.00ns)   --->   "%A_20 = alloca i64 1" [matrix_mult.cpp:18]   --->   Operation 31 'alloca' 'A_20' <Predicate = true> <Delay = 0.00>
ST_1 : Operation 32 [1/1] (0.00ns)   --->   "%A_21 = alloca i64 1" [matrix_mult.cpp:18]   --->   Operation 32 'alloca' 'A_21' <Predicate = true> <Delay = 0.00>
ST_1 : Operation 33 [1/1] (0.00ns)   --->   "%A_22 = alloca i64 1" [matrix_mult.cpp:18]   --->   Operation 33 'alloca' 'A_22' <Predicate = true> <Delay = 0.00>
ST_1 : Operation 34 [1/1] (0.00ns)   --->   "%A_23 = alloca i64 1" [matrix_mult.cpp:18]   --->   Operation 34 'alloca' 'A_23' <Predicate = true> <Delay = 0.00>
ST_1 : Operation 35 [1/1] (0.00ns)   --->   "%A_24 = alloca i64 1" [matrix_mult.cpp:18]   --->   Operation 35 'alloca' 'A_24' <Predicate = true> <Delay = 0.00>
ST_1 : Operation 36 [1/1] (0.00ns)   --->   "%A_25 = alloca i64 1" [matrix_mult.cpp:18]   --->   Operation 36 'alloca' 'A_25' <Predicate = true> <Delay = 0.00>
ST_1 : Operation 37 [1/1] (0.00ns)   --->   "%A_26 = alloca i64 1" [matrix_mult.cpp:18]   --->   Operation 37 'alloca' 'A_26' <Predicate = true> <Delay = 0.00>
ST_1 : Operation 38 [1/1] (0.00ns)   --->   "%A_27 = alloca i64 1" [matrix_mult.cpp:18]   --->   Operation 38 'alloca' 'A_27' <Predicate = true> <Delay = 0.00>
ST_1 : Operation 39 [1/1] (0.00ns)   --->   "%A_28 = alloca i64 1" [matrix_mult.cpp:18]   --->   Operation 39 'alloca' 'A_28' <Predicate = true> <Delay = 0.00>
ST_1 : Operation 40 [1/1] (0.00ns)   --->   "%A_29 = alloca i64 1" [matrix_mult.cpp:18]   --->   Operation 40 'alloca' 'A_29' <Predicate = true> <Delay = 0.00>
ST_1 : Operation 41 [1/1] (0.00ns)   --->   "%A_30 = alloca i64 1" [matrix_mult.cpp:18]   --->   Operation 41 'alloca' 'A_30' <Predicate = true> <Delay = 0.00>
ST_1 : Operation 42 [1/1] (0.00ns)   --->   "%A_31 = alloca i64 1" [matrix_mult.cpp:18]   --->   Operation 42 'alloca' 'A_31' <Predicate = true> <Delay = 0.00>
ST_1 : Operation 43 [1/1] (0.00ns)   --->   "%B = alloca i64 1" [matrix_mult.cpp:19]   --->   Operation 43 'alloca' 'B' <Predicate = true> <Delay = 0.00>
ST_1 : Operation 44 [1/1] (0.00ns)   --->   "%B_1 = alloca i64 1" [matrix_mult.cpp:19]   --->   Operation 44 'alloca' 'B_1' <Predicate = true> <Delay = 0.00>
ST_1 : Operation 45 [1/1] (0.00ns)   --->   "%B_2 = alloca i64 1" [matrix_mult.cpp:19]   --->   Operation 45 'alloca' 'B_2' <Predicate = true> <Delay = 0.00>
ST_1 : Operation 46 [1/1] (0.00ns)   --->   "%B_3 = alloca i64 1" [matrix_mult.cpp:19]   --->   Operation 46 'alloca' 'B_3' <Predicate = true> <Delay = 0.00>
ST_1 : Operation 47 [1/1] (0.00ns)   --->   "%B_4 = alloca i64 1" [matrix_mult.cpp:19]   --->   Operation 47 'alloca' 'B_4' <Predicate = true> <Delay = 0.00>
ST_1 : Operation 48 [1/1] (0.00ns)   --->   "%B_5 = alloca i64 1" [matrix_mult.cpp:19]   --->   Operation 48 'alloca' 'B_5' <Predicate = true> <Delay = 0.00>
ST_1 : Operation 49 [1/1] (0.00ns)   --->   "%B_6 = alloca i64 1" [matrix_mult.cpp:19]   --->   Operation 49 'alloca' 'B_6' <Predicate = true> <Delay = 0.00>
ST_1 : Operation 50 [1/1] (0.00ns)   --->   "%B_7 = alloca i64 1" [matrix_mult.cpp:19]   --->   Operation 50 'alloca' 'B_7' <Predicate = true> <Delay = 0.00>
ST_1 : Operation 51 [1/1] (0.00ns)   --->   "%B_8 = alloca i64 1" [matrix_mult.cpp:19]   --->   Operation 51 'alloca' 'B_8' <Predicate = true> <Delay = 0.00>
ST_1 : Operation 52 [1/1] (0.00ns)   --->   "%B_9 = alloca i64 1" [matrix_mult.cpp:19]   --->   Operation 52 'alloca' 'B_9' <Predicate = true> <Delay = 0.00>
ST_1 : Operation 53 [1/1] (0.00ns)   --->   "%B_10 = alloca i64 1" [matrix_mult.cpp:19]   --->   Operation 53 'alloca' 'B_10' <Predicate = true> <Delay = 0.00>
ST_1 : Operation 54 [1/1] (0.00ns)   --->   "%B_11 = alloca i64 1" [matrix_mult.cpp:19]   --->   Operation 54 'alloca' 'B_11' <Predicate = true> <Delay = 0.00>
ST_1 : Operation 55 [1/1] (0.00ns)   --->   "%B_12 = alloca i64 1" [matrix_mult.cpp:19]   --->   Operation 55 'alloca' 'B_12' <Predicate = true> <Delay = 0.00>
ST_1 : Operation 56 [1/1] (0.00ns)   --->   "%B_13 = alloca i64 1" [matrix_mult.cpp:19]   --->   Operation 56 'alloca' 'B_13' <Predicate = true> <Delay = 0.00>
ST_1 : Operation 57 [1/1] (0.00ns)   --->   "%B_14 = alloca i64 1" [matrix_mult.cpp:19]   --->   Operation 57 'alloca' 'B_14' <Predicate = true> <Delay = 0.00>
ST_1 : Operation 58 [1/1] (0.00ns)   --->   "%B_15 = alloca i64 1" [matrix_mult.cpp:19]   --->   Operation 58 'alloca' 'B_15' <Predicate = true> <Delay = 0.00>
ST_1 : Operation 59 [1/1] (0.00ns)   --->   "%B_16 = alloca i64 1" [matrix_mult.cpp:19]   --->   Operation 59 'alloca' 'B_16' <Predicate = true> <Delay = 0.00>
ST_1 : Operation 60 [1/1] (0.00ns)   --->   "%B_17 = alloca i64 1" [matrix_mult.cpp:19]   --->   Operation 60 'alloca' 'B_17' <Predicate = true> <Delay = 0.00>
ST_1 : Operation 61 [1/1] (0.00ns)   --->   "%B_18 = alloca i64 1" [matrix_mult.cpp:19]   --->   Operation 61 'alloca' 'B_18' <Predicate = true> <Delay = 0.00>
ST_1 : Operation 62 [1/1] (0.00ns)   --->   "%B_19 = alloca i64 1" [matrix_mult.cpp:19]   --->   Operation 62 'alloca' 'B_19' <Predicate = true> <Delay = 0.00>
ST_1 : Operation 63 [1/1] (0.00ns)   --->   "%B_20 = alloca i64 1" [matrix_mult.cpp:19]   --->   Operation 63 'alloca' 'B_20' <Predicate = true> <Delay = 0.00>
ST_1 : Operation 64 [1/1] (0.00ns)   --->   "%B_21 = alloca i64 1" [matrix_mult.cpp:19]   --->   Operation 64 'alloca' 'B_21' <Predicate = true> <Delay = 0.00>
ST_1 : Operation 65 [1/1] (0.00ns)   --->   "%B_22 = alloca i64 1" [matrix_mult.cpp:19]   --->   Operation 65 'alloca' 'B_22' <Predicate = true> <Delay = 0.00>
ST_1 : Operation 66 [1/1] (0.00ns)   --->   "%B_23 = alloca i64 1" [matrix_mult.cpp:19]   --->   Operation 66 'alloca' 'B_23' <Predicate = true> <Delay = 0.00>
ST_1 : Operation 67 [1/1] (0.00ns)   --->   "%B_24 = alloca i64 1" [matrix_mult.cpp:19]   --->   Operation 67 'alloca' 'B_24' <Predicate = true> <Delay = 0.00>
ST_1 : Operation 68 [1/1] (0.00ns)   --->   "%B_25 = alloca i64 1" [matrix_mult.cpp:19]   --->   Operation 68 'alloca' 'B_25' <Predicate = true> <Delay = 0.00>
ST_1 : Operation 69 [1/1] (0.00ns)   --->   "%B_26 = alloca i64 1" [matrix_mult.cpp:19]   --->   Operation 69 'alloca' 'B_26' <Predicate = true> <Delay = 0.00>
ST_1 : Operation 70 [1/1] (0.00ns)   --->   "%B_27 = alloca i64 1" [matrix_mult.cpp:19]   --->   Operation 70 'alloca' 'B_27' <Predicate = true> <Delay = 0.00>
ST_1 : Operation 71 [1/1] (0.00ns)   --->   "%B_28 = alloca i64 1" [matrix_mult.cpp:19]   --->   Operation 71 'alloca' 'B_28' <Predicate = true> <Delay = 0.00>
ST_1 : Operation 72 [1/1] (0.00ns)   --->   "%B_29 = alloca i64 1" [matrix_mult.cpp:19]   --->   Operation 72 'alloca' 'B_29' <Predicate = true> <Delay = 0.00>
ST_1 : Operation 73 [1/1] (0.00ns)   --->   "%B_30 = alloca i64 1" [matrix_mult.cpp:19]   --->   Operation 73 'alloca' 'B_30' <Predicate = true> <Delay = 0.00>
ST_1 : Operation 74 [1/1] (0.00ns)   --->   "%B_31 = alloca i64 1" [matrix_mult.cpp:19]   --->   Operation 74 'alloca' 'B_31' <Predicate = true> <Delay = 0.00>
ST_1 : Operation 75 [1/1] (0.00ns)   --->   "%C = alloca i64 1" [matrix_mult.cpp:20]   --->   Operation 75 'alloca' 'C' <Predicate = true> <Delay = 0.00>

State 2 <SV = 1> <Delay = 3.77>
ST_2 : Operation 76 [2/2] (3.77ns)   --->   "%call_ln0 = call void @matrix_mult_Pipeline_VITIS_LOOP_23_1_VITIS_LOOP_24_2, i32 %A, i32 %A_1, i32 %A_2, i32 %A_3, i32 %A_4, i32 %A_5, i32 %A_6, i32 %A_7, i32 %A_8, i32 %A_9, i32 %A_10, i32 %A_11, i32 %A_12, i32 %A_13, i32 %A_14, i32 %A_15, i32 %A_16, i32 %A_17, i32 %A_18, i32 %A_19, i32 %A_20, i32 %A_21, i32 %A_22, i32 %A_23, i32 %A_24, i32 %A_25, i32 %A_26, i32 %A_27, i32 %A_28, i32 %A_29, i32 %A_30, i32 %A_31, i32 %in_stream_V_data_V, i4 %in_stream_V_keep_V, i4 %in_stream_V_strb_V, i1 %in_stream_V_user_V, i1 %in_stream_V_last_V, i1 %in_stream_V_id_V, i1 %in_stream_V_dest_V"   --->   Operation 76 'call' 'call_ln0' <Predicate = true> <Delay = 3.77> <CoreType = "Generic">   --->   Generic Core

State 3 <SV = 2> <Delay = 0.00>
ST_3 : Operation 77 [1/2] (0.00ns)   --->   "%call_ln0 = call void @matrix_mult_Pipeline_VITIS_LOOP_23_1_VITIS_LOOP_24_2, i32 %A, i32 %A_1, i32 %A_2, i32 %A_3, i32 %A_4, i32 %A_5, i32 %A_6, i32 %A_7, i32 %A_8, i32 %A_9, i32 %A_10, i32 %A_11, i32 %A_12, i32 %A_13, i32 %A_14, i32 %A_15, i32 %A_16, i32 %A_17, i32 %A_18, i32 %A_19, i32 %A_20, i32 %A_21, i32 %A_22, i32 %A_23, i32 %A_24, i32 %A_25, i32 %A_26, i32 %A_27, i32 %A_28, i32 %A_29, i32 %A_30, i32 %A_31, i32 %in_stream_V_data_V, i4 %in_stream_V_keep_V, i4 %in_stream_V_strb_V, i1 %in_stream_V_user_V, i1 %in_stream_V_last_V, i1 %in_stream_V_id_V, i1 %in_stream_V_dest_V"   --->   Operation 77 'call' 'call_ln0' <Predicate = true> <Delay = 0.00> <CoreType = "Generic">   --->   Generic Core

State 4 <SV = 3> <Delay = 3.77>
ST_4 : Operation 78 [2/2] (3.77ns)   --->   "%call_ln0 = call void @matrix_mult_Pipeline_VITIS_LOOP_31_3_VITIS_LOOP_32_4, i32 %B_31, i32 %B_30, i32 %B_29, i32 %B_28, i32 %B_27, i32 %B_26, i32 %B_25, i32 %B_24, i32 %B_23, i32 %B_22, i32 %B_21, i32 %B_20, i32 %B_19, i32 %B_18, i32 %B_17, i32 %B_16, i32 %B_15, i32 %B_14, i32 %B_13, i32 %B_12, i32 %B_11, i32 %B_10, i32 %B_9, i32 %B_8, i32 %B_7, i32 %B_6, i32 %B_5, i32 %B_4, i32 %B_3, i32 %B_2, i32 %B_1, i32 %B, i32 %in_stream_V_data_V, i4 %in_stream_V_keep_V, i4 %in_stream_V_strb_V, i1 %in_stream_V_user_V, i1 %in_stream_V_last_V, i1 %in_stream_V_id_V, i1 %in_stream_V_dest_V"   --->   Operation 78 'call' 'call_ln0' <Predicate = true> <Delay = 3.77> <CoreType = "Generic">   --->   Generic Core

State 5 <SV = 4> <Delay = 0.00>
ST_5 : Operation 79 [1/2] (0.00ns)   --->   "%call_ln0 = call void @matrix_mult_Pipeline_VITIS_LOOP_31_3_VITIS_LOOP_32_4, i32 %B_31, i32 %B_30, i32 %B_29, i32 %B_28, i32 %B_27, i32 %B_26, i32 %B_25, i32 %B_24, i32 %B_23, i32 %B_22, i32 %B_21, i32 %B_20, i32 %B_19, i32 %B_18, i32 %B_17, i32 %B_16, i32 %B_15, i32 %B_14, i32 %B_13, i32 %B_12, i32 %B_11, i32 %B_10, i32 %B_9, i32 %B_8, i32 %B_7, i32 %B_6, i32 %B_5, i32 %B_4, i32 %B_3, i32 %B_2, i32 %B_1, i32 %B, i32 %in_stream_V_data_V, i4 %in_stream_V_keep_V, i4 %in_stream_V_strb_V, i1 %in_stream_V_user_V, i1 %in_stream_V_last_V, i1 %in_stream_V_id_V, i1 %in_stream_V_dest_V"   --->   Operation 79 'call' 'call_ln0' <Predicate = true> <Delay = 0.00> <CoreType = "Generic">   --->   Generic Core

State 6 <SV = 5> <Delay = 0.00>
ST_6 : Operation 80 [2/2] (0.00ns)   --->   "%call_ln0 = call void @matrix_mult_Pipeline_VITIS_LOOP_39_5_VITIS_LOOP_40_6, i32 %A, i32 %A_1, i32 %A_2, i32 %A_3, i32 %A_4, i32 %A_5, i32 %A_6, i32 %A_7, i32 %A_8, i32 %A_9, i32 %A_10, i32 %A_11, i32 %A_12, i32 %A_13, i32 %A_14, i32 %A_15, i32 %A_16, i32 %A_17, i32 %A_18, i32 %A_19, i32 %A_20, i32 %A_21, i32 %A_22, i32 %A_23, i32 %A_24, i32 %A_25, i32 %A_26, i32 %A_27, i32 %A_28, i32 %A_29, i32 %A_30, i32 %A_31, i32 %C, i32 %B, i32 %B_1, i32 %B_2, i32 %B_3, i32 %B_4, i32 %B_5, i32 %B_6, i32 %B_7, i32 %B_8, i32 %B_9, i32 %B_10, i32 %B_11, i32 %B_12, i32 %B_13, i32 %B_14, i32 %B_15, i32 %B_16, i32 %B_17, i32 %B_18, i32 %B_19, i32 %B_20, i32 %B_21, i32 %B_22, i32 %B_23, i32 %B_24, i32 %B_25, i32 %B_26, i32 %B_27, i32 %B_28, i32 %B_29, i32 %B_30, i32 %B_31"   --->   Operation 80 'call' 'call_ln0' <Predicate = true> <Delay = 0.00> <CoreType = "Generic">   --->   Generic Core

State 7 <SV = 6> <Delay = 0.00>
ST_7 : Operation 81 [1/2] (0.00ns)   --->   "%call_ln0 = call void @matrix_mult_Pipeline_VITIS_LOOP_39_5_VITIS_LOOP_40_6, i32 %A, i32 %A_1, i32 %A_2, i32 %A_3, i32 %A_4, i32 %A_5, i32 %A_6, i32 %A_7, i32 %A_8, i32 %A_9, i32 %A_10, i32 %A_11, i32 %A_12, i32 %A_13, i32 %A_14, i32 %A_15, i32 %A_16, i32 %A_17, i32 %A_18, i32 %A_19, i32 %A_20, i32 %A_21, i32 %A_22, i32 %A_23, i32 %A_24, i32 %A_25, i32 %A_26, i32 %A_27, i32 %A_28, i32 %A_29, i32 %A_30, i32 %A_31, i32 %C, i32 %B, i32 %B_1, i32 %B_2, i32 %B_3, i32 %B_4, i32 %B_5, i32 %B_6, i32 %B_7, i32 %B_8, i32 %B_9, i32 %B_10, i32 %B_11, i32 %B_12, i32 %B_13, i32 %B_14, i32 %B_15, i32 %B_16, i32 %B_17, i32 %B_18, i32 %B_19, i32 %B_20, i32 %B_21, i32 %B_22, i32 %B_23, i32 %B_24, i32 %B_25, i32 %B_26, i32 %B_27, i32 %B_28, i32 %B_29, i32 %B_30, i32 %B_31"   --->   Operation 81 'call' 'call_ln0' <Predicate = true> <Delay = 0.00> <CoreType = "Generic">   --->   Generic Core

State 8 <SV = 7> <Delay = 0.00>
ST_8 : Operation 82 [2/2] (0.00ns)   --->   "%call_ln0 = call void @matrix_mult_Pipeline_VITIS_LOOP_52_8_VITIS_LOOP_53_9, i32 %C, i32 %out_stream_V_data_V, i4 %out_stream_V_keep_V, i4 %out_stream_V_strb_V, i1 %out_stream_V_user_V, i1 %out_stream_V_last_V, i1 %out_stream_V_id_V, i1 %out_stream_V_dest_V"   --->   Operation 82 'call' 'call_ln0' <Predicate = true> <Delay = 0.00> <CoreType = "Generic">   --->   Generic Core

State 9 <SV = 8> <Delay = 4.54>
ST_9 : Operation 83 [1/2] (4.54ns)   --->   "%call_ln0 = call void @matrix_mult_Pipeline_VITIS_LOOP_52_8_VITIS_LOOP_53_9, i32 %C, i32 %out_stream_V_data_V, i4 %out_stream_V_keep_V, i4 %out_stream_V_strb_V, i1 %out_stream_V_user_V, i1 %out_stream_V_last_V, i1 %out_stream_V_id_V, i1 %out_stream_V_dest_V"   --->   Operation 83 'call' 'call_ln0' <Predicate = true> <Delay = 4.54> <CoreType = "Generic">   --->   Generic Core

State 10 <SV = 9> <Delay = 0.00>
ST_10 : Operation 84 [1/1] (0.00ns)   --->   "%spectopmodule_ln10 = spectopmodule void @_ssdm_op_SpecTopModule, void @empty_6" [matrix_mult.cpp:10]   --->   Operation 84 'spectopmodule' 'spectopmodule_ln10' <Predicate = true> <Delay = 0.00>
ST_10 : Operation 85 [1/1] (0.00ns)   --->   "%specinterface_ln0 = specinterface void @_ssdm_op_SpecInterface, i32 %in_stream_V_data_V, i4 %in_stream_V_keep_V, i4 %in_stream_V_strb_V, i1 %in_stream_V_user_V, i1 %in_stream_V_last_V, i1 %in_stream_V_id_V, i1 %in_stream_V_dest_V, void @empty, i32 1, i32 1, void @empty_0, i32 0, i32 0, void @empty_1, void @empty_1, void @empty_1, i32 0, i32 0, i32 0, i32 0, void @empty_1, void @empty_1, i32 4294967295, i32 0, i32 0, i32 0"   --->   Operation 85 'specinterface' 'specinterface_ln0' <Predicate = true> <Delay = 0.00>
ST_10 : Operation 86 [1/1] (0.00ns)   --->   "%specbitsmap_ln0 = specbitsmap void @_ssdm_op_SpecBitsMap, i32 %in_stream_V_data_V"   --->   Operation 86 'specbitsmap' 'specbitsmap_ln0' <Predicate = true> <Delay = 0.00>
ST_10 : Operation 87 [1/1] (0.00ns)   --->   "%specbitsmap_ln0 = specbitsmap void @_ssdm_op_SpecBitsMap, i4 %in_stream_V_keep_V"   --->   Operation 87 'specbitsmap' 'specbitsmap_ln0' <Predicate = true> <Delay = 0.00>
ST_10 : Operation 88 [1/1] (0.00ns)   --->   "%specbitsmap_ln0 = specbitsmap void @_ssdm_op_SpecBitsMap, i4 %in_stream_V_strb_V"   --->   Operation 88 'specbitsmap' 'specbitsmap_ln0' <Predicate = true> <Delay = 0.00>
ST_10 : Operation 89 [1/1] (0.00ns)   --->   "%specbitsmap_ln0 = specbitsmap void @_ssdm_op_SpecBitsMap, i1 %in_stream_V_user_V"   --->   Operation 89 'specbitsmap' 'specbitsmap_ln0' <Predicate = true> <Delay = 0.00>
ST_10 : Operation 90 [1/1] (0.00ns)   --->   "%specbitsmap_ln0 = specbitsmap void @_ssdm_op_SpecBitsMap, i1 %in_stream_V_last_V"   --->   Operation 90 'specbitsmap' 'specbitsmap_ln0' <Predicate = true> <Delay = 0.00>
ST_10 : Operation 91 [1/1] (0.00ns)   --->   "%specbitsmap_ln0 = specbitsmap void @_ssdm_op_SpecBitsMap, i1 %in_stream_V_id_V"   --->   Operation 91 'specbitsmap' 'specbitsmap_ln0' <Predicate = true> <Delay = 0.00>
ST_10 : Operation 92 [1/1] (0.00ns)   --->   "%specbitsmap_ln0 = specbitsmap void @_ssdm_op_SpecBitsMap, i1 %in_stream_V_dest_V"   --->   Operation 92 'specbitsmap' 'specbitsmap_ln0' <Predicate = true> <Delay = 0.00>
ST_10 : Operation 93 [1/1] (0.00ns)   --->   "%specinterface_ln0 = specinterface void @_ssdm_op_SpecInterface, i32 %out_stream_V_data_V, i4 %out_stream_V_keep_V, i4 %out_stream_V_strb_V, i1 %out_stream_V_user_V, i1 %out_stream_V_last_V, i1 %out_stream_V_id_V, i1 %out_stream_V_dest_V, void @empty, i32 1, i32 1, void @empty_0, i32 0, i32 0, void @empty_1, void @empty_1, void @empty_1, i32 0, i32 0, i32 0, i32 0, void @empty_1, void @empty_1, i32 4294967295, i32 0, i32 0, i32 0"   --->   Operation 93 'specinterface' 'specinterface_ln0' <Predicate = true> <Delay = 0.00>
ST_10 : Operation 94 [1/1] (0.00ns)   --->   "%specbitsmap_ln0 = specbitsmap void @_ssdm_op_SpecBitsMap, i32 %out_stream_V_data_V"   --->   Operation 94 'specbitsmap' 'specbitsmap_ln0' <Predicate = true> <Delay = 0.00>
ST_10 : Operation 95 [1/1] (0.00ns)   --->   "%specbitsmap_ln0 = specbitsmap void @_ssdm_op_SpecBitsMap, i4 %out_stream_V_keep_V"   --->   Operation 95 'specbitsmap' 'specbitsmap_ln0' <Predicate = true> <Delay = 0.00>
ST_10 : Operation 96 [1/1] (0.00ns)   --->   "%specbitsmap_ln0 = specbitsmap void @_ssdm_op_SpecBitsMap, i4 %out_stream_V_strb_V"   --->   Operation 96 'specbitsmap' 'specbitsmap_ln0' <Predicate = true> <Delay = 0.00>
ST_10 : Operation 97 [1/1] (0.00ns)   --->   "%specbitsmap_ln0 = specbitsmap void @_ssdm_op_SpecBitsMap, i1 %out_stream_V_user_V"   --->   Operation 97 'specbitsmap' 'specbitsmap_ln0' <Predicate = true> <Delay = 0.00>
ST_10 : Operation 98 [1/1] (0.00ns)   --->   "%specbitsmap_ln0 = specbitsmap void @_ssdm_op_SpecBitsMap, i1 %out_stream_V_last_V"   --->   Operation 98 'specbitsmap' 'specbitsmap_ln0' <Predicate = true> <Delay = 0.00>
ST_10 : Operation 99 [1/1] (0.00ns)   --->   "%specbitsmap_ln0 = specbitsmap void @_ssdm_op_SpecBitsMap, i1 %out_stream_V_id_V"   --->   Operation 99 'specbitsmap' 'specbitsmap_ln0' <Predicate = true> <Delay = 0.00>
ST_10 : Operation 100 [1/1] (0.00ns)   --->   "%specbitsmap_ln0 = specbitsmap void @_ssdm_op_SpecBitsMap, i1 %out_stream_V_dest_V"   --->   Operation 100 'specbitsmap' 'specbitsmap_ln0' <Predicate = true> <Delay = 0.00>
ST_10 : Operation 101 [1/1] (0.00ns)   --->   "%specinterface_ln0 = specinterface void @_ssdm_op_SpecInterface, i32 0, void @empty_2, i32 0, i32 0, void @empty_1, i32 0, i32 0, void @empty_3, void @empty_1, void @empty_1, i32 0, i32 0, i32 0, i32 0, void @empty_1, void @empty_1, i32 0, i32 0, i32 0, i32 0"   --->   Operation 101 'specinterface' 'specinterface_ln0' <Predicate = true> <Delay = 0.00>
ST_10 : Operation 102 [1/1] (0.00ns)   --->   "%specaxissidechannel_ln23 = specaxissidechannel void @_ssdm_op_SpecAXISSideChannel, i32 %out_stream_V_data_V, i4 %out_stream_V_keep_V, i4 %out_stream_V_strb_V, i1 %out_stream_V_user_V, i1 %out_stream_V_last_V, i1 %out_stream_V_id_V, i1 %out_stream_V_dest_V, void @empty_4" [matrix_mult.cpp:23]   --->   Operation 102 'specaxissidechannel' 'specaxissidechannel_ln23' <Predicate = true> <Delay = 0.00>
ST_10 : Operation 103 [1/1] (0.00ns)   --->   "%specaxissidechannel_ln23 = specaxissidechannel void @_ssdm_op_SpecAXISSideChannel, i32 %in_stream_V_data_V, i4 %in_stream_V_keep_V, i4 %in_stream_V_strb_V, i1 %in_stream_V_user_V, i1 %in_stream_V_last_V, i1 %in_stream_V_id_V, i1 %in_stream_V_dest_V, void @empty_5" [matrix_mult.cpp:23]   --->   Operation 103 'specaxissidechannel' 'specaxissidechannel_ln23' <Predicate = true> <Delay = 0.00>
ST_10 : Operation 104 [1/1] (0.00ns)   --->   "%ret_ln66 = ret" [matrix_mult.cpp:66]   --->   Operation 104 'ret' 'ret_ln66' <Predicate = true> <Delay = 0.00>


============================================================
+ Verbose Summary: Timing violations
============================================================
Target clock period: 10.000ns, clock uncertainty: 2.700ns.

 <State 1>: 0.000ns
The critical path consists of the following:

 <State 2>: 3.772ns
The critical path consists of the following:
	'call' operation ('call_ln0') to 'matrix_mult_Pipeline_VITIS_LOOP_23_1_VITIS_LOOP_24_2' [100]  (3.772 ns)

 <State 3>: 0.000ns
The critical path consists of the following:

 <State 4>: 3.772ns
The critical path consists of the following:
	'call' operation ('call_ln0') to 'matrix_mult_Pipeline_VITIS_LOOP_31_3_VITIS_LOOP_32_4' [101]  (3.772 ns)

 <State 5>: 0.000ns
The critical path consists of the following:

 <State 6>: 0.000ns
The critical path consists of the following:

 <State 7>: 0.000ns
The critical path consists of the following:

 <State 8>: 0.000ns
The critical path consists of the following:

 <State 9>: 4.544ns
The critical path consists of the following:
	'call' operation ('call_ln0') to 'matrix_mult_Pipeline_VITIS_LOOP_52_8_VITIS_LOOP_53_9' [103]  (4.544 ns)

 <State 10>: 0.000ns
The critical path consists of the following:


============================================================
+ Verbose Summary: Binding
============================================================
N/A
* FSMD analyzer results:
  - Output states:
 - Input state : 
  - Chain level:
	State 1
	State 2
	State 3
	State 4
	State 5
	State 6
	State 7
	State 8
	State 9
	State 10


============================================================
+ Verbose Summary: Datapath Resource usage 
============================================================
N/A
