

================================================================
== Vitis HLS Report for 'matrix_mult_Pipeline_VITIS_LOOP_52_8_VITIS_LOOP_53_9'
================================================================
* Date:           Sun Apr 12 22:06:26 2026

* Version:        2025.2 (Build 6295257 on Nov 14 2025)
* Project:        matrix_hls
* Solution:       hls (Vivado IP Flow Target)
* Product family: zynq
* Target device:  xc7z010-clg400-1


================================================================
== Performance Estimates
================================================================
+ Timing: 
    * Summary: 
    +--------+----------+----------+------------+
    |  Clock |  Target  | Estimated| Uncertainty|
    +--------+----------+----------+------------+
    |ap_clk  |  10.00 ns|  6.426 ns|     2.70 ns|
    +--------+----------+----------+------------+

+ Latency: 
    * Summary: 
    +---------+---------+-----------+-----------+-----+-----+-------------------+
    |  Latency (cycles) |   Latency (absolute)  |  Interval |      Pipeline     |
    |   min   |   max   |    min    |    max    | min | max |        Type       |
    +---------+---------+-----------+-----------+-----+-----+-------------------+
    |     1028|     1028|  10.280 us|  10.280 us|    0|    0|  loop pipeline stp|
    +---------+---------+-----------+-----------+-----+-----+-------------------+

    + Detail: 
        * Instance: 
        N/A

        * Loop: 
        +-----------------------------------+---------+---------+----------+-----------+-----------+------+----------+
        |                                   |  Latency (cycles) | Iteration|  Initiation Interval  | Trip |          |
        |             Loop Name             |   min   |   max   |  Latency |  achieved |   target  | Count| Pipelined|
        +-----------------------------------+---------+---------+----------+-----------+-----------+------+----------+
        |- VITIS_LOOP_52_8_VITIS_LOOP_53_9  |     1026|     1026|         4|          1|          1|  1024|       yes|
        +-----------------------------------+---------+---------+----------+-----------+-----------+------+----------+

============================================================
+ Verbose Summary: Synthesis Manager
============================================================
InlineROM: 1
ExposeGlobal: 0
============================================================
+ Verbose Summary: CDFG Model
============================================================
IsTopModel: 0
ResetActiveHigh: 1
IsCombinational: 0
IsDatapathOnly: 0
HasWiredReturn: 1
HasMFsm: 2
HasVarLatency: 1
IsPipeline: 0
IsRtlPipelined: 0
IsInstanceOverlapped: 0
IsDontTouch: 0
HasImplIP: 0
IsGatedGlobalClock: 0

+ Individual pipeline summary: 
  * Pipeline-0: initiation interval (II) = 1, depth = 4


============================================================
+ Verbose Summary: Schedule
============================================================
* Number of FSM states : 4
* Pipeline : 1
  Pipeline-0 : II = 1, D = 4, States = { 1 2 3 4 }
* Dataflow Pipeline: 0

* FSM state transitions: 
1 --> 2 
2 --> 3 
3 --> 4 
4 --> 

* FSM state operations: 

State 1 <SV = 0> <Delay = 4.81>
ST_1 : Operation 7 [1/1] (0.00ns)   --->   "%j = alloca i32 1" [matrix_mult.cpp:53]   --->   Operation 7 'alloca' 'j' <Predicate = true> <Delay = 0.00>
ST_1 : Operation 8 [1/1] (0.00ns)   --->   "%i = alloca i32 1" [matrix_mult.cpp:52]   --->   Operation 8 'alloca' 'i' <Predicate = true> <Delay = 0.00>
ST_1 : Operation 9 [1/1] (0.00ns)   --->   "%indvar_flatten20 = alloca i32 1"   --->   Operation 9 'alloca' 'indvar_flatten20' <Predicate = true> <Delay = 0.00>
ST_1 : Operation 10 [1/1] (0.00ns)   --->   "%specaxissidechannel_ln0 = specaxissidechannel void @_ssdm_op_SpecAXISSideChannel, i32 %out_stream_V_data_V, i4 %out_stream_V_keep_V, i4 %out_stream_V_strb_V, i1 %out_stream_V_user_V, i1 %out_stream_V_last_V, i1 %out_stream_V_id_V, i1 %out_stream_V_dest_V, void @empty_4"   --->   Operation 10 'specaxissidechannel' 'specaxissidechannel_ln0' <Predicate = true> <Delay = 0.00>
ST_1 : Operation 11 [1/1] (0.00ns)   --->   "%specinterface_ln0 = specinterface void @_ssdm_op_SpecInterface, i1 %out_stream_V_dest_V, i1 %out_stream_V_id_V, i1 %out_stream_V_last_V, i1 %out_stream_V_user_V, i4 %out_stream_V_strb_V, i4 %out_stream_V_keep_V, i32 %out_stream_V_data_V, void @empty, i32 0, i32 0, void @empty_0, i32 0, i32 0, void @empty_1, void @empty_1, void @empty_1, i32 0, i32 0, i32 0, i32 0, void @empty_1, void @empty_1, i32 4294967295, i32 0, i32 0, i32 0"   --->   Operation 11 'specinterface' 'specinterface_ln0' <Predicate = true> <Delay = 0.00>
ST_1 : Operation 12 [1/1] (1.58ns)   --->   "%store_ln0 = store i11 0, i11 %indvar_flatten20"   --->   Operation 12 'store' 'store_ln0' <Predicate = true> <Delay = 1.58>
ST_1 : Operation 13 [1/1] (1.58ns)   --->   "%store_ln52 = store i6 0, i6 %i" [matrix_mult.cpp:52]   --->   Operation 13 'store' 'store_ln52' <Predicate = true> <Delay = 1.58>
ST_1 : Operation 14 [1/1] (1.58ns)   --->   "%store_ln53 = store i6 0, i6 %j" [matrix_mult.cpp:53]   --->   Operation 14 'store' 'store_ln53' <Predicate = true> <Delay = 1.58>
ST_1 : Operation 15 [1/1] (0.00ns)   --->   "%br_ln0 = br void %for.body78"   --->   Operation 15 'br' 'br_ln0' <Predicate = true> <Delay = 0.00>
ST_1 : Operation 16 [1/1] (0.00ns)   --->   "%indvar_flatten20_load = load i11 %indvar_flatten20" [matrix_mult.cpp:52]   --->   Operation 16 'load' 'indvar_flatten20_load' <Predicate = true> <Delay = 0.00>
ST_1 : Operation 17 [1/1] (1.63ns)   --->   "%icmp_ln52 = icmp_eq  i11 %indvar_flatten20_load, i11 1024" [matrix_mult.cpp:52]   --->   Operation 17 'icmp' 'icmp_ln52' <Predicate = true> <Delay = 1.63> <CoreInst = "Cmp">   --->   Core 9 'Cmp' <Latency = 0> <II = 1> <Delay = 1.63> <FuncUnit> <Opcode : 'seteq' 'setne' 'setle' 'setge' 'setlt' 'setgt'> <InPorts = 2> <OutPorts = 1>
ST_1 : Operation 18 [1/1] (1.63ns)   --->   "%add_ln52_1 = add i11 %indvar_flatten20_load, i11 1" [matrix_mult.cpp:52]   --->   Operation 18 'add' 'add_ln52_1' <Predicate = true> <Delay = 1.63> <CoreInst = "Adder">   --->   Core 1 'Adder' <Latency = 0> <II = 1> <Delay = 1.63> <FuncUnit> <Opcode : 'add' 'sub'> <InPorts = 2> <OutPorts = 1>
ST_1 : Operation 19 [1/1] (0.00ns)   --->   "%br_ln52 = br i1 %icmp_ln52, void %for.inc96, void %for.end98.exitStub" [matrix_mult.cpp:52]   --->   Operation 19 'br' 'br_ln52' <Predicate = true> <Delay = 0.00>
ST_1 : Operation 20 [1/1] (1.58ns)   --->   "%store_ln52 = store i11 %add_ln52_1, i11 %indvar_flatten20" [matrix_mult.cpp:52]   --->   Operation 20 'store' 'store_ln52' <Predicate = (!icmp_ln52)> <Delay = 1.58>

State 2 <SV = 1> <Delay = 6.42>
ST_2 : Operation 21 [1/1] (0.00ns)   --->   "%j_load = load i6 %j" [matrix_mult.cpp:53]   --->   Operation 21 'load' 'j_load' <Predicate = true> <Delay = 0.00>
ST_2 : Operation 22 [1/1] (0.00ns)   --->   "%i_load = load i6 %i" [matrix_mult.cpp:52]   --->   Operation 22 'load' 'i_load' <Predicate = true> <Delay = 0.00>
ST_2 : Operation 23 [1/1] (1.82ns)   --->   "%add_ln52 = add i6 %i_load, i6 1" [matrix_mult.cpp:52]   --->   Operation 23 'add' 'add_ln52' <Predicate = true> <Delay = 1.82> <CoreInst = "Adder">   --->   Core 1 'Adder' <Latency = 0> <II = 1> <Delay = 1.82> <FuncUnit> <Opcode : 'add' 'sub'> <InPorts = 2> <OutPorts = 1>
ST_2 : Operation 24 [1/1] (1.82ns)   --->   "%icmp_ln53 = icmp_eq  i6 %j_load, i6 32" [matrix_mult.cpp:53]   --->   Operation 24 'icmp' 'icmp_ln53' <Predicate = true> <Delay = 1.82> <CoreInst = "Cmp">   --->   Core 9 'Cmp' <Latency = 0> <II = 1> <Delay = 1.82> <FuncUnit> <Opcode : 'seteq' 'setne' 'setle' 'setge' 'setlt' 'setgt'> <InPorts = 2> <OutPorts = 1>
ST_2 : Operation 25 [1/1] (1.18ns)   --->   "%select_ln52 = select i1 %icmp_ln53, i6 0, i6 %j_load" [matrix_mult.cpp:52]   --->   Operation 25 'select' 'select_ln52' <Predicate = true> <Delay = 1.18> <CoreInst = "Sel">   --->   Core 73 'Sel' <Latency = 0> <II = 1> <Delay = 1.18> <FuncUnit> <Opcode : 'select'> <InPorts = 3> <OutPorts = 1>
ST_2 : Operation 26 [1/1] (1.18ns)   --->   "%select_ln52_1 = select i1 %icmp_ln53, i6 %add_ln52, i6 %i_load" [matrix_mult.cpp:52]   --->   Operation 26 'select' 'select_ln52_1' <Predicate = true> <Delay = 1.18> <CoreInst = "Sel">   --->   Core 73 'Sel' <Latency = 0> <II = 1> <Delay = 1.18> <FuncUnit> <Opcode : 'select'> <InPorts = 3> <OutPorts = 1>
ST_2 : Operation 27 [1/1] (0.00ns)   --->   "%trunc_ln55 = trunc i6 %select_ln52_1" [matrix_mult.cpp:55]   --->   Operation 27 'trunc' 'trunc_ln55' <Predicate = true> <Delay = 0.00>
ST_2 : Operation 28 [1/1] (0.00ns)   --->   "%tmp_1 = bitconcatenate i10 @_ssdm_op_BitConcatenate.i10.i5.i5, i5 %trunc_ln55, i5 0" [matrix_mult.cpp:55]   --->   Operation 28 'bitconcatenate' 'tmp_1' <Predicate = true> <Delay = 0.00>
ST_2 : Operation 29 [1/1] (1.82ns)   --->   "%icmp_ln62 = icmp_eq  i6 %select_ln52_1, i6 31" [matrix_mult.cpp:62]   --->   Operation 29 'icmp' 'icmp_ln62' <Predicate = true> <Delay = 1.82> <CoreInst = "Cmp">   --->   Core 9 'Cmp' <Latency = 0> <II = 1> <Delay = 1.82> <FuncUnit> <Opcode : 'seteq' 'setne' 'setle' 'setge' 'setlt' 'setgt'> <InPorts = 2> <OutPorts = 1>
ST_2 : Operation 30 [1/1] (0.00ns)   --->   "%zext_ln55 = zext i6 %select_ln52" [matrix_mult.cpp:55]   --->   Operation 30 'zext' 'zext_ln55' <Predicate = true> <Delay = 0.00>
ST_2 : Operation 31 [1/1] (1.73ns)   --->   "%add_ln55 = add i10 %tmp_1, i10 %zext_ln55" [matrix_mult.cpp:55]   --->   Operation 31 'add' 'add_ln55' <Predicate = true> <Delay = 1.73> <CoreInst = "Adder">   --->   Core 1 'Adder' <Latency = 0> <II = 1> <Delay = 1.73> <FuncUnit> <Opcode : 'add' 'sub'> <InPorts = 2> <OutPorts = 1>
ST_2 : Operation 32 [1/1] (1.82ns)   --->   "%icmp_ln62_1 = icmp_eq  i6 %select_ln52, i6 31" [matrix_mult.cpp:62]   --->   Operation 32 'icmp' 'icmp_ln62_1' <Predicate = true> <Delay = 1.82> <CoreInst = "Cmp">   --->   Core 9 'Cmp' <Latency = 0> <II = 1> <Delay = 1.82> <FuncUnit> <Opcode : 'seteq' 'setne' 'setle' 'setge' 'setlt' 'setgt'> <InPorts = 2> <OutPorts = 1>
ST_2 : Operation 33 [1/1] (0.97ns)   --->   "%and_ln62 = and i1 %icmp_ln62, i1 %icmp_ln62_1" [matrix_mult.cpp:62]   --->   Operation 33 'and' 'and_ln62' <Predicate = true> <Delay = 0.97> <CoreInst = "LogicGate">   --->   Core 74 'LogicGate' <Latency = 0> <II = 1> <Delay = 0.97> <FuncUnit> <Opcode : 'and' 'or' 'xor'> <InPorts = 2> <OutPorts = 1>
ST_2 : Operation 34 [1/1] (1.82ns)   --->   "%add_ln53 = add i6 %select_ln52, i6 1" [matrix_mult.cpp:53]   --->   Operation 34 'add' 'add_ln53' <Predicate = true> <Delay = 1.82> <CoreInst = "Adder">   --->   Core 1 'Adder' <Latency = 0> <II = 1> <Delay = 1.82> <FuncUnit> <Opcode : 'add' 'sub'> <InPorts = 2> <OutPorts = 1>
ST_2 : Operation 35 [1/1] (1.58ns)   --->   "%store_ln52 = store i6 %select_ln52_1, i6 %i" [matrix_mult.cpp:52]   --->   Operation 35 'store' 'store_ln52' <Predicate = true> <Delay = 1.58>
ST_2 : Operation 36 [1/1] (1.58ns)   --->   "%store_ln53 = store i6 %add_ln53, i6 %j" [matrix_mult.cpp:53]   --->   Operation 36 'store' 'store_ln53' <Predicate = true> <Delay = 1.58>

State 3 <SV = 2> <Delay = 3.25>
ST_3 : Operation 37 [1/1] (0.00ns)   --->   "%zext_ln55_1 = zext i10 %add_ln55" [matrix_mult.cpp:55]   --->   Operation 37 'zext' 'zext_ln55_1' <Predicate = true> <Delay = 0.00>
ST_3 : Operation 38 [1/1] (0.00ns)   --->   "%C_addr = getelementptr i32 %C, i64 0, i64 %zext_ln55_1" [matrix_mult.cpp:55]   --->   Operation 38 'getelementptr' 'C_addr' <Predicate = true> <Delay = 0.00>
ST_3 : Operation 39 [2/2] (3.25ns)   --->   "%C_load = load i10 %C_addr" [matrix_mult.cpp:55]   --->   Operation 39 'load' 'C_load' <Predicate = true> <Delay = 3.25> <CoreInst = "RAM">   --->   Core 81 'RAM' <Latency = 1> <II = 1> <Delay = 3.25> <Storage> <Opcode : 'load' 'store'> <Ports = 2> <Width = 32> <Depth = 1024> <RAM>
ST_3 : Operation 46 [1/1] (1.58ns)   --->   "%ret_ln0 = ret"   --->   Operation 46 'ret' 'ret_ln0' <Predicate = (icmp_ln52)> <Delay = 1.58>

State 4 <SV = 3> <Delay = 4.54>
ST_4 : Operation 40 [1/1] (0.00ns)   --->   "%specloopname_ln0 = specloopname void @_ssdm_op_SpecLoopName, void @VITIS_LOOP_52_8_VITIS_LOOP_53_9_str"   --->   Operation 40 'specloopname' 'specloopname_ln0' <Predicate = true> <Delay = 0.00>
ST_4 : Operation 41 [1/1] (0.00ns)   --->   "%speclooptripcount_ln0 = speclooptripcount void @_ssdm_op_SpecLoopTripCount, i64 1024, i64 1024, i64 1024"   --->   Operation 41 'speclooptripcount' 'speclooptripcount_ln0' <Predicate = true> <Delay = 0.00>
ST_4 : Operation 42 [1/1] (0.00ns)   --->   "%specpipeline_ln53 = specpipeline void @_ssdm_op_SpecPipeline, i32 4294967295, i32 0, i32 0, i32 0, i32 4294967295, void @empty_1" [matrix_mult.cpp:53]   --->   Operation 42 'specpipeline' 'specpipeline_ln53' <Predicate = true> <Delay = 0.00>
ST_4 : Operation 43 [1/2] ( I:3.25ns O:3.25ns )   --->   "%C_load = load i10 %C_addr" [matrix_mult.cpp:55]   --->   Operation 43 'load' 'C_load' <Predicate = true> <Delay = 3.25> <CoreInst = "RAM">   --->   Core 81 'RAM' <Latency = 1> <II = 1> <Delay = 3.25> <Storage> <Opcode : 'load' 'store'> <Ports = 2> <Width = 32> <Depth = 1024> <RAM>
ST_4 : Operation 44 [1/1] ( I:1.29ns O:1.29ns )   --->   "%write_ln63 = write void @_ssdm_op_Write.axis.volatile.i32P0A.i4P0A.i4P0A.i1P0A.i1P0A.i1P0A.i1P0A, i32 %out_stream_V_data_V, i4 %out_stream_V_keep_V, i4 %out_stream_V_strb_V, i1 %out_stream_V_user_V, i1 %out_stream_V_last_V, i1 %out_stream_V_id_V, i1 %out_stream_V_dest_V, i32 %C_load, i4 15, i4 15, i1 0, i1 %and_ln62, i1 0, i1 0" [matrix_mult.cpp:63]   --->   Operation 44 'write' 'write_ln63' <Predicate = true> <Delay = 1.29> <CoreInst = "regslice">   --->   Core 135 'regslice' <Latency = 0> <II = 1> <Delay = 1.86> <Adapter> <Opcode : 'read' 'write'>
ST_4 : Operation 45 [1/1] (0.00ns)   --->   "%br_ln53 = br void %for.body78" [matrix_mult.cpp:53]   --->   Operation 45 'br' 'br_ln53' <Predicate = true> <Delay = 0.00>


============================================================
+ Verbose Summary: Binding
============================================================
STG Binding: 
---------------- STG Properties BEGIN ----------------
- Is combinational: 0
- Is one-state seq: 0
- Is datapath-only: 0
- Is pipelined: 0
- Is top level: 0
Port [ Return ] is wired: 1; IO mode=ap_ctrl_hs:ce=0
Port [ C]:  wired=1; compound=1; hidden=0; nouse=0; global=0; static=0; extern=0; dir=0; type=1; pingpong=0; private_global=0; MemPort=[13]; IO mode=ap_memory:ce=0
Port [ out_stream_V_data_V]:  wired=1; compound=1; hidden=0; nouse=0; global=0; static=0; extern=0; dir=1; type=0; pingpong=0; private_global=0; IO mode=axis:ce=0
Port [ out_stream_V_keep_V]:  wired=1; compound=1; hidden=0; nouse=0; global=0; static=0; extern=0; dir=1; type=0; pingpong=0; private_global=0; IO mode=axis:ce=0
Port [ out_stream_V_strb_V]:  wired=1; compound=1; hidden=0; nouse=0; global=0; static=0; extern=0; dir=1; type=0; pingpong=0; private_global=0; IO mode=axis:ce=0
Port [ out_stream_V_user_V]:  wired=1; compound=1; hidden=0; nouse=0; global=0; static=0; extern=0; dir=1; type=0; pingpong=0; private_global=0; IO mode=axis:ce=0
Port [ out_stream_V_last_V]:  wired=1; compound=1; hidden=0; nouse=0; global=0; static=0; extern=0; dir=1; type=0; pingpong=0; private_global=0; IO mode=axis:ce=0
Port [ out_stream_V_id_V]:  wired=1; compound=1; hidden=0; nouse=0; global=0; static=0; extern=0; dir=1; type=0; pingpong=0; private_global=0; IO mode=axis:ce=0
Port [ out_stream_V_dest_V]:  wired=1; compound=1; hidden=0; nouse=0; global=0; static=0; extern=0; dir=1; type=0; pingpong=0; private_global=0; IO mode=axis:ce=0
---------------- STG Properties END ------------------

---------------- Datapath Model BEGIN ----------------

<LifeTime>
<method=bitvector/>
j                       (alloca             ) [ 01100]
i                       (alloca             ) [ 01100]
indvar_flatten20        (alloca             ) [ 01000]
specaxissidechannel_ln0 (specaxissidechannel) [ 00000]
specinterface_ln0       (specinterface      ) [ 00000]
store_ln0               (store              ) [ 00000]
store_ln52              (store              ) [ 00000]
store_ln53              (store              ) [ 00000]
br_ln0                  (br                 ) [ 00000]
indvar_flatten20_load   (load               ) [ 00000]
icmp_ln52               (icmp               ) [ 01110]
add_ln52_1              (add                ) [ 00000]
br_ln52                 (br                 ) [ 00000]
store_ln52              (store              ) [ 00000]
j_load                  (load               ) [ 00000]
i_load                  (load               ) [ 00000]
add_ln52                (add                ) [ 00000]
icmp_ln53               (icmp               ) [ 00000]
select_ln52             (select             ) [ 00000]
select_ln52_1           (select             ) [ 00000]
trunc_ln55              (trunc              ) [ 00000]
tmp_1                   (bitconcatenate     ) [ 00000]
icmp_ln62               (icmp               ) [ 00000]
zext_ln55               (zext               ) [ 00000]
add_ln55                (add                ) [ 01010]
icmp_ln62_1             (icmp               ) [ 00000]
and_ln62                (and                ) [ 01011]
add_ln53                (add                ) [ 00000]
store_ln52              (store              ) [ 00000]
store_ln53              (store              ) [ 00000]
zext_ln55_1             (zext               ) [ 00000]
C_addr                  (getelementptr      ) [ 01001]
specloopname_ln0        (specloopname       ) [ 00000]
speclooptripcount_ln0   (speclooptripcount  ) [ 00000]
specpipeline_ln53       (specpipeline       ) [ 00000]
C_load                  (load               ) [ 00000]
write_ln63              (write              ) [ 00000]
br_ln53                 (br                 ) [ 00000]
ret_ln0                 (ret                ) [ 00000]
</LifeTime>

<model>

<comp_list>
<comp id="0" class="1000" name="C">
<pin_list>
<pin id="1" dir="1" index="0" bw="1" slack="0"/>
</pin_list>
<bind>
<StgValue><ssdm name="C"/><MemPortTyVec>1 3 </MemPortTyVec>
</StgValue>
</bind>
</comp>

<comp id="2" class="1000" name="out_stream_V_data_V">
<pin_list>
<pin id="3" dir="1" index="0" bw="1" slack="0"/>
</pin_list>
<bind>
<StgValue><ssdm name="out_stream_V_data_V"/></StgValue>
</bind>
</comp>

<comp id="4" class="1000" name="out_stream_V_keep_V">
<pin_list>
<pin id="5" dir="1" index="0" bw="1" slack="0"/>
</pin_list>
<bind>
<StgValue><ssdm name="out_stream_V_keep_V"/></StgValue>
</bind>
</comp>

<comp id="6" class="1000" name="out_stream_V_strb_V">
<pin_list>
<pin id="7" dir="1" index="0" bw="1" slack="0"/>
</pin_list>
<bind>
<StgValue><ssdm name="out_stream_V_strb_V"/></StgValue>
</bind>
</comp>

<comp id="8" class="1000" name="out_stream_V_user_V">
<pin_list>
<pin id="9" dir="1" index="0" bw="1" slack="0"/>
</pin_list>
<bind>
<StgValue><ssdm name="out_stream_V_user_V"/></StgValue>
</bind>
</comp>

<comp id="10" class="1000" name="out_stream_V_last_V">
<pin_list>
<pin id="11" dir="1" index="0" bw="1" slack="0"/>
</pin_list>
<bind>
<StgValue><ssdm name="out_stream_V_last_V"/></StgValue>
</bind>
</comp>

<comp id="12" class="1000" name="out_stream_V_id_V">
<pin_list>
<pin id="13" dir="1" index="0" bw="1" slack="0"/>
</pin_list>
<bind>
<StgValue><ssdm name="out_stream_V_id_V"/></StgValue>
</bind>
</comp>

<comp id="14" class="1000" name="out_stream_V_dest_V">
<pin_list>
<pin id="15" dir="1" index="0" bw="1" slack="0"/>
</pin_list>
<bind>
<StgValue><ssdm name="out_stream_V_dest_V"/></StgValue>
</bind>
</comp>

<comp id="16" class="1001" name="const_16">
<pin_list>
<pin id="17" dir="1" index="0" bw="1" slack="0"/>
</pin_list>
<bind>
<StgValue><ssdm name=""/></StgValue>
</bind>
</comp>

<comp id="18" class="1001" name="const_18">
<pin_list>
<pin id="19" dir="1" index="0" bw="1" slack="2147483647"/>
</pin_list>
<bind>
<StgValue><ssdm name="_ssdm_op_SpecAXISSideChannel"/></StgValue>
</bind>
</comp>

<comp id="20" class="1001" name="const_20">
<pin_list>
<pin id="21" dir="1" index="0" bw="1" slack="2147483647"/>
</pin_list>
<bind>
<StgValue><ssdm name="empty_4"/></StgValue>
</bind>
</comp>

<comp id="22" class="1001" name="const_22">
<pin_list>
<pin id="23" dir="1" index="0" bw="1" slack="2147483647"/>
</pin_list>
<bind>
<StgValue><ssdm name="_ssdm_op_SpecInterface"/></StgValue>
</bind>
</comp>

<comp id="24" class="1001" name="const_24">
<pin_list>
<pin id="25" dir="1" index="0" bw="1" slack="2147483647"/>
</pin_list>
<bind>
<StgValue><ssdm name="empty"/></StgValue>
</bind>
</comp>

<comp id="26" class="1001" name="const_26">
<pin_list>
<pin id="27" dir="1" index="0" bw="1" slack="2147483647"/>
</pin_list>
<bind>
<StgValue><ssdm name=""/></StgValue>
</bind>
</comp>

<comp id="28" class="1001" name="const_28">
<pin_list>
<pin id="29" dir="1" index="0" bw="1" slack="2147483647"/>
</pin_list>
<bind>
<StgValue><ssdm name="empty_0"/></StgValue>
</bind>
</comp>

<comp id="30" class="1001" name="const_30">
<pin_list>
<pin id="31" dir="1" index="0" bw="1" slack="2147483647"/>
</pin_list>
<bind>
<StgValue><ssdm name="empty_1"/></StgValue>
</bind>
</comp>

<comp id="32" class="1001" name="const_32">
<pin_list>
<pin id="33" dir="1" index="0" bw="1" slack="2147483647"/>
</pin_list>
<bind>
<StgValue><ssdm name=""/></StgValue>
</bind>
</comp>

<comp id="34" class="1001" name="const_34">
<pin_list>
<pin id="35" dir="1" index="0" bw="1" slack="0"/>
</pin_list>
<bind>
<StgValue><ssdm name=""/></StgValue>
</bind>
</comp>

<comp id="36" class="1001" name="const_36">
<pin_list>
<pin id="37" dir="1" index="0" bw="1" slack="0"/>
</pin_list>
<bind>
<StgValue><ssdm name=""/></StgValue>
</bind>
</comp>

<comp id="38" class="1001" name="const_38">
<pin_list>
<pin id="39" dir="1" index="0" bw="1" slack="0"/>
</pin_list>
<bind>
<StgValue><ssdm name=""/></StgValue>
</bind>
</comp>

<comp id="40" class="1001" name="const_40">
<pin_list>
<pin id="41" dir="1" index="0" bw="1" slack="0"/>
</pin_list>
<bind>
<StgValue><ssdm name=""/></StgValue>
</bind>
</comp>

<comp id="42" class="1001" name="const_42">
<pin_list>
<pin id="43" dir="1" index="0" bw="1" slack="0"/>
</pin_list>
<bind>
<StgValue><ssdm name=""/></StgValue>
</bind>
</comp>

<comp id="44" class="1001" name="const_44">
<pin_list>
<pin id="45" dir="1" index="0" bw="1" slack="0"/>
</pin_list>
<bind>
<StgValue><ssdm name=""/></StgValue>
</bind>
</comp>

<comp id="46" class="1001" name="const_46">
<pin_list>
<pin id="47" dir="1" index="0" bw="1" slack="0"/>
</pin_list>
<bind>
<StgValue><ssdm name="_ssdm_op_BitConcatenate.i10.i5.i5"/></StgValue>
</bind>
</comp>

<comp id="48" class="1001" name="const_48">
<pin_list>
<pin id="49" dir="1" index="0" bw="1" slack="0"/>
</pin_list>
<bind>
<StgValue><ssdm name=""/></StgValue>
</bind>
</comp>

<comp id="50" class="1001" name="const_50">
<pin_list>
<pin id="51" dir="1" index="0" bw="1" slack="0"/>
</pin_list>
<bind>
<StgValue><ssdm name=""/></StgValue>
</bind>
</comp>

<comp id="52" class="1001" name="const_52">
<pin_list>
<pin id="53" dir="1" index="0" bw="1" slack="0"/>
</pin_list>
<bind>
<StgValue><ssdm name=""/></StgValue>
</bind>
</comp>

<comp id="54" class="1001" name="const_54">
<pin_list>
<pin id="55" dir="1" index="0" bw="1" slack="2147483647"/>
</pin_list>
<bind>
<StgValue><ssdm name="_ssdm_op_SpecLoopName"/></StgValue>
</bind>
</comp>

<comp id="56" class="1001" name="const_56">
<pin_list>
<pin id="57" dir="1" index="0" bw="1" slack="2147483647"/>
</pin_list>
<bind>
<StgValue><ssdm name="VITIS_LOOP_52_8_VITIS_LOOP_53_9_str"/></StgValue>
</bind>
</comp>

<comp id="58" class="1001" name="const_58">
<pin_list>
<pin id="59" dir="1" index="0" bw="1" slack="2147483647"/>
</pin_list>
<bind>
<StgValue><ssdm name="_ssdm_op_SpecLoopTripCount"/></StgValue>
</bind>
</comp>

<comp id="60" class="1001" name="const_60">
<pin_list>
<pin id="61" dir="1" index="0" bw="1" slack="2147483647"/>
</pin_list>
<bind>
<StgValue><ssdm name=""/></StgValue>
</bind>
</comp>

<comp id="62" class="1001" name="const_62">
<pin_list>
<pin id="63" dir="1" index="0" bw="1" slack="2147483647"/>
</pin_list>
<bind>
<StgValue><ssdm name="_ssdm_op_SpecPipeline"/></StgValue>
</bind>
</comp>

<comp id="64" class="1001" name="const_64">
<pin_list>
<pin id="65" dir="1" index="0" bw="1" slack="0"/>
</pin_list>
<bind>
<StgValue><ssdm name="_ssdm_op_Write.axis.volatile.i32P0A.i4P0A.i4P0A.i1P0A.i1P0A.i1P0A.i1P0A"/></StgValue>
</bind>
</comp>

<comp id="66" class="1001" name="const_66">
<pin_list>
<pin id="67" dir="1" index="0" bw="1" slack="0"/>
</pin_list>
<bind>
<StgValue><ssdm name=""/></StgValue>
</bind>
</comp>

<comp id="68" class="1001" name="const_68">
<pin_list>
<pin id="69" dir="1" index="0" bw="1" slack="0"/>
</pin_list>
<bind>
<StgValue><ssdm name=""/></StgValue>
</bind>
</comp>

<comp id="70" class="1004" name="j_fu_70">
<pin_list>
<pin id="71" dir="0" index="0" bw="1" slack="0"/>
<pin id="72" dir="1" index="1" bw="6" slack="0"/>
</pin_list>
<bind>
<opcode="alloca(26) " fcode="alloca"/>
<opset="j/1 "/>
</bind>
</comp>

<comp id="74" class="1004" name="i_fu_74">
<pin_list>
<pin id="75" dir="0" index="0" bw="1" slack="0"/>
<pin id="76" dir="1" index="1" bw="6" slack="0"/>
</pin_list>
<bind>
<opcode="alloca(26) " fcode="alloca"/>
<opset="i/1 "/>
</bind>
</comp>

<comp id="78" class="1004" name="indvar_flatten20_fu_78">
<pin_list>
<pin id="79" dir="0" index="0" bw="1" slack="0"/>
<pin id="80" dir="1" index="1" bw="11" slack="0"/>
</pin_list>
<bind>
<opcode="alloca(26) " fcode="alloca"/>
<opset="indvar_flatten20/1 "/>
</bind>
</comp>

<comp id="82" class="1004" name="write_ln63_write_fu_82">
<pin_list>
<pin id="83" dir="0" index="0" bw="0" slack="0"/>
<pin id="84" dir="0" index="1" bw="32" slack="0"/>
<pin id="85" dir="0" index="2" bw="4" slack="0"/>
<pin id="86" dir="0" index="3" bw="4" slack="0"/>
<pin id="87" dir="0" index="4" bw="1" slack="0"/>
<pin id="88" dir="0" index="5" bw="1" slack="0"/>
<pin id="89" dir="0" index="6" bw="1" slack="0"/>
<pin id="90" dir="0" index="7" bw="1" slack="0"/>
<pin id="91" dir="0" index="8" bw="32" slack="0"/>
<pin id="92" dir="0" index="9" bw="1" slack="0"/>
<pin id="93" dir="0" index="10" bw="1" slack="0"/>
<pin id="94" dir="0" index="11" bw="1" slack="0"/>
<pin id="95" dir="0" index="12" bw="1" slack="2"/>
<pin id="96" dir="0" index="13" bw="1" slack="0"/>
<pin id="97" dir="0" index="14" bw="1" slack="0"/>
<pin id="98" dir="1" index="15" bw="0" slack="2147483647"/>
</pin_list>
<bind>
<opcode="write(1151) " fcode="write"/>
<opset="write_ln63/4 "/>
</bind>
</comp>

<comp id="112" class="1004" name="C_addr_gep_fu_112">
<pin_list>
<pin id="113" dir="0" index="0" bw="32" slack="0"/>
<pin id="114" dir="0" index="1" bw="1" slack="0"/>
<pin id="115" dir="0" index="2" bw="10" slack="0"/>
<pin id="116" dir="1" index="3" bw="10" slack="0"/>
</pin_list>
<bind>
<opcode="getelementptr(29) " fcode="getelementptr"/>
<opset="C_addr/3 "/>
</bind>
</comp>

<comp id="119" class="1004" name="grp_access_fu_119">
<pin_list>
<pin id="120" dir="0" index="0" bw="10" slack="0"/>
<pin id="121" dir="0" index="1" bw="32" slack="2147483647"/>
<pin id="122" dir="0" index="2" bw="0" slack="2147483647"/>
<pin id="123" dir="1" index="3" bw="32" slack="0"/>
</pin_list>
<bind>
<opcode="load(27) " fcode="load"/>
<opset="C_load/3 "/>
</bind>
</comp>

<comp id="126" class="1004" name="store_ln0_store_fu_126">
<pin_list>
<pin id="127" dir="0" index="0" bw="1" slack="0"/>
<pin id="128" dir="0" index="1" bw="11" slack="0"/>
<pin id="129" dir="1" index="2" bw="0" slack="2147483647"/>
</pin_list>
<bind>
<opcode="store(28) " fcode="store"/>
<opset="store_ln0/1 "/>
</bind>
</comp>

<comp id="131" class="1004" name="store_ln52_store_fu_131">
<pin_list>
<pin id="132" dir="0" index="0" bw="1" slack="0"/>
<pin id="133" dir="0" index="1" bw="6" slack="0"/>
<pin id="134" dir="1" index="2" bw="0" slack="2147483647"/>
</pin_list>
<bind>
<opcode="store(28) " fcode="store"/>
<opset="store_ln52/1 "/>
</bind>
</comp>

<comp id="136" class="1004" name="store_ln53_store_fu_136">
<pin_list>
<pin id="137" dir="0" index="0" bw="1" slack="0"/>
<pin id="138" dir="0" index="1" bw="6" slack="0"/>
<pin id="139" dir="1" index="2" bw="0" slack="2147483647"/>
</pin_list>
<bind>
<opcode="store(28) " fcode="store"/>
<opset="store_ln53/1 "/>
</bind>
</comp>

<comp id="141" class="1004" name="indvar_flatten20_load_load_fu_141">
<pin_list>
<pin id="142" dir="0" index="0" bw="11" slack="0"/>
<pin id="143" dir="1" index="1" bw="11" slack="0"/>
</pin_list>
<bind>
<opcode="load(27) " fcode="load"/>
<opset="indvar_flatten20_load/1 "/>
</bind>
</comp>

<comp id="144" class="1004" name="icmp_ln52_fu_144">
<pin_list>
<pin id="145" dir="0" index="0" bw="11" slack="0"/>
<pin id="146" dir="0" index="1" bw="11" slack="0"/>
<pin id="147" dir="1" index="2" bw="1" slack="2"/>
</pin_list>
<bind>
<opcode="icmp(45) " fcode="icmp"/>
<opset="icmp_ln52/1 "/>
</bind>
</comp>

<comp id="150" class="1004" name="add_ln52_1_fu_150">
<pin_list>
<pin id="151" dir="0" index="0" bw="11" slack="0"/>
<pin id="152" dir="0" index="1" bw="1" slack="0"/>
<pin id="153" dir="1" index="2" bw="11" slack="0"/>
</pin_list>
<bind>
<opcode="add(8) " fcode="add"/>
<opset="add_ln52_1/1 "/>
</bind>
</comp>

<comp id="156" class="1004" name="store_ln52_store_fu_156">
<pin_list>
<pin id="157" dir="0" index="0" bw="11" slack="0"/>
<pin id="158" dir="0" index="1" bw="11" slack="0"/>
<pin id="159" dir="1" index="2" bw="0" slack="2147483647"/>
</pin_list>
<bind>
<opcode="store(28) " fcode="store"/>
<opset="store_ln52/1 "/>
</bind>
</comp>

<comp id="161" class="1004" name="j_load_load_fu_161">
<pin_list>
<pin id="162" dir="0" index="0" bw="6" slack="1"/>
<pin id="163" dir="1" index="1" bw="6" slack="0"/>
</pin_list>
<bind>
<opcode="load(27) " fcode="load"/>
<opset="j_load/2 "/>
</bind>
</comp>

<comp id="164" class="1004" name="i_load_load_fu_164">
<pin_list>
<pin id="165" dir="0" index="0" bw="6" slack="1"/>
<pin id="166" dir="1" index="1" bw="6" slack="0"/>
</pin_list>
<bind>
<opcode="load(27) " fcode="load"/>
<opset="i_load/2 "/>
</bind>
</comp>

<comp id="167" class="1004" name="add_ln52_fu_167">
<pin_list>
<pin id="168" dir="0" index="0" bw="6" slack="0"/>
<pin id="169" dir="0" index="1" bw="1" slack="0"/>
<pin id="170" dir="1" index="2" bw="6" slack="0"/>
</pin_list>
<bind>
<opcode="add(8) " fcode="add"/>
<opset="add_ln52/2 "/>
</bind>
</comp>

<comp id="173" class="1004" name="icmp_ln53_fu_173">
<pin_list>
<pin id="174" dir="0" index="0" bw="6" slack="0"/>
<pin id="175" dir="0" index="1" bw="6" slack="0"/>
<pin id="176" dir="1" index="2" bw="1" slack="0"/>
</pin_list>
<bind>
<opcode="icmp(45) " fcode="icmp"/>
<opset="icmp_ln53/2 "/>
</bind>
</comp>

<comp id="179" class="1004" name="select_ln52_fu_179">
<pin_list>
<pin id="180" dir="0" index="0" bw="1" slack="0"/>
<pin id="181" dir="0" index="1" bw="1" slack="0"/>
<pin id="182" dir="0" index="2" bw="6" slack="0"/>
<pin id="183" dir="1" index="3" bw="6" slack="0"/>
</pin_list>
<bind>
<opcode="select(49) " fcode="select"/>
<opset="select_ln52/2 "/>
</bind>
</comp>

<comp id="187" class="1004" name="select_ln52_1_fu_187">
<pin_list>
<pin id="188" dir="0" index="0" bw="1" slack="0"/>
<pin id="189" dir="0" index="1" bw="6" slack="0"/>
<pin id="190" dir="0" index="2" bw="6" slack="0"/>
<pin id="191" dir="1" index="3" bw="6" slack="0"/>
</pin_list>
<bind>
<opcode="select(49) " fcode="select"/>
<opset="select_ln52_1/2 "/>
</bind>
</comp>

<comp id="195" class="1004" name="trunc_ln55_fu_195">
<pin_list>
<pin id="196" dir="0" index="0" bw="6" slack="0"/>
<pin id="197" dir="1" index="1" bw="5" slack="0"/>
</pin_list>
<bind>
<opcode="trunc(33) " fcode="trunc"/>
<opset="trunc_ln55/2 "/>
</bind>
</comp>

<comp id="199" class="1004" name="tmp_1_fu_199">
<pin_list>
<pin id="200" dir="0" index="0" bw="10" slack="0"/>
<pin id="201" dir="0" index="1" bw="5" slack="0"/>
<pin id="202" dir="0" index="2" bw="1" slack="0"/>
<pin id="203" dir="1" index="3" bw="10" slack="0"/>
</pin_list>
<bind>
<opcode="bitconcatenate(1004) " fcode="bitconcatenate"/>
<opset="tmp_1/2 "/>
</bind>
</comp>

<comp id="207" class="1004" name="icmp_ln62_fu_207">
<pin_list>
<pin id="208" dir="0" index="0" bw="6" slack="0"/>
<pin id="209" dir="0" index="1" bw="6" slack="0"/>
<pin id="210" dir="1" index="2" bw="1" slack="0"/>
</pin_list>
<bind>
<opcode="icmp(45) " fcode="icmp"/>
<opset="icmp_ln62/2 "/>
</bind>
</comp>

<comp id="213" class="1004" name="zext_ln55_fu_213">
<pin_list>
<pin id="214" dir="0" index="0" bw="6" slack="0"/>
<pin id="215" dir="1" index="1" bw="10" slack="0"/>
</pin_list>
<bind>
<opcode="zext(34) " fcode="zext"/>
<opset="zext_ln55/2 "/>
</bind>
</comp>

<comp id="217" class="1004" name="add_ln55_fu_217">
<pin_list>
<pin id="218" dir="0" index="0" bw="10" slack="0"/>
<pin id="219" dir="0" index="1" bw="6" slack="0"/>
<pin id="220" dir="1" index="2" bw="10" slack="1"/>
</pin_list>
<bind>
<opcode="add(8) " fcode="add"/>
<opset="add_ln55/2 "/>
</bind>
</comp>

<comp id="223" class="1004" name="icmp_ln62_1_fu_223">
<pin_list>
<pin id="224" dir="0" index="0" bw="6" slack="0"/>
<pin id="225" dir="0" index="1" bw="6" slack="0"/>
<pin id="226" dir="1" index="2" bw="1" slack="0"/>
</pin_list>
<bind>
<opcode="icmp(45) " fcode="icmp"/>
<opset="icmp_ln62_1/2 "/>
</bind>
</comp>

<comp id="229" class="1004" name="and_ln62_fu_229">
<pin_list>
<pin id="230" dir="0" index="0" bw="1" slack="0"/>
<pin id="231" dir="0" index="1" bw="1" slack="0"/>
<pin id="232" dir="1" index="2" bw="1" slack="2"/>
</pin_list>
<bind>
<opcode="and(23) " fcode="and"/>
<opset="and_ln62/2 "/>
</bind>
</comp>

<comp id="235" class="1004" name="add_ln53_fu_235">
<pin_list>
<pin id="236" dir="0" index="0" bw="6" slack="0"/>
<pin id="237" dir="0" index="1" bw="1" slack="0"/>
<pin id="238" dir="1" index="2" bw="6" slack="0"/>
</pin_list>
<bind>
<opcode="add(8) " fcode="add"/>
<opset="add_ln53/2 "/>
</bind>
</comp>

<comp id="241" class="1004" name="store_ln52_store_fu_241">
<pin_list>
<pin id="242" dir="0" index="0" bw="6" slack="0"/>
<pin id="243" dir="0" index="1" bw="6" slack="1"/>
<pin id="244" dir="1" index="2" bw="0" slack="2147483647"/>
</pin_list>
<bind>
<opcode="store(28) " fcode="store"/>
<opset="store_ln52/2 "/>
</bind>
</comp>

<comp id="246" class="1004" name="store_ln53_store_fu_246">
<pin_list>
<pin id="247" dir="0" index="0" bw="6" slack="0"/>
<pin id="248" dir="0" index="1" bw="6" slack="1"/>
<pin id="249" dir="1" index="2" bw="0" slack="2147483647"/>
</pin_list>
<bind>
<opcode="store(28) " fcode="store"/>
<opset="store_ln53/2 "/>
</bind>
</comp>

<comp id="251" class="1004" name="zext_ln55_1_fu_251">
<pin_list>
<pin id="252" dir="0" index="0" bw="10" slack="1"/>
<pin id="253" dir="1" index="1" bw="64" slack="0"/>
</pin_list>
<bind>
<opcode="zext(34) " fcode="zext"/>
<opset="zext_ln55_1/3 "/>
</bind>
</comp>

<comp id="255" class="1005" name="j_reg_255">
<pin_list>
<pin id="256" dir="0" index="0" bw="6" slack="0"/>
<pin id="257" dir="1" index="1" bw="6" slack="0"/>
</pin_list>
<bind>
<opset="j "/>
</bind>
</comp>

<comp id="262" class="1005" name="i_reg_262">
<pin_list>
<pin id="263" dir="0" index="0" bw="6" slack="0"/>
<pin id="264" dir="1" index="1" bw="6" slack="0"/>
</pin_list>
<bind>
<opset="i "/>
</bind>
</comp>

<comp id="269" class="1005" name="indvar_flatten20_reg_269">
<pin_list>
<pin id="270" dir="0" index="0" bw="11" slack="0"/>
<pin id="271" dir="1" index="1" bw="11" slack="0"/>
</pin_list>
<bind>
<opset="indvar_flatten20 "/>
</bind>
</comp>

<comp id="276" class="1005" name="icmp_ln52_reg_276">
<pin_list>
<pin id="277" dir="0" index="0" bw="1" slack="2"/>
<pin id="278" dir="1" index="1" bw="1" slack="2147483647"/>
</pin_list>
<bind>
<opset="icmp_ln52 "/>
</bind>
</comp>

<comp id="280" class="1005" name="add_ln55_reg_280">
<pin_list>
<pin id="281" dir="0" index="0" bw="10" slack="1"/>
<pin id="282" dir="1" index="1" bw="10" slack="1"/>
</pin_list>
<bind>
<opset="add_ln55 "/>
</bind>
</comp>

<comp id="285" class="1005" name="and_ln62_reg_285">
<pin_list>
<pin id="286" dir="0" index="0" bw="1" slack="2"/>
<pin id="287" dir="1" index="1" bw="1" slack="2"/>
</pin_list>
<bind>
<opset="and_ln62 "/>
</bind>
</comp>

<comp id="290" class="1005" name="C_addr_reg_290">
<pin_list>
<pin id="291" dir="0" index="0" bw="10" slack="1"/>
<pin id="292" dir="1" index="1" bw="10" slack="1"/>
</pin_list>
<bind>
<opset="C_addr "/>
</bind>
</comp>

</comp_list>

<net_list>
<net id="73"><net_src comp="16" pin="0"/><net_sink comp="70" pin=0"/></net>

<net id="77"><net_src comp="16" pin="0"/><net_sink comp="74" pin=0"/></net>

<net id="81"><net_src comp="16" pin="0"/><net_sink comp="78" pin=0"/></net>

<net id="99"><net_src comp="64" pin="0"/><net_sink comp="82" pin=0"/></net>

<net id="100"><net_src comp="2" pin="0"/><net_sink comp="82" pin=1"/></net>

<net id="101"><net_src comp="4" pin="0"/><net_sink comp="82" pin=2"/></net>

<net id="102"><net_src comp="6" pin="0"/><net_sink comp="82" pin=3"/></net>

<net id="103"><net_src comp="8" pin="0"/><net_sink comp="82" pin=4"/></net>

<net id="104"><net_src comp="10" pin="0"/><net_sink comp="82" pin=5"/></net>

<net id="105"><net_src comp="12" pin="0"/><net_sink comp="82" pin=6"/></net>

<net id="106"><net_src comp="14" pin="0"/><net_sink comp="82" pin=7"/></net>

<net id="107"><net_src comp="66" pin="0"/><net_sink comp="82" pin=9"/></net>

<net id="108"><net_src comp="66" pin="0"/><net_sink comp="82" pin=10"/></net>

<net id="109"><net_src comp="68" pin="0"/><net_sink comp="82" pin=11"/></net>

<net id="110"><net_src comp="68" pin="0"/><net_sink comp="82" pin=13"/></net>

<net id="111"><net_src comp="68" pin="0"/><net_sink comp="82" pin=14"/></net>

<net id="117"><net_src comp="0" pin="0"/><net_sink comp="112" pin=0"/></net>

<net id="118"><net_src comp="52" pin="0"/><net_sink comp="112" pin=1"/></net>

<net id="124"><net_src comp="119" pin="3"/><net_sink comp="82" pin=8"/></net>

<net id="125"><net_src comp="112" pin="3"/><net_sink comp="119" pin=0"/></net>

<net id="130"><net_src comp="34" pin="0"/><net_sink comp="126" pin=0"/></net>

<net id="135"><net_src comp="36" pin="0"/><net_sink comp="131" pin=0"/></net>

<net id="140"><net_src comp="36" pin="0"/><net_sink comp="136" pin=0"/></net>

<net id="148"><net_src comp="141" pin="1"/><net_sink comp="144" pin=0"/></net>

<net id="149"><net_src comp="38" pin="0"/><net_sink comp="144" pin=1"/></net>

<net id="154"><net_src comp="141" pin="1"/><net_sink comp="150" pin=0"/></net>

<net id="155"><net_src comp="40" pin="0"/><net_sink comp="150" pin=1"/></net>

<net id="160"><net_src comp="150" pin="2"/><net_sink comp="156" pin=0"/></net>

<net id="171"><net_src comp="164" pin="1"/><net_sink comp="167" pin=0"/></net>

<net id="172"><net_src comp="42" pin="0"/><net_sink comp="167" pin=1"/></net>

<net id="177"><net_src comp="161" pin="1"/><net_sink comp="173" pin=0"/></net>

<net id="178"><net_src comp="44" pin="0"/><net_sink comp="173" pin=1"/></net>

<net id="184"><net_src comp="173" pin="2"/><net_sink comp="179" pin=0"/></net>

<net id="185"><net_src comp="36" pin="0"/><net_sink comp="179" pin=1"/></net>

<net id="186"><net_src comp="161" pin="1"/><net_sink comp="179" pin=2"/></net>

<net id="192"><net_src comp="173" pin="2"/><net_sink comp="187" pin=0"/></net>

<net id="193"><net_src comp="167" pin="2"/><net_sink comp="187" pin=1"/></net>

<net id="194"><net_src comp="164" pin="1"/><net_sink comp="187" pin=2"/></net>

<net id="198"><net_src comp="187" pin="3"/><net_sink comp="195" pin=0"/></net>

<net id="204"><net_src comp="46" pin="0"/><net_sink comp="199" pin=0"/></net>

<net id="205"><net_src comp="195" pin="1"/><net_sink comp="199" pin=1"/></net>

<net id="206"><net_src comp="48" pin="0"/><net_sink comp="199" pin=2"/></net>

<net id="211"><net_src comp="187" pin="3"/><net_sink comp="207" pin=0"/></net>

<net id="212"><net_src comp="50" pin="0"/><net_sink comp="207" pin=1"/></net>

<net id="216"><net_src comp="179" pin="3"/><net_sink comp="213" pin=0"/></net>

<net id="221"><net_src comp="199" pin="3"/><net_sink comp="217" pin=0"/></net>

<net id="222"><net_src comp="213" pin="1"/><net_sink comp="217" pin=1"/></net>

<net id="227"><net_src comp="179" pin="3"/><net_sink comp="223" pin=0"/></net>

<net id="228"><net_src comp="50" pin="0"/><net_sink comp="223" pin=1"/></net>

<net id="233"><net_src comp="207" pin="2"/><net_sink comp="229" pin=0"/></net>

<net id="234"><net_src comp="223" pin="2"/><net_sink comp="229" pin=1"/></net>

<net id="239"><net_src comp="179" pin="3"/><net_sink comp="235" pin=0"/></net>

<net id="240"><net_src comp="42" pin="0"/><net_sink comp="235" pin=1"/></net>

<net id="245"><net_src comp="187" pin="3"/><net_sink comp="241" pin=0"/></net>

<net id="250"><net_src comp="235" pin="2"/><net_sink comp="246" pin=0"/></net>

<net id="254"><net_src comp="251" pin="1"/><net_sink comp="112" pin=2"/></net>

<net id="258"><net_src comp="70" pin="1"/><net_sink comp="255" pin=0"/></net>

<net id="259"><net_src comp="255" pin="1"/><net_sink comp="136" pin=1"/></net>

<net id="260"><net_src comp="255" pin="1"/><net_sink comp="161" pin=0"/></net>

<net id="261"><net_src comp="255" pin="1"/><net_sink comp="246" pin=1"/></net>

<net id="265"><net_src comp="74" pin="1"/><net_sink comp="262" pin=0"/></net>

<net id="266"><net_src comp="262" pin="1"/><net_sink comp="131" pin=1"/></net>

<net id="267"><net_src comp="262" pin="1"/><net_sink comp="164" pin=0"/></net>

<net id="268"><net_src comp="262" pin="1"/><net_sink comp="241" pin=1"/></net>

<net id="272"><net_src comp="78" pin="1"/><net_sink comp="269" pin=0"/></net>

<net id="273"><net_src comp="269" pin="1"/><net_sink comp="126" pin=1"/></net>

<net id="274"><net_src comp="269" pin="1"/><net_sink comp="141" pin=0"/></net>

<net id="275"><net_src comp="269" pin="1"/><net_sink comp="156" pin=1"/></net>

<net id="279"><net_src comp="144" pin="2"/><net_sink comp="276" pin=0"/></net>

<net id="283"><net_src comp="217" pin="2"/><net_sink comp="280" pin=0"/></net>

<net id="284"><net_src comp="280" pin="1"/><net_sink comp="251" pin=0"/></net>

<net id="288"><net_src comp="229" pin="2"/><net_sink comp="285" pin=0"/></net>

<net id="289"><net_src comp="285" pin="1"/><net_sink comp="82" pin=12"/></net>

<net id="293"><net_src comp="112" pin="3"/><net_sink comp="290" pin=0"/></net>

<net id="294"><net_src comp="290" pin="1"/><net_sink comp="119" pin=0"/></net>

</net_list>

</model> 
---------------- Datapath Model END ------------------

* FSMD analyzer results:
  - Output states:
	Port: out_stream_V_data_V | {4 }
	Port: out_stream_V_keep_V | {4 }
	Port: out_stream_V_strb_V | {4 }
	Port: out_stream_V_user_V | {4 }
	Port: out_stream_V_last_V | {4 }
	Port: out_stream_V_id_V | {4 }
	Port: out_stream_V_dest_V | {4 }
 - Input state : 
	Port: matrix_mult_Pipeline_VITIS_LOOP_52_8_VITIS_LOOP_53_9 : C | {3 4 }
  - Chain level:
	State 1
		store_ln0 : 1
		store_ln52 : 1
		store_ln53 : 1
		indvar_flatten20_load : 1
		icmp_ln52 : 2
		add_ln52_1 : 2
		br_ln52 : 3
		store_ln52 : 3
	State 2
		add_ln52 : 1
		icmp_ln53 : 1
		select_ln52 : 2
		select_ln52_1 : 2
		trunc_ln55 : 3
		tmp_1 : 4
		icmp_ln62 : 3
		zext_ln55 : 3
		add_ln55 : 5
		icmp_ln62_1 : 3
		and_ln62 : 4
		add_ln53 : 3
		store_ln52 : 3
		store_ln53 : 4
	State 3
		C_addr : 1
		C_load : 2
	State 4
		write_ln63 : 1


============================================================
+ Verbose Summary: Datapath Resource usage 
============================================================

* Functional unit list:
|----------|------------------------|---------|---------|
| Operation|     Functional Unit    |    FF   |   LUT   |
|----------|------------------------|---------|---------|
|          |    icmp_ln52_fu_144    |    0    |    12   |
|   icmp   |    icmp_ln53_fu_173    |    0    |    14   |
|          |    icmp_ln62_fu_207    |    0    |    14   |
|          |   icmp_ln62_1_fu_223   |    0    |    14   |
|----------|------------------------|---------|---------|
|          |    add_ln52_1_fu_150   |    0    |    12   |
|    add   |     add_ln52_fu_167    |    0    |    14   |
|          |     add_ln55_fu_217    |    0    |    13   |
|          |     add_ln53_fu_235    |    0    |    14   |
|----------|------------------------|---------|---------|
|  select  |   select_ln52_fu_179   |    0    |    6    |
|          |  select_ln52_1_fu_187  |    0    |    6    |
|----------|------------------------|---------|---------|
|    and   |     and_ln62_fu_229    |    0    |    2    |
|----------|------------------------|---------|---------|
|   write  | write_ln63_write_fu_82 |    0    |    0    |
|----------|------------------------|---------|---------|
|   trunc  |    trunc_ln55_fu_195   |    0    |    0    |
|----------|------------------------|---------|---------|
|bitconcatenate|      tmp_1_fu_199      |    0    |    0    |
|----------|------------------------|---------|---------|
|   zext   |    zext_ln55_fu_213    |    0    |    0    |
|          |   zext_ln55_1_fu_251   |    0    |    0    |
|----------|------------------------|---------|---------|
|   Total  |                        |    0    |   121   |
|----------|------------------------|---------|---------|

Memories:
N/A

* Register list:
+------------------------+--------+
|                        |   FF   |
+------------------------+--------+
|     C_addr_reg_290     |   10   |
|    add_ln55_reg_280    |   10   |
|    and_ln62_reg_285    |    1   |
|        i_reg_262       |    6   |
|    icmp_ln52_reg_276   |    1   |
|indvar_flatten20_reg_269|   11   |
|        j_reg_255       |    6   |
+------------------------+--------+
|          Total         |   45   |
+------------------------+--------+

* Multiplexer (MUX) list: 
|-------------------|------|------|------|--------||---------||---------||---------|
|        Comp       |  Pin | Size |  BW  | S x BW ||  Delay  ||    FF   ||   LUT   |
|-------------------|------|------|------|--------||---------||---------||---------|
| grp_access_fu_119 |  p0  |   2  |  10  |   20   ||    0    ||    9    |
|-------------------|------|------|------|--------||---------||---------||---------|
|       Total       |      |      |      |   20   ||  1.588  ||    0    ||    9    |
|-------------------|------|------|------|--------||---------||---------||---------|



* Summary:
+-----------+--------+--------+--------+
|           |  Delay |   FF   |   LUT  |
+-----------+--------+--------+--------+
|  Function |    -   |    0   |   121  |
|   Memory  |    -   |    -   |    -   |
|Multiplexer|    1   |    0   |    9   |
|  Register |    -   |   45   |    -   |
+-----------+--------+--------+--------+
|   Total   |    1   |   45   |   130  |
+-----------+--------+--------+--------+
