  **** HLS Build v2025.2 6295257
INFO: [HLS 200-2005] Using work_dir C:/Users/Andy/Documents/TFG/Project/3_multiplicacion_acelerada/matrix_hls/matrix_hls 
INFO: [HLS 200-2176] Writing Vitis IDE component file C:/Users/Andy/Documents/TFG/Project/3_multiplicacion_acelerada/matrix_hls/matrix_hls/vitis-comp.json
INFO: [HLS 200-10] Creating and opening component 'C:/Users/Andy/Documents/TFG/Project/3_multiplicacion_acelerada/matrix_hls/matrix_hls'.
INFO: [HLS 200-1505] Using default flow_target 'vivado'
Resolution: For help on HLS 200-1505 see docs.amd.com/access/sources/dita/topic?Doc_Version=2025.2%20English&url=ug1448-hls-guidance&resourceid=200-1505.html
INFO: [HLS 200-2174] Applying component config ini file hls_config.cfg
INFO: [HLS 200-1465] Applying config ini 'syn.file=matrix_mult.cpp' from hls_config.cfg(7)
INFO: [HLS 200-10] Adding design file 'C:/Users/Andy/Documents/TFG/Project/3_multiplicacion_acelerada/matrix_hls/matrix_mult.cpp' to the project
INFO: [HLS 200-1465] Applying config ini 'syn.top=matrix_mult' from hls_config.cfg(8)
INFO: [HLS 200-1465] Applying config ini 'flow_target=vivado' from hls_config.cfg(4)
INFO: [HLS 200-1505] Using flow_target 'vivado'
Resolution: For help on HLS 200-1505 see docs.amd.com/access/sources/dita/topic?Doc_Version=2025.2%20English&url=ug1448-hls-guidance&resourceid=200-1505.html
INFO: [HLS 200-1465] Applying config ini 'part=xc7z010clg400-1' from hls_config.cfg(1)
INFO: [HLS 200-1611] Setting target device to 'xc7z010-clg400-1'
INFO: [HLS 200-1465] Applying config ini 'package.output.format=ip_catalog' from hls_config.cfg(5)
INFO: [HLS 200-2176] Writing Vitis IDE component file C:/Users/Andy/Documents/TFG/Project/3_multiplicacion_acelerada/matrix_hls/matrix_hls/vitis-comp.json
INFO: [HLS 200-111] Finished File checks and directory preparation: CPU user time: 1 seconds. CPU system time: 1 seconds. Elapsed time: 21.789 seconds; current allocated memory: 148.066 MB.
INFO: [HLS 200-2191] C-Synthesis will use clang-16 as the compiler
INFO: [HLS 200-10] Analyzing design file 'matrix_mult.cpp' ... 
INFO: [HLS 200-111] Finished Source Code Analysis and Preprocessing: CPU user time: 0 seconds. CPU system time: 0 seconds. Elapsed time: 29.538 seconds; current allocated memory: 150.461 MB.
INFO: [HLS 200-777] Using interface defaults for 'Vivado' flow target.
INFO: [HLS 200-1995] There were 1,013 instructions in the design after the 'Compile/Link' phase of compilation. See the Design Size Report for more details (C:/Users/Andy/Documents/TFG/Project/3_multiplicacion_acelerada/matrix_hls/matrix_hls/hls/syn/report/csynth_design_size.rpt:2)
INFO: [HLS 200-1995] There were 335 instructions in the design after the 'Unroll/Inline (step 1)' phase of compilation. See the Design Size Report for more details (C:/Users/Andy/Documents/TFG/Project/3_multiplicacion_acelerada/matrix_hls/matrix_hls/hls/syn/report/csynth_design_size.rpt:2)
INFO: [HLS 200-1995] There were 273 instructions in the design after the 'Unroll/Inline (step 2)' phase of compilation. See the Design Size Report for more details (C:/Users/Andy/Documents/TFG/Project/3_multiplicacion_acelerada/matrix_hls/matrix_hls/hls/syn/report/csynth_design_size.rpt:2)
INFO: [HLS 200-1995] There were 259 instructions in the design after the 'Unroll/Inline (step 3)' phase of compilation. See the Design Size Report for more details (C:/Users/Andy/Documents/TFG/Project/3_multiplicacion_acelerada/matrix_hls/matrix_hls/hls/syn/report/csynth_design_size.rpt:2)
INFO: [HLS 200-1995] There were 225 instructions in the design after the 'Unroll/Inline (step 4)' phase of compilation. See the Design Size Report for more details (C:/Users/Andy/Documents/TFG/Project/3_multiplicacion_acelerada/matrix_hls/matrix_hls/hls/syn/report/csynth_design_size.rpt:2)
INFO: [HLS 200-1995] There were 225 instructions in the design after the 'Array/Struct (step 1)' phase of compilation. See the Design Size Report for more details (C:/Users/Andy/Documents/TFG/Project/3_multiplicacion_acelerada/matrix_hls/matrix_hls/hls/syn/report/csynth_design_size.rpt:2)
INFO: [HLS 200-1995] There were 225 instructions in the design after the 'Array/Struct (step 2)' phase of compilation. See the Design Size Report for more details (C:/Users/Andy/Documents/TFG/Project/3_multiplicacion_acelerada/matrix_hls/matrix_hls/hls/syn/report/csynth_design_size.rpt:2)
INFO: [HLS 200-1995] There were 225 instructions in the design after the 'Array/Struct (step 3)' phase of compilation. See the Design Size Report for more details (C:/Users/Andy/Documents/TFG/Project/3_multiplicacion_acelerada/matrix_hls/matrix_hls/hls/syn/report/csynth_design_size.rpt:2)
INFO: [HLS 200-1995] There were 225 instructions in the design after the 'Array/Struct (step 4)' phase of compilation. See the Design Size Report for more details (C:/Users/Andy/Documents/TFG/Project/3_multiplicacion_acelerada/matrix_hls/matrix_hls/hls/syn/report/csynth_design_size.rpt:2)
INFO: [HLS 200-1995] There were 300 instructions in the design after the 'Array/Struct (step 5)' phase of compilation. See the Design Size Report for more details (C:/Users/Andy/Documents/TFG/Project/3_multiplicacion_acelerada/matrix_hls/matrix_hls/hls/syn/report/csynth_design_size.rpt:2)
INFO: [HLS 200-1995] There were 298 instructions in the design after the 'Performance (step 1)' phase of compilation. See the Design Size Report for more details (C:/Users/Andy/Documents/TFG/Project/3_multiplicacion_acelerada/matrix_hls/matrix_hls/hls/syn/report/csynth_design_size.rpt:2)
INFO: [HLS 200-1995] There were 260 instructions in the design after the 'Performance (step 2)' phase of compilation. See the Design Size Report for more details (C:/Users/Andy/Documents/TFG/Project/3_multiplicacion_acelerada/matrix_hls/matrix_hls/hls/syn/report/csynth_design_size.rpt:2)
INFO: [HLS 200-1995] There were 303 instructions in the design after the 'Performance (step 3)' phase of compilation. See the Design Size Report for more details (C:/Users/Andy/Documents/TFG/Project/3_multiplicacion_acelerada/matrix_hls/matrix_hls/hls/syn/report/csynth_design_size.rpt:2)
INFO: [HLS 200-1995] There were 279 instructions in the design after the 'Performance (step 4)' phase of compilation. See the Design Size Report for more details (C:/Users/Andy/Documents/TFG/Project/3_multiplicacion_acelerada/matrix_hls/matrix_hls/hls/syn/report/csynth_design_size.rpt:2)
INFO: [HLS 200-1995] There were 258 instructions in the design after the 'HW Transforms (step 1)' phase of compilation. See the Design Size Report for more details (C:/Users/Andy/Documents/TFG/Project/3_multiplicacion_acelerada/matrix_hls/matrix_hls/hls/syn/report/csynth_design_size.rpt:2)
INFO: [HLS 200-1995] There were 220 instructions in the design after the 'HW Transforms (step 2)' phase of compilation. See the Design Size Report for more details (C:/Users/Andy/Documents/TFG/Project/3_multiplicacion_acelerada/matrix_hls/matrix_hls/hls/syn/report/csynth_design_size.rpt:2)
INFO: [HLS 214-291] Loop 'VITIS_LOOP_43_7' is marked as complete unroll implied by the pipeline pragma (matrix_mult.cpp:43:30)
INFO: [HLS 214-186] Unrolling loop 'VITIS_LOOP_43_7' (matrix_mult.cpp:43:30) in function 'matrix_mult' completely with a factor of 4 (matrix_mult.cpp:10:0)
INFO: [HLS 214-178] Inlining function 'hls::axis<ap_uint<32>, 1ul, 1ul, 1ul, (unsigned char)56, false>::axis()' into 'matrix_mult(hls::stream<hls::axis<ap_uint<32>, 1ul, 1ul, 1ul, (unsigned char)56, false>, 0>&, hls::stream<hls::axis<ap_uint<32>, 1ul, 1ul, 1ul, (unsigned char)56, false>, 0>&)' (matrix_mult.cpp:10:0)
INFO: [HLS 214-376] Pipelining loop< VITIS_LOOP_24_2> at matrix_mult.cpp:24:26 due to pipeline_loops threshold
INFO: [HLS 214-376] Pipelining loop< VITIS_LOOP_32_4> at matrix_mult.cpp:32:26 due to pipeline_loops threshold
INFO: [HLS 214-376] Pipelining loop< VITIS_LOOP_53_9> at matrix_mult.cpp:53:26 due to pipeline_loops threshold
INFO: [HLS 214-270] Inferring pragma 'array_partition type=complete dim=2' for array 'A' due to pipeline pragma (matrix_mult.cpp:41:1)
INFO: [HLS 214-270] Inferring pragma 'array_partition type=complete dim=1' for array 'B' due to pipeline pragma (matrix_mult.cpp:41:1)
INFO: [HLS 214-248] Applying array_partition to 'A': Complete partitioning on dimension 2. (matrix_mult.cpp:18:9)
INFO: [HLS 214-248] Applying array_partition to 'B': Complete partitioning on dimension 1. (matrix_mult.cpp:19:9)
INFO: [HLS 200-111] Finished Compiling Optimization and Transform: CPU user time: 0 seconds. CPU system time: 0 seconds. Elapsed time: 17.941 seconds; current allocated memory: 152.395 MB.
INFO: [HLS 200-111] Finished Checking Pragmas: CPU user time: 0 seconds. CPU system time: 0 seconds. Elapsed time: 0.022 seconds; current allocated memory: 152.395 MB.
INFO: [HLS 200-10] Starting code transformations ...
INFO: [HLS 200-111] Finished Standard Transforms: CPU user time: 0 seconds. CPU system time: 0 seconds. Elapsed time: 0.202 seconds; current allocated memory: 156.918 MB.
INFO: [HLS 200-10] Checking synthesizability ...
INFO: [HLS 200-111] Finished Checking Synthesizability: CPU user time: 0 seconds. CPU system time: 0 seconds. Elapsed time: 0.109 seconds; current allocated memory: 158.574 MB.
INFO: [XFORM 203-11] Balancing expressions in function 'matrix_mult' (matrix_mult.cpp:10:26)...3 expression(s) balanced.
INFO: [HLS 200-111] Finished Loop, function and other optimizations: CPU user time: 0 seconds. CPU system time: 0 seconds. Elapsed time: 0.331 seconds; current allocated memory: 180.367 MB.
INFO: [HLS 200-2061] Successfully converted nested loops 'VITIS_LOOP_23_1'(matrix_mult.cpp:23:22) and 'VITIS_LOOP_24_2'(matrix_mult.cpp:24:26) in function 'matrix_mult' into perfectly nested loops.
INFO: [HLS 200-2061] Successfully converted nested loops 'VITIS_LOOP_31_3'(matrix_mult.cpp:31:22) and 'VITIS_LOOP_32_4'(matrix_mult.cpp:32:26) in function 'matrix_mult' into perfectly nested loops.
INFO: [HLS 200-2061] Successfully converted nested loops 'VITIS_LOOP_39_5'(matrix_mult.cpp:39:22) and 'VITIS_LOOP_40_6'(matrix_mult.cpp:40:26) in function 'matrix_mult' into perfectly nested loops.
INFO: [HLS 200-2061] Successfully converted nested loops 'VITIS_LOOP_52_8'(matrix_mult.cpp:52:22) and 'VITIS_LOOP_53_9'(matrix_mult.cpp:53:26) in function 'matrix_mult' into perfectly nested loops.
INFO: [XFORM 203-541] Flattening a loop nest 'VITIS_LOOP_23_1' (matrix_mult.cpp:23:22) in function 'matrix_mult'.
INFO: [XFORM 203-541] Flattening a loop nest 'VITIS_LOOP_31_3' (matrix_mult.cpp:31:22) in function 'matrix_mult'.
INFO: [XFORM 203-541] Flattening a loop nest 'VITIS_LOOP_39_5' (matrix_mult.cpp:39:22) in function 'matrix_mult'.
INFO: [XFORM 203-541] Flattening a loop nest 'VITIS_LOOP_52_8' (matrix_mult.cpp:52:22) in function 'matrix_mult'.
INFO: [HLS 200-111] Finished Architecture Synthesis: CPU user time: 0 seconds. CPU system time: 0 seconds. Elapsed time: 0.339 seconds; current allocated memory: 209.504 MB.
INFO: [HLS 200-10] Starting hardware synthesis ...
INFO: [HLS 200-10] Synthesizing 'matrix_mult' ...
INFO: [SYN 201-201] Setting up clock 'default' with a period of 10ns.
INFO: [HLS 200-10] ----------------------------------------------------------------
INFO: [HLS 200-42] -- Implementing module 'matrix_mult_Pipeline_VITIS_LOOP_23_1_VITIS_LOOP_24_2' 
INFO: [HLS 200-10] ----------------------------------------------------------------
INFO: [SCHED 204-11] Starting scheduling ...
INFO: [SCHED 204-61] Pipelining loop 'VITIS_LOOP_23_1_VITIS_LOOP_24_2'.
INFO: [HLS 200-1470] Pipelining result : Target II = NA, Final II = 1, Depth = 2, loop 'VITIS_LOOP_23_1_VITIS_LOOP_24_2'
INFO: [SCHED 204-11] Finished scheduling.
INFO: [HLS 200-111] Finished Scheduling: CPU user time: 1 seconds. CPU system time: 1 seconds. Elapsed time: 0.917 seconds; current allocated memory: 213.422 MB.
INFO: [BIND 205-100] Starting micro-architecture generation ...
INFO: [BIND 205-101] Performing variable lifetime analysis.
INFO: [BIND 205-101] Exploring resource sharing.
INFO: [BIND 205-101] Binding ...
INFO: [BIND 205-100] Finished micro-architecture generation.
INFO: [HLS 200-111] Finished Binding: CPU user time: 0 seconds. CPU system time: 0 seconds. Elapsed time: 0.197 seconds; current allocated memory: 214.508 MB.
INFO: [HLS 200-10] ----------------------------------------------------------------
INFO: [HLS 200-42] -- Implementing module 'matrix_mult_Pipeline_VITIS_LOOP_31_3_VITIS_LOOP_32_4' 
INFO: [HLS 200-10] ----------------------------------------------------------------
INFO: [SCHED 204-11] Starting scheduling ...
INFO: [SCHED 204-61] Pipelining loop 'VITIS_LOOP_31_3_VITIS_LOOP_32_4'.
INFO: [HLS 200-1470] Pipelining result : Target II = NA, Final II = 1, Depth = 2, loop 'VITIS_LOOP_31_3_VITIS_LOOP_32_4'
INFO: [SCHED 204-11] Finished scheduling.
INFO: [HLS 200-111] Finished Scheduling: CPU user time: 0 seconds. CPU system time: 0 seconds. Elapsed time: 0.41 seconds; current allocated memory: 214.598 MB.
INFO: [BIND 205-100] Starting micro-architecture generation ...
INFO: [BIND 205-101] Performing variable lifetime analysis.
INFO: [BIND 205-101] Exploring resource sharing.
INFO: [BIND 205-101] Binding ...
INFO: [BIND 205-100] Finished micro-architecture generation.
INFO: [HLS 200-111] Finished Binding: CPU user time: 0 seconds. CPU system time: 0 seconds. Elapsed time: 0.747 seconds; current allocated memory: 214.676 MB.
INFO: [HLS 200-10] ----------------------------------------------------------------
INFO: [HLS 200-42] -- Implementing module 'matrix_mult_Pipeline_VITIS_LOOP_39_5_VITIS_LOOP_40_6' 
INFO: [HLS 200-10] ----------------------------------------------------------------
INFO: [SCHED 204-11] Starting scheduling ...
INFO: [SCHED 204-61] Pipelining loop 'VITIS_LOOP_39_5_VITIS_LOOP_40_6'.
INFO: [HLS 200-1470] Pipelining result : Target II = NA, Final II = 1, Depth = 7, loop 'VITIS_LOOP_39_5_VITIS_LOOP_40_6'
INFO: [SCHED 204-11] Finished scheduling.
INFO: [HLS 200-111] Finished Scheduling: CPU user time: 0 seconds. CPU system time: 0 seconds. Elapsed time: 0.555 seconds; current allocated memory: 214.852 MB.
INFO: [BIND 205-100] Starting micro-architecture generation ...
INFO: [BIND 205-101] Performing variable lifetime analysis.
INFO: [BIND 205-101] Exploring resource sharing.
INFO: [BIND 205-101] Binding ...
INFO: [BIND 205-100] Finished micro-architecture generation.
INFO: [HLS 200-111] Finished Binding: CPU user time: 0 seconds. CPU system time: 0 seconds. Elapsed time: 0.2 seconds; current allocated memory: 214.859 MB.
INFO: [HLS 200-10] ----------------------------------------------------------------
INFO: [HLS 200-42] -- Implementing module 'matrix_mult_Pipeline_VITIS_LOOP_52_8_VITIS_LOOP_53_9' 
INFO: [HLS 200-10] ----------------------------------------------------------------
INFO: [SCHED 204-11] Starting scheduling ...
INFO: [SCHED 204-61] Pipelining loop 'VITIS_LOOP_52_8_VITIS_LOOP_53_9'.
INFO: [HLS 200-1470] Pipelining result : Target II = NA, Final II = 1, Depth = 3, loop 'VITIS_LOOP_52_8_VITIS_LOOP_53_9'
INFO: [SCHED 204-11] Finished scheduling.
INFO: [HLS 200-111] Finished Scheduling: CPU user time: 0 seconds. CPU system time: 0 seconds. Elapsed time: 0.408 seconds; current allocated memory: 215.113 MB.
INFO: [BIND 205-100] Starting micro-architecture generation ...
INFO: [BIND 205-101] Performing variable lifetime analysis.
INFO: [BIND 205-101] Exploring resource sharing.
INFO: [BIND 205-101] Binding ...
INFO: [BIND 205-100] Finished micro-architecture generation.
INFO: [HLS 200-111] Finished Binding: CPU user time: 0 seconds. CPU system time: 0 seconds. Elapsed time: 0.402 seconds; current allocated memory: 215.113 MB.
INFO: [HLS 200-10] ----------------------------------------------------------------
INFO: [HLS 200-42] -- Implementing module 'matrix_mult' 
INFO: [HLS 200-10] ----------------------------------------------------------------
INFO: [SCHED 204-11] Starting scheduling ...
INFO: [SCHED 204-11] Finished scheduling.
INFO: [HLS 200-111] Finished Scheduling: CPU user time: 0 seconds. CPU system time: 0 seconds. Elapsed time: 0.356 seconds; current allocated memory: 215.145 MB.
INFO: [BIND 205-100] Starting micro-architecture generation ...
INFO: [BIND 205-101] Performing variable lifetime analysis.
INFO: [BIND 205-101] Exploring resource sharing.
INFO: [BIND 205-101] Binding ...
INFO: [BIND 205-100] Finished micro-architecture generation.
INFO: [HLS 200-111] Finished Binding: CPU user time: 0 seconds. CPU system time: 0 seconds. Elapsed time: 0.162 seconds; current allocated memory: 215.223 MB.
INFO: [HLS 200-10] ----------------------------------------------------------------
INFO: [HLS 200-10] -- Generating RTL for module 'matrix_mult_Pipeline_VITIS_LOOP_23_1_VITIS_LOOP_24_2' 
INFO: [HLS 200-10] ----------------------------------------------------------------
INFO: [HLS 200-1030] Apply Unified Pipeline Control on module 'matrix_mult_Pipeline_VITIS_LOOP_23_1_VITIS_LOOP_24_2' pipeline 'VITIS_LOOP_23_1_VITIS_LOOP_24_2' pipeline type 'loop pipeline'
INFO: [RTGEN 206-100] Finished creating RTL model for 'matrix_mult_Pipeline_VITIS_LOOP_23_1_VITIS_LOOP_24_2'.
INFO: [HLS 200-111] Finished Creating RTL model: CPU user time: 0 seconds. CPU system time: 0 seconds. Elapsed time: 1.393 seconds; current allocated memory: 217.039 MB.
INFO: [HLS 200-10] ----------------------------------------------------------------
INFO: [HLS 200-10] -- Generating RTL for module 'matrix_mult_Pipeline_VITIS_LOOP_31_3_VITIS_LOOP_32_4' 
INFO: [HLS 200-10] ----------------------------------------------------------------
INFO: [HLS 200-1030] Apply Unified Pipeline Control on module 'matrix_mult_Pipeline_VITIS_LOOP_31_3_VITIS_LOOP_32_4' pipeline 'VITIS_LOOP_31_3_VITIS_LOOP_32_4' pipeline type 'loop pipeline'
INFO: [RTGEN 206-100] Finished creating RTL model for 'matrix_mult_Pipeline_VITIS_LOOP_31_3_VITIS_LOOP_32_4'.
INFO: [HLS 200-111] Finished Creating RTL model: CPU user time: 0 seconds. CPU system time: 0 seconds. Elapsed time: 3.37 seconds; current allocated memory: 219.180 MB.
INFO: [HLS 200-10] ----------------------------------------------------------------
INFO: [HLS 200-10] -- Generating RTL for module 'matrix_mult_Pipeline_VITIS_LOOP_39_5_VITIS_LOOP_40_6' 
INFO: [HLS 200-10] ----------------------------------------------------------------
INFO: [HLS 200-1030] Apply Unified Pipeline Control on module 'matrix_mult_Pipeline_VITIS_LOOP_39_5_VITIS_LOOP_40_6' pipeline 'VITIS_LOOP_39_5_VITIS_LOOP_40_6' pipeline type 'loop pipeline'
INFO: [RTGEN 206-100] Generating core module 'mul_32s_32s_32_2_1': 4 instance(s).
INFO: [RTGEN 206-100] Finished creating RTL model for 'matrix_mult_Pipeline_VITIS_LOOP_39_5_VITIS_LOOP_40_6'.
INFO: [HLS 200-111] Finished Creating RTL model: CPU user time: 0 seconds. CPU system time: 0 seconds. Elapsed time: 1.477 seconds; current allocated memory: 221.094 MB.
INFO: [HLS 200-10] ----------------------------------------------------------------
INFO: [HLS 200-10] -- Generating RTL for module 'matrix_mult_Pipeline_VITIS_LOOP_52_8_VITIS_LOOP_53_9' 
INFO: [HLS 200-10] ----------------------------------------------------------------
INFO: [HLS 200-1030] Apply Unified Pipeline Control on module 'matrix_mult_Pipeline_VITIS_LOOP_52_8_VITIS_LOOP_53_9' pipeline 'VITIS_LOOP_52_8_VITIS_LOOP_53_9' pipeline type 'loop pipeline'
INFO: [RTGEN 206-100] Finished creating RTL model for 'matrix_mult_Pipeline_VITIS_LOOP_52_8_VITIS_LOOP_53_9'.
INFO: [HLS 200-111] Finished Creating RTL model: CPU user time: 0 seconds. CPU system time: 0 seconds. Elapsed time: 1.18 seconds; current allocated memory: 222.523 MB.
INFO: [HLS 200-10] ----------------------------------------------------------------
INFO: [HLS 200-10] -- Generating RTL for module 'matrix_mult' 
INFO: [HLS 200-10] ----------------------------------------------------------------
WARNING: [RTGEN 206-101] Design contains AXI ports. Reset is fixed to synchronous and active low.
INFO: [RTGEN 206-500] Setting interface mode on port 'matrix_mult/in_stream_V_data_V' to 'axis' (register, both mode).
INFO: [RTGEN 206-500] Setting interface mode on port 'matrix_mult/in_stream_V_keep_V' to 'axis' (register, both mode).
INFO: [RTGEN 206-500] Setting interface mode on port 'matrix_mult/in_stream_V_strb_V' to 'axis' (register, both mode).
INFO: [RTGEN 206-500] Setting interface mode on port 'matrix_mult/in_stream_V_user_V' to 'axis' (register, both mode).
INFO: [RTGEN 206-500] Setting interface mode on port 'matrix_mult/in_stream_V_last_V' to 'axis' (register, both mode).
INFO: [RTGEN 206-500] Setting interface mode on port 'matrix_mult/in_stream_V_id_V' to 'axis' (register, both mode).
INFO: [RTGEN 206-500] Setting interface mode on port 'matrix_mult/in_stream_V_dest_V' to 'axis' (register, both mode).
INFO: [RTGEN 206-500] Setting interface mode on port 'matrix_mult/out_stream_V_data_V' to 'axis' (register, both mode).
INFO: [RTGEN 206-500] Setting interface mode on port 'matrix_mult/out_stream_V_keep_V' to 'axis' (register, both mode).
INFO: [RTGEN 206-500] Setting interface mode on port 'matrix_mult/out_stream_V_strb_V' to 'axis' (register, both mode).
INFO: [RTGEN 206-500] Setting interface mode on port 'matrix_mult/out_stream_V_user_V' to 'axis' (register, both mode).
INFO: [RTGEN 206-500] Setting interface mode on port 'matrix_mult/out_stream_V_last_V' to 'axis' (register, both mode).
INFO: [RTGEN 206-500] Setting interface mode on port 'matrix_mult/out_stream_V_id_V' to 'axis' (register, both mode).
INFO: [RTGEN 206-500] Setting interface mode on port 'matrix_mult/out_stream_V_dest_V' to 'axis' (register, both mode).
INFO: [RTGEN 206-500] Setting interface mode on function 'matrix_mult' to 's_axilite & ap_ctrl_hs'.
INFO: [RTGEN 206-100] Bundling port 'return' to AXI-Lite port CTRL.
INFO: [RTGEN 206-100] Finished creating RTL model for 'matrix_mult'.
INFO: [RTMG 210-278] Implementing memory 'matrix_mult_A_RAM_AUTO_1R1W' using auto RAMs.
INFO: [RTMG 210-278] Implementing memory 'matrix_mult_C_RAM_AUTO_1R1W' using auto RAMs.
INFO: [HLS 200-111] Finished Creating RTL model: CPU user time: 0 seconds. CPU system time: 0 seconds. Elapsed time: 1.146 seconds; current allocated memory: 224.738 MB.
INFO: [HLS 200-111] Finished Generating all RTL models: CPU user time: 0 seconds. CPU system time: 0 seconds. Elapsed time: 3.345 seconds; current allocated memory: 229.039 MB.
INFO: [HLS 200-2225] Wrote inferred directives to file C:/Users/Andy/Documents/TFG/Project/3_multiplicacion_acelerada/matrix_hls/matrix_hls/hls/syn/inferred_directives.ini
INFO: [HLS 200-111] Finished Updating report files: CPU user time: 1 seconds. CPU system time: 0 seconds. Elapsed time: 5.396 seconds; current allocated memory: 234.000 MB.
INFO: [VHDL 208-304] Generating VHDL RTL for matrix_mult.
INFO: [VLOG 209-307] Generating Verilog RTL for matrix_mult.
INFO: [HLS 200-790] **** Loop Constraint Status: All loop constraints were satisfied.
INFO: [HLS 200-789] **** Estimated Fmax: 144.68 MHz
INFO: [HLS 200-112] Total CPU user time: 3 seconds. Total CPU system time: 2 seconds. Total elapsed time: 92.091 seconds; peak allocated memory: 234.055 MB.
INFO: [v++ 60-791] Total elapsed time: 0h 1m 45s
