# 
# Steps log generated by v++
# This log file contains a collection of steps that describe the kernel compilation flow
# Note: Some steps are tagged as internal, these steps are for debugging purposes and 
#       are not expected to be able to run independently.
# 

# The following environment variables are set when running v++
Environment variables :
------------------------------------------
ALLUSERSPROFILE=C:\ProgramData
APPDATA=C:\Users\Andy\AppData\Roaming
arr.length=0
arr.Ubound=-1
CHARPOP=1
CMAKE_OBJECT_PATH_MAX=4096
CommonProgramFiles=C:\Program Files\Common Files
CommonProgramFiles(x86)=C:\Program Files (x86)\Common Files
CommonProgramW6432=C:\Program Files\Common Files
COMPUTERNAME=DESKTOP-M77PRRA
ComSpec=C:\Windows\system32\cmd.exe
DriverData=C:\Windows\System32\Drivers\DriverData
HDI_APPROOT=D:/2025.2/Vitis
HDI_PROCESSOR=i686
HOMEDRIVE=C:
HOMEPATH=\Users\Andy
HW_SERVER_DJTG_DISABLE=1
HW_SERVER_FTDIMGR_DISABLE=1
IDE_SKIP_SERVER_LICENSE=1
INT_VARIABLE_NAME=XILINX_PATH
ISL_IOSTREAMS_RSA=D:/2025.2/Vitis/tps/isl
JAVA_EXE=D:/2025.2/Vitis\tps\win64\jre21.0.5_11\bin\java.exe
JAVA_HOME=D:/2025.2/Vitis\tps\win64\jre21.0.5_11
LC_NUMERIC=C
LOCALAPPDATA=C:\Users\Andy\AppData\Local
LOGONSERVER=\\DESKTOP-M77PRRA
LOPPER_DTC_FLAGS=-b 0 -@
NOSPLASH=false
NUMBER_OF_PROCESSORS=2
OneDrive=C:\Users\Andy\OneDrive
OneDriveConsumer=C:\Users\Andy\OneDrive
ORIGINAL_XDG_CURRENT_DESKTOP=undefined
OS=Windows_NT
PATH=D:/2025.2/Vivado/tps/win64/binutils-2.26/bin;D:/2025.2/Vitis/bin/../gnu/aarch64/nt/aarch64-linux/bin;D:/2025.2/Vitis/bin/../gnu/ppc64le/4.9.3/win64/bin;D:/2025.2/Vitis/bin/../gnu/aarch32/nt/gcc-arm-linux-gnueabi/bin;D:/2025.2/Vitis/tps/mingw/6.2.0/win64.o/nt/bin;D:/2025.2/Vivado\gnuwin\bin;D:/2025.2/Vivado\gnu\microblaze\nt\bin;D:/2025.2/Vitis/bin;D:/2025.2/Vitis\tps\win64;D:/2025.2/Vitis/tps/win64/java-cef-95.0.4638.69/bin/lib/win64;D:/2025.2/Vitis/tps/win64/javafx-sdk-11.0.2/lib;D:/2025.2/Vitis/tps/win64/javafx-sdk-11.0.2/bin;D:/2025.2/Vitis/lib/win64.o;D:/2025.2/Vitis/tps/win64/jre11.0.16_1/bin/server;D:/2025.2/Vitis/tps/win64/jre11.0.16_1/bin;D:/2025.2/Vitis\tps\win64\cmake-3.24.2\bin;D:/2025.2/Vitis\gnu\microblaze\nt\bin;D:/2025.2/Vitis\gnu\microblaze\linux_toolchain\nt64_le\bin;D:/2025.2/Vitis\gnu\aarch32\nt\gcc-arm-linux-gnueabi\bin;D:/2025.2/Vitis\gnu\aarch32\nt\gcc-arm-none-eabi\bin;D:/2025.2/Vitis\gnu\aarch64\nt\aarch64-linux\bin;D:/2025.2/Vitis\gnu\aarch64\nt\aarch64-none\bin;D:/2025.2/Vitis\gnu\armr5\nt\gcc-arm-none-eabi\bin;D:/2025.2/Vitis\gnuwin\bin;D:/2025.2/Vitis\tps\win64\python-3.13.0;D:/2025.2/Vitis\tps\win64\jre21.0.5_11\bin;D:/2025.2/Vitis\tps\win64\libxslt\bin;D:/2025.2/Vitis\gnu\arm\nt\bin;D:/2025.2/Vitis\gnu\microblaze\linux_toolchain\nt64_be\bin;D:/2025.2/Vitis\gnu\riscv\nt\bin;D:/2025.2/Vitis\gnu\riscv\linux_toolchain\nt64\bin;D:/2025.2/Vitis\gnu\riscv\linux_toolchain\nt32\bin;D:/2025.2/Vivado\tps\win64\python-3.13.0;D:/2025.2/Vivado\tps\win64\git-2.50.0\bin;D:/2025.2/Vivado\tps\win64\cmake-3.24.2\bin;D:/2025.2/Vitis/win64/tools/vcxx\libexec;D:/2025.2/Vivado\tps\win64\jre21.0.5_11\bin;D:/2025.2/Vivado\tps\win64\libxslt/bin;C:\Windows\system32;C:\Windows;C:\Windows\System32\Wbem;C:\Windows\System32\WindowsPowerShell\v1.0\;C:\Windows\System32\OpenSSH\;C:\Program Files\Microsoft SQL Server\130\Tools\Binn\;C:\Program Files\Git\cmd;C:\Users\Andy\AppData\Local\Microsoft\WindowsApps;C:\EclipseARM\sourcery-g++-lite-arm-2011.03\bin;D:\GnuWin32\bin;D:\Intel\oneAPI\compiler\2024.1\bin;;D:/2025.2/Vitis\tps\mingw\6.2.0\win64.o\nt\bin;D:/2025.2/Vitis\tps\mingw\6.2.0\win64.o\nt\libexec\gcc\x86_64-w64-mingw32\6.2.0
PATHEXT=.COM;.EXE;.BAT;.CMD;.VBS;.VBE;.JS;.JSE;.WSF;.WSH;.MSC
PROCESSOR_ARCHITECTURE=AMD64
PROCESSOR_IDENTIFIER=Intel64 Family 6 Model 122 Stepping 8, GenuineIntel
PROCESSOR_LEVEL=6
PROCESSOR_REVISION=7a08
PRODVERSION_EXE=D:/2025.2/Vitis/bin/unwrapped/win64.o/prodversion.exe
ProgramData=C:\ProgramData
ProgramFiles=C:\Program Files
ProgramFiles(x86)=C:\Program Files (x86)
ProgramW6432=C:\Program Files
PROMPT=$P$G
PSModulePath=C:\Program Files\WindowsPowerShell\Modules;C:\Windows\system32\WindowsPowerShell\v1.0\Modules
PUBLIC=C:\Users\Public
PYTHONPATH=D:/2025.2/Vitis\cli;D:/2025.2/Vitis\cli\python-packages\win64;D:/2025.2/Vitis\cli\python-packages\site-packages;D:/2025.2/Vitis\cli\proto;D:/2025.2/Vitis\scripts\python_pkg;
python_path=D:/2025.2/Vitis\cli;D:/2025.2/Vitis\cli\python-packages\win64;D:/2025.2/Vitis\cli\python-packages\site-packages;D:/2025.2/Vitis\cli\proto;D:/2025.2/Vitis\scripts\python_pkg;
RDI_APPROOT=D:/2025.2/Vitis
RDI_ARGS= -c --mode hls --config C:\Users\Andy\Documents\TFG\Project\3_multiplicacion_acelerada\matrix_hls\hls_config.cfg --work_dir matrix_hls
RDI_ARGS_FUNCTION=RDI_EXEC_DEFAULT
RDI_BASEROOT=D:/2025.2
RDI_BINDIR=D:/2025.2/Vitis/bin
RDI_BINROOT=D:/2025.2/Vitis/bin
RDI_BUILD=yes
RDI_CHECK_PROG=True
RDI_DATADIR=D:/2025.2/Vitis/data
RDI_INSTALLROOT=D:
RDI_INSTALLVER=Vitis
RDI_INSTALLVERSION=2025.2
RDI_JAVACEFROOT=D:/2025.2/Vitis/tps/win64/java-cef-95.0.4638.69
RDI_JAVAFXROOT=D:/2025.2/Vitis/tps/win64/javafx-sdk-11.0.2
RDI_JAVAROOT=D:/2025.2/Vitis/tps/win64/jre11.0.16_1
RDI_JAVA_VERSION=11.0.16_1
RDI_LIBDIR=D:/2025.2/Vitis/lib/win64.o
RDI_MINGW_LIB=D:/2025.2/Vitis\tps\mingw\6.2.0\win64.o\nt\bin;D:/2025.2/Vitis\tps\mingw\6.2.0\win64.o\nt\libexec\gcc\x86_64-w64-mingw32\6.2.0
RDI_OPT_EXT=.o
RDI_OS_ARCH=64
RDI_PLATFORM=win64
RDI_PREPEND_PATH=D:/2025.2/Vitis/bin
RDI_PROG=D:/2025.2/Vitis/bin/unwrapped/win64.o/v++.exe
RDI_PROGNAME=v++.exe
RDI_SESSION_INFO=D:\2025.2\Vitis\bin:DESKTOP-M77PRRA-12-04-2026_17-50-34,40
RDI_SHARED_DATA=D:/SharedData/2025.2/data
RDI_TEMPINSTALL=D:\2025.2
RDI_TPS_ROOT=D:/2025.2/Vivado/tps/win64
RDI_USE_JDK11=1
RDI_VERBOSE=False
RT_LIBPATH=D:/2025.2/Vitis/scripts/rt/data
RT_TCL_PATH=D:/2025.2/Vitis/scripts/rt/base_tcl/tcl
SESSIONNAME=Console
session_string=C:\Users\Andy\Documents\TFG\Project\3_multiplicacion_acelerada\matrix_hls:DESKTOP-M77PRRA-12-04-2026_18-05-24,89
supports_classic_ide=true
SYNTH_COMMON=D:/2025.2/Vitis/scripts/rt/data
SystemDrive=C:
SystemRoot=C:\Windows
TCL_LIBRARY=D:/2025.2/Vitis/tps/tcl/tcl8.6
TCMALLOC_LARGE_ALLOC_REPORT_THRESHOLD=4294967296
TEMP=C:\Users\Andy\AppData\Local\Temp
THEIA_APP_PROJECT_PATH=D:\2025.2\Vitis\ide\electron-app\win64\resources\app
THEIA_DEFAULT_PLUGINS=local-dir:D:\2025.2\Vitis\ide\electron-app\win64\resources\app\plugins
THEIA_ELECTRON_TOKEN={"value":"e8b90a7a-5518-466b-8ec8-ef023d94cec4"}
THEIA_ELECTRON_VERSION=30.1.2
THEIA_PLUGINS=local-dir:C:\Users\Andy\.theia\plugins
TMP=C:\Users\Andy\AppData\Local\Temp
tooldir=tps\win64\git-2.50.0
TOOLS_CLANGD=D:/2025.2/Vitis/win64/tools/vcxx\libexec
TPS_CMAKE=D:/2025.2/Vivado\tps\win64\cmake-3.24.2
TPS_GIT=D:/2025.2/Vivado\tps\win64\git-2.50.0
TPS_LIBXSLT=D:/2025.2/Vivado\tps\win64\libxslt
TPS_PYTHON=D:/2025.2/Vivado\tps\win64\python-3.13.0
USERDOMAIN=DESKTOP-M77PRRA
USERDOMAIN_ROAMINGPROFILE=DESKTOP-M77PRRA
USERNAME=Andy
USERPROFILE=C:\Users\Andy
VALIDATE_ARGS="False"
VBOX_MSI_INSTALL_PATH=C:\Program Files\Oracle\VirtualBox\
VITISNEW=true
VSCODE_API_VERSION=1.99.3
VTUNE_PROFILER_2024_DIR=D:\Intel\oneAPI\vtune\2024.1
windir=C:\Windows
XILINXD_LICENSE_FILE=8080@licalu.fdi.ucm.es
XILINX_HLS=D:/2025.2/Vitis
XILINX_PLANAHEAD=D:/2025.2/Vitis
XILINX_SDK=D:/2025.2/Vitis
XILINX_VCXX=D:/2025.2/Vitis/win64/tools/vcxx
XILINX_VERSION_DEFAULT=2025.2
XILINX_VERSION_VITIS=2025.2
XILINX_VITIS=D:/2025.2/Vitis
XILINX_VITIS_GIT=D:/2025.2/Vivado\tps\win64\git-2.50.0\bin
XILINX_VITIS_VERSION=Vitis v2025.2 (64-bit)
XILINX_VIVADO=D:/2025.2/Vivado
XIL_CHECK_TCL_DEBUG=False
XIL_NO_OVERRIDE=0
XIL_SUPPRESS_OVERRIDE_WARNINGS=1
XVREDIST=D:/2025.2/Vitis\tps\win64\xvcredist.exe
ZES_ENABLE_SYSMAN=1
_RDI_BINROOT=D:\2025.2\Vitis\bin
_RDI_CWD=C:\Users\Andy\Documents\TFG\Project\3_multiplicacion_acelerada\matrix_hls
_RDI_DONT_SET_XILINX_AS_PATH=True
_RDI_VERSION_PROG=v++
_valid=False
__PSLockDownPolicy=0
XILINX_CD_CONNECT_ID=52389
XILINX_CD_SESSION=945eb1d6-0781-4193-a3d2-4ced930a1320


V++ command line:
------------------------------------------
D:/2025.2/Vitis/bin/unwrapped/win64.o/v++.exe -c --mode hls --config C:\Users\Andy\Documents\TFG\Project\3_multiplicacion_acelerada\matrix_hls\hls_config.cfg --work_dir matrix_hls 

FINAL PROGRAM OPTIONS
--compile
--config C:\Users\Andy\Documents\TFG\Project\3_multiplicacion_acelerada\matrix_hls\hls_config.cfg
--hls.flow_target vivado
--hls.package.output.format ip_catalog
--hls.package.output.syn false
--hls.syn.file matrix_mult.cpp
--hls.syn.top matrix_mult
--mode hls
--part xc7z010clg400-1
--target hw
--work_dir matrix_hls

PARSED COMMAND LINE OPTIONS
-c 
--mode hls 
--config C:\Users\Andy\Documents\TFG\Project\3_multiplicacion_acelerada\matrix_hls\hls_config.cfg 
--work_dir matrix_hls 

PARSED CONFIG FILE (1) OPTIONS
file: C:\Users\Andy\Documents\TFG\Project\3_multiplicacion_acelerada\matrix_hls\hls_config.cfg
part xc7z010clg400-1 
hls.flow_target vivado 
hls.package.output.format ip_catalog 
hls.package.output.syn false 
hls.syn.file matrix_mult.cpp 
hls.syn.top matrix_mult 


==========================================
new:  steps log generated by v++ for new launch 
timestamp: 12 Apr 2026 18:05:34

------------------------------------------
VITIS-RUN command line :
------------------------------------------
D:/2025.2/Vitis/bin/unwrapped/win64.o/vitis-run.exe --mode hls --package --config C:\Users\Andy\Documents\TFG\Project\3_multiplicacion_acelerada\matrix_hls\hls_config.cfg --work_dir matrix_hls 
  Options from -O    : 
  Options from *.ini : 
  Options from Hw Platform : 

==========================================
new:  steps log generated by v++ for new launch 
timestamp: 12 Apr 2026 18:11:59

------------------------------------------
V++ command line :
------------------------------------------
D:/2025.2/Vitis/bin/unwrapped/win64.o/v++.exe -c --mode hls --config C:\Users\Andy\Documents\TFG\Project\3_multiplicacion_acelerada\matrix_hls\hls_config.cfg --work_dir matrix_hls 
  Options from -O    : 
  Options from *.ini : 
  Options from Hw Platform : 

==========================================
new:  steps log generated by v++ for new launch 
timestamp: 12 Apr 2026 22:04:52

------------------------------------------
VITIS-RUN command line :
------------------------------------------
D:/2025.2/Vitis/bin/unwrapped/win64.o/vitis-run.exe --mode hls --package --config C:\Users\Andy\Documents\TFG\Project\3_multiplicacion_acelerada\matrix_hls\hls_config.cfg --work_dir matrix_hls 
  Options from -O    : 
  Options from *.ini : 
  Options from Hw Platform : 

==========================================
new:  steps log generated by v++ for new launch 
timestamp: 12 Apr 2026 22:09:02
