04/12/26 18:05:30: Running xcd server. This server was built by gradle.
04/12/26 18:05:30: Server was asked to start on port: '52389'
04/12/26 18:05:30: Server is using token UUID: '9ef5b6b2-74bc-4e80-bf4c-491784c367e6'
04/12/26 18:05:30: SESSION_MGR: creating session with session uuid: '6d04a3e9-ade5-4ab9-8d63-1f78fcd2ec76' and name 'default'
04/12/26 18:05:30: Attempting to start server on port '52389'
04/12/26 18:05:31: Running Dispatch Server
04/12/26 18:05:31: Version 2.2.0
04/12/26 18:05:33: Dispatch Server: Accepted socket connection from client
04/12/26 18:05:33: Starting Socket connection
04/12/26 18:05:33: EXCHANGE_TOKEN received, server token: 9ef5b6b2-74bc-4e80-bf4c-491784c367e6, passed token: 9ef5b6b2-74bc-4e80-bf4c-491784c367e6
04/12/26 18:05:34: DISPATCH_HANDLER: Adding handler from function makeHandler in library xv_system_diagram
04/12/26 18:05:34: SESSION_MGR: creating session with session uuid: '945eb1d6-0781-4193-a3d2-4ced930a1320' and name 'v++_compile_matrix_hls'
04/12/26 18:05:34: KERNEL_SVC: creating session with uuid: '945eb1d6-0781-4193-a3d2-4ced930a1320' and name 'v++_compile_matrix_hls'
04/12/26 18:05:34: GUIDANCE_SMGR: creating guidance session with uuid: '945eb1d6-0781-4193-a3d2-4ced930a1320' and name 'v++_compile_matrix_hls'
04/12/26 18:05:34: SYSTEM_DIAGRAM: creating session with uuid: '945eb1d6-0781-4193-a3d2-4ced930a1320' and name 'v++_compile_matrix_hls'
04/12/26 18:05:56: Dispatch Server: Accepted socket connection from client
04/12/26 18:05:56: Starting Socket connection
04/12/26 18:07:15: SESSION_MGR: closing session for UUID '945eb1d6-0781-4193-a3d2-4ced930a1320' with name 'v++_compile_matrix_hls'
04/12/26 18:07:15: KERNEL_SVC: closing session for UUID '945eb1d6-0781-4193-a3d2-4ced930a1320' with name 'v++_compile_matrix_hls'
04/12/26 18:07:15: GUIDANCE_SMGR: closing session for UUID '945eb1d6-0781-4193-a3d2-4ced930a1320' with name 'v++_compile_matrix_hls'
04/12/26 18:07:15: SYSTEM_DIAGRAM: closing session for UUID '945eb1d6-0781-4193-a3d2-4ced930a1320' with name 'v++_compile_matrix_hls'
04/12/26 18:07:16: STOP_SERVER received, server token: 9ef5b6b2-74bc-4e80-bf4c-491784c367e6, passed token: 9ef5b6b2-74bc-4e80-bf4c-491784c367e6
04/12/26 18:07:16: Socket received request to stop server.
04/12/26 18:07:16: Dispatch Server: do_await_stop
04/12/26 18:07:16: SERVER: destructor for server bound to port 52389
04/12/26 18:11:56: Running xcd server. This server was built by gradle.
04/12/26 18:11:56: Server was asked to start on port: '52396'
04/12/26 18:11:56: Server is using token UUID: '95e7b78f-b700-48c9-aba0-abeda6b0885f'
04/12/26 18:11:56: SESSION_MGR: creating session with session uuid: '6d04a3e9-ade5-4ab9-8d63-1f78fcd2ec76' and name 'default'
04/12/26 18:11:56: Attempting to start server on port '52396'
04/12/26 18:11:56: Running Dispatch Server
04/12/26 18:11:56: Version 2.2.0
04/12/26 18:11:58: Dispatch Server: Accepted socket connection from client
04/12/26 18:11:58: Starting Socket connection
04/12/26 18:11:58: EXCHANGE_TOKEN received, server token: 95e7b78f-b700-48c9-aba0-abeda6b0885f, passed token: 95e7b78f-b700-48c9-aba0-abeda6b0885f
04/12/26 18:11:59: DISPATCH_HANDLER: Adding handler from function makeHandler in library xv_system_diagram
04/12/26 18:11:59: SESSION_MGR: creating session with session uuid: '73edde8a-6db0-4435-a238-d51fcb9854dd' and name 'vitis-run_compile_matrix_hls'
04/12/26 18:11:59: KERNEL_SVC: creating session with uuid: '73edde8a-6db0-4435-a238-d51fcb9854dd' and name 'vitis-run_compile_matrix_hls'
04/12/26 18:11:59: GUIDANCE_SMGR: creating guidance session with uuid: '73edde8a-6db0-4435-a238-d51fcb9854dd' and name 'vitis-run_compile_matrix_hls'
04/12/26 18:11:59: SYSTEM_DIAGRAM: creating session with uuid: '73edde8a-6db0-4435-a238-d51fcb9854dd' and name 'vitis-run_compile_matrix_hls'
04/12/26 18:12:16: Dispatch Server: Accepted socket connection from client
04/12/26 18:12:16: Starting Socket connection
04/12/26 18:13:40: SESSION_MGR: closing session for UUID '73edde8a-6db0-4435-a238-d51fcb9854dd' with name 'vitis-run_compile_matrix_hls'
04/12/26 18:13:40: KERNEL_SVC: closing session for UUID '73edde8a-6db0-4435-a238-d51fcb9854dd' with name 'vitis-run_compile_matrix_hls'
04/12/26 18:13:40: GUIDANCE_SMGR: closing session for UUID '73edde8a-6db0-4435-a238-d51fcb9854dd' with name 'vitis-run_compile_matrix_hls'
04/12/26 18:13:40: SYSTEM_DIAGRAM: closing session for UUID '73edde8a-6db0-4435-a238-d51fcb9854dd' with name 'vitis-run_compile_matrix_hls'
04/12/26 18:13:40: STOP_SERVER received, server token: 95e7b78f-b700-48c9-aba0-abeda6b0885f, passed token: 95e7b78f-b700-48c9-aba0-abeda6b0885f
04/12/26 18:13:40: Socket received request to stop server.
04/12/26 18:13:40: Dispatch Server: do_await_stop
04/12/26 18:13:40: SERVER: destructor for server bound to port 52396
04/12/26 22:04:49: Running xcd server. This server was built by gradle.
04/12/26 22:04:49: Server was asked to start on port: '52982'
04/12/26 22:04:49: Server is using token UUID: 'a4b11b8d-9881-4c13-8c6f-af9e2a80b86a'
04/12/26 22:04:49: SESSION_MGR: creating session with session uuid: '6d04a3e9-ade5-4ab9-8d63-1f78fcd2ec76' and name 'default'
04/12/26 22:04:49: Attempting to start server on port '52982'
04/12/26 22:04:49: Running Dispatch Server
04/12/26 22:04:49: Version 2.2.0
04/12/26 22:04:51: Dispatch Server: Accepted socket connection from client
04/12/26 22:04:51: Starting Socket connection
04/12/26 22:04:51: EXCHANGE_TOKEN received, server token: a4b11b8d-9881-4c13-8c6f-af9e2a80b86a, passed token: a4b11b8d-9881-4c13-8c6f-af9e2a80b86a
04/12/26 22:04:52: DISPATCH_HANDLER: Adding handler from function makeHandler in library xv_system_diagram
04/12/26 22:04:52: SESSION_MGR: creating session with session uuid: 'c6438994-86b9-4495-8f67-0fe7d96bd9f2' and name 'v++_compile_matrix_hls'
04/12/26 22:04:52: KERNEL_SVC: creating session with uuid: 'c6438994-86b9-4495-8f67-0fe7d96bd9f2' and name 'v++_compile_matrix_hls'
04/12/26 22:04:52: GUIDANCE_SMGR: creating guidance session with uuid: 'c6438994-86b9-4495-8f67-0fe7d96bd9f2' and name 'v++_compile_matrix_hls'
04/12/26 22:04:52: SYSTEM_DIAGRAM: creating session with uuid: 'c6438994-86b9-4495-8f67-0fe7d96bd9f2' and name 'v++_compile_matrix_hls'
04/12/26 22:05:18: Dispatch Server: Accepted socket connection from client
04/12/26 22:05:18: Starting Socket connection
04/12/26 22:06:46: SESSION_MGR: closing session for UUID 'c6438994-86b9-4495-8f67-0fe7d96bd9f2' with name 'v++_compile_matrix_hls'
04/12/26 22:06:46: KERNEL_SVC: closing session for UUID 'c6438994-86b9-4495-8f67-0fe7d96bd9f2' with name 'v++_compile_matrix_hls'
04/12/26 22:06:46: GUIDANCE_SMGR: closing session for UUID 'c6438994-86b9-4495-8f67-0fe7d96bd9f2' with name 'v++_compile_matrix_hls'
04/12/26 22:06:46: SYSTEM_DIAGRAM: closing session for UUID 'c6438994-86b9-4495-8f67-0fe7d96bd9f2' with name 'v++_compile_matrix_hls'
04/12/26 22:06:46: STOP_SERVER received, server token: a4b11b8d-9881-4c13-8c6f-af9e2a80b86a, passed token: a4b11b8d-9881-4c13-8c6f-af9e2a80b86a
04/12/26 22:06:46: Socket received request to stop server.
04/12/26 22:06:46: Dispatch Server: do_await_stop
04/12/26 22:06:46: SERVER: destructor for server bound to port 52982
04/12/26 22:08:59: Running xcd server. This server was built by gradle.
04/12/26 22:08:59: Server was asked to start on port: '52999'
04/12/26 22:08:59: Server is using token UUID: 'e737f63d-977b-4969-93d8-cd5b2165fce0'
04/12/26 22:08:59: SESSION_MGR: creating session with session uuid: '6d04a3e9-ade5-4ab9-8d63-1f78fcd2ec76' and name 'default'
04/12/26 22:08:59: Attempting to start server on port '52999'
04/12/26 22:08:59: Running Dispatch Server
04/12/26 22:08:59: Version 2.2.0
04/12/26 22:09:01: Dispatch Server: Accepted socket connection from client
04/12/26 22:09:01: Starting Socket connection
04/12/26 22:09:01: EXCHANGE_TOKEN received, server token: e737f63d-977b-4969-93d8-cd5b2165fce0, passed token: e737f63d-977b-4969-93d8-cd5b2165fce0
04/12/26 22:09:02: DISPATCH_HANDLER: Adding handler from function makeHandler in library xv_system_diagram
04/12/26 22:09:02: SESSION_MGR: creating session with session uuid: 'e0900d2d-ba53-4991-afd3-fc26a5220e88' and name 'vitis-run_compile_matrix_hls'
04/12/26 22:09:02: KERNEL_SVC: creating session with uuid: 'e0900d2d-ba53-4991-afd3-fc26a5220e88' and name 'vitis-run_compile_matrix_hls'
04/12/26 22:09:02: GUIDANCE_SMGR: creating guidance session with uuid: 'e0900d2d-ba53-4991-afd3-fc26a5220e88' and name 'vitis-run_compile_matrix_hls'
04/12/26 22:09:02: SYSTEM_DIAGRAM: creating session with uuid: 'e0900d2d-ba53-4991-afd3-fc26a5220e88' and name 'vitis-run_compile_matrix_hls'
04/12/26 22:09:20: Dispatch Server: Accepted socket connection from client
04/12/26 22:09:20: Starting Socket connection
04/12/26 22:10:58: SESSION_MGR: closing session for UUID 'e0900d2d-ba53-4991-afd3-fc26a5220e88' with name 'vitis-run_compile_matrix_hls'
04/12/26 22:10:58: KERNEL_SVC: closing session for UUID 'e0900d2d-ba53-4991-afd3-fc26a5220e88' with name 'vitis-run_compile_matrix_hls'
04/12/26 22:10:58: GUIDANCE_SMGR: closing session for UUID 'e0900d2d-ba53-4991-afd3-fc26a5220e88' with name 'vitis-run_compile_matrix_hls'
04/12/26 22:10:58: SYSTEM_DIAGRAM: closing session for UUID 'e0900d2d-ba53-4991-afd3-fc26a5220e88' with name 'vitis-run_compile_matrix_hls'
04/12/26 22:10:58: STOP_SERVER received, server token: e737f63d-977b-4969-93d8-cd5b2165fce0, passed token: e737f63d-977b-4969-93d8-cd5b2165fce0
04/12/26 22:10:58: Socket received request to stop server.
04/12/26 22:10:58: Dispatch Server: do_await_stop
04/12/26 22:10:58: SERVER: destructor for server bound to port 52999
