

================================================================
== Vitis HLS Report for 'matrix_mult_Pipeline_VITIS_LOOP_39_5_VITIS_LOOP_40_6'
================================================================
* Date:           Sun Apr 12 22:06:31 2026

* Version:        2025.2 (Build 6295257 on Nov 14 2025)
* Project:        matrix_hls
* Solution:       hls (Vivado IP Flow Target)
* Product family: zynq
* Target device:  xc7z010-clg400-1


================================================================
== Performance Estimates
================================================================
+ Timing: 
    * Summary: 
    +--------+----------+----------+------------+
    |  Clock |  Target  | Estimated| Uncertainty|
    +--------+----------+----------+------------+
    |ap_clk  |  10.00 ns|  6.923 ns|     2.70 ns|
    +--------+----------+----------+------------+

+ Latency: 
    * Summary: 
    +---------+---------+-----------+-----------+-----+-----+-------------------+
    |  Latency (cycles) |   Latency (absolute)  |  Interval |      Pipeline     |
    |   min   |   max   |    min    |    max    | min | max |        Type       |
    +---------+---------+-----------+-----------+-----+-----+-------------------+
    |     1034|     1034|  10.340 us|  10.340 us|    0|    0|  loop pipeline stp|
    +---------+---------+-----------+-----------+-----+-----+-------------------+

    + Detail: 
        * Instance: 
        N/A

        * Loop: 
        +-----------------------------------+---------+---------+----------+-----------+-----------+------+----------+
        |                                   |  Latency (cycles) | Iteration|  Initiation Interval  | Trip |          |
        |             Loop Name             |   min   |   max   |  Latency |  achieved |   target  | Count| Pipelined|
        +-----------------------------------+---------+---------+----------+-----------+-----------+------+----------+
        |- VITIS_LOOP_39_5_VITIS_LOOP_40_6  |     1032|     1032|        10|          1|          1|  1024|       yes|
        +-----------------------------------+---------+---------+----------+-----------+-----------+------+----------+



================================================================
== Utilization Estimates
================================================================
* Summary: 
+-----------------+---------+-----+-------+-------+-----+
|       Name      | BRAM_18K| DSP |   FF  |  LUT  | URAM|
+-----------------+---------+-----+-------+-------+-----+
|DSP              |        -|    -|      -|      -|    -|
|Expression       |        -|    -|      0|   1162|    -|
|FIFO             |        -|    -|      -|      -|    -|
|Instance         |        -|   96|   5280|   1600|    -|
|Memory           |        -|    -|      -|      -|    -|
|Multiplexer      |        -|    -|      0|     54|    -|
|Register         |        -|    -|   3532|     32|    -|
+-----------------+---------+-----+-------+-------+-----+
|Total            |        0|   96|   8812|   2848|    0|
+-----------------+---------+-----+-------+-------+-----+
|Available        |      120|   80|  35200|  17600|    0|
+-----------------+---------+-----+-------+-------+-----+
|Utilization (%)  |        0|  120|     25|     16|    0|
+-----------------+---------+-----+-------+-------+-----+

+ Detail: 
    * Instance: 
    +-------------------------+--------------------+---------+----+-----+----+-----+
    |         Instance        |       Module       | BRAM_18K| DSP|  FF | LUT| URAM|
    +-------------------------+--------------------+---------+----+-----+----+-----+
    |mul_32s_32s_32_2_1_U79   |mul_32s_32s_32_2_1  |        0|   3|  165|  50|    0|
    |mul_32s_32s_32_2_1_U80   |mul_32s_32s_32_2_1  |        0|   3|  165|  50|    0|
    |mul_32s_32s_32_2_1_U81   |mul_32s_32s_32_2_1  |        0|   3|  165|  50|    0|
    |mul_32s_32s_32_2_1_U82   |mul_32s_32s_32_2_1  |        0|   3|  165|  50|    0|
    |mul_32s_32s_32_2_1_U83   |mul_32s_32s_32_2_1  |        0|   3|  165|  50|    0|
    |mul_32s_32s_32_2_1_U84   |mul_32s_32s_32_2_1  |        0|   3|  165|  50|    0|
    |mul_32s_32s_32_2_1_U85   |mul_32s_32s_32_2_1  |        0|   3|  165|  50|    0|
    |mul_32s_32s_32_2_1_U86   |mul_32s_32s_32_2_1  |        0|   3|  165|  50|    0|
    |mul_32s_32s_32_2_1_U87   |mul_32s_32s_32_2_1  |        0|   3|  165|  50|    0|
    |mul_32s_32s_32_2_1_U88   |mul_32s_32s_32_2_1  |        0|   3|  165|  50|    0|
    |mul_32s_32s_32_2_1_U89   |mul_32s_32s_32_2_1  |        0|   3|  165|  50|    0|
    |mul_32s_32s_32_2_1_U90   |mul_32s_32s_32_2_1  |        0|   3|  165|  50|    0|
    |mul_32s_32s_32_2_1_U91   |mul_32s_32s_32_2_1  |        0|   3|  165|  50|    0|
    |mul_32s_32s_32_2_1_U92   |mul_32s_32s_32_2_1  |        0|   3|  165|  50|    0|
    |mul_32s_32s_32_2_1_U93   |mul_32s_32s_32_2_1  |        0|   3|  165|  50|    0|
    |mul_32s_32s_32_2_1_U94   |mul_32s_32s_32_2_1  |        0|   3|  165|  50|    0|
    |mul_32s_32s_32_2_1_U95   |mul_32s_32s_32_2_1  |        0|   3|  165|  50|    0|
    |mul_32s_32s_32_2_1_U96   |mul_32s_32s_32_2_1  |        0|   3|  165|  50|    0|
    |mul_32s_32s_32_2_1_U97   |mul_32s_32s_32_2_1  |        0|   3|  165|  50|    0|
    |mul_32s_32s_32_2_1_U98   |mul_32s_32s_32_2_1  |        0|   3|  165|  50|    0|
    |mul_32s_32s_32_2_1_U99   |mul_32s_32s_32_2_1  |        0|   3|  165|  50|    0|
    |mul_32s_32s_32_2_1_U100  |mul_32s_32s_32_2_1  |        0|   3|  165|  50|    0|
    |mul_32s_32s_32_2_1_U101  |mul_32s_32s_32_2_1  |        0|   3|  165|  50|    0|
    |mul_32s_32s_32_2_1_U102  |mul_32s_32s_32_2_1  |        0|   3|  165|  50|    0|
    |mul_32s_32s_32_2_1_U103  |mul_32s_32s_32_2_1  |        0|   3|  165|  50|    0|
    |mul_32s_32s_32_2_1_U104  |mul_32s_32s_32_2_1  |        0|   3|  165|  50|    0|
    |mul_32s_32s_32_2_1_U105  |mul_32s_32s_32_2_1  |        0|   3|  165|  50|    0|
    |mul_32s_32s_32_2_1_U106  |mul_32s_32s_32_2_1  |        0|   3|  165|  50|    0|
    |mul_32s_32s_32_2_1_U107  |mul_32s_32s_32_2_1  |        0|   3|  165|  50|    0|
    |mul_32s_32s_32_2_1_U108  |mul_32s_32s_32_2_1  |        0|   3|  165|  50|    0|
    |mul_32s_32s_32_2_1_U109  |mul_32s_32s_32_2_1  |        0|   3|  165|  50|    0|
    |mul_32s_32s_32_2_1_U110  |mul_32s_32s_32_2_1  |        0|   3|  165|  50|    0|
    +-------------------------+--------------------+---------+----+-----+----+-----+
    |Total                    |                    |        0|  96| 5280|1600|    0|
    +-------------------------+--------------------+---------+----+-----+----+-----+

    * DSP: 
    N/A

    * Memory: 
    N/A

    * FIFO: 
    N/A

    * Expression: 
    +--------------------------+----------+----+---+----+------------+------------+
    |       Variable Name      | Operation| DSP| FF| LUT| Bitwidth P0| Bitwidth P1|
    +--------------------------+----------+----+---+----+------------+------------+
    |add_ln39_1_fu_1175_p2     |         +|   0|  0|  12|          11|           1|
    |add_ln39_fu_1192_p2       |         +|   0|  0|  14|           6|           1|
    |add_ln40_fu_1258_p2       |         +|   0|  0|  14|           6|           1|
    |add_ln45_10_fu_1302_p2    |         +|   0|  0|  32|          32|          32|
    |add_ln45_11_fu_1306_p2    |         +|   0|  0|  39|          32|          32|
    |add_ln45_12_fu_1310_p2    |         +|   0|  0|  32|          32|          32|
    |add_ln45_13_fu_1396_p2    |         +|   0|  0|  32|          32|          32|
    |add_ln45_14_fu_1410_p2    |         +|   0|  0|  32|          32|          32|
    |add_ln45_15_fu_1316_p2    |         +|   0|  0|  32|          32|          32|
    |add_ln45_16_fu_1320_p2    |         +|   0|  0|  39|          32|          32|
    |add_ln45_17_fu_1324_p2    |         +|   0|  0|  32|          32|          32|
    |add_ln45_18_fu_1330_p2    |         +|   0|  0|  32|          32|          32|
    |add_ln45_19_fu_1334_p2    |         +|   0|  0|  39|          32|          32|
    |add_ln45_1_fu_1367_p2     |         +|   0|  0|  39|          32|          32|
    |add_ln45_20_fu_1338_p2    |         +|   0|  0|  32|          32|          32|
    |add_ln45_21_fu_1401_p2    |         +|   0|  0|  32|          32|          32|
    |add_ln45_22_fu_1344_p2    |         +|   0|  0|  39|          32|          32|
    |add_ln45_23_fu_1348_p2    |         +|   0|  0|  39|          32|          32|
    |add_ln45_24_fu_1352_p2    |         +|   0|  0|  32|          32|          32|
    |add_ln45_25_fu_1274_p2    |         +|   0|  0|  32|          32|          32|
    |add_ln45_26_fu_1278_p2    |         +|   0|  0|  39|          32|          32|
    |add_ln45_27_fu_1282_p2    |         +|   0|  0|  32|          32|          32|
    |add_ln45_28_fu_1358_p2    |         +|   0|  0|  32|          32|          32|
    |add_ln45_29_fu_1405_p2    |         +|   0|  0|  32|          32|          32|
    |add_ln45_2_fu_1371_p2     |         +|   0|  0|  32|          32|          32|
    |add_ln45_3_fu_1288_p2     |         +|   0|  0|  32|          32|          32|
    |add_ln45_4_fu_1292_p2     |         +|   0|  0|  39|          32|          32|
    |add_ln45_5_fu_1296_p2     |         +|   0|  0|  32|          32|          32|
    |add_ln45_6_fu_1377_p2     |         +|   0|  0|  32|          32|          32|
    |add_ln45_7_fu_1382_p2     |         +|   0|  0|  39|          32|          32|
    |add_ln45_8_fu_1386_p2     |         +|   0|  0|  39|          32|          32|
    |add_ln45_9_fu_1390_p2     |         +|   0|  0|  32|          32|          32|
    |add_ln45_fu_1363_p2       |         +|   0|  0|  39|          32|          32|
    |add_ln47_fu_1252_p2       |         +|   0|  0|  13|          10|          10|
    |sum_fu_1414_p2            |         +|   0|  0|  32|          32|          32|
    |icmp_ln39_fu_1169_p2      |      icmp|   0|  0|  12|          11|          12|
    |icmp_ln40_fu_1198_p2      |      icmp|   0|  0|  14|           6|           7|
    |select_ln39_1_fu_1212_p3  |    select|   0|  0|   6|           1|           6|
    |select_ln39_fu_1204_p3    |    select|   0|  0|   6|           1|           1|
    |ap_enable_pp0             |       xor|   0|  0|   2|           1|           2|
    +--------------------------+----------+----+---+----+------------+------------+
    |Total                     |          |   0|  0|1162|        1045|        1033|
    +--------------------------+----------+----+---+----+------------+------------+

    * Multiplexer: 
    +----------------------------------------+----+-----------+-----+-----------+
    |                  Name                  | LUT| Input Size| Bits| Total Bits|
    +----------------------------------------+----+-----------+-----+-----------+
    |ap_done_int                             |   9|          2|    1|          2|
    |ap_enable_reg_pp0_iter1                 |   9|          2|    1|          2|
    |ap_sig_allocacmp_indvar_flatten13_load  |   9|          2|   11|         22|
    |i_fu_170                                |   9|          2|    6|         12|
    |indvar_flatten13_fu_174                 |   9|          2|   11|         22|
    |j_fu_166                                |   9|          2|    6|         12|
    +----------------------------------------+----+-----------+-----+-----------+
    |Total                                   |  54|         12|   36|         72|
    +----------------------------------------+----+-----------+-----+-----------+

    * Register: 
    +----------------------------------+----+----+-----+-----------+
    |               Name               | FF | LUT| Bits| Const Bits|
    +----------------------------------+----+----+-----+-----------+
    |A_10_load_reg_2107                |  32|   0|   32|          0|
    |A_11_load_reg_2112                |  32|   0|   32|          0|
    |A_12_load_reg_1857                |  32|   0|   32|          0|
    |A_13_load_reg_1862                |  32|   0|   32|          0|
    |A_14_load_reg_1867                |  32|   0|   32|          0|
    |A_15_load_reg_1872                |  32|   0|   32|          0|
    |A_16_load_reg_1877                |  32|   0|   32|          0|
    |A_17_load_reg_1882                |  32|   0|   32|          0|
    |A_18_load_reg_1887                |  32|   0|   32|          0|
    |A_19_load_reg_1892                |  32|   0|   32|          0|
    |A_1_load_reg_2082                 |  32|   0|   32|          0|
    |A_20_load_reg_1897                |  32|   0|   32|          0|
    |A_21_load_reg_1902                |  32|   0|   32|          0|
    |A_22_load_reg_1907                |  32|   0|   32|          0|
    |A_23_load_reg_1912                |  32|   0|   32|          0|
    |A_24_load_reg_1917                |  32|   0|   32|          0|
    |A_25_load_reg_1922                |  32|   0|   32|          0|
    |A_26_load_reg_1927                |  32|   0|   32|          0|
    |A_27_load_reg_1932                |  32|   0|   32|          0|
    |A_28_load_reg_1657                |  32|   0|   32|          0|
    |A_29_load_reg_1662                |  32|   0|   32|          0|
    |A_2_load_reg_2087                 |  32|   0|   32|          0|
    |A_30_load_reg_1667                |  32|   0|   32|          0|
    |A_31_load_reg_1672                |  32|   0|   32|          0|
    |A_3_load_reg_2092                 |  32|   0|   32|          0|
    |A_4_load_reg_1817                 |  32|   0|   32|          0|
    |A_5_load_reg_1822                 |  32|   0|   32|          0|
    |A_6_load_reg_1827                 |  32|   0|   32|          0|
    |A_7_load_reg_1832                 |  32|   0|   32|          0|
    |A_8_load_reg_2097                 |  32|   0|   32|          0|
    |A_9_load_reg_2102                 |  32|   0|   32|          0|
    |A_load_reg_2077                   |  32|   0|   32|          0|
    |B_10_load_reg_2147                |  32|   0|   32|          0|
    |B_11_load_reg_2152                |  32|   0|   32|          0|
    |B_12_load_reg_1997                |  32|   0|   32|          0|
    |B_13_load_reg_2002                |  32|   0|   32|          0|
    |B_14_load_reg_2007                |  32|   0|   32|          0|
    |B_15_load_reg_2012                |  32|   0|   32|          0|
    |B_16_load_reg_2017                |  32|   0|   32|          0|
    |B_17_load_reg_2022                |  32|   0|   32|          0|
    |B_18_load_reg_2027                |  32|   0|   32|          0|
    |B_19_load_reg_2032                |  32|   0|   32|          0|
    |B_1_load_reg_2122                 |  32|   0|   32|          0|
    |B_20_load_reg_2037                |  32|   0|   32|          0|
    |B_21_load_reg_2042                |  32|   0|   32|          0|
    |B_22_load_reg_2047                |  32|   0|   32|          0|
    |B_23_load_reg_2052                |  32|   0|   32|          0|
    |B_24_load_reg_2057                |  32|   0|   32|          0|
    |B_25_load_reg_2062                |  32|   0|   32|          0|
    |B_26_load_reg_2067                |  32|   0|   32|          0|
    |B_27_load_reg_2072                |  32|   0|   32|          0|
    |B_28_load_reg_1777                |  32|   0|   32|          0|
    |B_29_load_reg_1782                |  32|   0|   32|          0|
    |B_2_load_reg_2127                 |  32|   0|   32|          0|
    |B_30_load_reg_1787                |  32|   0|   32|          0|
    |B_31_load_reg_1792                |  32|   0|   32|          0|
    |B_3_load_reg_2132                 |  32|   0|   32|          0|
    |B_4_load_reg_1957                 |  32|   0|   32|          0|
    |B_5_load_reg_1962                 |  32|   0|   32|          0|
    |B_6_load_reg_1967                 |  32|   0|   32|          0|
    |B_7_load_reg_1972                 |  32|   0|   32|          0|
    |B_8_load_reg_2137                 |  32|   0|   32|          0|
    |B_9_load_reg_2142                 |  32|   0|   32|          0|
    |B_load_reg_2117                   |  32|   0|   32|          0|
    |add_ln45_12_reg_2327              |  32|   0|   32|          0|
    |add_ln45_13_reg_2352              |  32|   0|   32|          0|
    |add_ln45_17_reg_2332              |  32|   0|   32|          0|
    |add_ln45_20_reg_2337              |  32|   0|   32|          0|
    |add_ln45_27_reg_2277              |  32|   0|   32|          0|
    |add_ln45_28_reg_2342              |  32|   0|   32|          0|
    |add_ln45_29_reg_2357              |  32|   0|   32|          0|
    |add_ln45_5_reg_2322               |  32|   0|   32|          0|
    |add_ln45_6_reg_2347               |  32|   0|   32|          0|
    |add_ln47_reg_1532                 |  10|   0|   10|          0|
    |ap_CS_fsm                         |   1|   0|    1|          0|
    |ap_done_reg                       |   1|   0|    1|          0|
    |ap_enable_reg_pp0_iter1           |   1|   0|    1|          0|
    |ap_enable_reg_pp0_iter2           |   1|   0|    1|          0|
    |ap_enable_reg_pp0_iter3           |   1|   0|    1|          0|
    |ap_enable_reg_pp0_iter4           |   1|   0|    1|          0|
    |ap_enable_reg_pp0_iter5           |   1|   0|    1|          0|
    |ap_enable_reg_pp0_iter6           |   1|   0|    1|          0|
    |ap_enable_reg_pp0_iter7           |   1|   0|    1|          0|
    |ap_enable_reg_pp0_iter8           |   1|   0|    1|          0|
    |ap_enable_reg_pp0_iter9           |   1|   0|    1|          0|
    |ap_loop_exit_ready_pp0_iter1_reg  |   1|   0|    1|          0|
    |ap_loop_exit_ready_pp0_iter2_reg  |   1|   0|    1|          0|
    |ap_loop_exit_ready_pp0_iter3_reg  |   1|   0|    1|          0|
    |ap_loop_exit_ready_pp0_iter4_reg  |   1|   0|    1|          0|
    |ap_loop_exit_ready_pp0_iter5_reg  |   1|   0|    1|          0|
    |ap_loop_exit_ready_pp0_iter6_reg  |   1|   0|    1|          0|
    |ap_loop_exit_ready_pp0_iter7_reg  |   1|   0|    1|          0|
    |ap_loop_exit_ready_pp0_iter8_reg  |   1|   0|    1|          0|
    |i_fu_170                          |   6|   0|    6|          0|
    |indvar_flatten13_fu_174           |  11|   0|   11|          0|
    |j_fu_166                          |   6|   0|    6|          0|
    |mul_ln45_10_reg_2207              |  32|   0|   32|          0|
    |mul_ln45_11_reg_2212              |  32|   0|   32|          0|
    |mul_ln45_12_reg_2217              |  32|   0|   32|          0|
    |mul_ln45_13_reg_2222              |  32|   0|   32|          0|
    |mul_ln45_14_reg_2227              |  32|   0|   32|          0|
    |mul_ln45_15_reg_2232              |  32|   0|   32|          0|
    |mul_ln45_16_reg_2237              |  32|   0|   32|          0|
    |mul_ln45_17_reg_2242              |  32|   0|   32|          0|
    |mul_ln45_18_reg_2247              |  32|   0|   32|          0|
    |mul_ln45_19_reg_2252              |  32|   0|   32|          0|
    |mul_ln45_1_reg_2162               |  32|   0|   32|          0|
    |mul_ln45_20_reg_2282              |  32|   0|   32|          0|
    |mul_ln45_21_reg_2287              |  32|   0|   32|          0|
    |mul_ln45_22_reg_2292              |  32|   0|   32|          0|
    |mul_ln45_23_reg_2297              |  32|   0|   32|          0|
    |mul_ln45_24_reg_2257              |  32|   0|   32|          0|
    |mul_ln45_25_reg_2262              |  32|   0|   32|          0|
    |mul_ln45_26_reg_2267              |  32|   0|   32|          0|
    |mul_ln45_27_reg_2272              |  32|   0|   32|          0|
    |mul_ln45_28_reg_2302              |  32|   0|   32|          0|
    |mul_ln45_29_reg_2307              |  32|   0|   32|          0|
    |mul_ln45_2_reg_2167               |  32|   0|   32|          0|
    |mul_ln45_30_reg_2312              |  32|   0|   32|          0|
    |mul_ln45_31_reg_2317              |  32|   0|   32|          0|
    |mul_ln45_3_reg_2172               |  32|   0|   32|          0|
    |mul_ln45_4_reg_2177               |  32|   0|   32|          0|
    |mul_ln45_5_reg_2182               |  32|   0|   32|          0|
    |mul_ln45_6_reg_2187               |  32|   0|   32|          0|
    |mul_ln45_7_reg_2192               |  32|   0|   32|          0|
    |mul_ln45_8_reg_2197               |  32|   0|   32|          0|
    |mul_ln45_9_reg_2202               |  32|   0|   32|          0|
    |mul_ln45_reg_2157                 |  32|   0|   32|          0|
    |sum_reg_2362                      |  32|   0|   32|          0|
    |zext_ln39_reg_1448                |   6|   0|   64|         58|
    |zext_ln39_reg_1448_pp0_iter2_reg  |   6|   0|   64|         58|
    |zext_ln40_reg_1500                |   6|   0|   64|         58|
    |zext_ln40_reg_1500_pp0_iter2_reg  |   6|   0|   64|         58|
    |add_ln47_reg_1532                 |  64|  32|   10|          0|
    +----------------------------------+----+----+-----+-----------+
    |Total                             |3532|  32| 3710|        232|
    +----------------------------------+----+----+-----+-----------+



================================================================
== Interface
================================================================
* Summary: 
+---------------+-----+-----+------------+------------------------------------------------------+--------------+
|   RTL Ports   | Dir | Bits|  Protocol  |                     Source Object                    |    C Type    |
+---------------+-----+-----+------------+------------------------------------------------------+--------------+
|ap_clk         |   in|    1|  ap_ctrl_hs|  matrix_mult_Pipeline_VITIS_LOOP_39_5_VITIS_LOOP_40_6|  return value|
|ap_rst         |   in|    1|  ap_ctrl_hs|  matrix_mult_Pipeline_VITIS_LOOP_39_5_VITIS_LOOP_40_6|  return value|
|ap_start       |   in|    1|  ap_ctrl_hs|  matrix_mult_Pipeline_VITIS_LOOP_39_5_VITIS_LOOP_40_6|  return value|
|ap_done        |  out|    1|  ap_ctrl_hs|  matrix_mult_Pipeline_VITIS_LOOP_39_5_VITIS_LOOP_40_6|  return value|
|ap_idle        |  out|    1|  ap_ctrl_hs|  matrix_mult_Pipeline_VITIS_LOOP_39_5_VITIS_LOOP_40_6|  return value|
|ap_ready       |  out|    1|  ap_ctrl_hs|  matrix_mult_Pipeline_VITIS_LOOP_39_5_VITIS_LOOP_40_6|  return value|
|A_address0     |  out|    5|   ap_memory|                                                     A|         array|
|A_ce0          |  out|    1|   ap_memory|                                                     A|         array|
|A_q0           |   in|   32|   ap_memory|                                                     A|         array|
|A_1_address0   |  out|    5|   ap_memory|                                                   A_1|         array|
|A_1_ce0        |  out|    1|   ap_memory|                                                   A_1|         array|
|A_1_q0         |   in|   32|   ap_memory|                                                   A_1|         array|
|A_2_address0   |  out|    5|   ap_memory|                                                   A_2|         array|
|A_2_ce0        |  out|    1|   ap_memory|                                                   A_2|         array|
|A_2_q0         |   in|   32|   ap_memory|                                                   A_2|         array|
|A_3_address0   |  out|    5|   ap_memory|                                                   A_3|         array|
|A_3_ce0        |  out|    1|   ap_memory|                                                   A_3|         array|
|A_3_q0         |   in|   32|   ap_memory|                                                   A_3|         array|
|A_4_address0   |  out|    5|   ap_memory|                                                   A_4|         array|
|A_4_ce0        |  out|    1|   ap_memory|                                                   A_4|         array|
|A_4_q0         |   in|   32|   ap_memory|                                                   A_4|         array|
|A_5_address0   |  out|    5|   ap_memory|                                                   A_5|         array|
|A_5_ce0        |  out|    1|   ap_memory|                                                   A_5|         array|
|A_5_q0         |   in|   32|   ap_memory|                                                   A_5|         array|
|A_6_address0   |  out|    5|   ap_memory|                                                   A_6|         array|
|A_6_ce0        |  out|    1|   ap_memory|                                                   A_6|         array|
|A_6_q0         |   in|   32|   ap_memory|                                                   A_6|         array|
|A_7_address0   |  out|    5|   ap_memory|                                                   A_7|         array|
|A_7_ce0        |  out|    1|   ap_memory|                                                   A_7|         array|
|A_7_q0         |   in|   32|   ap_memory|                                                   A_7|         array|
|A_8_address0   |  out|    5|   ap_memory|                                                   A_8|         array|
|A_8_ce0        |  out|    1|   ap_memory|                                                   A_8|         array|
|A_8_q0         |   in|   32|   ap_memory|                                                   A_8|         array|
|A_9_address0   |  out|    5|   ap_memory|                                                   A_9|         array|
|A_9_ce0        |  out|    1|   ap_memory|                                                   A_9|         array|
|A_9_q0         |   in|   32|   ap_memory|                                                   A_9|         array|
|A_10_address0  |  out|    5|   ap_memory|                                                  A_10|         array|
|A_10_ce0       |  out|    1|   ap_memory|                                                  A_10|         array|
|A_10_q0        |   in|   32|   ap_memory|                                                  A_10|         array|
|A_11_address0  |  out|    5|   ap_memory|                                                  A_11|         array|
|A_11_ce0       |  out|    1|   ap_memory|                                                  A_11|         array|
|A_11_q0        |   in|   32|   ap_memory|                                                  A_11|         array|
|A_12_address0  |  out|    5|   ap_memory|                                                  A_12|         array|
|A_12_ce0       |  out|    1|   ap_memory|                                                  A_12|         array|
|A_12_q0        |   in|   32|   ap_memory|                                                  A_12|         array|
|A_13_address0  |  out|    5|   ap_memory|                                                  A_13|         array|
|A_13_ce0       |  out|    1|   ap_memory|                                                  A_13|         array|
|A_13_q0        |   in|   32|   ap_memory|                                                  A_13|         array|
|A_14_address0  |  out|    5|   ap_memory|                                                  A_14|         array|
|A_14_ce0       |  out|    1|   ap_memory|                                                  A_14|         array|
|A_14_q0        |   in|   32|   ap_memory|                                                  A_14|         array|
|A_15_address0  |  out|    5|   ap_memory|                                                  A_15|         array|
|A_15_ce0       |  out|    1|   ap_memory|                                                  A_15|         array|
|A_15_q0        |   in|   32|   ap_memory|                                                  A_15|         array|
|A_16_address0  |  out|    5|   ap_memory|                                                  A_16|         array|
|A_16_ce0       |  out|    1|   ap_memory|                                                  A_16|         array|
|A_16_q0        |   in|   32|   ap_memory|                                                  A_16|         array|
|A_17_address0  |  out|    5|   ap_memory|                                                  A_17|         array|
|A_17_ce0       |  out|    1|   ap_memory|                                                  A_17|         array|
|A_17_q0        |   in|   32|   ap_memory|                                                  A_17|         array|
|A_18_address0  |  out|    5|   ap_memory|                                                  A_18|         array|
|A_18_ce0       |  out|    1|   ap_memory|                                                  A_18|         array|
|A_18_q0        |   in|   32|   ap_memory|                                                  A_18|         array|
|A_19_address0  |  out|    5|   ap_memory|                                                  A_19|         array|
|A_19_ce0       |  out|    1|   ap_memory|                                                  A_19|         array|
|A_19_q0        |   in|   32|   ap_memory|                                                  A_19|         array|
|A_20_address0  |  out|    5|   ap_memory|                                                  A_20|         array|
|A_20_ce0       |  out|    1|   ap_memory|                                                  A_20|         array|
|A_20_q0        |   in|   32|   ap_memory|                                                  A_20|         array|
|A_21_address0  |  out|    5|   ap_memory|                                                  A_21|         array|
|A_21_ce0       |  out|    1|   ap_memory|                                                  A_21|         array|
|A_21_q0        |   in|   32|   ap_memory|                                                  A_21|         array|
|A_22_address0  |  out|    5|   ap_memory|                                                  A_22|         array|
|A_22_ce0       |  out|    1|   ap_memory|                                                  A_22|         array|
|A_22_q0        |   in|   32|   ap_memory|                                                  A_22|         array|
|A_23_address0  |  out|    5|   ap_memory|                                                  A_23|         array|
|A_23_ce0       |  out|    1|   ap_memory|                                                  A_23|         array|
|A_23_q0        |   in|   32|   ap_memory|                                                  A_23|         array|
|A_24_address0  |  out|    5|   ap_memory|                                                  A_24|         array|
|A_24_ce0       |  out|    1|   ap_memory|                                                  A_24|         array|
|A_24_q0        |   in|   32|   ap_memory|                                                  A_24|         array|
|A_25_address0  |  out|    5|   ap_memory|                                                  A_25|         array|
|A_25_ce0       |  out|    1|   ap_memory|                                                  A_25|         array|
|A_25_q0        |   in|   32|   ap_memory|                                                  A_25|         array|
|A_26_address0  |  out|    5|   ap_memory|                                                  A_26|         array|
|A_26_ce0       |  out|    1|   ap_memory|                                                  A_26|         array|
|A_26_q0        |   in|   32|   ap_memory|                                                  A_26|         array|
|A_27_address0  |  out|    5|   ap_memory|                                                  A_27|         array|
|A_27_ce0       |  out|    1|   ap_memory|                                                  A_27|         array|
|A_27_q0        |   in|   32|   ap_memory|                                                  A_27|         array|
|A_28_address0  |  out|    5|   ap_memory|                                                  A_28|         array|
|A_28_ce0       |  out|    1|   ap_memory|                                                  A_28|         array|
|A_28_q0        |   in|   32|   ap_memory|                                                  A_28|         array|
|A_29_address0  |  out|    5|   ap_memory|                                                  A_29|         array|
|A_29_ce0       |  out|    1|   ap_memory|                                                  A_29|         array|
|A_29_q0        |   in|   32|   ap_memory|                                                  A_29|         array|
|A_30_address0  |  out|    5|   ap_memory|                                                  A_30|         array|
|A_30_ce0       |  out|    1|   ap_memory|                                                  A_30|         array|
|A_30_q0        |   in|   32|   ap_memory|                                                  A_30|         array|
|A_31_address0  |  out|    5|   ap_memory|                                                  A_31|         array|
|A_31_ce0       |  out|    1|   ap_memory|                                                  A_31|         array|
|A_31_q0        |   in|   32|   ap_memory|                                                  A_31|         array|
|C_address0     |  out|   10|   ap_memory|                                                     C|         array|
|C_ce0          |  out|    1|   ap_memory|                                                     C|         array|
|C_we0          |  out|    1|   ap_memory|                                                     C|         array|
|C_d0           |  out|   32|   ap_memory|                                                     C|         array|
|B_address0     |  out|    5|   ap_memory|                                                     B|         array|
|B_ce0          |  out|    1|   ap_memory|                                                     B|         array|
|B_q0           |   in|   32|   ap_memory|                                                     B|         array|
|B_1_address0   |  out|    5|   ap_memory|                                                   B_1|         array|
|B_1_ce0        |  out|    1|   ap_memory|                                                   B_1|         array|
|B_1_q0         |   in|   32|   ap_memory|                                                   B_1|         array|
|B_2_address0   |  out|    5|   ap_memory|                                                   B_2|         array|
|B_2_ce0        |  out|    1|   ap_memory|                                                   B_2|         array|
|B_2_q0         |   in|   32|   ap_memory|                                                   B_2|         array|
|B_3_address0   |  out|    5|   ap_memory|                                                   B_3|         array|
|B_3_ce0        |  out|    1|   ap_memory|                                                   B_3|         array|
|B_3_q0         |   in|   32|   ap_memory|                                                   B_3|         array|
|B_4_address0   |  out|    5|   ap_memory|                                                   B_4|         array|
|B_4_ce0        |  out|    1|   ap_memory|                                                   B_4|         array|
|B_4_q0         |   in|   32|   ap_memory|                                                   B_4|         array|
|B_5_address0   |  out|    5|   ap_memory|                                                   B_5|         array|
|B_5_ce0        |  out|    1|   ap_memory|                                                   B_5|         array|
|B_5_q0         |   in|   32|   ap_memory|                                                   B_5|         array|
|B_6_address0   |  out|    5|   ap_memory|                                                   B_6|         array|
|B_6_ce0        |  out|    1|   ap_memory|                                                   B_6|         array|
|B_6_q0         |   in|   32|   ap_memory|                                                   B_6|         array|
|B_7_address0   |  out|    5|   ap_memory|                                                   B_7|         array|
|B_7_ce0        |  out|    1|   ap_memory|                                                   B_7|         array|
|B_7_q0         |   in|   32|   ap_memory|                                                   B_7|         array|
|B_8_address0   |  out|    5|   ap_memory|                                                   B_8|         array|
|B_8_ce0        |  out|    1|   ap_memory|                                                   B_8|         array|
|B_8_q0         |   in|   32|   ap_memory|                                                   B_8|         array|
|B_9_address0   |  out|    5|   ap_memory|                                                   B_9|         array|
|B_9_ce0        |  out|    1|   ap_memory|                                                   B_9|         array|
|B_9_q0         |   in|   32|   ap_memory|                                                   B_9|         array|
|B_10_address0  |  out|    5|   ap_memory|                                                  B_10|         array|
|B_10_ce0       |  out|    1|   ap_memory|                                                  B_10|         array|
|B_10_q0        |   in|   32|   ap_memory|                                                  B_10|         array|
|B_11_address0  |  out|    5|   ap_memory|                                                  B_11|         array|
|B_11_ce0       |  out|    1|   ap_memory|                                                  B_11|         array|
|B_11_q0        |   in|   32|   ap_memory|                                                  B_11|         array|
|B_12_address0  |  out|    5|   ap_memory|                                                  B_12|         array|
|B_12_ce0       |  out|    1|   ap_memory|                                                  B_12|         array|
|B_12_q0        |   in|   32|   ap_memory|                                                  B_12|         array|
|B_13_address0  |  out|    5|   ap_memory|                                                  B_13|         array|
|B_13_ce0       |  out|    1|   ap_memory|                                                  B_13|         array|
|B_13_q0        |   in|   32|   ap_memory|                                                  B_13|         array|
|B_14_address0  |  out|    5|   ap_memory|                                                  B_14|         array|
|B_14_ce0       |  out|    1|   ap_memory|                                                  B_14|         array|
|B_14_q0        |   in|   32|   ap_memory|                                                  B_14|         array|
|B_15_address0  |  out|    5|   ap_memory|                                                  B_15|         array|
|B_15_ce0       |  out|    1|   ap_memory|                                                  B_15|         array|
|B_15_q0        |   in|   32|   ap_memory|                                                  B_15|         array|
|B_16_address0  |  out|    5|   ap_memory|                                                  B_16|         array|
|B_16_ce0       |  out|    1|   ap_memory|                                                  B_16|         array|
|B_16_q0        |   in|   32|   ap_memory|                                                  B_16|         array|
|B_17_address0  |  out|    5|   ap_memory|                                                  B_17|         array|
|B_17_ce0       |  out|    1|   ap_memory|                                                  B_17|         array|
|B_17_q0        |   in|   32|   ap_memory|                                                  B_17|         array|
|B_18_address0  |  out|    5|   ap_memory|                                                  B_18|         array|
|B_18_ce0       |  out|    1|   ap_memory|                                                  B_18|         array|
|B_18_q0        |   in|   32|   ap_memory|                                                  B_18|         array|
|B_19_address0  |  out|    5|   ap_memory|                                                  B_19|         array|
|B_19_ce0       |  out|    1|   ap_memory|                                                  B_19|         array|
|B_19_q0        |   in|   32|   ap_memory|                                                  B_19|         array|
|B_20_address0  |  out|    5|   ap_memory|                                                  B_20|         array|
|B_20_ce0       |  out|    1|   ap_memory|                                                  B_20|         array|
|B_20_q0        |   in|   32|   ap_memory|                                                  B_20|         array|
|B_21_address0  |  out|    5|   ap_memory|                                                  B_21|         array|
|B_21_ce0       |  out|    1|   ap_memory|                                                  B_21|         array|
|B_21_q0        |   in|   32|   ap_memory|                                                  B_21|         array|
|B_22_address0  |  out|    5|   ap_memory|                                                  B_22|         array|
|B_22_ce0       |  out|    1|   ap_memory|                                                  B_22|         array|
|B_22_q0        |   in|   32|   ap_memory|                                                  B_22|         array|
|B_23_address0  |  out|    5|   ap_memory|                                                  B_23|         array|
|B_23_ce0       |  out|    1|   ap_memory|                                                  B_23|         array|
|B_23_q0        |   in|   32|   ap_memory|                                                  B_23|         array|
|B_24_address0  |  out|    5|   ap_memory|                                                  B_24|         array|
|B_24_ce0       |  out|    1|   ap_memory|                                                  B_24|         array|
|B_24_q0        |   in|   32|   ap_memory|                                                  B_24|         array|
|B_25_address0  |  out|    5|   ap_memory|                                                  B_25|         array|
|B_25_ce0       |  out|    1|   ap_memory|                                                  B_25|         array|
|B_25_q0        |   in|   32|   ap_memory|                                                  B_25|         array|
|B_26_address0  |  out|    5|   ap_memory|                                                  B_26|         array|
|B_26_ce0       |  out|    1|   ap_memory|                                                  B_26|         array|
|B_26_q0        |   in|   32|   ap_memory|                                                  B_26|         array|
|B_27_address0  |  out|    5|   ap_memory|                                                  B_27|         array|
|B_27_ce0       |  out|    1|   ap_memory|                                                  B_27|         array|
|B_27_q0        |   in|   32|   ap_memory|                                                  B_27|         array|
|B_28_address0  |  out|    5|   ap_memory|                                                  B_28|         array|
|B_28_ce0       |  out|    1|   ap_memory|                                                  B_28|         array|
|B_28_q0        |   in|   32|   ap_memory|                                                  B_28|         array|
|B_29_address0  |  out|    5|   ap_memory|                                                  B_29|         array|
|B_29_ce0       |  out|    1|   ap_memory|                                                  B_29|         array|
|B_29_q0        |   in|   32|   ap_memory|                                                  B_29|         array|
|B_30_address0  |  out|    5|   ap_memory|                                                  B_30|         array|
|B_30_ce0       |  out|    1|   ap_memory|                                                  B_30|         array|
|B_30_q0        |   in|   32|   ap_memory|                                                  B_30|         array|
|B_31_address0  |  out|    5|   ap_memory|                                                  B_31|         array|
|B_31_ce0       |  out|    1|   ap_memory|                                                  B_31|         array|
|B_31_q0        |   in|   32|   ap_memory|                                                  B_31|         array|
+---------------+-----+-----+------------+------------------------------------------------------+--------------+

