

================================================================
== Vitis HLS Report for 'matrix_mult'
================================================================
* Date:           Sun Apr 12 22:06:36 2026

* Version:        2025.2 (Build 6295257 on Nov 14 2025)
* Project:        matrix_hls
* Solution:       hls (Vivado IP Flow Target)
* Product family: zynq
* Target device:  xc7z010-clg400-1


================================================================
== Performance Estimates
================================================================
+ Timing: 
    * Summary: 
    +--------+----------+----------+------------+
    |  Clock |  Target  | Estimated| Uncertainty|
    +--------+----------+----------+------------+
    |ap_clk  |  10.00 ns|  6.923 ns|     2.70 ns|
    +--------+----------+----------+------------+

+ Latency: 
    * Summary: 
    +---------+---------+-----------+-----------+------+------+---------+
    |  Latency (cycles) |   Latency (absolute)  |   Interval  | Pipeline|
    |   min   |   max   |    min    |    max    |  min |  max |   Type  |
    +---------+---------+-----------+-----------+------+------+---------+
    |     4125|     4125|  41.250 us|  41.250 us|  4126|  4126|       no|
    +---------+---------+-----------+-----------+------+------+---------+

    + Detail: 
        * Instance: 
        +-----------------------------------------------------------------+------------------------------------------------------+---------+---------+-----------+-----------+-----+-----+-------------------+
        |                                                                 |                                                      |  Latency (cycles) |   Latency (absolute)  |  Interval |      Pipeline     |
        |                             Instance                            |                        Module                        |   min   |   max   |    min    |    max    | min | max |        Type       |
        +-----------------------------------------------------------------+------------------------------------------------------+---------+---------+-----------+-----------+-----+-----+-------------------+
        |grp_matrix_mult_Pipeline_VITIS_LOOP_23_1_VITIS_LOOP_24_2_fu_328  |matrix_mult_Pipeline_VITIS_LOOP_23_1_VITIS_LOOP_24_2  |     1027|     1027|  10.270 us|  10.270 us|    0|    0|  loop pipeline stp|
        |grp_matrix_mult_Pipeline_VITIS_LOOP_31_3_VITIS_LOOP_32_4_fu_378  |matrix_mult_Pipeline_VITIS_LOOP_31_3_VITIS_LOOP_32_4  |     1027|     1027|  10.270 us|  10.270 us|    0|    0|  loop pipeline stp|
        |grp_matrix_mult_Pipeline_VITIS_LOOP_39_5_VITIS_LOOP_40_6_fu_428  |matrix_mult_Pipeline_VITIS_LOOP_39_5_VITIS_LOOP_40_6  |     1034|     1034|  10.340 us|  10.340 us|    0|    0|  loop pipeline stp|
        |grp_matrix_mult_Pipeline_VITIS_LOOP_52_8_VITIS_LOOP_53_9_fu_497  |matrix_mult_Pipeline_VITIS_LOOP_52_8_VITIS_LOOP_53_9  |     1028|     1028|  10.280 us|  10.280 us|    0|    0|  loop pipeline stp|
        +-----------------------------------------------------------------+------------------------------------------------------+---------+---------+-----------+-----------+-----+-----+-------------------+

        * Loop: 
        N/A



================================================================
== Utilization Estimates
================================================================
* Summary: 
+-----------------+---------+-----+-------+-------+-----+
|       Name      | BRAM_18K| DSP |   FF  |  LUT  | URAM|
+-----------------+---------+-----+-------+-------+-----+
|DSP              |        -|    -|      -|      -|    -|
|Expression       |        -|    -|      0|      2|    -|
|FIFO             |        -|    -|      -|      -|    -|
|Instance         |        0|   96|   8963|   3366|    -|
|Memory           |       66|    -|      0|      0|    0|
|Multiplexer      |        -|    -|      0|   2541|    -|
|Register         |        -|    -|     58|      -|    -|
+-----------------+---------+-----+-------+-------+-----+
|Total            |       66|   96|   9021|   5909|    0|
+-----------------+---------+-----+-------+-------+-----+
|Available        |      120|   80|  35200|  17600|    0|
+-----------------+---------+-----+-------+-------+-----+
|Utilization (%)  |       55|  120|     25|     33|    0|
+-----------------+---------+-----+-------+-------+-----+

+ Detail: 
    * Instance: 
    +-----------------------------------------------------------------+------------------------------------------------------+---------+----+------+------+-----+
    |                             Instance                            |                        Module                        | BRAM_18K| DSP|  FF  |  LUT | URAM|
    +-----------------------------------------------------------------+------------------------------------------------------+---------+----+------+------+-----+
    |CTRL_s_axi_U                                                     |CTRL_s_axi                                            |        0|   0|    36|    40|    0|
    |grp_matrix_mult_Pipeline_VITIS_LOOP_23_1_VITIS_LOOP_24_2_fu_328  |matrix_mult_Pipeline_VITIS_LOOP_23_1_VITIS_LOOP_24_2  |        0|   0|    34|   145|    0|
    |grp_matrix_mult_Pipeline_VITIS_LOOP_31_3_VITIS_LOOP_32_4_fu_378  |matrix_mult_Pipeline_VITIS_LOOP_31_3_VITIS_LOOP_32_4  |        0|   0|    39|   145|    0|
    |grp_matrix_mult_Pipeline_VITIS_LOOP_39_5_VITIS_LOOP_40_6_fu_428  |matrix_mult_Pipeline_VITIS_LOOP_39_5_VITIS_LOOP_40_6  |        0|  96|  8812|  2848|    0|
    |grp_matrix_mult_Pipeline_VITIS_LOOP_52_8_VITIS_LOOP_53_9_fu_497  |matrix_mult_Pipeline_VITIS_LOOP_52_8_VITIS_LOOP_53_9  |        0|   0|    42|   188|    0|
    +-----------------------------------------------------------------+------------------------------------------------------+---------+----+------+------+-----+
    |Total                                                            |                                                      |        0|  96|  8963|  3366|    0|
    +-----------------------------------------------------------------+------------------------------------------------------+---------+----+------+------+-----+

    * DSP: 
    N/A

    * Memory: 
    +--------+-----------------+---------+---+----+-----+------+-----+------+-------------+
    | Memory |      Module     | BRAM_18K| FF| LUT| URAM| Words| Bits| Banks| W*Bits*Banks|
    +--------+-----------------+---------+---+----+-----+------+-----+------+-------------+
    |A_U     |A_RAM_AUTO_1R1W  |        1|  0|   0|    0|    32|   32|     1|         1024|
    |A_1_U   |A_RAM_AUTO_1R1W  |        1|  0|   0|    0|    32|   32|     1|         1024|
    |A_2_U   |A_RAM_AUTO_1R1W  |        1|  0|   0|    0|    32|   32|     1|         1024|
    |A_3_U   |A_RAM_AUTO_1R1W  |        1|  0|   0|    0|    32|   32|     1|         1024|
    |A_4_U   |A_RAM_AUTO_1R1W  |        1|  0|   0|    0|    32|   32|     1|         1024|
    |A_5_U   |A_RAM_AUTO_1R1W  |        1|  0|   0|    0|    32|   32|     1|         1024|
    |A_6_U   |A_RAM_AUTO_1R1W  |        1|  0|   0|    0|    32|   32|     1|         1024|
    |A_7_U   |A_RAM_AUTO_1R1W  |        1|  0|   0|    0|    32|   32|     1|         1024|
    |A_8_U   |A_RAM_AUTO_1R1W  |        1|  0|   0|    0|    32|   32|     1|         1024|
    |A_9_U   |A_RAM_AUTO_1R1W  |        1|  0|   0|    0|    32|   32|     1|         1024|
    |A_10_U  |A_RAM_AUTO_1R1W  |        1|  0|   0|    0|    32|   32|     1|         1024|
    |A_11_U  |A_RAM_AUTO_1R1W  |        1|  0|   0|    0|    32|   32|     1|         1024|
    |A_12_U  |A_RAM_AUTO_1R1W  |        1|  0|   0|    0|    32|   32|     1|         1024|
    |A_13_U  |A_RAM_AUTO_1R1W  |        1|  0|   0|    0|    32|   32|     1|         1024|
    |A_14_U  |A_RAM_AUTO_1R1W  |        1|  0|   0|    0|    32|   32|     1|         1024|
    |A_15_U  |A_RAM_AUTO_1R1W  |        1|  0|   0|    0|    32|   32|     1|         1024|
    |A_16_U  |A_RAM_AUTO_1R1W  |        1|  0|   0|    0|    32|   32|     1|         1024|
    |A_17_U  |A_RAM_AUTO_1R1W  |        1|  0|   0|    0|    32|   32|     1|         1024|
    |A_18_U  |A_RAM_AUTO_1R1W  |        1|  0|   0|    0|    32|   32|     1|         1024|
    |A_19_U  |A_RAM_AUTO_1R1W  |        1|  0|   0|    0|    32|   32|     1|         1024|
    |A_20_U  |A_RAM_AUTO_1R1W  |        1|  0|   0|    0|    32|   32|     1|         1024|
    |A_21_U  |A_RAM_AUTO_1R1W  |        1|  0|   0|    0|    32|   32|     1|         1024|
    |A_22_U  |A_RAM_AUTO_1R1W  |        1|  0|   0|    0|    32|   32|     1|         1024|
    |A_23_U  |A_RAM_AUTO_1R1W  |        1|  0|   0|    0|    32|   32|     1|         1024|
    |A_24_U  |A_RAM_AUTO_1R1W  |        1|  0|   0|    0|    32|   32|     1|         1024|
    |A_25_U  |A_RAM_AUTO_1R1W  |        1|  0|   0|    0|    32|   32|     1|         1024|
    |A_26_U  |A_RAM_AUTO_1R1W  |        1|  0|   0|    0|    32|   32|     1|         1024|
    |A_27_U  |A_RAM_AUTO_1R1W  |        1|  0|   0|    0|    32|   32|     1|         1024|
    |A_28_U  |A_RAM_AUTO_1R1W  |        1|  0|   0|    0|    32|   32|     1|         1024|
    |A_29_U  |A_RAM_AUTO_1R1W  |        1|  0|   0|    0|    32|   32|     1|         1024|
    |A_30_U  |A_RAM_AUTO_1R1W  |        1|  0|   0|    0|    32|   32|     1|         1024|
    |A_31_U  |A_RAM_AUTO_1R1W  |        1|  0|   0|    0|    32|   32|     1|         1024|
    |B_U     |A_RAM_AUTO_1R1W  |        1|  0|   0|    0|    32|   32|     1|         1024|
    |B_1_U   |A_RAM_AUTO_1R1W  |        1|  0|   0|    0|    32|   32|     1|         1024|
    |B_2_U   |A_RAM_AUTO_1R1W  |        1|  0|   0|    0|    32|   32|     1|         1024|
    |B_3_U   |A_RAM_AUTO_1R1W  |        1|  0|   0|    0|    32|   32|     1|         1024|
    |B_4_U   |A_RAM_AUTO_1R1W  |        1|  0|   0|    0|    32|   32|     1|         1024|
    |B_5_U   |A_RAM_AUTO_1R1W  |        1|  0|   0|    0|    32|   32|     1|         1024|
    |B_6_U   |A_RAM_AUTO_1R1W  |        1|  0|   0|    0|    32|   32|     1|         1024|
    |B_7_U   |A_RAM_AUTO_1R1W  |        1|  0|   0|    0|    32|   32|     1|         1024|
    |B_8_U   |A_RAM_AUTO_1R1W  |        1|  0|   0|    0|    32|   32|     1|         1024|
    |B_9_U   |A_RAM_AUTO_1R1W  |        1|  0|   0|    0|    32|   32|     1|         1024|
    |B_10_U  |A_RAM_AUTO_1R1W  |        1|  0|   0|    0|    32|   32|     1|         1024|
    |B_11_U  |A_RAM_AUTO_1R1W  |        1|  0|   0|    0|    32|   32|     1|         1024|
    |B_12_U  |A_RAM_AUTO_1R1W  |        1|  0|   0|    0|    32|   32|     1|         1024|
    |B_13_U  |A_RAM_AUTO_1R1W  |        1|  0|   0|    0|    32|   32|     1|         1024|
    |B_14_U  |A_RAM_AUTO_1R1W  |        1|  0|   0|    0|    32|   32|     1|         1024|
    |B_15_U  |A_RAM_AUTO_1R1W  |        1|  0|   0|    0|    32|   32|     1|         1024|
    |B_16_U  |A_RAM_AUTO_1R1W  |        1|  0|   0|    0|    32|   32|     1|         1024|
    |B_17_U  |A_RAM_AUTO_1R1W  |        1|  0|   0|    0|    32|   32|     1|         1024|
    |B_18_U  |A_RAM_AUTO_1R1W  |        1|  0|   0|    0|    32|   32|     1|         1024|
    |B_19_U  |A_RAM_AUTO_1R1W  |        1|  0|   0|    0|    32|   32|     1|         1024|
    |B_20_U  |A_RAM_AUTO_1R1W  |        1|  0|   0|    0|    32|   32|     1|         1024|
    |B_21_U  |A_RAM_AUTO_1R1W  |        1|  0|   0|    0|    32|   32|     1|         1024|
    |B_22_U  |A_RAM_AUTO_1R1W  |        1|  0|   0|    0|    32|   32|     1|         1024|
    |B_23_U  |A_RAM_AUTO_1R1W  |        1|  0|   0|    0|    32|   32|     1|         1024|
    |B_24_U  |A_RAM_AUTO_1R1W  |        1|  0|   0|    0|    32|   32|     1|         1024|
    |B_25_U  |A_RAM_AUTO_1R1W  |        1|  0|   0|    0|    32|   32|     1|         1024|
    |B_26_U  |A_RAM_AUTO_1R1W  |        1|  0|   0|    0|    32|   32|     1|         1024|
    |B_27_U  |A_RAM_AUTO_1R1W  |        1|  0|   0|    0|    32|   32|     1|         1024|
    |B_28_U  |A_RAM_AUTO_1R1W  |        1|  0|   0|    0|    32|   32|     1|         1024|
    |B_29_U  |A_RAM_AUTO_1R1W  |        1|  0|   0|    0|    32|   32|     1|         1024|
    |B_30_U  |A_RAM_AUTO_1R1W  |        1|  0|   0|    0|    32|   32|     1|         1024|
    |B_31_U  |A_RAM_AUTO_1R1W  |        1|  0|   0|    0|    32|   32|     1|         1024|
    |C_U     |C_RAM_AUTO_1R1W  |        2|  0|   0|    0|  1024|   32|     1|        32768|
    +--------+-----------------+---------+---+----+-----+------+-----+------+-------------+
    |Total   |                 |       66|  0|   0|    0|  3072| 2080|    65|        98304|
    +--------+-----------------+---------+---+----+-----+------+-----+------+-------------+

    * FIFO: 
    N/A

    * Expression: 
    +-----------------------------------------------------------------------------------+----------+----+---+----+------------+------------+
    |                                   Variable Name                                   | Operation| DSP| FF| LUT| Bitwidth P0| Bitwidth P1|
    +-----------------------------------------------------------------------------------+----------+----+---+----+------------+------------+
    |grp_matrix_mult_Pipeline_VITIS_LOOP_52_8_VITIS_LOOP_53_9_fu_497_out_stream_TREADY  |       and|   0|  0|   2|           1|           1|
    +-----------------------------------------------------------------------------------+----------+----+---+----+------------+------------+
    |Total                                                                              |          |   0|  0|   2|           1|           1|
    +-----------------------------------------------------------------------------------+----------+----+---+----+------------+------------+

    * Multiplexer: 
    +-------------------------------+----+-----------+-----+-----------+
    |              Name             | LUT| Input Size| Bits| Total Bits|
    +-------------------------------+----+-----------+-----+-----------+
    |A_10_address0                  |  14|          3|    5|         15|
    |A_10_ce0                       |  14|          3|    1|          3|
    |A_10_we0                       |   9|          2|    1|          2|
    |A_11_address0                  |  14|          3|    5|         15|
    |A_11_ce0                       |  14|          3|    1|          3|
    |A_11_we0                       |   9|          2|    1|          2|
    |A_12_address0                  |  14|          3|    5|         15|
    |A_12_ce0                       |  14|          3|    1|          3|
    |A_12_we0                       |   9|          2|    1|          2|
    |A_13_address0                  |  14|          3|    5|         15|
    |A_13_ce0                       |  14|          3|    1|          3|
    |A_13_we0                       |   9|          2|    1|          2|
    |A_14_address0                  |  14|          3|    5|         15|
    |A_14_ce0                       |  14|          3|    1|          3|
    |A_14_we0                       |   9|          2|    1|          2|
    |A_15_address0                  |  14|          3|    5|         15|
    |A_15_ce0                       |  14|          3|    1|          3|
    |A_15_we0                       |   9|          2|    1|          2|
    |A_16_address0                  |  14|          3|    5|         15|
    |A_16_ce0                       |  14|          3|    1|          3|
    |A_16_we0                       |   9|          2|    1|          2|
    |A_17_address0                  |  14|          3|    5|         15|
    |A_17_ce0                       |  14|          3|    1|          3|
    |A_17_we0                       |   9|          2|    1|          2|
    |A_18_address0                  |  14|          3|    5|         15|
    |A_18_ce0                       |  14|          3|    1|          3|
    |A_18_we0                       |   9|          2|    1|          2|
    |A_19_address0                  |  14|          3|    5|         15|
    |A_19_ce0                       |  14|          3|    1|          3|
    |A_19_we0                       |   9|          2|    1|          2|
    |A_1_address0                   |  14|          3|    5|         15|
    |A_1_ce0                        |  14|          3|    1|          3|
    |A_1_we0                        |   9|          2|    1|          2|
    |A_20_address0                  |  14|          3|    5|         15|
    |A_20_ce0                       |  14|          3|    1|          3|
    |A_20_we0                       |   9|          2|    1|          2|
    |A_21_address0                  |  14|          3|    5|         15|
    |A_21_ce0                       |  14|          3|    1|          3|
    |A_21_we0                       |   9|          2|    1|          2|
    |A_22_address0                  |  14|          3|    5|         15|
    |A_22_ce0                       |  14|          3|    1|          3|
    |A_22_we0                       |   9|          2|    1|          2|
    |A_23_address0                  |  14|          3|    5|         15|
    |A_23_ce0                       |  14|          3|    1|          3|
    |A_23_we0                       |   9|          2|    1|          2|
    |A_24_address0                  |  14|          3|    5|         15|
    |A_24_ce0                       |  14|          3|    1|          3|
    |A_24_we0                       |   9|          2|    1|          2|
    |A_25_address0                  |  14|          3|    5|         15|
    |A_25_ce0                       |  14|          3|    1|          3|
    |A_25_we0                       |   9|          2|    1|          2|
    |A_26_address0                  |  14|          3|    5|         15|
    |A_26_ce0                       |  14|          3|    1|          3|
    |A_26_we0                       |   9|          2|    1|          2|
    |A_27_address0                  |  14|          3|    5|         15|
    |A_27_ce0                       |  14|          3|    1|          3|
    |A_27_we0                       |   9|          2|    1|          2|
    |A_28_address0                  |  14|          3|    5|         15|
    |A_28_ce0                       |  14|          3|    1|          3|
    |A_28_we0                       |   9|          2|    1|          2|
    |A_29_address0                  |  14|          3|    5|         15|
    |A_29_ce0                       |  14|          3|    1|          3|
    |A_29_we0                       |   9|          2|    1|          2|
    |A_2_address0                   |  14|          3|    5|         15|
    |A_2_ce0                        |  14|          3|    1|          3|
    |A_2_we0                        |   9|          2|    1|          2|
    |A_30_address0                  |  14|          3|    5|         15|
    |A_30_ce0                       |  14|          3|    1|          3|
    |A_30_we0                       |   9|          2|    1|          2|
    |A_31_address0                  |  14|          3|    5|         15|
    |A_31_ce0                       |  14|          3|    1|          3|
    |A_31_we0                       |   9|          2|    1|          2|
    |A_3_address0                   |  14|          3|    5|         15|
    |A_3_ce0                        |  14|          3|    1|          3|
    |A_3_we0                        |   9|          2|    1|          2|
    |A_4_address0                   |  14|          3|    5|         15|
    |A_4_ce0                        |  14|          3|    1|          3|
    |A_4_we0                        |   9|          2|    1|          2|
    |A_5_address0                   |  14|          3|    5|         15|
    |A_5_ce0                        |  14|          3|    1|          3|
    |A_5_we0                        |   9|          2|    1|          2|
    |A_6_address0                   |  14|          3|    5|         15|
    |A_6_ce0                        |  14|          3|    1|          3|
    |A_6_we0                        |   9|          2|    1|          2|
    |A_7_address0                   |  14|          3|    5|         15|
    |A_7_ce0                        |  14|          3|    1|          3|
    |A_7_we0                        |   9|          2|    1|          2|
    |A_8_address0                   |  14|          3|    5|         15|
    |A_8_ce0                        |  14|          3|    1|          3|
    |A_8_we0                        |   9|          2|    1|          2|
    |A_9_address0                   |  14|          3|    5|         15|
    |A_9_ce0                        |  14|          3|    1|          3|
    |A_9_we0                        |   9|          2|    1|          2|
    |A_address0                     |  14|          3|    5|         15|
    |A_ce0                          |  14|          3|    1|          3|
    |A_we0                          |   9|          2|    1|          2|
    |B_10_address0                  |  14|          3|    5|         15|
    |B_10_ce0                       |  14|          3|    1|          3|
    |B_10_we0                       |   9|          2|    1|          2|
    |B_11_address0                  |  14|          3|    5|         15|
    |B_11_ce0                       |  14|          3|    1|          3|
    |B_11_we0                       |   9|          2|    1|          2|
    |B_12_address0                  |  14|          3|    5|         15|
    |B_12_ce0                       |  14|          3|    1|          3|
    |B_12_we0                       |   9|          2|    1|          2|
    |B_13_address0                  |  14|          3|    5|         15|
    |B_13_ce0                       |  14|          3|    1|          3|
    |B_13_we0                       |   9|          2|    1|          2|
    |B_14_address0                  |  14|          3|    5|         15|
    |B_14_ce0                       |  14|          3|    1|          3|
    |B_14_we0                       |   9|          2|    1|          2|
    |B_15_address0                  |  14|          3|    5|         15|
    |B_15_ce0                       |  14|          3|    1|          3|
    |B_15_we0                       |   9|          2|    1|          2|
    |B_16_address0                  |  14|          3|    5|         15|
    |B_16_ce0                       |  14|          3|    1|          3|
    |B_16_we0                       |   9|          2|    1|          2|
    |B_17_address0                  |  14|          3|    5|         15|
    |B_17_ce0                       |  14|          3|    1|          3|
    |B_17_we0                       |   9|          2|    1|          2|
    |B_18_address0                  |  14|          3|    5|         15|
    |B_18_ce0                       |  14|          3|    1|          3|
    |B_18_we0                       |   9|          2|    1|          2|
    |B_19_address0                  |  14|          3|    5|         15|
    |B_19_ce0                       |  14|          3|    1|          3|
    |B_19_we0                       |   9|          2|    1|          2|
    |B_1_address0                   |  14|          3|    5|         15|
    |B_1_ce0                        |  14|          3|    1|          3|
    |B_1_we0                        |   9|          2|    1|          2|
    |B_20_address0                  |  14|          3|    5|         15|
    |B_20_ce0                       |  14|          3|    1|          3|
    |B_20_we0                       |   9|          2|    1|          2|
    |B_21_address0                  |  14|          3|    5|         15|
    |B_21_ce0                       |  14|          3|    1|          3|
    |B_21_we0                       |   9|          2|    1|          2|
    |B_22_address0                  |  14|          3|    5|         15|
    |B_22_ce0                       |  14|          3|    1|          3|
    |B_22_we0                       |   9|          2|    1|          2|
    |B_23_address0                  |  14|          3|    5|         15|
    |B_23_ce0                       |  14|          3|    1|          3|
    |B_23_we0                       |   9|          2|    1|          2|
    |B_24_address0                  |  14|          3|    5|         15|
    |B_24_ce0                       |  14|          3|    1|          3|
    |B_24_we0                       |   9|          2|    1|          2|
    |B_25_address0                  |  14|          3|    5|         15|
    |B_25_ce0                       |  14|          3|    1|          3|
    |B_25_we0                       |   9|          2|    1|          2|
    |B_26_address0                  |  14|          3|    5|         15|
    |B_26_ce0                       |  14|          3|    1|          3|
    |B_26_we0                       |   9|          2|    1|          2|
    |B_27_address0                  |  14|          3|    5|         15|
    |B_27_ce0                       |  14|          3|    1|          3|
    |B_27_we0                       |   9|          2|    1|          2|
    |B_28_address0                  |  14|          3|    5|         15|
    |B_28_ce0                       |  14|          3|    1|          3|
    |B_28_we0                       |   9|          2|    1|          2|
    |B_29_address0                  |  14|          3|    5|         15|
    |B_29_ce0                       |  14|          3|    1|          3|
    |B_29_we0                       |   9|          2|    1|          2|
    |B_2_address0                   |  14|          3|    5|         15|
    |B_2_ce0                        |  14|          3|    1|          3|
    |B_2_we0                        |   9|          2|    1|          2|
    |B_30_address0                  |  14|          3|    5|         15|
    |B_30_ce0                       |  14|          3|    1|          3|
    |B_30_we0                       |   9|          2|    1|          2|
    |B_31_address0                  |  14|          3|    5|         15|
    |B_31_ce0                       |  14|          3|    1|          3|
    |B_31_we0                       |   9|          2|    1|          2|
    |B_3_address0                   |  14|          3|    5|         15|
    |B_3_ce0                        |  14|          3|    1|          3|
    |B_3_we0                        |   9|          2|    1|          2|
    |B_4_address0                   |  14|          3|    5|         15|
    |B_4_ce0                        |  14|          3|    1|          3|
    |B_4_we0                        |   9|          2|    1|          2|
    |B_5_address0                   |  14|          3|    5|         15|
    |B_5_ce0                        |  14|          3|    1|          3|
    |B_5_we0                        |   9|          2|    1|          2|
    |B_6_address0                   |  14|          3|    5|         15|
    |B_6_ce0                        |  14|          3|    1|          3|
    |B_6_we0                        |   9|          2|    1|          2|
    |B_7_address0                   |  14|          3|    5|         15|
    |B_7_ce0                        |  14|          3|    1|          3|
    |B_7_we0                        |   9|          2|    1|          2|
    |B_8_address0                   |  14|          3|    5|         15|
    |B_8_ce0                        |  14|          3|    1|          3|
    |B_8_we0                        |   9|          2|    1|          2|
    |B_9_address0                   |  14|          3|    5|         15|
    |B_9_ce0                        |  14|          3|    1|          3|
    |B_9_we0                        |   9|          2|    1|          2|
    |B_address0                     |  14|          3|    5|         15|
    |B_ce0                          |  14|          3|    1|          3|
    |B_we0                          |   9|          2|    1|          2|
    |C_address0                     |  14|          3|   10|         30|
    |C_ce0                          |  14|          3|    1|          3|
    |C_we0                          |   9|          2|    1|          2|
    |ap_NS_fsm                      |  59|         11|    1|         11|
    |in_stream_TREADY_int_regslice  |  14|          3|    1|          3|
    |out_stream_TDATA_int_regslice  |   9|          2|   32|         64|
    |out_stream_TDEST_int_regslice  |   9|          2|    1|          2|
    |out_stream_TID_int_regslice    |   9|          2|    1|          2|
    |out_stream_TKEEP_int_regslice  |   9|          2|    4|          8|
    |out_stream_TLAST_int_regslice  |   9|          2|    1|          2|
    |out_stream_TSTRB_int_regslice  |   9|          2|    4|          8|
    |out_stream_TUSER_int_regslice  |   9|          2|    1|          2|
    +-------------------------------+----+-----------+-----+-----------+
    |Total                          |2541|        548|  506|       1417|
    +-------------------------------+----+-----------+-----+-----------+

    * Register: 
    +------------------------------------------------------------------------------+----+----+-----+-----------+
    |                                     Name                                     | FF | LUT| Bits| Const Bits|
    +------------------------------------------------------------------------------+----+----+-----+-----------+
    |ap_CS_fsm                                                                     |  10|   0|   10|          0|
    |grp_matrix_mult_Pipeline_VITIS_LOOP_23_1_VITIS_LOOP_24_2_fu_328_ap_start_reg  |   1|   0|    1|          0|
    |grp_matrix_mult_Pipeline_VITIS_LOOP_31_3_VITIS_LOOP_32_4_fu_378_ap_start_reg  |   1|   0|    1|          0|
    |grp_matrix_mult_Pipeline_VITIS_LOOP_39_5_VITIS_LOOP_40_6_fu_428_ap_start_reg  |   1|   0|    1|          0|
    |grp_matrix_mult_Pipeline_VITIS_LOOP_52_8_VITIS_LOOP_53_9_fu_497_ap_start_reg  |   1|   0|    1|          0|
    |out_stream_TDATA_reg                                                          |  32|   0|   32|          0|
    |out_stream_TDEST_reg                                                          |   1|   0|    1|          0|
    |out_stream_TID_reg                                                            |   1|   0|    1|          0|
    |out_stream_TKEEP_reg                                                          |   4|   0|    4|          0|
    |out_stream_TLAST_reg                                                          |   1|   0|    1|          0|
    |out_stream_TSTRB_reg                                                          |   4|   0|    4|          0|
    |out_stream_TUSER_reg                                                          |   1|   0|    1|          0|
    +------------------------------------------------------------------------------+----+----+-----+-----------+
    |Total                                                                         |  58|   0|   58|          0|
    +------------------------------------------------------------------------------+----+----+-----+-----------+



================================================================
== Interface
================================================================
* Summary: 
+--------------------+-----+-----+------------+---------------------+--------------+
|      RTL Ports     | Dir | Bits|  Protocol  |    Source Object    |    C Type    |
+--------------------+-----+-----+------------+---------------------+--------------+
|s_axi_CTRL_AWVALID  |   in|    1|       s_axi|                 CTRL|   return void|
|s_axi_CTRL_AWREADY  |  out|    1|       s_axi|                 CTRL|   return void|
|s_axi_CTRL_AWADDR   |   in|    4|       s_axi|                 CTRL|   return void|
|s_axi_CTRL_WVALID   |   in|    1|       s_axi|                 CTRL|   return void|
|s_axi_CTRL_WREADY   |  out|    1|       s_axi|                 CTRL|   return void|
|s_axi_CTRL_WDATA    |   in|   32|       s_axi|                 CTRL|   return void|
|s_axi_CTRL_WSTRB    |   in|    4|       s_axi|                 CTRL|   return void|
|s_axi_CTRL_ARVALID  |   in|    1|       s_axi|                 CTRL|   return void|
|s_axi_CTRL_ARREADY  |  out|    1|       s_axi|                 CTRL|   return void|
|s_axi_CTRL_ARADDR   |   in|    4|       s_axi|                 CTRL|   return void|
|s_axi_CTRL_RVALID   |  out|    1|       s_axi|                 CTRL|   return void|
|s_axi_CTRL_RREADY   |   in|    1|       s_axi|                 CTRL|   return void|
|s_axi_CTRL_RDATA    |  out|   32|       s_axi|                 CTRL|   return void|
|s_axi_CTRL_RRESP    |  out|    2|       s_axi|                 CTRL|   return void|
|s_axi_CTRL_BVALID   |  out|    1|       s_axi|                 CTRL|   return void|
|s_axi_CTRL_BREADY   |   in|    1|       s_axi|                 CTRL|   return void|
|s_axi_CTRL_BRESP    |  out|    2|       s_axi|                 CTRL|   return void|
|ap_clk              |   in|    1|  ap_ctrl_hs|          matrix_mult|  return value|
|ap_rst_n            |   in|    1|  ap_ctrl_hs|          matrix_mult|  return value|
|interrupt           |  out|    1|  ap_ctrl_hs|          matrix_mult|  return value|
|in_stream_TDATA     |   in|   32|        axis|   in_stream_V_data_V|       pointer|
|in_stream_TVALID    |   in|    1|        axis|   in_stream_V_dest_V|       pointer|
|in_stream_TREADY    |  out|    1|        axis|   in_stream_V_dest_V|       pointer|
|in_stream_TDEST     |   in|    1|        axis|   in_stream_V_dest_V|       pointer|
|in_stream_TKEEP     |   in|    4|        axis|   in_stream_V_keep_V|       pointer|
|in_stream_TSTRB     |   in|    4|        axis|   in_stream_V_strb_V|       pointer|
|in_stream_TUSER     |   in|    1|        axis|   in_stream_V_user_V|       pointer|
|in_stream_TLAST     |   in|    1|        axis|   in_stream_V_last_V|       pointer|
|in_stream_TID       |   in|    1|        axis|     in_stream_V_id_V|       pointer|
|out_stream_TDATA    |  out|   32|        axis|  out_stream_V_data_V|       pointer|
|out_stream_TVALID   |  out|    1|        axis|  out_stream_V_dest_V|       pointer|
|out_stream_TREADY   |   in|    1|        axis|  out_stream_V_dest_V|       pointer|
|out_stream_TDEST    |  out|    1|        axis|  out_stream_V_dest_V|       pointer|
|out_stream_TKEEP    |  out|    4|        axis|  out_stream_V_keep_V|       pointer|
|out_stream_TSTRB    |  out|    4|        axis|  out_stream_V_strb_V|       pointer|
|out_stream_TUSER    |  out|    1|        axis|  out_stream_V_user_V|       pointer|
|out_stream_TLAST    |  out|    1|        axis|  out_stream_V_last_V|       pointer|
|out_stream_TID      |  out|    1|        axis|    out_stream_V_id_V|       pointer|
+--------------------+-----+-----+------------+---------------------+--------------+

