Copyright 1986-2022 Xilinx, Inc. All Rights Reserved. Copyright 2022-2025 Advanced Micro Devices, Inc. All Rights Reserved.
---------------------------------------------------------------------------------------------------------------------------------------------
| Tool Version : Vivado v.2025.2 (win64) Build 6299465 Fri Nov 14 19:35:11 GMT 2025
| Date         : Sun Apr 12 22:37:00 2026
| Host         : DESKTOP-M77PRRA running 64-bit major release  (build 9200)
| Command      : report_drc -file design_1_wrapper_drc_routed.rpt -pb design_1_wrapper_drc_routed.pb -rpx design_1_wrapper_drc_routed.rpx
| Design       : design_1_wrapper
| Device       : xc7z010clg400-1
| Speed File   : -1
| Design State : Fully Routed
---------------------------------------------------------------------------------------------------------------------------------------------

Report DRC

Table of Contents
-----------------
1. REPORT SUMMARY
2. REPORT DETAILS

1. REPORT SUMMARY
-----------------
            Netlist: netlist
          Floorplan: design_1
      Design limits: <entire design considered>
           Ruledeck: default
             Max checks: <unlimited>
             Checks found: 107
+-----------+----------+------------------------+--------+
| Rule      | Severity | Description            | Checks |
+-----------+----------+------------------------+--------+
| DPOP-1    | Warning  | PREG Output pipelining | 32     |
| DPOP-2    | Warning  | MREG Output pipelining | 72     |
| RTSTAT-10 | Warning  | No routable loads      | 1      |
| REQP-181  | Advisory | writefirst             | 2      |
+-----------+----------+------------------------+--------+

2. REPORT DETAILS
-----------------
DPOP-1#1 Warning
PREG Output pipelining  
DSP design_1_i/matrix_mult_0/inst/grp_matrix_mult_Pipeline_VITIS_LOOP_39_5_VITIS_LOOP_40_6_fu_428/mul_32s_32s_32_2_1_U100/tmp_product__0 output design_1_i/matrix_mult_0/inst/grp_matrix_mult_Pipeline_VITIS_LOOP_39_5_VITIS_LOOP_40_6_fu_428/mul_32s_32s_32_2_1_U100/tmp_product__0/P[47:0] is not pipelined (PREG=0). Pipelining the DSP48 output will improve performance and often saves power so it is suggested whenever possible to fully pipeline this function.  If this DSP48 function was inferred, it is suggested to describe an additional register stage after this function.  If the DSP48 was instantiated in the design, it is suggested to set the PREG attribute to 1.
Related violations: <none>

DPOP-1#2 Warning
PREG Output pipelining  
DSP design_1_i/matrix_mult_0/inst/grp_matrix_mult_Pipeline_VITIS_LOOP_39_5_VITIS_LOOP_40_6_fu_428/mul_32s_32s_32_2_1_U101/tmp_product__0 output design_1_i/matrix_mult_0/inst/grp_matrix_mult_Pipeline_VITIS_LOOP_39_5_VITIS_LOOP_40_6_fu_428/mul_32s_32s_32_2_1_U101/tmp_product__0/P[47:0] is not pipelined (PREG=0). Pipelining the DSP48 output will improve performance and often saves power so it is suggested whenever possible to fully pipeline this function.  If this DSP48 function was inferred, it is suggested to describe an additional register stage after this function.  If the DSP48 was instantiated in the design, it is suggested to set the PREG attribute to 1.
Related violations: <none>

DPOP-1#3 Warning
PREG Output pipelining  
DSP design_1_i/matrix_mult_0/inst/grp_matrix_mult_Pipeline_VITIS_LOOP_39_5_VITIS_LOOP_40_6_fu_428/mul_32s_32s_32_2_1_U102/tmp_product__0 output design_1_i/matrix_mult_0/inst/grp_matrix_mult_Pipeline_VITIS_LOOP_39_5_VITIS_LOOP_40_6_fu_428/mul_32s_32s_32_2_1_U102/tmp_product__0/P[47:0] is not pipelined (PREG=0). Pipelining the DSP48 output will improve performance and often saves power so it is suggested whenever possible to fully pipeline this function.  If this DSP48 function was inferred, it is suggested to describe an additional register stage after this function.  If the DSP48 was instantiated in the design, it is suggested to set the PREG attribute to 1.
Related violations: <none>

DPOP-1#4 Warning
PREG Output pipelining  
DSP design_1_i/matrix_mult_0/inst/grp_matrix_mult_Pipeline_VITIS_LOOP_39_5_VITIS_LOOP_40_6_fu_428/mul_32s_32s_32_2_1_U103/tmp_product__0 output design_1_i/matrix_mult_0/inst/grp_matrix_mult_Pipeline_VITIS_LOOP_39_5_VITIS_LOOP_40_6_fu_428/mul_32s_32s_32_2_1_U103/tmp_product__0/P[47:0] is not pipelined (PREG=0). Pipelining the DSP48 output will improve performance and often saves power so it is suggested whenever possible to fully pipeline this function.  If this DSP48 function was inferred, it is suggested to describe an additional register stage after this function.  If the DSP48 was instantiated in the design, it is suggested to set the PREG attribute to 1.
Related violations: <none>

DPOP-1#5 Warning
PREG Output pipelining  
DSP design_1_i/matrix_mult_0/inst/grp_matrix_mult_Pipeline_VITIS_LOOP_39_5_VITIS_LOOP_40_6_fu_428/mul_32s_32s_32_2_1_U104/tmp_product__0 output design_1_i/matrix_mult_0/inst/grp_matrix_mult_Pipeline_VITIS_LOOP_39_5_VITIS_LOOP_40_6_fu_428/mul_32s_32s_32_2_1_U104/tmp_product__0/P[47:0] is not pipelined (PREG=0). Pipelining the DSP48 output will improve performance and often saves power so it is suggested whenever possible to fully pipeline this function.  If this DSP48 function was inferred, it is suggested to describe an additional register stage after this function.  If the DSP48 was instantiated in the design, it is suggested to set the PREG attribute to 1.
Related violations: <none>

DPOP-1#6 Warning
PREG Output pipelining  
DSP design_1_i/matrix_mult_0/inst/grp_matrix_mult_Pipeline_VITIS_LOOP_39_5_VITIS_LOOP_40_6_fu_428/mul_32s_32s_32_2_1_U105/tmp_product__0 output design_1_i/matrix_mult_0/inst/grp_matrix_mult_Pipeline_VITIS_LOOP_39_5_VITIS_LOOP_40_6_fu_428/mul_32s_32s_32_2_1_U105/tmp_product__0/P[47:0] is not pipelined (PREG=0). Pipelining the DSP48 output will improve performance and often saves power so it is suggested whenever possible to fully pipeline this function.  If this DSP48 function was inferred, it is suggested to describe an additional register stage after this function.  If the DSP48 was instantiated in the design, it is suggested to set the PREG attribute to 1.
Related violations: <none>

DPOP-1#7 Warning
PREG Output pipelining  
DSP design_1_i/matrix_mult_0/inst/grp_matrix_mult_Pipeline_VITIS_LOOP_39_5_VITIS_LOOP_40_6_fu_428/mul_32s_32s_32_2_1_U106/tmp_product__0 output design_1_i/matrix_mult_0/inst/grp_matrix_mult_Pipeline_VITIS_LOOP_39_5_VITIS_LOOP_40_6_fu_428/mul_32s_32s_32_2_1_U106/tmp_product__0/P[47:0] is not pipelined (PREG=0). Pipelining the DSP48 output will improve performance and often saves power so it is suggested whenever possible to fully pipeline this function.  If this DSP48 function was inferred, it is suggested to describe an additional register stage after this function.  If the DSP48 was instantiated in the design, it is suggested to set the PREG attribute to 1.
Related violations: <none>

DPOP-1#8 Warning
PREG Output pipelining  
DSP design_1_i/matrix_mult_0/inst/grp_matrix_mult_Pipeline_VITIS_LOOP_39_5_VITIS_LOOP_40_6_fu_428/mul_32s_32s_32_2_1_U107/tmp_product__0 output design_1_i/matrix_mult_0/inst/grp_matrix_mult_Pipeline_VITIS_LOOP_39_5_VITIS_LOOP_40_6_fu_428/mul_32s_32s_32_2_1_U107/tmp_product__0/P[47:0] is not pipelined (PREG=0). Pipelining the DSP48 output will improve performance and often saves power so it is suggested whenever possible to fully pipeline this function.  If this DSP48 function was inferred, it is suggested to describe an additional register stage after this function.  If the DSP48 was instantiated in the design, it is suggested to set the PREG attribute to 1.
Related violations: <none>

DPOP-1#9 Warning
PREG Output pipelining  
DSP design_1_i/matrix_mult_0/inst/grp_matrix_mult_Pipeline_VITIS_LOOP_39_5_VITIS_LOOP_40_6_fu_428/mul_32s_32s_32_2_1_U108/tmp_product output design_1_i/matrix_mult_0/inst/grp_matrix_mult_Pipeline_VITIS_LOOP_39_5_VITIS_LOOP_40_6_fu_428/mul_32s_32s_32_2_1_U108/tmp_product/P[47:0] is not pipelined (PREG=0). Pipelining the DSP48 output will improve performance and often saves power so it is suggested whenever possible to fully pipeline this function.  If this DSP48 function was inferred, it is suggested to describe an additional register stage after this function.  If the DSP48 was instantiated in the design, it is suggested to set the PREG attribute to 1.
Related violations: <none>

DPOP-1#10 Warning
PREG Output pipelining  
DSP design_1_i/matrix_mult_0/inst/grp_matrix_mult_Pipeline_VITIS_LOOP_39_5_VITIS_LOOP_40_6_fu_428/mul_32s_32s_32_2_1_U109/tmp_product output design_1_i/matrix_mult_0/inst/grp_matrix_mult_Pipeline_VITIS_LOOP_39_5_VITIS_LOOP_40_6_fu_428/mul_32s_32s_32_2_1_U109/tmp_product/P[47:0] is not pipelined (PREG=0). Pipelining the DSP48 output will improve performance and often saves power so it is suggested whenever possible to fully pipeline this function.  If this DSP48 function was inferred, it is suggested to describe an additional register stage after this function.  If the DSP48 was instantiated in the design, it is suggested to set the PREG attribute to 1.
Related violations: <none>

DPOP-1#11 Warning
PREG Output pipelining  
DSP design_1_i/matrix_mult_0/inst/grp_matrix_mult_Pipeline_VITIS_LOOP_39_5_VITIS_LOOP_40_6_fu_428/mul_32s_32s_32_2_1_U110/tmp_product output design_1_i/matrix_mult_0/inst/grp_matrix_mult_Pipeline_VITIS_LOOP_39_5_VITIS_LOOP_40_6_fu_428/mul_32s_32s_32_2_1_U110/tmp_product/P[47:0] is not pipelined (PREG=0). Pipelining the DSP48 output will improve performance and often saves power so it is suggested whenever possible to fully pipeline this function.  If this DSP48 function was inferred, it is suggested to describe an additional register stage after this function.  If the DSP48 was instantiated in the design, it is suggested to set the PREG attribute to 1.
Related violations: <none>

DPOP-1#12 Warning
PREG Output pipelining  
DSP design_1_i/matrix_mult_0/inst/grp_matrix_mult_Pipeline_VITIS_LOOP_39_5_VITIS_LOOP_40_6_fu_428/mul_32s_32s_32_2_1_U79/tmp_product output design_1_i/matrix_mult_0/inst/grp_matrix_mult_Pipeline_VITIS_LOOP_39_5_VITIS_LOOP_40_6_fu_428/mul_32s_32s_32_2_1_U79/tmp_product/P[47:0] is not pipelined (PREG=0). Pipelining the DSP48 output will improve performance and often saves power so it is suggested whenever possible to fully pipeline this function.  If this DSP48 function was inferred, it is suggested to describe an additional register stage after this function.  If the DSP48 was instantiated in the design, it is suggested to set the PREG attribute to 1.
Related violations: <none>

DPOP-1#13 Warning
PREG Output pipelining  
DSP design_1_i/matrix_mult_0/inst/grp_matrix_mult_Pipeline_VITIS_LOOP_39_5_VITIS_LOOP_40_6_fu_428/mul_32s_32s_32_2_1_U80/tmp_product output design_1_i/matrix_mult_0/inst/grp_matrix_mult_Pipeline_VITIS_LOOP_39_5_VITIS_LOOP_40_6_fu_428/mul_32s_32s_32_2_1_U80/tmp_product/P[47:0] is not pipelined (PREG=0). Pipelining the DSP48 output will improve performance and often saves power so it is suggested whenever possible to fully pipeline this function.  If this DSP48 function was inferred, it is suggested to describe an additional register stage after this function.  If the DSP48 was instantiated in the design, it is suggested to set the PREG attribute to 1.
Related violations: <none>

DPOP-1#14 Warning
PREG Output pipelining  
DSP design_1_i/matrix_mult_0/inst/grp_matrix_mult_Pipeline_VITIS_LOOP_39_5_VITIS_LOOP_40_6_fu_428/mul_32s_32s_32_2_1_U81/tmp_product output design_1_i/matrix_mult_0/inst/grp_matrix_mult_Pipeline_VITIS_LOOP_39_5_VITIS_LOOP_40_6_fu_428/mul_32s_32s_32_2_1_U81/tmp_product/P[47:0] is not pipelined (PREG=0). Pipelining the DSP48 output will improve performance and often saves power so it is suggested whenever possible to fully pipeline this function.  If this DSP48 function was inferred, it is suggested to describe an additional register stage after this function.  If the DSP48 was instantiated in the design, it is suggested to set the PREG attribute to 1.
Related violations: <none>

DPOP-1#15 Warning
PREG Output pipelining  
DSP design_1_i/matrix_mult_0/inst/grp_matrix_mult_Pipeline_VITIS_LOOP_39_5_VITIS_LOOP_40_6_fu_428/mul_32s_32s_32_2_1_U82/tmp_product output design_1_i/matrix_mult_0/inst/grp_matrix_mult_Pipeline_VITIS_LOOP_39_5_VITIS_LOOP_40_6_fu_428/mul_32s_32s_32_2_1_U82/tmp_product/P[47:0] is not pipelined (PREG=0). Pipelining the DSP48 output will improve performance and often saves power so it is suggested whenever possible to fully pipeline this function.  If this DSP48 function was inferred, it is suggested to describe an additional register stage after this function.  If the DSP48 was instantiated in the design, it is suggested to set the PREG attribute to 1.
Related violations: <none>

DPOP-1#16 Warning
PREG Output pipelining  
DSP design_1_i/matrix_mult_0/inst/grp_matrix_mult_Pipeline_VITIS_LOOP_39_5_VITIS_LOOP_40_6_fu_428/mul_32s_32s_32_2_1_U83/tmp_product output design_1_i/matrix_mult_0/inst/grp_matrix_mult_Pipeline_VITIS_LOOP_39_5_VITIS_LOOP_40_6_fu_428/mul_32s_32s_32_2_1_U83/tmp_product/P[47:0] is not pipelined (PREG=0). Pipelining the DSP48 output will improve performance and often saves power so it is suggested whenever possible to fully pipeline this function.  If this DSP48 function was inferred, it is suggested to describe an additional register stage after this function.  If the DSP48 was instantiated in the design, it is suggested to set the PREG attribute to 1.
Related violations: <none>

DPOP-1#17 Warning
PREG Output pipelining  
DSP design_1_i/matrix_mult_0/inst/grp_matrix_mult_Pipeline_VITIS_LOOP_39_5_VITIS_LOOP_40_6_fu_428/mul_32s_32s_32_2_1_U84/tmp_product output design_1_i/matrix_mult_0/inst/grp_matrix_mult_Pipeline_VITIS_LOOP_39_5_VITIS_LOOP_40_6_fu_428/mul_32s_32s_32_2_1_U84/tmp_product/P[47:0] is not pipelined (PREG=0). Pipelining the DSP48 output will improve performance and often saves power so it is suggested whenever possible to fully pipeline this function.  If this DSP48 function was inferred, it is suggested to describe an additional register stage after this function.  If the DSP48 was instantiated in the design, it is suggested to set the PREG attribute to 1.
Related violations: <none>

DPOP-1#18 Warning
PREG Output pipelining  
DSP design_1_i/matrix_mult_0/inst/grp_matrix_mult_Pipeline_VITIS_LOOP_39_5_VITIS_LOOP_40_6_fu_428/mul_32s_32s_32_2_1_U85/tmp_product output design_1_i/matrix_mult_0/inst/grp_matrix_mult_Pipeline_VITIS_LOOP_39_5_VITIS_LOOP_40_6_fu_428/mul_32s_32s_32_2_1_U85/tmp_product/P[47:0] is not pipelined (PREG=0). Pipelining the DSP48 output will improve performance and often saves power so it is suggested whenever possible to fully pipeline this function.  If this DSP48 function was inferred, it is suggested to describe an additional register stage after this function.  If the DSP48 was instantiated in the design, it is suggested to set the PREG attribute to 1.
Related violations: <none>

DPOP-1#19 Warning
PREG Output pipelining  
DSP design_1_i/matrix_mult_0/inst/grp_matrix_mult_Pipeline_VITIS_LOOP_39_5_VITIS_LOOP_40_6_fu_428/mul_32s_32s_32_2_1_U86/tmp_product output design_1_i/matrix_mult_0/inst/grp_matrix_mult_Pipeline_VITIS_LOOP_39_5_VITIS_LOOP_40_6_fu_428/mul_32s_32s_32_2_1_U86/tmp_product/P[47:0] is not pipelined (PREG=0). Pipelining the DSP48 output will improve performance and often saves power so it is suggested whenever possible to fully pipeline this function.  If this DSP48 function was inferred, it is suggested to describe an additional register stage after this function.  If the DSP48 was instantiated in the design, it is suggested to set the PREG attribute to 1.
Related violations: <none>

DPOP-1#20 Warning
PREG Output pipelining  
DSP design_1_i/matrix_mult_0/inst/grp_matrix_mult_Pipeline_VITIS_LOOP_39_5_VITIS_LOOP_40_6_fu_428/mul_32s_32s_32_2_1_U87/tmp_product output design_1_i/matrix_mult_0/inst/grp_matrix_mult_Pipeline_VITIS_LOOP_39_5_VITIS_LOOP_40_6_fu_428/mul_32s_32s_32_2_1_U87/tmp_product/P[47:0] is not pipelined (PREG=0). Pipelining the DSP48 output will improve performance and often saves power so it is suggested whenever possible to fully pipeline this function.  If this DSP48 function was inferred, it is suggested to describe an additional register stage after this function.  If the DSP48 was instantiated in the design, it is suggested to set the PREG attribute to 1.
Related violations: <none>

DPOP-1#21 Warning
PREG Output pipelining  
DSP design_1_i/matrix_mult_0/inst/grp_matrix_mult_Pipeline_VITIS_LOOP_39_5_VITIS_LOOP_40_6_fu_428/mul_32s_32s_32_2_1_U88/tmp_product output design_1_i/matrix_mult_0/inst/grp_matrix_mult_Pipeline_VITIS_LOOP_39_5_VITIS_LOOP_40_6_fu_428/mul_32s_32s_32_2_1_U88/tmp_product/P[47:0] is not pipelined (PREG=0). Pipelining the DSP48 output will improve performance and often saves power so it is suggested whenever possible to fully pipeline this function.  If this DSP48 function was inferred, it is suggested to describe an additional register stage after this function.  If the DSP48 was instantiated in the design, it is suggested to set the PREG attribute to 1.
Related violations: <none>

DPOP-1#22 Warning
PREG Output pipelining  
DSP design_1_i/matrix_mult_0/inst/grp_matrix_mult_Pipeline_VITIS_LOOP_39_5_VITIS_LOOP_40_6_fu_428/mul_32s_32s_32_2_1_U89/tmp_product output design_1_i/matrix_mult_0/inst/grp_matrix_mult_Pipeline_VITIS_LOOP_39_5_VITIS_LOOP_40_6_fu_428/mul_32s_32s_32_2_1_U89/tmp_product/P[47:0] is not pipelined (PREG=0). Pipelining the DSP48 output will improve performance and often saves power so it is suggested whenever possible to fully pipeline this function.  If this DSP48 function was inferred, it is suggested to describe an additional register stage after this function.  If the DSP48 was instantiated in the design, it is suggested to set the PREG attribute to 1.
Related violations: <none>

DPOP-1#23 Warning
PREG Output pipelining  
DSP design_1_i/matrix_mult_0/inst/grp_matrix_mult_Pipeline_VITIS_LOOP_39_5_VITIS_LOOP_40_6_fu_428/mul_32s_32s_32_2_1_U90/tmp_product output design_1_i/matrix_mult_0/inst/grp_matrix_mult_Pipeline_VITIS_LOOP_39_5_VITIS_LOOP_40_6_fu_428/mul_32s_32s_32_2_1_U90/tmp_product/P[47:0] is not pipelined (PREG=0). Pipelining the DSP48 output will improve performance and often saves power so it is suggested whenever possible to fully pipeline this function.  If this DSP48 function was inferred, it is suggested to describe an additional register stage after this function.  If the DSP48 was instantiated in the design, it is suggested to set the PREG attribute to 1.
Related violations: <none>

DPOP-1#24 Warning
PREG Output pipelining  
DSP design_1_i/matrix_mult_0/inst/grp_matrix_mult_Pipeline_VITIS_LOOP_39_5_VITIS_LOOP_40_6_fu_428/mul_32s_32s_32_2_1_U91/tmp_product output design_1_i/matrix_mult_0/inst/grp_matrix_mult_Pipeline_VITIS_LOOP_39_5_VITIS_LOOP_40_6_fu_428/mul_32s_32s_32_2_1_U91/tmp_product/P[47:0] is not pipelined (PREG=0). Pipelining the DSP48 output will improve performance and often saves power so it is suggested whenever possible to fully pipeline this function.  If this DSP48 function was inferred, it is suggested to describe an additional register stage after this function.  If the DSP48 was instantiated in the design, it is suggested to set the PREG attribute to 1.
Related violations: <none>

DPOP-1#25 Warning
PREG Output pipelining  
DSP design_1_i/matrix_mult_0/inst/grp_matrix_mult_Pipeline_VITIS_LOOP_39_5_VITIS_LOOP_40_6_fu_428/mul_32s_32s_32_2_1_U92/tmp_product output design_1_i/matrix_mult_0/inst/grp_matrix_mult_Pipeline_VITIS_LOOP_39_5_VITIS_LOOP_40_6_fu_428/mul_32s_32s_32_2_1_U92/tmp_product/P[47:0] is not pipelined (PREG=0). Pipelining the DSP48 output will improve performance and often saves power so it is suggested whenever possible to fully pipeline this function.  If this DSP48 function was inferred, it is suggested to describe an additional register stage after this function.  If the DSP48 was instantiated in the design, it is suggested to set the PREG attribute to 1.
Related violations: <none>

DPOP-1#26 Warning
PREG Output pipelining  
DSP design_1_i/matrix_mult_0/inst/grp_matrix_mult_Pipeline_VITIS_LOOP_39_5_VITIS_LOOP_40_6_fu_428/mul_32s_32s_32_2_1_U93/tmp_product output design_1_i/matrix_mult_0/inst/grp_matrix_mult_Pipeline_VITIS_LOOP_39_5_VITIS_LOOP_40_6_fu_428/mul_32s_32s_32_2_1_U93/tmp_product/P[47:0] is not pipelined (PREG=0). Pipelining the DSP48 output will improve performance and often saves power so it is suggested whenever possible to fully pipeline this function.  If this DSP48 function was inferred, it is suggested to describe an additional register stage after this function.  If the DSP48 was instantiated in the design, it is suggested to set the PREG attribute to 1.
Related violations: <none>

DPOP-1#27 Warning
PREG Output pipelining  
DSP design_1_i/matrix_mult_0/inst/grp_matrix_mult_Pipeline_VITIS_LOOP_39_5_VITIS_LOOP_40_6_fu_428/mul_32s_32s_32_2_1_U94/tmp_product output design_1_i/matrix_mult_0/inst/grp_matrix_mult_Pipeline_VITIS_LOOP_39_5_VITIS_LOOP_40_6_fu_428/mul_32s_32s_32_2_1_U94/tmp_product/P[47:0] is not pipelined (PREG=0). Pipelining the DSP48 output will improve performance and often saves power so it is suggested whenever possible to fully pipeline this function.  If this DSP48 function was inferred, it is suggested to describe an additional register stage after this function.  If the DSP48 was instantiated in the design, it is suggested to set the PREG attribute to 1.
Related violations: <none>

DPOP-1#28 Warning
PREG Output pipelining  
DSP design_1_i/matrix_mult_0/inst/grp_matrix_mult_Pipeline_VITIS_LOOP_39_5_VITIS_LOOP_40_6_fu_428/mul_32s_32s_32_2_1_U95/tmp_product output design_1_i/matrix_mult_0/inst/grp_matrix_mult_Pipeline_VITIS_LOOP_39_5_VITIS_LOOP_40_6_fu_428/mul_32s_32s_32_2_1_U95/tmp_product/P[47:0] is not pipelined (PREG=0). Pipelining the DSP48 output will improve performance and often saves power so it is suggested whenever possible to fully pipeline this function.  If this DSP48 function was inferred, it is suggested to describe an additional register stage after this function.  If the DSP48 was instantiated in the design, it is suggested to set the PREG attribute to 1.
Related violations: <none>

DPOP-1#29 Warning
PREG Output pipelining  
DSP design_1_i/matrix_mult_0/inst/grp_matrix_mult_Pipeline_VITIS_LOOP_39_5_VITIS_LOOP_40_6_fu_428/mul_32s_32s_32_2_1_U96/tmp_product output design_1_i/matrix_mult_0/inst/grp_matrix_mult_Pipeline_VITIS_LOOP_39_5_VITIS_LOOP_40_6_fu_428/mul_32s_32s_32_2_1_U96/tmp_product/P[47:0] is not pipelined (PREG=0). Pipelining the DSP48 output will improve performance and often saves power so it is suggested whenever possible to fully pipeline this function.  If this DSP48 function was inferred, it is suggested to describe an additional register stage after this function.  If the DSP48 was instantiated in the design, it is suggested to set the PREG attribute to 1.
Related violations: <none>

DPOP-1#30 Warning
PREG Output pipelining  
DSP design_1_i/matrix_mult_0/inst/grp_matrix_mult_Pipeline_VITIS_LOOP_39_5_VITIS_LOOP_40_6_fu_428/mul_32s_32s_32_2_1_U97/tmp_product output design_1_i/matrix_mult_0/inst/grp_matrix_mult_Pipeline_VITIS_LOOP_39_5_VITIS_LOOP_40_6_fu_428/mul_32s_32s_32_2_1_U97/tmp_product/P[47:0] is not pipelined (PREG=0). Pipelining the DSP48 output will improve performance and often saves power so it is suggested whenever possible to fully pipeline this function.  If this DSP48 function was inferred, it is suggested to describe an additional register stage after this function.  If the DSP48 was instantiated in the design, it is suggested to set the PREG attribute to 1.
Related violations: <none>

DPOP-1#31 Warning
PREG Output pipelining  
DSP design_1_i/matrix_mult_0/inst/grp_matrix_mult_Pipeline_VITIS_LOOP_39_5_VITIS_LOOP_40_6_fu_428/mul_32s_32s_32_2_1_U98/tmp_product output design_1_i/matrix_mult_0/inst/grp_matrix_mult_Pipeline_VITIS_LOOP_39_5_VITIS_LOOP_40_6_fu_428/mul_32s_32s_32_2_1_U98/tmp_product/P[47:0] is not pipelined (PREG=0). Pipelining the DSP48 output will improve performance and often saves power so it is suggested whenever possible to fully pipeline this function.  If this DSP48 function was inferred, it is suggested to describe an additional register stage after this function.  If the DSP48 was instantiated in the design, it is suggested to set the PREG attribute to 1.
Related violations: <none>

DPOP-1#32 Warning
PREG Output pipelining  
DSP design_1_i/matrix_mult_0/inst/grp_matrix_mult_Pipeline_VITIS_LOOP_39_5_VITIS_LOOP_40_6_fu_428/mul_32s_32s_32_2_1_U99/tmp_product output design_1_i/matrix_mult_0/inst/grp_matrix_mult_Pipeline_VITIS_LOOP_39_5_VITIS_LOOP_40_6_fu_428/mul_32s_32s_32_2_1_U99/tmp_product/P[47:0] is not pipelined (PREG=0). Pipelining the DSP48 output will improve performance and often saves power so it is suggested whenever possible to fully pipeline this function.  If this DSP48 function was inferred, it is suggested to describe an additional register stage after this function.  If the DSP48 was instantiated in the design, it is suggested to set the PREG attribute to 1.
Related violations: <none>

DPOP-2#1 Warning
MREG Output pipelining  
DSP design_1_i/matrix_mult_0/inst/grp_matrix_mult_Pipeline_VITIS_LOOP_39_5_VITIS_LOOP_40_6_fu_428/mul_32s_32s_32_2_1_U100/buff0_reg multiplier stage design_1_i/matrix_mult_0/inst/grp_matrix_mult_Pipeline_VITIS_LOOP_39_5_VITIS_LOOP_40_6_fu_428/mul_32s_32s_32_2_1_U100/buff0_reg/P[47:0] is not pipelined (MREG=0). Pipelining the multiplier function will improve performance and will save significant power so it is suggested whenever possible to fully pipeline this function.  If this multiplier was inferred, it is suggested to describe an additional register stage after this function.  If there is no registered adder/accumulator following the multiply function, two pipeline stages are suggested to allow both the MREG and PREG registers to be used.  If the DSP48 was instantiated in the design, it is suggested to set both the MREG and PREG attributes to 1 when performing multiply functions.
Related violations: <none>

DPOP-2#2 Warning
MREG Output pipelining  
DSP design_1_i/matrix_mult_0/inst/grp_matrix_mult_Pipeline_VITIS_LOOP_39_5_VITIS_LOOP_40_6_fu_428/mul_32s_32s_32_2_1_U100/tmp_product multiplier stage design_1_i/matrix_mult_0/inst/grp_matrix_mult_Pipeline_VITIS_LOOP_39_5_VITIS_LOOP_40_6_fu_428/mul_32s_32s_32_2_1_U100/tmp_product/P[47:0] is not pipelined (MREG=0). Pipelining the multiplier function will improve performance and will save significant power so it is suggested whenever possible to fully pipeline this function.  If this multiplier was inferred, it is suggested to describe an additional register stage after this function.  If there is no registered adder/accumulator following the multiply function, two pipeline stages are suggested to allow both the MREG and PREG registers to be used.  If the DSP48 was instantiated in the design, it is suggested to set both the MREG and PREG attributes to 1 when performing multiply functions.
Related violations: <none>

DPOP-2#3 Warning
MREG Output pipelining  
DSP design_1_i/matrix_mult_0/inst/grp_matrix_mult_Pipeline_VITIS_LOOP_39_5_VITIS_LOOP_40_6_fu_428/mul_32s_32s_32_2_1_U100/tmp_product__0 multiplier stage design_1_i/matrix_mult_0/inst/grp_matrix_mult_Pipeline_VITIS_LOOP_39_5_VITIS_LOOP_40_6_fu_428/mul_32s_32s_32_2_1_U100/tmp_product__0/P[47:0] is not pipelined (MREG=0). Pipelining the multiplier function will improve performance and will save significant power so it is suggested whenever possible to fully pipeline this function.  If this multiplier was inferred, it is suggested to describe an additional register stage after this function.  If there is no registered adder/accumulator following the multiply function, two pipeline stages are suggested to allow both the MREG and PREG registers to be used.  If the DSP48 was instantiated in the design, it is suggested to set both the MREG and PREG attributes to 1 when performing multiply functions.
Related violations: <none>

DPOP-2#4 Warning
MREG Output pipelining  
DSP design_1_i/matrix_mult_0/inst/grp_matrix_mult_Pipeline_VITIS_LOOP_39_5_VITIS_LOOP_40_6_fu_428/mul_32s_32s_32_2_1_U101/buff0_reg multiplier stage design_1_i/matrix_mult_0/inst/grp_matrix_mult_Pipeline_VITIS_LOOP_39_5_VITIS_LOOP_40_6_fu_428/mul_32s_32s_32_2_1_U101/buff0_reg/P[47:0] is not pipelined (MREG=0). Pipelining the multiplier function will improve performance and will save significant power so it is suggested whenever possible to fully pipeline this function.  If this multiplier was inferred, it is suggested to describe an additional register stage after this function.  If there is no registered adder/accumulator following the multiply function, two pipeline stages are suggested to allow both the MREG and PREG registers to be used.  If the DSP48 was instantiated in the design, it is suggested to set both the MREG and PREG attributes to 1 when performing multiply functions.
Related violations: <none>

DPOP-2#5 Warning
MREG Output pipelining  
DSP design_1_i/matrix_mult_0/inst/grp_matrix_mult_Pipeline_VITIS_LOOP_39_5_VITIS_LOOP_40_6_fu_428/mul_32s_32s_32_2_1_U101/tmp_product multiplier stage design_1_i/matrix_mult_0/inst/grp_matrix_mult_Pipeline_VITIS_LOOP_39_5_VITIS_LOOP_40_6_fu_428/mul_32s_32s_32_2_1_U101/tmp_product/P[47:0] is not pipelined (MREG=0). Pipelining the multiplier function will improve performance and will save significant power so it is suggested whenever possible to fully pipeline this function.  If this multiplier was inferred, it is suggested to describe an additional register stage after this function.  If there is no registered adder/accumulator following the multiply function, two pipeline stages are suggested to allow both the MREG and PREG registers to be used.  If the DSP48 was instantiated in the design, it is suggested to set both the MREG and PREG attributes to 1 when performing multiply functions.
Related violations: <none>

DPOP-2#6 Warning
MREG Output pipelining  
DSP design_1_i/matrix_mult_0/inst/grp_matrix_mult_Pipeline_VITIS_LOOP_39_5_VITIS_LOOP_40_6_fu_428/mul_32s_32s_32_2_1_U101/tmp_product__0 multiplier stage design_1_i/matrix_mult_0/inst/grp_matrix_mult_Pipeline_VITIS_LOOP_39_5_VITIS_LOOP_40_6_fu_428/mul_32s_32s_32_2_1_U101/tmp_product__0/P[47:0] is not pipelined (MREG=0). Pipelining the multiplier function will improve performance and will save significant power so it is suggested whenever possible to fully pipeline this function.  If this multiplier was inferred, it is suggested to describe an additional register stage after this function.  If there is no registered adder/accumulator following the multiply function, two pipeline stages are suggested to allow both the MREG and PREG registers to be used.  If the DSP48 was instantiated in the design, it is suggested to set both the MREG and PREG attributes to 1 when performing multiply functions.
Related violations: <none>

DPOP-2#7 Warning
MREG Output pipelining  
DSP design_1_i/matrix_mult_0/inst/grp_matrix_mult_Pipeline_VITIS_LOOP_39_5_VITIS_LOOP_40_6_fu_428/mul_32s_32s_32_2_1_U102/buff0_reg multiplier stage design_1_i/matrix_mult_0/inst/grp_matrix_mult_Pipeline_VITIS_LOOP_39_5_VITIS_LOOP_40_6_fu_428/mul_32s_32s_32_2_1_U102/buff0_reg/P[47:0] is not pipelined (MREG=0). Pipelining the multiplier function will improve performance and will save significant power so it is suggested whenever possible to fully pipeline this function.  If this multiplier was inferred, it is suggested to describe an additional register stage after this function.  If there is no registered adder/accumulator following the multiply function, two pipeline stages are suggested to allow both the MREG and PREG registers to be used.  If the DSP48 was instantiated in the design, it is suggested to set both the MREG and PREG attributes to 1 when performing multiply functions.
Related violations: <none>

DPOP-2#8 Warning
MREG Output pipelining  
DSP design_1_i/matrix_mult_0/inst/grp_matrix_mult_Pipeline_VITIS_LOOP_39_5_VITIS_LOOP_40_6_fu_428/mul_32s_32s_32_2_1_U102/tmp_product multiplier stage design_1_i/matrix_mult_0/inst/grp_matrix_mult_Pipeline_VITIS_LOOP_39_5_VITIS_LOOP_40_6_fu_428/mul_32s_32s_32_2_1_U102/tmp_product/P[47:0] is not pipelined (MREG=0). Pipelining the multiplier function will improve performance and will save significant power so it is suggested whenever possible to fully pipeline this function.  If this multiplier was inferred, it is suggested to describe an additional register stage after this function.  If there is no registered adder/accumulator following the multiply function, two pipeline stages are suggested to allow both the MREG and PREG registers to be used.  If the DSP48 was instantiated in the design, it is suggested to set both the MREG and PREG attributes to 1 when performing multiply functions.
Related violations: <none>

DPOP-2#9 Warning
MREG Output pipelining  
DSP design_1_i/matrix_mult_0/inst/grp_matrix_mult_Pipeline_VITIS_LOOP_39_5_VITIS_LOOP_40_6_fu_428/mul_32s_32s_32_2_1_U102/tmp_product__0 multiplier stage design_1_i/matrix_mult_0/inst/grp_matrix_mult_Pipeline_VITIS_LOOP_39_5_VITIS_LOOP_40_6_fu_428/mul_32s_32s_32_2_1_U102/tmp_product__0/P[47:0] is not pipelined (MREG=0). Pipelining the multiplier function will improve performance and will save significant power so it is suggested whenever possible to fully pipeline this function.  If this multiplier was inferred, it is suggested to describe an additional register stage after this function.  If there is no registered adder/accumulator following the multiply function, two pipeline stages are suggested to allow both the MREG and PREG registers to be used.  If the DSP48 was instantiated in the design, it is suggested to set both the MREG and PREG attributes to 1 when performing multiply functions.
Related violations: <none>

DPOP-2#10 Warning
MREG Output pipelining  
DSP design_1_i/matrix_mult_0/inst/grp_matrix_mult_Pipeline_VITIS_LOOP_39_5_VITIS_LOOP_40_6_fu_428/mul_32s_32s_32_2_1_U103/buff0_reg multiplier stage design_1_i/matrix_mult_0/inst/grp_matrix_mult_Pipeline_VITIS_LOOP_39_5_VITIS_LOOP_40_6_fu_428/mul_32s_32s_32_2_1_U103/buff0_reg/P[47:0] is not pipelined (MREG=0). Pipelining the multiplier function will improve performance and will save significant power so it is suggested whenever possible to fully pipeline this function.  If this multiplier was inferred, it is suggested to describe an additional register stage after this function.  If there is no registered adder/accumulator following the multiply function, two pipeline stages are suggested to allow both the MREG and PREG registers to be used.  If the DSP48 was instantiated in the design, it is suggested to set both the MREG and PREG attributes to 1 when performing multiply functions.
Related violations: <none>

DPOP-2#11 Warning
MREG Output pipelining  
DSP design_1_i/matrix_mult_0/inst/grp_matrix_mult_Pipeline_VITIS_LOOP_39_5_VITIS_LOOP_40_6_fu_428/mul_32s_32s_32_2_1_U103/tmp_product multiplier stage design_1_i/matrix_mult_0/inst/grp_matrix_mult_Pipeline_VITIS_LOOP_39_5_VITIS_LOOP_40_6_fu_428/mul_32s_32s_32_2_1_U103/tmp_product/P[47:0] is not pipelined (MREG=0). Pipelining the multiplier function will improve performance and will save significant power so it is suggested whenever possible to fully pipeline this function.  If this multiplier was inferred, it is suggested to describe an additional register stage after this function.  If there is no registered adder/accumulator following the multiply function, two pipeline stages are suggested to allow both the MREG and PREG registers to be used.  If the DSP48 was instantiated in the design, it is suggested to set both the MREG and PREG attributes to 1 when performing multiply functions.
Related violations: <none>

DPOP-2#12 Warning
MREG Output pipelining  
DSP design_1_i/matrix_mult_0/inst/grp_matrix_mult_Pipeline_VITIS_LOOP_39_5_VITIS_LOOP_40_6_fu_428/mul_32s_32s_32_2_1_U103/tmp_product__0 multiplier stage design_1_i/matrix_mult_0/inst/grp_matrix_mult_Pipeline_VITIS_LOOP_39_5_VITIS_LOOP_40_6_fu_428/mul_32s_32s_32_2_1_U103/tmp_product__0/P[47:0] is not pipelined (MREG=0). Pipelining the multiplier function will improve performance and will save significant power so it is suggested whenever possible to fully pipeline this function.  If this multiplier was inferred, it is suggested to describe an additional register stage after this function.  If there is no registered adder/accumulator following the multiply function, two pipeline stages are suggested to allow both the MREG and PREG registers to be used.  If the DSP48 was instantiated in the design, it is suggested to set both the MREG and PREG attributes to 1 when performing multiply functions.
Related violations: <none>

DPOP-2#13 Warning
MREG Output pipelining  
DSP design_1_i/matrix_mult_0/inst/grp_matrix_mult_Pipeline_VITIS_LOOP_39_5_VITIS_LOOP_40_6_fu_428/mul_32s_32s_32_2_1_U104/buff0_reg multiplier stage design_1_i/matrix_mult_0/inst/grp_matrix_mult_Pipeline_VITIS_LOOP_39_5_VITIS_LOOP_40_6_fu_428/mul_32s_32s_32_2_1_U104/buff0_reg/P[47:0] is not pipelined (MREG=0). Pipelining the multiplier function will improve performance and will save significant power so it is suggested whenever possible to fully pipeline this function.  If this multiplier was inferred, it is suggested to describe an additional register stage after this function.  If there is no registered adder/accumulator following the multiply function, two pipeline stages are suggested to allow both the MREG and PREG registers to be used.  If the DSP48 was instantiated in the design, it is suggested to set both the MREG and PREG attributes to 1 when performing multiply functions.
Related violations: <none>

DPOP-2#14 Warning
MREG Output pipelining  
DSP design_1_i/matrix_mult_0/inst/grp_matrix_mult_Pipeline_VITIS_LOOP_39_5_VITIS_LOOP_40_6_fu_428/mul_32s_32s_32_2_1_U104/tmp_product multiplier stage design_1_i/matrix_mult_0/inst/grp_matrix_mult_Pipeline_VITIS_LOOP_39_5_VITIS_LOOP_40_6_fu_428/mul_32s_32s_32_2_1_U104/tmp_product/P[47:0] is not pipelined (MREG=0). Pipelining the multiplier function will improve performance and will save significant power so it is suggested whenever possible to fully pipeline this function.  If this multiplier was inferred, it is suggested to describe an additional register stage after this function.  If there is no registered adder/accumulator following the multiply function, two pipeline stages are suggested to allow both the MREG and PREG registers to be used.  If the DSP48 was instantiated in the design, it is suggested to set both the MREG and PREG attributes to 1 when performing multiply functions.
Related violations: <none>

DPOP-2#15 Warning
MREG Output pipelining  
DSP design_1_i/matrix_mult_0/inst/grp_matrix_mult_Pipeline_VITIS_LOOP_39_5_VITIS_LOOP_40_6_fu_428/mul_32s_32s_32_2_1_U104/tmp_product__0 multiplier stage design_1_i/matrix_mult_0/inst/grp_matrix_mult_Pipeline_VITIS_LOOP_39_5_VITIS_LOOP_40_6_fu_428/mul_32s_32s_32_2_1_U104/tmp_product__0/P[47:0] is not pipelined (MREG=0). Pipelining the multiplier function will improve performance and will save significant power so it is suggested whenever possible to fully pipeline this function.  If this multiplier was inferred, it is suggested to describe an additional register stage after this function.  If there is no registered adder/accumulator following the multiply function, two pipeline stages are suggested to allow both the MREG and PREG registers to be used.  If the DSP48 was instantiated in the design, it is suggested to set both the MREG and PREG attributes to 1 when performing multiply functions.
Related violations: <none>

DPOP-2#16 Warning
MREG Output pipelining  
DSP design_1_i/matrix_mult_0/inst/grp_matrix_mult_Pipeline_VITIS_LOOP_39_5_VITIS_LOOP_40_6_fu_428/mul_32s_32s_32_2_1_U105/buff0_reg multiplier stage design_1_i/matrix_mult_0/inst/grp_matrix_mult_Pipeline_VITIS_LOOP_39_5_VITIS_LOOP_40_6_fu_428/mul_32s_32s_32_2_1_U105/buff0_reg/P[47:0] is not pipelined (MREG=0). Pipelining the multiplier function will improve performance and will save significant power so it is suggested whenever possible to fully pipeline this function.  If this multiplier was inferred, it is suggested to describe an additional register stage after this function.  If there is no registered adder/accumulator following the multiply function, two pipeline stages are suggested to allow both the MREG and PREG registers to be used.  If the DSP48 was instantiated in the design, it is suggested to set both the MREG and PREG attributes to 1 when performing multiply functions.
Related violations: <none>

DPOP-2#17 Warning
MREG Output pipelining  
DSP design_1_i/matrix_mult_0/inst/grp_matrix_mult_Pipeline_VITIS_LOOP_39_5_VITIS_LOOP_40_6_fu_428/mul_32s_32s_32_2_1_U105/tmp_product multiplier stage design_1_i/matrix_mult_0/inst/grp_matrix_mult_Pipeline_VITIS_LOOP_39_5_VITIS_LOOP_40_6_fu_428/mul_32s_32s_32_2_1_U105/tmp_product/P[47:0] is not pipelined (MREG=0). Pipelining the multiplier function will improve performance and will save significant power so it is suggested whenever possible to fully pipeline this function.  If this multiplier was inferred, it is suggested to describe an additional register stage after this function.  If there is no registered adder/accumulator following the multiply function, two pipeline stages are suggested to allow both the MREG and PREG registers to be used.  If the DSP48 was instantiated in the design, it is suggested to set both the MREG and PREG attributes to 1 when performing multiply functions.
Related violations: <none>

DPOP-2#18 Warning
MREG Output pipelining  
DSP design_1_i/matrix_mult_0/inst/grp_matrix_mult_Pipeline_VITIS_LOOP_39_5_VITIS_LOOP_40_6_fu_428/mul_32s_32s_32_2_1_U105/tmp_product__0 multiplier stage design_1_i/matrix_mult_0/inst/grp_matrix_mult_Pipeline_VITIS_LOOP_39_5_VITIS_LOOP_40_6_fu_428/mul_32s_32s_32_2_1_U105/tmp_product__0/P[47:0] is not pipelined (MREG=0). Pipelining the multiplier function will improve performance and will save significant power so it is suggested whenever possible to fully pipeline this function.  If this multiplier was inferred, it is suggested to describe an additional register stage after this function.  If there is no registered adder/accumulator following the multiply function, two pipeline stages are suggested to allow both the MREG and PREG registers to be used.  If the DSP48 was instantiated in the design, it is suggested to set both the MREG and PREG attributes to 1 when performing multiply functions.
Related violations: <none>

DPOP-2#19 Warning
MREG Output pipelining  
DSP design_1_i/matrix_mult_0/inst/grp_matrix_mult_Pipeline_VITIS_LOOP_39_5_VITIS_LOOP_40_6_fu_428/mul_32s_32s_32_2_1_U106/buff0_reg multiplier stage design_1_i/matrix_mult_0/inst/grp_matrix_mult_Pipeline_VITIS_LOOP_39_5_VITIS_LOOP_40_6_fu_428/mul_32s_32s_32_2_1_U106/buff0_reg/P[47:0] is not pipelined (MREG=0). Pipelining the multiplier function will improve performance and will save significant power so it is suggested whenever possible to fully pipeline this function.  If this multiplier was inferred, it is suggested to describe an additional register stage after this function.  If there is no registered adder/accumulator following the multiply function, two pipeline stages are suggested to allow both the MREG and PREG registers to be used.  If the DSP48 was instantiated in the design, it is suggested to set both the MREG and PREG attributes to 1 when performing multiply functions.
Related violations: <none>

DPOP-2#20 Warning
MREG Output pipelining  
DSP design_1_i/matrix_mult_0/inst/grp_matrix_mult_Pipeline_VITIS_LOOP_39_5_VITIS_LOOP_40_6_fu_428/mul_32s_32s_32_2_1_U106/tmp_product multiplier stage design_1_i/matrix_mult_0/inst/grp_matrix_mult_Pipeline_VITIS_LOOP_39_5_VITIS_LOOP_40_6_fu_428/mul_32s_32s_32_2_1_U106/tmp_product/P[47:0] is not pipelined (MREG=0). Pipelining the multiplier function will improve performance and will save significant power so it is suggested whenever possible to fully pipeline this function.  If this multiplier was inferred, it is suggested to describe an additional register stage after this function.  If there is no registered adder/accumulator following the multiply function, two pipeline stages are suggested to allow both the MREG and PREG registers to be used.  If the DSP48 was instantiated in the design, it is suggested to set both the MREG and PREG attributes to 1 when performing multiply functions.
Related violations: <none>

DPOP-2#21 Warning
MREG Output pipelining  
DSP design_1_i/matrix_mult_0/inst/grp_matrix_mult_Pipeline_VITIS_LOOP_39_5_VITIS_LOOP_40_6_fu_428/mul_32s_32s_32_2_1_U106/tmp_product__0 multiplier stage design_1_i/matrix_mult_0/inst/grp_matrix_mult_Pipeline_VITIS_LOOP_39_5_VITIS_LOOP_40_6_fu_428/mul_32s_32s_32_2_1_U106/tmp_product__0/P[47:0] is not pipelined (MREG=0). Pipelining the multiplier function will improve performance and will save significant power so it is suggested whenever possible to fully pipeline this function.  If this multiplier was inferred, it is suggested to describe an additional register stage after this function.  If there is no registered adder/accumulator following the multiply function, two pipeline stages are suggested to allow both the MREG and PREG registers to be used.  If the DSP48 was instantiated in the design, it is suggested to set both the MREG and PREG attributes to 1 when performing multiply functions.
Related violations: <none>

DPOP-2#22 Warning
MREG Output pipelining  
DSP design_1_i/matrix_mult_0/inst/grp_matrix_mult_Pipeline_VITIS_LOOP_39_5_VITIS_LOOP_40_6_fu_428/mul_32s_32s_32_2_1_U107/buff0_reg multiplier stage design_1_i/matrix_mult_0/inst/grp_matrix_mult_Pipeline_VITIS_LOOP_39_5_VITIS_LOOP_40_6_fu_428/mul_32s_32s_32_2_1_U107/buff0_reg/P[47:0] is not pipelined (MREG=0). Pipelining the multiplier function will improve performance and will save significant power so it is suggested whenever possible to fully pipeline this function.  If this multiplier was inferred, it is suggested to describe an additional register stage after this function.  If there is no registered adder/accumulator following the multiply function, two pipeline stages are suggested to allow both the MREG and PREG registers to be used.  If the DSP48 was instantiated in the design, it is suggested to set both the MREG and PREG attributes to 1 when performing multiply functions.
Related violations: <none>

DPOP-2#23 Warning
MREG Output pipelining  
DSP design_1_i/matrix_mult_0/inst/grp_matrix_mult_Pipeline_VITIS_LOOP_39_5_VITIS_LOOP_40_6_fu_428/mul_32s_32s_32_2_1_U107/tmp_product multiplier stage design_1_i/matrix_mult_0/inst/grp_matrix_mult_Pipeline_VITIS_LOOP_39_5_VITIS_LOOP_40_6_fu_428/mul_32s_32s_32_2_1_U107/tmp_product/P[47:0] is not pipelined (MREG=0). Pipelining the multiplier function will improve performance and will save significant power so it is suggested whenever possible to fully pipeline this function.  If this multiplier was inferred, it is suggested to describe an additional register stage after this function.  If there is no registered adder/accumulator following the multiply function, two pipeline stages are suggested to allow both the MREG and PREG registers to be used.  If the DSP48 was instantiated in the design, it is suggested to set both the MREG and PREG attributes to 1 when performing multiply functions.
Related violations: <none>

DPOP-2#24 Warning
MREG Output pipelining  
DSP design_1_i/matrix_mult_0/inst/grp_matrix_mult_Pipeline_VITIS_LOOP_39_5_VITIS_LOOP_40_6_fu_428/mul_32s_32s_32_2_1_U107/tmp_product__0 multiplier stage design_1_i/matrix_mult_0/inst/grp_matrix_mult_Pipeline_VITIS_LOOP_39_5_VITIS_LOOP_40_6_fu_428/mul_32s_32s_32_2_1_U107/tmp_product__0/P[47:0] is not pipelined (MREG=0). Pipelining the multiplier function will improve performance and will save significant power so it is suggested whenever possible to fully pipeline this function.  If this multiplier was inferred, it is suggested to describe an additional register stage after this function.  If there is no registered adder/accumulator following the multiply function, two pipeline stages are suggested to allow both the MREG and PREG registers to be used.  If the DSP48 was instantiated in the design, it is suggested to set both the MREG and PREG attributes to 1 when performing multiply functions.
Related violations: <none>

DPOP-2#25 Warning
MREG Output pipelining  
DSP design_1_i/matrix_mult_0/inst/grp_matrix_mult_Pipeline_VITIS_LOOP_39_5_VITIS_LOOP_40_6_fu_428/mul_32s_32s_32_2_1_U108/buff0_reg multiplier stage design_1_i/matrix_mult_0/inst/grp_matrix_mult_Pipeline_VITIS_LOOP_39_5_VITIS_LOOP_40_6_fu_428/mul_32s_32s_32_2_1_U108/buff0_reg/P[47:0] is not pipelined (MREG=0). Pipelining the multiplier function will improve performance and will save significant power so it is suggested whenever possible to fully pipeline this function.  If this multiplier was inferred, it is suggested to describe an additional register stage after this function.  If there is no registered adder/accumulator following the multiply function, two pipeline stages are suggested to allow both the MREG and PREG registers to be used.  If the DSP48 was instantiated in the design, it is suggested to set both the MREG and PREG attributes to 1 when performing multiply functions.
Related violations: <none>

DPOP-2#26 Warning
MREG Output pipelining  
DSP design_1_i/matrix_mult_0/inst/grp_matrix_mult_Pipeline_VITIS_LOOP_39_5_VITIS_LOOP_40_6_fu_428/mul_32s_32s_32_2_1_U108/tmp_product multiplier stage design_1_i/matrix_mult_0/inst/grp_matrix_mult_Pipeline_VITIS_LOOP_39_5_VITIS_LOOP_40_6_fu_428/mul_32s_32s_32_2_1_U108/tmp_product/P[47:0] is not pipelined (MREG=0). Pipelining the multiplier function will improve performance and will save significant power so it is suggested whenever possible to fully pipeline this function.  If this multiplier was inferred, it is suggested to describe an additional register stage after this function.  If there is no registered adder/accumulator following the multiply function, two pipeline stages are suggested to allow both the MREG and PREG registers to be used.  If the DSP48 was instantiated in the design, it is suggested to set both the MREG and PREG attributes to 1 when performing multiply functions.
Related violations: <none>

DPOP-2#27 Warning
MREG Output pipelining  
DSP design_1_i/matrix_mult_0/inst/grp_matrix_mult_Pipeline_VITIS_LOOP_39_5_VITIS_LOOP_40_6_fu_428/mul_32s_32s_32_2_1_U109/buff0_reg multiplier stage design_1_i/matrix_mult_0/inst/grp_matrix_mult_Pipeline_VITIS_LOOP_39_5_VITIS_LOOP_40_6_fu_428/mul_32s_32s_32_2_1_U109/buff0_reg/P[47:0] is not pipelined (MREG=0). Pipelining the multiplier function will improve performance and will save significant power so it is suggested whenever possible to fully pipeline this function.  If this multiplier was inferred, it is suggested to describe an additional register stage after this function.  If there is no registered adder/accumulator following the multiply function, two pipeline stages are suggested to allow both the MREG and PREG registers to be used.  If the DSP48 was instantiated in the design, it is suggested to set both the MREG and PREG attributes to 1 when performing multiply functions.
Related violations: <none>

DPOP-2#28 Warning
MREG Output pipelining  
DSP design_1_i/matrix_mult_0/inst/grp_matrix_mult_Pipeline_VITIS_LOOP_39_5_VITIS_LOOP_40_6_fu_428/mul_32s_32s_32_2_1_U109/tmp_product multiplier stage design_1_i/matrix_mult_0/inst/grp_matrix_mult_Pipeline_VITIS_LOOP_39_5_VITIS_LOOP_40_6_fu_428/mul_32s_32s_32_2_1_U109/tmp_product/P[47:0] is not pipelined (MREG=0). Pipelining the multiplier function will improve performance and will save significant power so it is suggested whenever possible to fully pipeline this function.  If this multiplier was inferred, it is suggested to describe an additional register stage after this function.  If there is no registered adder/accumulator following the multiply function, two pipeline stages are suggested to allow both the MREG and PREG registers to be used.  If the DSP48 was instantiated in the design, it is suggested to set both the MREG and PREG attributes to 1 when performing multiply functions.
Related violations: <none>

DPOP-2#29 Warning
MREG Output pipelining  
DSP design_1_i/matrix_mult_0/inst/grp_matrix_mult_Pipeline_VITIS_LOOP_39_5_VITIS_LOOP_40_6_fu_428/mul_32s_32s_32_2_1_U110/buff0_reg multiplier stage design_1_i/matrix_mult_0/inst/grp_matrix_mult_Pipeline_VITIS_LOOP_39_5_VITIS_LOOP_40_6_fu_428/mul_32s_32s_32_2_1_U110/buff0_reg/P[47:0] is not pipelined (MREG=0). Pipelining the multiplier function will improve performance and will save significant power so it is suggested whenever possible to fully pipeline this function.  If this multiplier was inferred, it is suggested to describe an additional register stage after this function.  If there is no registered adder/accumulator following the multiply function, two pipeline stages are suggested to allow both the MREG and PREG registers to be used.  If the DSP48 was instantiated in the design, it is suggested to set both the MREG and PREG attributes to 1 when performing multiply functions.
Related violations: <none>

DPOP-2#30 Warning
MREG Output pipelining  
DSP design_1_i/matrix_mult_0/inst/grp_matrix_mult_Pipeline_VITIS_LOOP_39_5_VITIS_LOOP_40_6_fu_428/mul_32s_32s_32_2_1_U110/tmp_product multiplier stage design_1_i/matrix_mult_0/inst/grp_matrix_mult_Pipeline_VITIS_LOOP_39_5_VITIS_LOOP_40_6_fu_428/mul_32s_32s_32_2_1_U110/tmp_product/P[47:0] is not pipelined (MREG=0). Pipelining the multiplier function will improve performance and will save significant power so it is suggested whenever possible to fully pipeline this function.  If this multiplier was inferred, it is suggested to describe an additional register stage after this function.  If there is no registered adder/accumulator following the multiply function, two pipeline stages are suggested to allow both the MREG and PREG registers to be used.  If the DSP48 was instantiated in the design, it is suggested to set both the MREG and PREG attributes to 1 when performing multiply functions.
Related violations: <none>

DPOP-2#31 Warning
MREG Output pipelining  
DSP design_1_i/matrix_mult_0/inst/grp_matrix_mult_Pipeline_VITIS_LOOP_39_5_VITIS_LOOP_40_6_fu_428/mul_32s_32s_32_2_1_U79/buff0_reg multiplier stage design_1_i/matrix_mult_0/inst/grp_matrix_mult_Pipeline_VITIS_LOOP_39_5_VITIS_LOOP_40_6_fu_428/mul_32s_32s_32_2_1_U79/buff0_reg/P[47:0] is not pipelined (MREG=0). Pipelining the multiplier function will improve performance and will save significant power so it is suggested whenever possible to fully pipeline this function.  If this multiplier was inferred, it is suggested to describe an additional register stage after this function.  If there is no registered adder/accumulator following the multiply function, two pipeline stages are suggested to allow both the MREG and PREG registers to be used.  If the DSP48 was instantiated in the design, it is suggested to set both the MREG and PREG attributes to 1 when performing multiply functions.
Related violations: <none>

DPOP-2#32 Warning
MREG Output pipelining  
DSP design_1_i/matrix_mult_0/inst/grp_matrix_mult_Pipeline_VITIS_LOOP_39_5_VITIS_LOOP_40_6_fu_428/mul_32s_32s_32_2_1_U79/tmp_product multiplier stage design_1_i/matrix_mult_0/inst/grp_matrix_mult_Pipeline_VITIS_LOOP_39_5_VITIS_LOOP_40_6_fu_428/mul_32s_32s_32_2_1_U79/tmp_product/P[47:0] is not pipelined (MREG=0). Pipelining the multiplier function will improve performance and will save significant power so it is suggested whenever possible to fully pipeline this function.  If this multiplier was inferred, it is suggested to describe an additional register stage after this function.  If there is no registered adder/accumulator following the multiply function, two pipeline stages are suggested to allow both the MREG and PREG registers to be used.  If the DSP48 was instantiated in the design, it is suggested to set both the MREG and PREG attributes to 1 when performing multiply functions.
Related violations: <none>

DPOP-2#33 Warning
MREG Output pipelining  
DSP design_1_i/matrix_mult_0/inst/grp_matrix_mult_Pipeline_VITIS_LOOP_39_5_VITIS_LOOP_40_6_fu_428/mul_32s_32s_32_2_1_U80/buff0_reg multiplier stage design_1_i/matrix_mult_0/inst/grp_matrix_mult_Pipeline_VITIS_LOOP_39_5_VITIS_LOOP_40_6_fu_428/mul_32s_32s_32_2_1_U80/buff0_reg/P[47:0] is not pipelined (MREG=0). Pipelining the multiplier function will improve performance and will save significant power so it is suggested whenever possible to fully pipeline this function.  If this multiplier was inferred, it is suggested to describe an additional register stage after this function.  If there is no registered adder/accumulator following the multiply function, two pipeline stages are suggested to allow both the MREG and PREG registers to be used.  If the DSP48 was instantiated in the design, it is suggested to set both the MREG and PREG attributes to 1 when performing multiply functions.
Related violations: <none>

DPOP-2#34 Warning
MREG Output pipelining  
DSP design_1_i/matrix_mult_0/inst/grp_matrix_mult_Pipeline_VITIS_LOOP_39_5_VITIS_LOOP_40_6_fu_428/mul_32s_32s_32_2_1_U80/tmp_product multiplier stage design_1_i/matrix_mult_0/inst/grp_matrix_mult_Pipeline_VITIS_LOOP_39_5_VITIS_LOOP_40_6_fu_428/mul_32s_32s_32_2_1_U80/tmp_product/P[47:0] is not pipelined (MREG=0). Pipelining the multiplier function will improve performance and will save significant power so it is suggested whenever possible to fully pipeline this function.  If this multiplier was inferred, it is suggested to describe an additional register stage after this function.  If there is no registered adder/accumulator following the multiply function, two pipeline stages are suggested to allow both the MREG and PREG registers to be used.  If the DSP48 was instantiated in the design, it is suggested to set both the MREG and PREG attributes to 1 when performing multiply functions.
Related violations: <none>

DPOP-2#35 Warning
MREG Output pipelining  
DSP design_1_i/matrix_mult_0/inst/grp_matrix_mult_Pipeline_VITIS_LOOP_39_5_VITIS_LOOP_40_6_fu_428/mul_32s_32s_32_2_1_U81/buff0_reg multiplier stage design_1_i/matrix_mult_0/inst/grp_matrix_mult_Pipeline_VITIS_LOOP_39_5_VITIS_LOOP_40_6_fu_428/mul_32s_32s_32_2_1_U81/buff0_reg/P[47:0] is not pipelined (MREG=0). Pipelining the multiplier function will improve performance and will save significant power so it is suggested whenever possible to fully pipeline this function.  If this multiplier was inferred, it is suggested to describe an additional register stage after this function.  If there is no registered adder/accumulator following the multiply function, two pipeline stages are suggested to allow both the MREG and PREG registers to be used.  If the DSP48 was instantiated in the design, it is suggested to set both the MREG and PREG attributes to 1 when performing multiply functions.
Related violations: <none>

DPOP-2#36 Warning
MREG Output pipelining  
DSP design_1_i/matrix_mult_0/inst/grp_matrix_mult_Pipeline_VITIS_LOOP_39_5_VITIS_LOOP_40_6_fu_428/mul_32s_32s_32_2_1_U81/tmp_product multiplier stage design_1_i/matrix_mult_0/inst/grp_matrix_mult_Pipeline_VITIS_LOOP_39_5_VITIS_LOOP_40_6_fu_428/mul_32s_32s_32_2_1_U81/tmp_product/P[47:0] is not pipelined (MREG=0). Pipelining the multiplier function will improve performance and will save significant power so it is suggested whenever possible to fully pipeline this function.  If this multiplier was inferred, it is suggested to describe an additional register stage after this function.  If there is no registered adder/accumulator following the multiply function, two pipeline stages are suggested to allow both the MREG and PREG registers to be used.  If the DSP48 was instantiated in the design, it is suggested to set both the MREG and PREG attributes to 1 when performing multiply functions.
Related violations: <none>

DPOP-2#37 Warning
MREG Output pipelining  
DSP design_1_i/matrix_mult_0/inst/grp_matrix_mult_Pipeline_VITIS_LOOP_39_5_VITIS_LOOP_40_6_fu_428/mul_32s_32s_32_2_1_U82/buff0_reg multiplier stage design_1_i/matrix_mult_0/inst/grp_matrix_mult_Pipeline_VITIS_LOOP_39_5_VITIS_LOOP_40_6_fu_428/mul_32s_32s_32_2_1_U82/buff0_reg/P[47:0] is not pipelined (MREG=0). Pipelining the multiplier function will improve performance and will save significant power so it is suggested whenever possible to fully pipeline this function.  If this multiplier was inferred, it is suggested to describe an additional register stage after this function.  If there is no registered adder/accumulator following the multiply function, two pipeline stages are suggested to allow both the MREG and PREG registers to be used.  If the DSP48 was instantiated in the design, it is suggested to set both the MREG and PREG attributes to 1 when performing multiply functions.
Related violations: <none>

DPOP-2#38 Warning
MREG Output pipelining  
DSP design_1_i/matrix_mult_0/inst/grp_matrix_mult_Pipeline_VITIS_LOOP_39_5_VITIS_LOOP_40_6_fu_428/mul_32s_32s_32_2_1_U82/tmp_product multiplier stage design_1_i/matrix_mult_0/inst/grp_matrix_mult_Pipeline_VITIS_LOOP_39_5_VITIS_LOOP_40_6_fu_428/mul_32s_32s_32_2_1_U82/tmp_product/P[47:0] is not pipelined (MREG=0). Pipelining the multiplier function will improve performance and will save significant power so it is suggested whenever possible to fully pipeline this function.  If this multiplier was inferred, it is suggested to describe an additional register stage after this function.  If there is no registered adder/accumulator following the multiply function, two pipeline stages are suggested to allow both the MREG and PREG registers to be used.  If the DSP48 was instantiated in the design, it is suggested to set both the MREG and PREG attributes to 1 when performing multiply functions.
Related violations: <none>

DPOP-2#39 Warning
MREG Output pipelining  
DSP design_1_i/matrix_mult_0/inst/grp_matrix_mult_Pipeline_VITIS_LOOP_39_5_VITIS_LOOP_40_6_fu_428/mul_32s_32s_32_2_1_U83/buff0_reg multiplier stage design_1_i/matrix_mult_0/inst/grp_matrix_mult_Pipeline_VITIS_LOOP_39_5_VITIS_LOOP_40_6_fu_428/mul_32s_32s_32_2_1_U83/buff0_reg/P[47:0] is not pipelined (MREG=0). Pipelining the multiplier function will improve performance and will save significant power so it is suggested whenever possible to fully pipeline this function.  If this multiplier was inferred, it is suggested to describe an additional register stage after this function.  If there is no registered adder/accumulator following the multiply function, two pipeline stages are suggested to allow both the MREG and PREG registers to be used.  If the DSP48 was instantiated in the design, it is suggested to set both the MREG and PREG attributes to 1 when performing multiply functions.
Related violations: <none>

DPOP-2#40 Warning
MREG Output pipelining  
DSP design_1_i/matrix_mult_0/inst/grp_matrix_mult_Pipeline_VITIS_LOOP_39_5_VITIS_LOOP_40_6_fu_428/mul_32s_32s_32_2_1_U83/tmp_product multiplier stage design_1_i/matrix_mult_0/inst/grp_matrix_mult_Pipeline_VITIS_LOOP_39_5_VITIS_LOOP_40_6_fu_428/mul_32s_32s_32_2_1_U83/tmp_product/P[47:0] is not pipelined (MREG=0). Pipelining the multiplier function will improve performance and will save significant power so it is suggested whenever possible to fully pipeline this function.  If this multiplier was inferred, it is suggested to describe an additional register stage after this function.  If there is no registered adder/accumulator following the multiply function, two pipeline stages are suggested to allow both the MREG and PREG registers to be used.  If the DSP48 was instantiated in the design, it is suggested to set both the MREG and PREG attributes to 1 when performing multiply functions.
Related violations: <none>

DPOP-2#41 Warning
MREG Output pipelining  
DSP design_1_i/matrix_mult_0/inst/grp_matrix_mult_Pipeline_VITIS_LOOP_39_5_VITIS_LOOP_40_6_fu_428/mul_32s_32s_32_2_1_U84/buff0_reg multiplier stage design_1_i/matrix_mult_0/inst/grp_matrix_mult_Pipeline_VITIS_LOOP_39_5_VITIS_LOOP_40_6_fu_428/mul_32s_32s_32_2_1_U84/buff0_reg/P[47:0] is not pipelined (MREG=0). Pipelining the multiplier function will improve performance and will save significant power so it is suggested whenever possible to fully pipeline this function.  If this multiplier was inferred, it is suggested to describe an additional register stage after this function.  If there is no registered adder/accumulator following the multiply function, two pipeline stages are suggested to allow both the MREG and PREG registers to be used.  If the DSP48 was instantiated in the design, it is suggested to set both the MREG and PREG attributes to 1 when performing multiply functions.
Related violations: <none>

DPOP-2#42 Warning
MREG Output pipelining  
DSP design_1_i/matrix_mult_0/inst/grp_matrix_mult_Pipeline_VITIS_LOOP_39_5_VITIS_LOOP_40_6_fu_428/mul_32s_32s_32_2_1_U84/tmp_product multiplier stage design_1_i/matrix_mult_0/inst/grp_matrix_mult_Pipeline_VITIS_LOOP_39_5_VITIS_LOOP_40_6_fu_428/mul_32s_32s_32_2_1_U84/tmp_product/P[47:0] is not pipelined (MREG=0). Pipelining the multiplier function will improve performance and will save significant power so it is suggested whenever possible to fully pipeline this function.  If this multiplier was inferred, it is suggested to describe an additional register stage after this function.  If there is no registered adder/accumulator following the multiply function, two pipeline stages are suggested to allow both the MREG and PREG registers to be used.  If the DSP48 was instantiated in the design, it is suggested to set both the MREG and PREG attributes to 1 when performing multiply functions.
Related violations: <none>

DPOP-2#43 Warning
MREG Output pipelining  
DSP design_1_i/matrix_mult_0/inst/grp_matrix_mult_Pipeline_VITIS_LOOP_39_5_VITIS_LOOP_40_6_fu_428/mul_32s_32s_32_2_1_U85/buff0_reg multiplier stage design_1_i/matrix_mult_0/inst/grp_matrix_mult_Pipeline_VITIS_LOOP_39_5_VITIS_LOOP_40_6_fu_428/mul_32s_32s_32_2_1_U85/buff0_reg/P[47:0] is not pipelined (MREG=0). Pipelining the multiplier function will improve performance and will save significant power so it is suggested whenever possible to fully pipeline this function.  If this multiplier was inferred, it is suggested to describe an additional register stage after this function.  If there is no registered adder/accumulator following the multiply function, two pipeline stages are suggested to allow both the MREG and PREG registers to be used.  If the DSP48 was instantiated in the design, it is suggested to set both the MREG and PREG attributes to 1 when performing multiply functions.
Related violations: <none>

DPOP-2#44 Warning
MREG Output pipelining  
DSP design_1_i/matrix_mult_0/inst/grp_matrix_mult_Pipeline_VITIS_LOOP_39_5_VITIS_LOOP_40_6_fu_428/mul_32s_32s_32_2_1_U85/tmp_product multiplier stage design_1_i/matrix_mult_0/inst/grp_matrix_mult_Pipeline_VITIS_LOOP_39_5_VITIS_LOOP_40_6_fu_428/mul_32s_32s_32_2_1_U85/tmp_product/P[47:0] is not pipelined (MREG=0). Pipelining the multiplier function will improve performance and will save significant power so it is suggested whenever possible to fully pipeline this function.  If this multiplier was inferred, it is suggested to describe an additional register stage after this function.  If there is no registered adder/accumulator following the multiply function, two pipeline stages are suggested to allow both the MREG and PREG registers to be used.  If the DSP48 was instantiated in the design, it is suggested to set both the MREG and PREG attributes to 1 when performing multiply functions.
Related violations: <none>

DPOP-2#45 Warning
MREG Output pipelining  
DSP design_1_i/matrix_mult_0/inst/grp_matrix_mult_Pipeline_VITIS_LOOP_39_5_VITIS_LOOP_40_6_fu_428/mul_32s_32s_32_2_1_U86/buff0_reg multiplier stage design_1_i/matrix_mult_0/inst/grp_matrix_mult_Pipeline_VITIS_LOOP_39_5_VITIS_LOOP_40_6_fu_428/mul_32s_32s_32_2_1_U86/buff0_reg/P[47:0] is not pipelined (MREG=0). Pipelining the multiplier function will improve performance and will save significant power so it is suggested whenever possible to fully pipeline this function.  If this multiplier was inferred, it is suggested to describe an additional register stage after this function.  If there is no registered adder/accumulator following the multiply function, two pipeline stages are suggested to allow both the MREG and PREG registers to be used.  If the DSP48 was instantiated in the design, it is suggested to set both the MREG and PREG attributes to 1 when performing multiply functions.
Related violations: <none>

DPOP-2#46 Warning
MREG Output pipelining  
DSP design_1_i/matrix_mult_0/inst/grp_matrix_mult_Pipeline_VITIS_LOOP_39_5_VITIS_LOOP_40_6_fu_428/mul_32s_32s_32_2_1_U86/tmp_product multiplier stage design_1_i/matrix_mult_0/inst/grp_matrix_mult_Pipeline_VITIS_LOOP_39_5_VITIS_LOOP_40_6_fu_428/mul_32s_32s_32_2_1_U86/tmp_product/P[47:0] is not pipelined (MREG=0). Pipelining the multiplier function will improve performance and will save significant power so it is suggested whenever possible to fully pipeline this function.  If this multiplier was inferred, it is suggested to describe an additional register stage after this function.  If there is no registered adder/accumulator following the multiply function, two pipeline stages are suggested to allow both the MREG and PREG registers to be used.  If the DSP48 was instantiated in the design, it is suggested to set both the MREG and PREG attributes to 1 when performing multiply functions.
Related violations: <none>

DPOP-2#47 Warning
MREG Output pipelining  
DSP design_1_i/matrix_mult_0/inst/grp_matrix_mult_Pipeline_VITIS_LOOP_39_5_VITIS_LOOP_40_6_fu_428/mul_32s_32s_32_2_1_U87/buff0_reg multiplier stage design_1_i/matrix_mult_0/inst/grp_matrix_mult_Pipeline_VITIS_LOOP_39_5_VITIS_LOOP_40_6_fu_428/mul_32s_32s_32_2_1_U87/buff0_reg/P[47:0] is not pipelined (MREG=0). Pipelining the multiplier function will improve performance and will save significant power so it is suggested whenever possible to fully pipeline this function.  If this multiplier was inferred, it is suggested to describe an additional register stage after this function.  If there is no registered adder/accumulator following the multiply function, two pipeline stages are suggested to allow both the MREG and PREG registers to be used.  If the DSP48 was instantiated in the design, it is suggested to set both the MREG and PREG attributes to 1 when performing multiply functions.
Related violations: <none>

DPOP-2#48 Warning
MREG Output pipelining  
DSP design_1_i/matrix_mult_0/inst/grp_matrix_mult_Pipeline_VITIS_LOOP_39_5_VITIS_LOOP_40_6_fu_428/mul_32s_32s_32_2_1_U87/tmp_product multiplier stage design_1_i/matrix_mult_0/inst/grp_matrix_mult_Pipeline_VITIS_LOOP_39_5_VITIS_LOOP_40_6_fu_428/mul_32s_32s_32_2_1_U87/tmp_product/P[47:0] is not pipelined (MREG=0). Pipelining the multiplier function will improve performance and will save significant power so it is suggested whenever possible to fully pipeline this function.  If this multiplier was inferred, it is suggested to describe an additional register stage after this function.  If there is no registered adder/accumulator following the multiply function, two pipeline stages are suggested to allow both the MREG and PREG registers to be used.  If the DSP48 was instantiated in the design, it is suggested to set both the MREG and PREG attributes to 1 when performing multiply functions.
Related violations: <none>

DPOP-2#49 Warning
MREG Output pipelining  
DSP design_1_i/matrix_mult_0/inst/grp_matrix_mult_Pipeline_VITIS_LOOP_39_5_VITIS_LOOP_40_6_fu_428/mul_32s_32s_32_2_1_U88/buff0_reg multiplier stage design_1_i/matrix_mult_0/inst/grp_matrix_mult_Pipeline_VITIS_LOOP_39_5_VITIS_LOOP_40_6_fu_428/mul_32s_32s_32_2_1_U88/buff0_reg/P[47:0] is not pipelined (MREG=0). Pipelining the multiplier function will improve performance and will save significant power so it is suggested whenever possible to fully pipeline this function.  If this multiplier was inferred, it is suggested to describe an additional register stage after this function.  If there is no registered adder/accumulator following the multiply function, two pipeline stages are suggested to allow both the MREG and PREG registers to be used.  If the DSP48 was instantiated in the design, it is suggested to set both the MREG and PREG attributes to 1 when performing multiply functions.
Related violations: <none>

DPOP-2#50 Warning
MREG Output pipelining  
DSP design_1_i/matrix_mult_0/inst/grp_matrix_mult_Pipeline_VITIS_LOOP_39_5_VITIS_LOOP_40_6_fu_428/mul_32s_32s_32_2_1_U88/tmp_product multiplier stage design_1_i/matrix_mult_0/inst/grp_matrix_mult_Pipeline_VITIS_LOOP_39_5_VITIS_LOOP_40_6_fu_428/mul_32s_32s_32_2_1_U88/tmp_product/P[47:0] is not pipelined (MREG=0). Pipelining the multiplier function will improve performance and will save significant power so it is suggested whenever possible to fully pipeline this function.  If this multiplier was inferred, it is suggested to describe an additional register stage after this function.  If there is no registered adder/accumulator following the multiply function, two pipeline stages are suggested to allow both the MREG and PREG registers to be used.  If the DSP48 was instantiated in the design, it is suggested to set both the MREG and PREG attributes to 1 when performing multiply functions.
Related violations: <none>

DPOP-2#51 Warning
MREG Output pipelining  
DSP design_1_i/matrix_mult_0/inst/grp_matrix_mult_Pipeline_VITIS_LOOP_39_5_VITIS_LOOP_40_6_fu_428/mul_32s_32s_32_2_1_U89/buff0_reg multiplier stage design_1_i/matrix_mult_0/inst/grp_matrix_mult_Pipeline_VITIS_LOOP_39_5_VITIS_LOOP_40_6_fu_428/mul_32s_32s_32_2_1_U89/buff0_reg/P[47:0] is not pipelined (MREG=0). Pipelining the multiplier function will improve performance and will save significant power so it is suggested whenever possible to fully pipeline this function.  If this multiplier was inferred, it is suggested to describe an additional register stage after this function.  If there is no registered adder/accumulator following the multiply function, two pipeline stages are suggested to allow both the MREG and PREG registers to be used.  If the DSP48 was instantiated in the design, it is suggested to set both the MREG and PREG attributes to 1 when performing multiply functions.
Related violations: <none>

DPOP-2#52 Warning
MREG Output pipelining  
DSP design_1_i/matrix_mult_0/inst/grp_matrix_mult_Pipeline_VITIS_LOOP_39_5_VITIS_LOOP_40_6_fu_428/mul_32s_32s_32_2_1_U89/tmp_product multiplier stage design_1_i/matrix_mult_0/inst/grp_matrix_mult_Pipeline_VITIS_LOOP_39_5_VITIS_LOOP_40_6_fu_428/mul_32s_32s_32_2_1_U89/tmp_product/P[47:0] is not pipelined (MREG=0). Pipelining the multiplier function will improve performance and will save significant power so it is suggested whenever possible to fully pipeline this function.  If this multiplier was inferred, it is suggested to describe an additional register stage after this function.  If there is no registered adder/accumulator following the multiply function, two pipeline stages are suggested to allow both the MREG and PREG registers to be used.  If the DSP48 was instantiated in the design, it is suggested to set both the MREG and PREG attributes to 1 when performing multiply functions.
Related violations: <none>

DPOP-2#53 Warning
MREG Output pipelining  
DSP design_1_i/matrix_mult_0/inst/grp_matrix_mult_Pipeline_VITIS_LOOP_39_5_VITIS_LOOP_40_6_fu_428/mul_32s_32s_32_2_1_U90/buff0_reg multiplier stage design_1_i/matrix_mult_0/inst/grp_matrix_mult_Pipeline_VITIS_LOOP_39_5_VITIS_LOOP_40_6_fu_428/mul_32s_32s_32_2_1_U90/buff0_reg/P[47:0] is not pipelined (MREG=0). Pipelining the multiplier function will improve performance and will save significant power so it is suggested whenever possible to fully pipeline this function.  If this multiplier was inferred, it is suggested to describe an additional register stage after this function.  If there is no registered adder/accumulator following the multiply function, two pipeline stages are suggested to allow both the MREG and PREG registers to be used.  If the DSP48 was instantiated in the design, it is suggested to set both the MREG and PREG attributes to 1 when performing multiply functions.
Related violations: <none>

DPOP-2#54 Warning
MREG Output pipelining  
DSP design_1_i/matrix_mult_0/inst/grp_matrix_mult_Pipeline_VITIS_LOOP_39_5_VITIS_LOOP_40_6_fu_428/mul_32s_32s_32_2_1_U90/tmp_product multiplier stage design_1_i/matrix_mult_0/inst/grp_matrix_mult_Pipeline_VITIS_LOOP_39_5_VITIS_LOOP_40_6_fu_428/mul_32s_32s_32_2_1_U90/tmp_product/P[47:0] is not pipelined (MREG=0). Pipelining the multiplier function will improve performance and will save significant power so it is suggested whenever possible to fully pipeline this function.  If this multiplier was inferred, it is suggested to describe an additional register stage after this function.  If there is no registered adder/accumulator following the multiply function, two pipeline stages are suggested to allow both the MREG and PREG registers to be used.  If the DSP48 was instantiated in the design, it is suggested to set both the MREG and PREG attributes to 1 when performing multiply functions.
Related violations: <none>

DPOP-2#55 Warning
MREG Output pipelining  
DSP design_1_i/matrix_mult_0/inst/grp_matrix_mult_Pipeline_VITIS_LOOP_39_5_VITIS_LOOP_40_6_fu_428/mul_32s_32s_32_2_1_U91/buff0_reg multiplier stage design_1_i/matrix_mult_0/inst/grp_matrix_mult_Pipeline_VITIS_LOOP_39_5_VITIS_LOOP_40_6_fu_428/mul_32s_32s_32_2_1_U91/buff0_reg/P[47:0] is not pipelined (MREG=0). Pipelining the multiplier function will improve performance and will save significant power so it is suggested whenever possible to fully pipeline this function.  If this multiplier was inferred, it is suggested to describe an additional register stage after this function.  If there is no registered adder/accumulator following the multiply function, two pipeline stages are suggested to allow both the MREG and PREG registers to be used.  If the DSP48 was instantiated in the design, it is suggested to set both the MREG and PREG attributes to 1 when performing multiply functions.
Related violations: <none>

DPOP-2#56 Warning
MREG Output pipelining  
DSP design_1_i/matrix_mult_0/inst/grp_matrix_mult_Pipeline_VITIS_LOOP_39_5_VITIS_LOOP_40_6_fu_428/mul_32s_32s_32_2_1_U91/tmp_product multiplier stage design_1_i/matrix_mult_0/inst/grp_matrix_mult_Pipeline_VITIS_LOOP_39_5_VITIS_LOOP_40_6_fu_428/mul_32s_32s_32_2_1_U91/tmp_product/P[47:0] is not pipelined (MREG=0). Pipelining the multiplier function will improve performance and will save significant power so it is suggested whenever possible to fully pipeline this function.  If this multiplier was inferred, it is suggested to describe an additional register stage after this function.  If there is no registered adder/accumulator following the multiply function, two pipeline stages are suggested to allow both the MREG and PREG registers to be used.  If the DSP48 was instantiated in the design, it is suggested to set both the MREG and PREG attributes to 1 when performing multiply functions.
Related violations: <none>

DPOP-2#57 Warning
MREG Output pipelining  
DSP design_1_i/matrix_mult_0/inst/grp_matrix_mult_Pipeline_VITIS_LOOP_39_5_VITIS_LOOP_40_6_fu_428/mul_32s_32s_32_2_1_U92/buff0_reg multiplier stage design_1_i/matrix_mult_0/inst/grp_matrix_mult_Pipeline_VITIS_LOOP_39_5_VITIS_LOOP_40_6_fu_428/mul_32s_32s_32_2_1_U92/buff0_reg/P[47:0] is not pipelined (MREG=0). Pipelining the multiplier function will improve performance and will save significant power so it is suggested whenever possible to fully pipeline this function.  If this multiplier was inferred, it is suggested to describe an additional register stage after this function.  If there is no registered adder/accumulator following the multiply function, two pipeline stages are suggested to allow both the MREG and PREG registers to be used.  If the DSP48 was instantiated in the design, it is suggested to set both the MREG and PREG attributes to 1 when performing multiply functions.
Related violations: <none>

DPOP-2#58 Warning
MREG Output pipelining  
DSP design_1_i/matrix_mult_0/inst/grp_matrix_mult_Pipeline_VITIS_LOOP_39_5_VITIS_LOOP_40_6_fu_428/mul_32s_32s_32_2_1_U92/tmp_product multiplier stage design_1_i/matrix_mult_0/inst/grp_matrix_mult_Pipeline_VITIS_LOOP_39_5_VITIS_LOOP_40_6_fu_428/mul_32s_32s_32_2_1_U92/tmp_product/P[47:0] is not pipelined (MREG=0). Pipelining the multiplier function will improve performance and will save significant power so it is suggested whenever possible to fully pipeline this function.  If this multiplier was inferred, it is suggested to describe an additional register stage after this function.  If there is no registered adder/accumulator following the multiply function, two pipeline stages are suggested to allow both the MREG and PREG registers to be used.  If the DSP48 was instantiated in the design, it is suggested to set both the MREG and PREG attributes to 1 when performing multiply functions.
Related violations: <none>

DPOP-2#59 Warning
MREG Output pipelining  
DSP design_1_i/matrix_mult_0/inst/grp_matrix_mult_Pipeline_VITIS_LOOP_39_5_VITIS_LOOP_40_6_fu_428/mul_32s_32s_32_2_1_U93/buff0_reg multiplier stage design_1_i/matrix_mult_0/inst/grp_matrix_mult_Pipeline_VITIS_LOOP_39_5_VITIS_LOOP_40_6_fu_428/mul_32s_32s_32_2_1_U93/buff0_reg/P[47:0] is not pipelined (MREG=0). Pipelining the multiplier function will improve performance and will save significant power so it is suggested whenever possible to fully pipeline this function.  If this multiplier was inferred, it is suggested to describe an additional register stage after this function.  If there is no registered adder/accumulator following the multiply function, two pipeline stages are suggested to allow both the MREG and PREG registers to be used.  If the DSP48 was instantiated in the design, it is suggested to set both the MREG and PREG attributes to 1 when performing multiply functions.
Related violations: <none>

DPOP-2#60 Warning
MREG Output pipelining  
DSP design_1_i/matrix_mult_0/inst/grp_matrix_mult_Pipeline_VITIS_LOOP_39_5_VITIS_LOOP_40_6_fu_428/mul_32s_32s_32_2_1_U93/tmp_product multiplier stage design_1_i/matrix_mult_0/inst/grp_matrix_mult_Pipeline_VITIS_LOOP_39_5_VITIS_LOOP_40_6_fu_428/mul_32s_32s_32_2_1_U93/tmp_product/P[47:0] is not pipelined (MREG=0). Pipelining the multiplier function will improve performance and will save significant power so it is suggested whenever possible to fully pipeline this function.  If this multiplier was inferred, it is suggested to describe an additional register stage after this function.  If there is no registered adder/accumulator following the multiply function, two pipeline stages are suggested to allow both the MREG and PREG registers to be used.  If the DSP48 was instantiated in the design, it is suggested to set both the MREG and PREG attributes to 1 when performing multiply functions.
Related violations: <none>

DPOP-2#61 Warning
MREG Output pipelining  
DSP design_1_i/matrix_mult_0/inst/grp_matrix_mult_Pipeline_VITIS_LOOP_39_5_VITIS_LOOP_40_6_fu_428/mul_32s_32s_32_2_1_U94/buff0_reg multiplier stage design_1_i/matrix_mult_0/inst/grp_matrix_mult_Pipeline_VITIS_LOOP_39_5_VITIS_LOOP_40_6_fu_428/mul_32s_32s_32_2_1_U94/buff0_reg/P[47:0] is not pipelined (MREG=0). Pipelining the multiplier function will improve performance and will save significant power so it is suggested whenever possible to fully pipeline this function.  If this multiplier was inferred, it is suggested to describe an additional register stage after this function.  If there is no registered adder/accumulator following the multiply function, two pipeline stages are suggested to allow both the MREG and PREG registers to be used.  If the DSP48 was instantiated in the design, it is suggested to set both the MREG and PREG attributes to 1 when performing multiply functions.
Related violations: <none>

DPOP-2#62 Warning
MREG Output pipelining  
DSP design_1_i/matrix_mult_0/inst/grp_matrix_mult_Pipeline_VITIS_LOOP_39_5_VITIS_LOOP_40_6_fu_428/mul_32s_32s_32_2_1_U94/tmp_product multiplier stage design_1_i/matrix_mult_0/inst/grp_matrix_mult_Pipeline_VITIS_LOOP_39_5_VITIS_LOOP_40_6_fu_428/mul_32s_32s_32_2_1_U94/tmp_product/P[47:0] is not pipelined (MREG=0). Pipelining the multiplier function will improve performance and will save significant power so it is suggested whenever possible to fully pipeline this function.  If this multiplier was inferred, it is suggested to describe an additional register stage after this function.  If there is no registered adder/accumulator following the multiply function, two pipeline stages are suggested to allow both the MREG and PREG registers to be used.  If the DSP48 was instantiated in the design, it is suggested to set both the MREG and PREG attributes to 1 when performing multiply functions.
Related violations: <none>

DPOP-2#63 Warning
MREG Output pipelining  
DSP design_1_i/matrix_mult_0/inst/grp_matrix_mult_Pipeline_VITIS_LOOP_39_5_VITIS_LOOP_40_6_fu_428/mul_32s_32s_32_2_1_U95/buff0_reg multiplier stage design_1_i/matrix_mult_0/inst/grp_matrix_mult_Pipeline_VITIS_LOOP_39_5_VITIS_LOOP_40_6_fu_428/mul_32s_32s_32_2_1_U95/buff0_reg/P[47:0] is not pipelined (MREG=0). Pipelining the multiplier function will improve performance and will save significant power so it is suggested whenever possible to fully pipeline this function.  If this multiplier was inferred, it is suggested to describe an additional register stage after this function.  If there is no registered adder/accumulator following the multiply function, two pipeline stages are suggested to allow both the MREG and PREG registers to be used.  If the DSP48 was instantiated in the design, it is suggested to set both the MREG and PREG attributes to 1 when performing multiply functions.
Related violations: <none>

DPOP-2#64 Warning
MREG Output pipelining  
DSP design_1_i/matrix_mult_0/inst/grp_matrix_mult_Pipeline_VITIS_LOOP_39_5_VITIS_LOOP_40_6_fu_428/mul_32s_32s_32_2_1_U95/tmp_product multiplier stage design_1_i/matrix_mult_0/inst/grp_matrix_mult_Pipeline_VITIS_LOOP_39_5_VITIS_LOOP_40_6_fu_428/mul_32s_32s_32_2_1_U95/tmp_product/P[47:0] is not pipelined (MREG=0). Pipelining the multiplier function will improve performance and will save significant power so it is suggested whenever possible to fully pipeline this function.  If this multiplier was inferred, it is suggested to describe an additional register stage after this function.  If there is no registered adder/accumulator following the multiply function, two pipeline stages are suggested to allow both the MREG and PREG registers to be used.  If the DSP48 was instantiated in the design, it is suggested to set both the MREG and PREG attributes to 1 when performing multiply functions.
Related violations: <none>

DPOP-2#65 Warning
MREG Output pipelining  
DSP design_1_i/matrix_mult_0/inst/grp_matrix_mult_Pipeline_VITIS_LOOP_39_5_VITIS_LOOP_40_6_fu_428/mul_32s_32s_32_2_1_U96/buff0_reg multiplier stage design_1_i/matrix_mult_0/inst/grp_matrix_mult_Pipeline_VITIS_LOOP_39_5_VITIS_LOOP_40_6_fu_428/mul_32s_32s_32_2_1_U96/buff0_reg/P[47:0] is not pipelined (MREG=0). Pipelining the multiplier function will improve performance and will save significant power so it is suggested whenever possible to fully pipeline this function.  If this multiplier was inferred, it is suggested to describe an additional register stage after this function.  If there is no registered adder/accumulator following the multiply function, two pipeline stages are suggested to allow both the MREG and PREG registers to be used.  If the DSP48 was instantiated in the design, it is suggested to set both the MREG and PREG attributes to 1 when performing multiply functions.
Related violations: <none>

DPOP-2#66 Warning
MREG Output pipelining  
DSP design_1_i/matrix_mult_0/inst/grp_matrix_mult_Pipeline_VITIS_LOOP_39_5_VITIS_LOOP_40_6_fu_428/mul_32s_32s_32_2_1_U96/tmp_product multiplier stage design_1_i/matrix_mult_0/inst/grp_matrix_mult_Pipeline_VITIS_LOOP_39_5_VITIS_LOOP_40_6_fu_428/mul_32s_32s_32_2_1_U96/tmp_product/P[47:0] is not pipelined (MREG=0). Pipelining the multiplier function will improve performance and will save significant power so it is suggested whenever possible to fully pipeline this function.  If this multiplier was inferred, it is suggested to describe an additional register stage after this function.  If there is no registered adder/accumulator following the multiply function, two pipeline stages are suggested to allow both the MREG and PREG registers to be used.  If the DSP48 was instantiated in the design, it is suggested to set both the MREG and PREG attributes to 1 when performing multiply functions.
Related violations: <none>

DPOP-2#67 Warning
MREG Output pipelining  
DSP design_1_i/matrix_mult_0/inst/grp_matrix_mult_Pipeline_VITIS_LOOP_39_5_VITIS_LOOP_40_6_fu_428/mul_32s_32s_32_2_1_U97/buff0_reg multiplier stage design_1_i/matrix_mult_0/inst/grp_matrix_mult_Pipeline_VITIS_LOOP_39_5_VITIS_LOOP_40_6_fu_428/mul_32s_32s_32_2_1_U97/buff0_reg/P[47:0] is not pipelined (MREG=0). Pipelining the multiplier function will improve performance and will save significant power so it is suggested whenever possible to fully pipeline this function.  If this multiplier was inferred, it is suggested to describe an additional register stage after this function.  If there is no registered adder/accumulator following the multiply function, two pipeline stages are suggested to allow both the MREG and PREG registers to be used.  If the DSP48 was instantiated in the design, it is suggested to set both the MREG and PREG attributes to 1 when performing multiply functions.
Related violations: <none>

DPOP-2#68 Warning
MREG Output pipelining  
DSP design_1_i/matrix_mult_0/inst/grp_matrix_mult_Pipeline_VITIS_LOOP_39_5_VITIS_LOOP_40_6_fu_428/mul_32s_32s_32_2_1_U97/tmp_product multiplier stage design_1_i/matrix_mult_0/inst/grp_matrix_mult_Pipeline_VITIS_LOOP_39_5_VITIS_LOOP_40_6_fu_428/mul_32s_32s_32_2_1_U97/tmp_product/P[47:0] is not pipelined (MREG=0). Pipelining the multiplier function will improve performance and will save significant power so it is suggested whenever possible to fully pipeline this function.  If this multiplier was inferred, it is suggested to describe an additional register stage after this function.  If there is no registered adder/accumulator following the multiply function, two pipeline stages are suggested to allow both the MREG and PREG registers to be used.  If the DSP48 was instantiated in the design, it is suggested to set both the MREG and PREG attributes to 1 when performing multiply functions.
Related violations: <none>

DPOP-2#69 Warning
MREG Output pipelining  
DSP design_1_i/matrix_mult_0/inst/grp_matrix_mult_Pipeline_VITIS_LOOP_39_5_VITIS_LOOP_40_6_fu_428/mul_32s_32s_32_2_1_U98/buff0_reg multiplier stage design_1_i/matrix_mult_0/inst/grp_matrix_mult_Pipeline_VITIS_LOOP_39_5_VITIS_LOOP_40_6_fu_428/mul_32s_32s_32_2_1_U98/buff0_reg/P[47:0] is not pipelined (MREG=0). Pipelining the multiplier function will improve performance and will save significant power so it is suggested whenever possible to fully pipeline this function.  If this multiplier was inferred, it is suggested to describe an additional register stage after this function.  If there is no registered adder/accumulator following the multiply function, two pipeline stages are suggested to allow both the MREG and PREG registers to be used.  If the DSP48 was instantiated in the design, it is suggested to set both the MREG and PREG attributes to 1 when performing multiply functions.
Related violations: <none>

DPOP-2#70 Warning
MREG Output pipelining  
DSP design_1_i/matrix_mult_0/inst/grp_matrix_mult_Pipeline_VITIS_LOOP_39_5_VITIS_LOOP_40_6_fu_428/mul_32s_32s_32_2_1_U98/tmp_product multiplier stage design_1_i/matrix_mult_0/inst/grp_matrix_mult_Pipeline_VITIS_LOOP_39_5_VITIS_LOOP_40_6_fu_428/mul_32s_32s_32_2_1_U98/tmp_product/P[47:0] is not pipelined (MREG=0). Pipelining the multiplier function will improve performance and will save significant power so it is suggested whenever possible to fully pipeline this function.  If this multiplier was inferred, it is suggested to describe an additional register stage after this function.  If there is no registered adder/accumulator following the multiply function, two pipeline stages are suggested to allow both the MREG and PREG registers to be used.  If the DSP48 was instantiated in the design, it is suggested to set both the MREG and PREG attributes to 1 when performing multiply functions.
Related violations: <none>

DPOP-2#71 Warning
MREG Output pipelining  
DSP design_1_i/matrix_mult_0/inst/grp_matrix_mult_Pipeline_VITIS_LOOP_39_5_VITIS_LOOP_40_6_fu_428/mul_32s_32s_32_2_1_U99/buff0_reg multiplier stage design_1_i/matrix_mult_0/inst/grp_matrix_mult_Pipeline_VITIS_LOOP_39_5_VITIS_LOOP_40_6_fu_428/mul_32s_32s_32_2_1_U99/buff0_reg/P[47:0] is not pipelined (MREG=0). Pipelining the multiplier function will improve performance and will save significant power so it is suggested whenever possible to fully pipeline this function.  If this multiplier was inferred, it is suggested to describe an additional register stage after this function.  If there is no registered adder/accumulator following the multiply function, two pipeline stages are suggested to allow both the MREG and PREG registers to be used.  If the DSP48 was instantiated in the design, it is suggested to set both the MREG and PREG attributes to 1 when performing multiply functions.
Related violations: <none>

DPOP-2#72 Warning
MREG Output pipelining  
DSP design_1_i/matrix_mult_0/inst/grp_matrix_mult_Pipeline_VITIS_LOOP_39_5_VITIS_LOOP_40_6_fu_428/mul_32s_32s_32_2_1_U99/tmp_product multiplier stage design_1_i/matrix_mult_0/inst/grp_matrix_mult_Pipeline_VITIS_LOOP_39_5_VITIS_LOOP_40_6_fu_428/mul_32s_32s_32_2_1_U99/tmp_product/P[47:0] is not pipelined (MREG=0). Pipelining the multiplier function will improve performance and will save significant power so it is suggested whenever possible to fully pipeline this function.  If this multiplier was inferred, it is suggested to describe an additional register stage after this function.  If there is no registered adder/accumulator following the multiply function, two pipeline stages are suggested to allow both the MREG and PREG registers to be used.  If the DSP48 was instantiated in the design, it is suggested to set both the MREG and PREG attributes to 1 when performing multiply functions.
Related violations: <none>

RTSTAT-10#1 Warning
No routable loads  
15 net(s) have no routable loads. The problem bus(es) and/or net(s) are design_1_i/axi_smc/inst/m00_nodes/m00_ar_node/inst/mi_handler_m_sc_areset_pipe,
design_1_i/axi_smc/inst/m01_nodes/m01_r_node/inst/mi_handler_m_sc_areset_pipe,
design_1_i/axi_smc/inst/m01_nodes/m01_b_node/inst/mi_handler_m_sc_areset_pipe,
design_1_i/axi_smc/inst/m01_nodes/m01_w_node/inst/mi_handler_m_sc_areset_pipe,
design_1_i/axi_smc/inst/m01_nodes/m01_ar_node/inst/mi_handler_m_sc_areset_pipe,
design_1_i/axi_smc/inst/s00_nodes/s00_w_node/inst/mi_handler_m_sc_areset_pipe,
design_1_i/axi_smc/inst/s00_nodes/s00_r_node/inst/mi_handler_m_sc_areset_pipe,
design_1_i/axi_smc/inst/m01_nodes/m01_aw_node/inst/mi_handler_m_sc_areset_pipe,
design_1_i/axi_smc/inst/m00_nodes/m00_aw_node/inst/mi_handler_m_sc_areset_pipe,
design_1_i/axi_smc/inst/m00_nodes/m00_r_node/inst/mi_handler_m_sc_areset_pipe,
design_1_i/axi_smc/inst/m00_nodes/m00_b_node/inst/mi_handler_m_sc_areset_pipe,
design_1_i/axi_smc/inst/m00_nodes/m00_w_node/inst/mi_handler_m_sc_areset_pipe,
design_1_i/axi_smc/inst/s00_nodes/s00_ar_node/inst/mi_handler_m_sc_areset_pipe
design_1_i/axi_smc/inst/s00_nodes/s00_aw_node/inst/mi_handler_m_sc_areset_pipe.
Related violations: <none>

REQP-181#1 Advisory
writefirst  
Synchronous clocking is detected for BRAM (design_1_i/axi_dma_0/U0/I_PRMRY_DATAMOVER/GEN_MM2S_FULL.I_MM2S_FULL_WRAPPER/GEN_INCLUDE_MM2S_SF.I_RD_SF/I_DATA_FIFO/BLK_MEM.I_SYNC_FIFOGEN_FIFO/xpm_fifo_base_inst/gen_sdpram.xpm_memory_base_inst/gen_wr_a.gen_word_narrow.mem_reg) in SDP mode with WRITE_FIRST write-mode. This is the preferred mode for best power characteristics, however it may exhibit address collisions if the same address appears on both read and write ports resulting in unknown or corrupted read data. It is suggested to confirm via simulation that an address collision never occurs and if so it is suggested to try and avoid this situation. If address collisions cannot be avoided, the write-mode may be set to READ_FIRST which guarantees that the read data is the prior contents of the memory at the cost of additional power in the design. See the FPGA Memory Resources User Guide for additional information.
Related violations: <none>

REQP-181#2 Advisory
writefirst  
Synchronous clocking is detected for BRAM (design_1_i/axi_dma_0/U0/I_PRMRY_DATAMOVER/GEN_S2MM_FULL.I_S2MM_FULL_WRAPPER/GEN_ENABLE_INDET_BTT_SF.I_INDET_BTT/I_DATA_FIFO/BLK_MEM.I_SYNC_FIFOGEN_FIFO/xpm_fifo_base_inst/gen_sdpram.xpm_memory_base_inst/gen_wr_a.gen_word_narrow.mem_reg) in SDP mode with WRITE_FIRST write-mode. This is the preferred mode for best power characteristics, however it may exhibit address collisions if the same address appears on both read and write ports resulting in unknown or corrupted read data. It is suggested to confirm via simulation that an address collision never occurs and if so it is suggested to try and avoid this situation. If address collisions cannot be avoided, the write-mode may be set to READ_FIRST which guarantees that the read data is the prior contents of the memory at the cost of additional power in the design. See the FPGA Memory Resources User Guide for additional information.
Related violations: <none>


