
*** Running vivado
    with args -log system_wrapper.vds -m64 -product Vivado -mode batch -messageDb vivado.pb -notrace -source system_wrapper.tcl



****** Vivado v2025.2 (64-bit)
  **** SW Build 6299465 on Fri Nov 14 19:35:11 GMT 2025
  **** IP Build 6300035 on Fri Nov 14 10:48:45 MST 2025
  **** SharedData Build 6298862 on Thu Nov 13 04:50:51 MST 2025
  **** Start of session at: Mon Apr  6 21:55:17 2026
    ** Copyright 1986-2022 Xilinx, Inc. All Rights Reserved.
    ** Copyright 2022-2025 Advanced Micro Devices, Inc. All Rights Reserved.

source system_wrapper.tcl -notrace
create_project: Time (s): cpu = 00:00:30 ; elapsed = 00:00:27 . Memory (MB): peak = 574.461 ; gain = 256.773
INFO: [IP_Flow 19-234] Refreshing IP repositories
INFO: [IP_Flow 19-1704] No user IP repositories specified
INFO: [IP_Flow 19-2313] Loaded Vivado IP repository 'D:/2025.2/Vivado/data/ip'.
add_files: Time (s): cpu = 00:00:15 ; elapsed = 00:00:19 . Memory (MB): peak = 600.594 ; gain = 26.133
Command: read_checkpoint -auto_incremental -incremental C:/Users/Andy/Documents/TFG/Project/2_comunicacion_AXI/2_comunicacion_AXI.srcs/utils_1/imports/synth_1/system_wrapper.dcp
INFO: [Vivado 12-5825] Read reference checkpoint from C:/Users/Andy/Documents/TFG/Project/2_comunicacion_AXI/2_comunicacion_AXI.srcs/utils_1/imports/synth_1/system_wrapper.dcp for incremental synthesis
INFO: [Vivado 12-7989] Please ensure there are no constraint changes
Command: synth_design -top system_wrapper -part xc7z010clg400-1
Starting synth_design
Attempting to get a license for feature 'Synthesis' and/or device 'xc7z010'
INFO: [Common 17-349] Got license for feature 'Synthesis' and/or device 'xc7z010'
INFO: [Device 21-403] Loading part xc7z010clg400-1
INFO: [Designutils 20-5440] No compile time benefit to using incremental synthesis; A full resynthesis will be run
INFO: [Designutils 20-4379] Flow is switching to default flow due to incremental criteria not met. If you would like to alter this behaviour and have the flow terminate instead, please set the following parameter config_implementation {autoIncr.Synth.RejectBehavior Terminate}
INFO: [Synth 8-7079] Multithreading enabled for synth_design using a maximum of 2 processes.
INFO: [Synth 8-7078] Launching helper process for spawning children vivado processes
INFO: [Synth 8-7075] Helper process launched with PID 6352
---------------------------------------------------------------------------------
Starting RTL Elaboration : Time (s): cpu = 00:00:17 ; elapsed = 00:00:20 . Memory (MB): peak = 1378.047 ; gain = 541.492
---------------------------------------------------------------------------------
INFO: [Synth 8-6157] synthesizing module 'system_wrapper' [C:/Users/Andy/Documents/TFG/Project/2_comunicacion_AXI/2_comunicacion_AXI.gen/sources_1/bd/system/hdl/system_wrapper.v:13]
INFO: [Synth 8-6157] synthesizing module 'system' [c:/Users/Andy/Documents/TFG/Project/2_comunicacion_AXI/2_comunicacion_AXI.gen/sources_1/bd/system/synth/system.v:13]
INFO: [Synth 8-6157] synthesizing module 'system_axi_dma_0_1' [C:/Users/Andy/Documents/TFG/Project/2_comunicacion_AXI/2_comunicacion_AXI.runs/synth_1/.Xil/Vivado-13064-DESKTOP-M77PRRA/realtime/system_axi_dma_0_1_stub.v:6]
INFO: [Synth 8-6155] done synthesizing module 'system_axi_dma_0_1' (0#1) [C:/Users/Andy/Documents/TFG/Project/2_comunicacion_AXI/2_comunicacion_AXI.runs/synth_1/.Xil/Vivado-13064-DESKTOP-M77PRRA/realtime/system_axi_dma_0_1_stub.v:6]
WARNING: [Synth 8-7071] port 'mm2s_prmry_reset_out_n' of module 'system_axi_dma_0_1' is unconnected for instance 'axi_dma_0' [c:/Users/Andy/Documents/TFG/Project/2_comunicacion_AXI/2_comunicacion_AXI.gen/sources_1/bd/system/synth/system.v:204]
WARNING: [Synth 8-7071] port 's2mm_prmry_reset_out_n' of module 'system_axi_dma_0_1' is unconnected for instance 'axi_dma_0' [c:/Users/Andy/Documents/TFG/Project/2_comunicacion_AXI/2_comunicacion_AXI.gen/sources_1/bd/system/synth/system.v:204]
WARNING: [Synth 8-7071] port 'mm2s_introut' of module 'system_axi_dma_0_1' is unconnected for instance 'axi_dma_0' [c:/Users/Andy/Documents/TFG/Project/2_comunicacion_AXI/2_comunicacion_AXI.gen/sources_1/bd/system/synth/system.v:204]
WARNING: [Synth 8-7071] port 's2mm_introut' of module 'system_axi_dma_0_1' is unconnected for instance 'axi_dma_0' [c:/Users/Andy/Documents/TFG/Project/2_comunicacion_AXI/2_comunicacion_AXI.gen/sources_1/bd/system/synth/system.v:204]
WARNING: [Synth 8-7071] port 'axi_dma_tstvec' of module 'system_axi_dma_0_1' is unconnected for instance 'axi_dma_0' [c:/Users/Andy/Documents/TFG/Project/2_comunicacion_AXI/2_comunicacion_AXI.gen/sources_1/bd/system/synth/system.v:204]
WARNING: [Synth 8-7023] instance 'axi_dma_0' of module 'system_axi_dma_0_1' has 64 connections declared, but only 59 given [c:/Users/Andy/Documents/TFG/Project/2_comunicacion_AXI/2_comunicacion_AXI.gen/sources_1/bd/system/synth/system.v:204]
INFO: [Synth 8-6157] synthesizing module 'system_axi_smc_1' [C:/Users/Andy/Documents/TFG/Project/2_comunicacion_AXI/2_comunicacion_AXI.runs/synth_1/.Xil/Vivado-13064-DESKTOP-M77PRRA/realtime/system_axi_smc_1_stub.v:6]
INFO: [Synth 8-6155] done synthesizing module 'system_axi_smc_1' (0#1) [C:/Users/Andy/Documents/TFG/Project/2_comunicacion_AXI/2_comunicacion_AXI.runs/synth_1/.Xil/Vivado-13064-DESKTOP-M77PRRA/realtime/system_axi_smc_1_stub.v:6]
WARNING: [Synth 8-7071] port 'M00_AXI_awprot' of module 'system_axi_smc_1' is unconnected for instance 'axi_smc' [c:/Users/Andy/Documents/TFG/Project/2_comunicacion_AXI/2_comunicacion_AXI.gen/sources_1/bd/system/synth/system.v:264]
WARNING: [Synth 8-7071] port 'M00_AXI_wstrb' of module 'system_axi_smc_1' is unconnected for instance 'axi_smc' [c:/Users/Andy/Documents/TFG/Project/2_comunicacion_AXI/2_comunicacion_AXI.gen/sources_1/bd/system/synth/system.v:264]
WARNING: [Synth 8-7071] port 'M00_AXI_arprot' of module 'system_axi_smc_1' is unconnected for instance 'axi_smc' [c:/Users/Andy/Documents/TFG/Project/2_comunicacion_AXI/2_comunicacion_AXI.gen/sources_1/bd/system/synth/system.v:264]
WARNING: [Synth 8-7023] instance 'axi_smc' of module 'system_axi_smc_1' has 59 connections declared, but only 56 given [c:/Users/Andy/Documents/TFG/Project/2_comunicacion_AXI/2_comunicacion_AXI.gen/sources_1/bd/system/synth/system.v:264]
INFO: [Synth 8-6157] synthesizing module 'system_processing_system7_0_0' [C:/Users/Andy/Documents/TFG/Project/2_comunicacion_AXI/2_comunicacion_AXI.runs/synth_1/.Xil/Vivado-13064-DESKTOP-M77PRRA/realtime/system_processing_system7_0_0_stub.v:6]
INFO: [Synth 8-6155] done synthesizing module 'system_processing_system7_0_0' (0#1) [C:/Users/Andy/Documents/TFG/Project/2_comunicacion_AXI/2_comunicacion_AXI.runs/synth_1/.Xil/Vivado-13064-DESKTOP-M77PRRA/realtime/system_processing_system7_0_0_stub.v:6]
WARNING: [Synth 8-7071] port 'TTC0_WAVE0_OUT' of module 'system_processing_system7_0_0' is unconnected for instance 'processing_system7_0' [c:/Users/Andy/Documents/TFG/Project/2_comunicacion_AXI/2_comunicacion_AXI.gen/sources_1/bd/system/synth/system.v:321]
WARNING: [Synth 8-7071] port 'TTC0_WAVE1_OUT' of module 'system_processing_system7_0_0' is unconnected for instance 'processing_system7_0' [c:/Users/Andy/Documents/TFG/Project/2_comunicacion_AXI/2_comunicacion_AXI.gen/sources_1/bd/system/synth/system.v:321]
WARNING: [Synth 8-7071] port 'TTC0_WAVE2_OUT' of module 'system_processing_system7_0_0' is unconnected for instance 'processing_system7_0' [c:/Users/Andy/Documents/TFG/Project/2_comunicacion_AXI/2_comunicacion_AXI.gen/sources_1/bd/system/synth/system.v:321]
WARNING: [Synth 8-7071] port 'USB0_PORT_INDCTL' of module 'system_processing_system7_0_0' is unconnected for instance 'processing_system7_0' [c:/Users/Andy/Documents/TFG/Project/2_comunicacion_AXI/2_comunicacion_AXI.gen/sources_1/bd/system/synth/system.v:321]
WARNING: [Synth 8-7071] port 'USB0_VBUS_PWRSELECT' of module 'system_processing_system7_0_0' is unconnected for instance 'processing_system7_0' [c:/Users/Andy/Documents/TFG/Project/2_comunicacion_AXI/2_comunicacion_AXI.gen/sources_1/bd/system/synth/system.v:321]
WARNING: [Synth 8-7071] port 'S_AXI_HP0_AWREADY' of module 'system_processing_system7_0_0' is unconnected for instance 'processing_system7_0' [c:/Users/Andy/Documents/TFG/Project/2_comunicacion_AXI/2_comunicacion_AXI.gen/sources_1/bd/system/synth/system.v:321]
WARNING: [Synth 8-7071] port 'S_AXI_HP0_BVALID' of module 'system_processing_system7_0_0' is unconnected for instance 'processing_system7_0' [c:/Users/Andy/Documents/TFG/Project/2_comunicacion_AXI/2_comunicacion_AXI.gen/sources_1/bd/system/synth/system.v:321]
WARNING: [Synth 8-7071] port 'S_AXI_HP0_WREADY' of module 'system_processing_system7_0_0' is unconnected for instance 'processing_system7_0' [c:/Users/Andy/Documents/TFG/Project/2_comunicacion_AXI/2_comunicacion_AXI.gen/sources_1/bd/system/synth/system.v:321]
WARNING: [Synth 8-7071] port 'S_AXI_HP0_BRESP' of module 'system_processing_system7_0_0' is unconnected for instance 'processing_system7_0' [c:/Users/Andy/Documents/TFG/Project/2_comunicacion_AXI/2_comunicacion_AXI.gen/sources_1/bd/system/synth/system.v:321]
WARNING: [Synth 8-7071] port 'S_AXI_HP0_BID' of module 'system_processing_system7_0_0' is unconnected for instance 'processing_system7_0' [c:/Users/Andy/Documents/TFG/Project/2_comunicacion_AXI/2_comunicacion_AXI.gen/sources_1/bd/system/synth/system.v:321]
WARNING: [Synth 8-7071] port 'S_AXI_HP0_RID' of module 'system_processing_system7_0_0' is unconnected for instance 'processing_system7_0' [c:/Users/Andy/Documents/TFG/Project/2_comunicacion_AXI/2_comunicacion_AXI.gen/sources_1/bd/system/synth/system.v:321]
WARNING: [Synth 8-7071] port 'S_AXI_HP0_RCOUNT' of module 'system_processing_system7_0_0' is unconnected for instance 'processing_system7_0' [c:/Users/Andy/Documents/TFG/Project/2_comunicacion_AXI/2_comunicacion_AXI.gen/sources_1/bd/system/synth/system.v:321]
WARNING: [Synth 8-7071] port 'S_AXI_HP0_WCOUNT' of module 'system_processing_system7_0_0' is unconnected for instance 'processing_system7_0' [c:/Users/Andy/Documents/TFG/Project/2_comunicacion_AXI/2_comunicacion_AXI.gen/sources_1/bd/system/synth/system.v:321]
WARNING: [Synth 8-7071] port 'S_AXI_HP0_RACOUNT' of module 'system_processing_system7_0_0' is unconnected for instance 'processing_system7_0' [c:/Users/Andy/Documents/TFG/Project/2_comunicacion_AXI/2_comunicacion_AXI.gen/sources_1/bd/system/synth/system.v:321]
WARNING: [Synth 8-7071] port 'S_AXI_HP0_WACOUNT' of module 'system_processing_system7_0_0' is unconnected for instance 'processing_system7_0' [c:/Users/Andy/Documents/TFG/Project/2_comunicacion_AXI/2_comunicacion_AXI.gen/sources_1/bd/system/synth/system.v:321]
WARNING: [Synth 8-7071] port 'S_AXI_HP1_ARREADY' of module 'system_processing_system7_0_0' is unconnected for instance 'processing_system7_0' [c:/Users/Andy/Documents/TFG/Project/2_comunicacion_AXI/2_comunicacion_AXI.gen/sources_1/bd/system/synth/system.v:321]
WARNING: [Synth 8-7071] port 'S_AXI_HP1_RLAST' of module 'system_processing_system7_0_0' is unconnected for instance 'processing_system7_0' [c:/Users/Andy/Documents/TFG/Project/2_comunicacion_AXI/2_comunicacion_AXI.gen/sources_1/bd/system/synth/system.v:321]
WARNING: [Synth 8-7071] port 'S_AXI_HP1_RVALID' of module 'system_processing_system7_0_0' is unconnected for instance 'processing_system7_0' [c:/Users/Andy/Documents/TFG/Project/2_comunicacion_AXI/2_comunicacion_AXI.gen/sources_1/bd/system/synth/system.v:321]
WARNING: [Synth 8-7071] port 'S_AXI_HP1_RRESP' of module 'system_processing_system7_0_0' is unconnected for instance 'processing_system7_0' [c:/Users/Andy/Documents/TFG/Project/2_comunicacion_AXI/2_comunicacion_AXI.gen/sources_1/bd/system/synth/system.v:321]
WARNING: [Synth 8-7071] port 'S_AXI_HP1_BID' of module 'system_processing_system7_0_0' is unconnected for instance 'processing_system7_0' [c:/Users/Andy/Documents/TFG/Project/2_comunicacion_AXI/2_comunicacion_AXI.gen/sources_1/bd/system/synth/system.v:321]
WARNING: [Synth 8-7071] port 'S_AXI_HP1_RID' of module 'system_processing_system7_0_0' is unconnected for instance 'processing_system7_0' [c:/Users/Andy/Documents/TFG/Project/2_comunicacion_AXI/2_comunicacion_AXI.gen/sources_1/bd/system/synth/system.v:321]
WARNING: [Synth 8-7071] port 'S_AXI_HP1_RDATA' of module 'system_processing_system7_0_0' is unconnected for instance 'processing_system7_0' [c:/Users/Andy/Documents/TFG/Project/2_comunicacion_AXI/2_comunicacion_AXI.gen/sources_1/bd/system/synth/system.v:321]
WARNING: [Synth 8-7071] port 'S_AXI_HP1_RCOUNT' of module 'system_processing_system7_0_0' is unconnected for instance 'processing_system7_0' [c:/Users/Andy/Documents/TFG/Project/2_comunicacion_AXI/2_comunicacion_AXI.gen/sources_1/bd/system/synth/system.v:321]
WARNING: [Synth 8-7071] port 'S_AXI_HP1_WCOUNT' of module 'system_processing_system7_0_0' is unconnected for instance 'processing_system7_0' [c:/Users/Andy/Documents/TFG/Project/2_comunicacion_AXI/2_comunicacion_AXI.gen/sources_1/bd/system/synth/system.v:321]
WARNING: [Synth 8-7071] port 'S_AXI_HP1_RACOUNT' of module 'system_processing_system7_0_0' is unconnected for instance 'processing_system7_0' [c:/Users/Andy/Documents/TFG/Project/2_comunicacion_AXI/2_comunicacion_AXI.gen/sources_1/bd/system/synth/system.v:321]
WARNING: [Synth 8-7071] port 'S_AXI_HP1_WACOUNT' of module 'system_processing_system7_0_0' is unconnected for instance 'processing_system7_0' [c:/Users/Andy/Documents/TFG/Project/2_comunicacion_AXI/2_comunicacion_AXI.gen/sources_1/bd/system/synth/system.v:321]
WARNING: [Synth 8-7023] instance 'processing_system7_0' of module 'system_processing_system7_0_0' has 159 connections declared, but only 133 given [c:/Users/Andy/Documents/TFG/Project/2_comunicacion_AXI/2_comunicacion_AXI.gen/sources_1/bd/system/synth/system.v:321]
INFO: [Synth 8-6157] synthesizing module 'system_rst_ps7_0_100M_0' [C:/Users/Andy/Documents/TFG/Project/2_comunicacion_AXI/2_comunicacion_AXI.runs/synth_1/.Xil/Vivado-13064-DESKTOP-M77PRRA/realtime/system_rst_ps7_0_100M_0_stub.v:6]
INFO: [Synth 8-6155] done synthesizing module 'system_rst_ps7_0_100M_0' (0#1) [C:/Users/Andy/Documents/TFG/Project/2_comunicacion_AXI/2_comunicacion_AXI.runs/synth_1/.Xil/Vivado-13064-DESKTOP-M77PRRA/realtime/system_rst_ps7_0_100M_0_stub.v:6]
WARNING: [Synth 8-7071] port 'mb_reset' of module 'system_rst_ps7_0_100M_0' is unconnected for instance 'rst_ps7_0_100M' [c:/Users/Andy/Documents/TFG/Project/2_comunicacion_AXI/2_comunicacion_AXI.gen/sources_1/bd/system/synth/system.v:455]
WARNING: [Synth 8-7071] port 'bus_struct_reset' of module 'system_rst_ps7_0_100M_0' is unconnected for instance 'rst_ps7_0_100M' [c:/Users/Andy/Documents/TFG/Project/2_comunicacion_AXI/2_comunicacion_AXI.gen/sources_1/bd/system/synth/system.v:455]
WARNING: [Synth 8-7071] port 'peripheral_reset' of module 'system_rst_ps7_0_100M_0' is unconnected for instance 'rst_ps7_0_100M' [c:/Users/Andy/Documents/TFG/Project/2_comunicacion_AXI/2_comunicacion_AXI.gen/sources_1/bd/system/synth/system.v:455]
WARNING: [Synth 8-7071] port 'interconnect_aresetn' of module 'system_rst_ps7_0_100M_0' is unconnected for instance 'rst_ps7_0_100M' [c:/Users/Andy/Documents/TFG/Project/2_comunicacion_AXI/2_comunicacion_AXI.gen/sources_1/bd/system/synth/system.v:455]
WARNING: [Synth 8-7023] instance 'rst_ps7_0_100M' of module 'system_rst_ps7_0_100M_0' has 10 connections declared, but only 6 given [c:/Users/Andy/Documents/TFG/Project/2_comunicacion_AXI/2_comunicacion_AXI.gen/sources_1/bd/system/synth/system.v:455]
INFO: [Synth 8-6157] synthesizing module 'system_smartconnect_0_0' [C:/Users/Andy/Documents/TFG/Project/2_comunicacion_AXI/2_comunicacion_AXI.runs/synth_1/.Xil/Vivado-13064-DESKTOP-M77PRRA/realtime/system_smartconnect_0_0_stub.v:6]
INFO: [Synth 8-6155] done synthesizing module 'system_smartconnect_0_0' (0#1) [C:/Users/Andy/Documents/TFG/Project/2_comunicacion_AXI/2_comunicacion_AXI.runs/synth_1/.Xil/Vivado-13064-DESKTOP-M77PRRA/realtime/system_smartconnect_0_0_stub.v:6]
WARNING: [Synth 8-7071] port 'S01_AXI_awready' of module 'system_smartconnect_0_0' is unconnected for instance 'smartconnect_0' [c:/Users/Andy/Documents/TFG/Project/2_comunicacion_AXI/2_comunicacion_AXI.gen/sources_1/bd/system/synth/system.v:462]
WARNING: [Synth 8-7071] port 'S01_AXI_wready' of module 'system_smartconnect_0_0' is unconnected for instance 'smartconnect_0' [c:/Users/Andy/Documents/TFG/Project/2_comunicacion_AXI/2_comunicacion_AXI.gen/sources_1/bd/system/synth/system.v:462]
WARNING: [Synth 8-7071] port 'S01_AXI_bid' of module 'system_smartconnect_0_0' is unconnected for instance 'smartconnect_0' [c:/Users/Andy/Documents/TFG/Project/2_comunicacion_AXI/2_comunicacion_AXI.gen/sources_1/bd/system/synth/system.v:462]
WARNING: [Synth 8-7071] port 'S01_AXI_bresp' of module 'system_smartconnect_0_0' is unconnected for instance 'smartconnect_0' [c:/Users/Andy/Documents/TFG/Project/2_comunicacion_AXI/2_comunicacion_AXI.gen/sources_1/bd/system/synth/system.v:462]
WARNING: [Synth 8-7071] port 'S01_AXI_buser' of module 'system_smartconnect_0_0' is unconnected for instance 'smartconnect_0' [c:/Users/Andy/Documents/TFG/Project/2_comunicacion_AXI/2_comunicacion_AXI.gen/sources_1/bd/system/synth/system.v:462]
WARNING: [Synth 8-7071] port 'S01_AXI_bvalid' of module 'system_smartconnect_0_0' is unconnected for instance 'smartconnect_0' [c:/Users/Andy/Documents/TFG/Project/2_comunicacion_AXI/2_comunicacion_AXI.gen/sources_1/bd/system/synth/system.v:462]
WARNING: [Synth 8-7071] port 'S01_AXI_arready' of module 'system_smartconnect_0_0' is unconnected for instance 'smartconnect_0' [c:/Users/Andy/Documents/TFG/Project/2_comunicacion_AXI/2_comunicacion_AXI.gen/sources_1/bd/system/synth/system.v:462]
WARNING: [Synth 8-7071] port 'S01_AXI_rid' of module 'system_smartconnect_0_0' is unconnected for instance 'smartconnect_0' [c:/Users/Andy/Documents/TFG/Project/2_comunicacion_AXI/2_comunicacion_AXI.gen/sources_1/bd/system/synth/system.v:462]
WARNING: [Synth 8-7071] port 'S01_AXI_rdata' of module 'system_smartconnect_0_0' is unconnected for instance 'smartconnect_0' [c:/Users/Andy/Documents/TFG/Project/2_comunicacion_AXI/2_comunicacion_AXI.gen/sources_1/bd/system/synth/system.v:462]
WARNING: [Synth 8-7071] port 'S01_AXI_rresp' of module 'system_smartconnect_0_0' is unconnected for instance 'smartconnect_0' [c:/Users/Andy/Documents/TFG/Project/2_comunicacion_AXI/2_comunicacion_AXI.gen/sources_1/bd/system/synth/system.v:462]
WARNING: [Synth 8-7071] port 'S01_AXI_rlast' of module 'system_smartconnect_0_0' is unconnected for instance 'smartconnect_0' [c:/Users/Andy/Documents/TFG/Project/2_comunicacion_AXI/2_comunicacion_AXI.gen/sources_1/bd/system/synth/system.v:462]
WARNING: [Synth 8-7071] port 'S01_AXI_ruser' of module 'system_smartconnect_0_0' is unconnected for instance 'smartconnect_0' [c:/Users/Andy/Documents/TFG/Project/2_comunicacion_AXI/2_comunicacion_AXI.gen/sources_1/bd/system/synth/system.v:462]
WARNING: [Synth 8-7071] port 'S01_AXI_rvalid' of module 'system_smartconnect_0_0' is unconnected for instance 'smartconnect_0' [c:/Users/Andy/Documents/TFG/Project/2_comunicacion_AXI/2_comunicacion_AXI.gen/sources_1/bd/system/synth/system.v:462]
WARNING: [Synth 8-7023] instance 'smartconnect_0' of module 'system_smartconnect_0_0' has 77 connections declared, but only 64 given [c:/Users/Andy/Documents/TFG/Project/2_comunicacion_AXI/2_comunicacion_AXI.gen/sources_1/bd/system/synth/system.v:462]
INFO: [Synth 8-6157] synthesizing module 'system_smartconnect_1_0' [C:/Users/Andy/Documents/TFG/Project/2_comunicacion_AXI/2_comunicacion_AXI.runs/synth_1/.Xil/Vivado-13064-DESKTOP-M77PRRA/realtime/system_smartconnect_1_0_stub.v:6]
INFO: [Synth 8-6155] done synthesizing module 'system_smartconnect_1_0' (0#1) [C:/Users/Andy/Documents/TFG/Project/2_comunicacion_AXI/2_comunicacion_AXI.runs/synth_1/.Xil/Vivado-13064-DESKTOP-M77PRRA/realtime/system_smartconnect_1_0_stub.v:6]
WARNING: [Synth 8-7071] port 'S01_AXI_awready' of module 'system_smartconnect_1_0' is unconnected for instance 'smartconnect_1' [c:/Users/Andy/Documents/TFG/Project/2_comunicacion_AXI/2_comunicacion_AXI.gen/sources_1/bd/system/synth/system.v:527]
WARNING: [Synth 8-7071] port 'S01_AXI_wready' of module 'system_smartconnect_1_0' is unconnected for instance 'smartconnect_1' [c:/Users/Andy/Documents/TFG/Project/2_comunicacion_AXI/2_comunicacion_AXI.gen/sources_1/bd/system/synth/system.v:527]
WARNING: [Synth 8-7071] port 'S01_AXI_bid' of module 'system_smartconnect_1_0' is unconnected for instance 'smartconnect_1' [c:/Users/Andy/Documents/TFG/Project/2_comunicacion_AXI/2_comunicacion_AXI.gen/sources_1/bd/system/synth/system.v:527]
WARNING: [Synth 8-7071] port 'S01_AXI_bresp' of module 'system_smartconnect_1_0' is unconnected for instance 'smartconnect_1' [c:/Users/Andy/Documents/TFG/Project/2_comunicacion_AXI/2_comunicacion_AXI.gen/sources_1/bd/system/synth/system.v:527]
WARNING: [Synth 8-7071] port 'S01_AXI_buser' of module 'system_smartconnect_1_0' is unconnected for instance 'smartconnect_1' [c:/Users/Andy/Documents/TFG/Project/2_comunicacion_AXI/2_comunicacion_AXI.gen/sources_1/bd/system/synth/system.v:527]
WARNING: [Synth 8-7071] port 'S01_AXI_bvalid' of module 'system_smartconnect_1_0' is unconnected for instance 'smartconnect_1' [c:/Users/Andy/Documents/TFG/Project/2_comunicacion_AXI/2_comunicacion_AXI.gen/sources_1/bd/system/synth/system.v:527]
WARNING: [Synth 8-7071] port 'S01_AXI_arready' of module 'system_smartconnect_1_0' is unconnected for instance 'smartconnect_1' [c:/Users/Andy/Documents/TFG/Project/2_comunicacion_AXI/2_comunicacion_AXI.gen/sources_1/bd/system/synth/system.v:527]
WARNING: [Synth 8-7071] port 'S01_AXI_rid' of module 'system_smartconnect_1_0' is unconnected for instance 'smartconnect_1' [c:/Users/Andy/Documents/TFG/Project/2_comunicacion_AXI/2_comunicacion_AXI.gen/sources_1/bd/system/synth/system.v:527]
WARNING: [Synth 8-7071] port 'S01_AXI_rdata' of module 'system_smartconnect_1_0' is unconnected for instance 'smartconnect_1' [c:/Users/Andy/Documents/TFG/Project/2_comunicacion_AXI/2_comunicacion_AXI.gen/sources_1/bd/system/synth/system.v:527]
WARNING: [Synth 8-7071] port 'S01_AXI_rresp' of module 'system_smartconnect_1_0' is unconnected for instance 'smartconnect_1' [c:/Users/Andy/Documents/TFG/Project/2_comunicacion_AXI/2_comunicacion_AXI.gen/sources_1/bd/system/synth/system.v:527]
WARNING: [Synth 8-7071] port 'S01_AXI_rlast' of module 'system_smartconnect_1_0' is unconnected for instance 'smartconnect_1' [c:/Users/Andy/Documents/TFG/Project/2_comunicacion_AXI/2_comunicacion_AXI.gen/sources_1/bd/system/synth/system.v:527]
WARNING: [Synth 8-7071] port 'S01_AXI_ruser' of module 'system_smartconnect_1_0' is unconnected for instance 'smartconnect_1' [c:/Users/Andy/Documents/TFG/Project/2_comunicacion_AXI/2_comunicacion_AXI.gen/sources_1/bd/system/synth/system.v:527]
WARNING: [Synth 8-7071] port 'S01_AXI_rvalid' of module 'system_smartconnect_1_0' is unconnected for instance 'smartconnect_1' [c:/Users/Andy/Documents/TFG/Project/2_comunicacion_AXI/2_comunicacion_AXI.gen/sources_1/bd/system/synth/system.v:527]
WARNING: [Synth 8-7023] instance 'smartconnect_1' of module 'system_smartconnect_1_0' has 83 connections declared, but only 70 given [c:/Users/Andy/Documents/TFG/Project/2_comunicacion_AXI/2_comunicacion_AXI.gen/sources_1/bd/system/synth/system.v:527]
INFO: [Synth 8-6155] done synthesizing module 'system' (0#1) [c:/Users/Andy/Documents/TFG/Project/2_comunicacion_AXI/2_comunicacion_AXI.gen/sources_1/bd/system/synth/system.v:13]
INFO: [Synth 8-6155] done synthesizing module 'system_wrapper' (0#1) [C:/Users/Andy/Documents/TFG/Project/2_comunicacion_AXI/2_comunicacion_AXI.gen/sources_1/bd/system/hdl/system_wrapper.v:13]
---------------------------------------------------------------------------------
Finished RTL Elaboration : Time (s): cpu = 00:00:23 ; elapsed = 00:00:27 . Memory (MB): peak = 1505.492 ; gain = 668.938
---------------------------------------------------------------------------------
---------------------------------------------------------------------------------
Start Handling Custom Attributes
---------------------------------------------------------------------------------
---------------------------------------------------------------------------------
Finished Handling Custom Attributes : Time (s): cpu = 00:00:24 ; elapsed = 00:00:27 . Memory (MB): peak = 1505.492 ; gain = 668.938
---------------------------------------------------------------------------------
---------------------------------------------------------------------------------
Finished RTL Optimization Phase 1 : Time (s): cpu = 00:00:24 ; elapsed = 00:00:27 . Memory (MB): peak = 1505.492 ; gain = 668.938
---------------------------------------------------------------------------------
Netlist sorting complete. Time (s): cpu = 00:00:00 ; elapsed = 00:00:00.053 . Memory (MB): peak = 1505.492 ; gain = 0.000
INFO: [Project 1-570] Preparing netlist for logic optimization

Processing XDC Constraints
Initializing timing engine
Parsing XDC File [c:/Users/Andy/Documents/TFG/Project/2_comunicacion_AXI/2_comunicacion_AXI.gen/sources_1/bd/system/ip/system_processing_system7_0_0/system_processing_system7_0_0/system_processing_system7_0_0_in_context.xdc] for cell 'system_i/processing_system7_0'
Finished Parsing XDC File [c:/Users/Andy/Documents/TFG/Project/2_comunicacion_AXI/2_comunicacion_AXI.gen/sources_1/bd/system/ip/system_processing_system7_0_0/system_processing_system7_0_0/system_processing_system7_0_0_in_context.xdc] for cell 'system_i/processing_system7_0'
Parsing XDC File [c:/Users/Andy/Documents/TFG/Project/2_comunicacion_AXI/2_comunicacion_AXI.gen/sources_1/bd/system/ip/system_rst_ps7_0_100M_0/system_rst_ps7_0_100M_0/system_rst_ps7_0_100M_0_in_context.xdc] for cell 'system_i/rst_ps7_0_100M'
Finished Parsing XDC File [c:/Users/Andy/Documents/TFG/Project/2_comunicacion_AXI/2_comunicacion_AXI.gen/sources_1/bd/system/ip/system_rst_ps7_0_100M_0/system_rst_ps7_0_100M_0/system_rst_ps7_0_100M_0_in_context.xdc] for cell 'system_i/rst_ps7_0_100M'
Parsing XDC File [c:/Users/Andy/Documents/TFG/Project/2_comunicacion_AXI/2_comunicacion_AXI.gen/sources_1/bd/system/ip/system_axi_dma_0_1/system_axi_dma_0_1/system_axi_dma_0_0_in_context.xdc] for cell 'system_i/axi_dma_0'
Finished Parsing XDC File [c:/Users/Andy/Documents/TFG/Project/2_comunicacion_AXI/2_comunicacion_AXI.gen/sources_1/bd/system/ip/system_axi_dma_0_1/system_axi_dma_0_1/system_axi_dma_0_0_in_context.xdc] for cell 'system_i/axi_dma_0'
Parsing XDC File [c:/Users/Andy/Documents/TFG/Project/2_comunicacion_AXI/2_comunicacion_AXI.gen/sources_1/bd/system/ip/system_axi_smc_1/system_axi_smc_1/system_axi_smc_1_in_context.xdc] for cell 'system_i/axi_smc'
Finished Parsing XDC File [c:/Users/Andy/Documents/TFG/Project/2_comunicacion_AXI/2_comunicacion_AXI.gen/sources_1/bd/system/ip/system_axi_smc_1/system_axi_smc_1/system_axi_smc_1_in_context.xdc] for cell 'system_i/axi_smc'
Parsing XDC File [c:/Users/Andy/Documents/TFG/Project/2_comunicacion_AXI/2_comunicacion_AXI.gen/sources_1/bd/system/ip/system_smartconnect_0_0/system_smartconnect_0_0/system_smartconnect_0_0_in_context.xdc] for cell 'system_i/smartconnect_0'
Finished Parsing XDC File [c:/Users/Andy/Documents/TFG/Project/2_comunicacion_AXI/2_comunicacion_AXI.gen/sources_1/bd/system/ip/system_smartconnect_0_0/system_smartconnect_0_0/system_smartconnect_0_0_in_context.xdc] for cell 'system_i/smartconnect_0'
Parsing XDC File [c:/Users/Andy/Documents/TFG/Project/2_comunicacion_AXI/2_comunicacion_AXI.gen/sources_1/bd/system/ip/system_smartconnect_1_0/system_smartconnect_1_0/system_smartconnect_1_0_in_context.xdc] for cell 'system_i/smartconnect_1'
Finished Parsing XDC File [c:/Users/Andy/Documents/TFG/Project/2_comunicacion_AXI/2_comunicacion_AXI.gen/sources_1/bd/system/ip/system_smartconnect_1_0/system_smartconnect_1_0/system_smartconnect_1_0_in_context.xdc] for cell 'system_i/smartconnect_1'
Parsing XDC File [C:/Users/Andy/Documents/TFG/Project/2_comunicacion_AXI/2_comunicacion_AXI.runs/synth_1/dont_touch.xdc]
Finished Parsing XDC File [C:/Users/Andy/Documents/TFG/Project/2_comunicacion_AXI/2_comunicacion_AXI.runs/synth_1/dont_touch.xdc]
Completed Processing XDC Constraints

Netlist sorting complete. Time (s): cpu = 00:00:00 ; elapsed = 00:00:00 . Memory (MB): peak = 1505.492 ; gain = 0.000
INFO: [Project 1-111] Unisim Transformation Summary:
No Unisim elements were transformed.

Constraint Validation Runtime : Time (s): cpu = 00:00:00 ; elapsed = 00:00:00.050 . Memory (MB): peak = 1505.492 ; gain = 0.000
INFO: [Designutils 20-5440] No compile time benefit to using incremental synthesis; A full resynthesis will be run
INFO: [Designutils 20-4379] Flow is switching to default flow due to incremental criteria not met. If you would like to alter this behaviour and have the flow terminate instead, please set the following parameter config_implementation {autoIncr.Synth.RejectBehavior Terminate}
---------------------------------------------------------------------------------
Finished Constraint Validation : Time (s): cpu = 00:00:47 ; elapsed = 00:00:53 . Memory (MB): peak = 1505.492 ; gain = 668.938
---------------------------------------------------------------------------------
---------------------------------------------------------------------------------
Start Loading Part and Timing Information
---------------------------------------------------------------------------------
Loading part: xc7z010clg400-1
---------------------------------------------------------------------------------
Finished Loading Part and Timing Information : Time (s): cpu = 00:00:48 ; elapsed = 00:00:53 . Memory (MB): peak = 1505.492 ; gain = 668.938
---------------------------------------------------------------------------------
---------------------------------------------------------------------------------
Start Applying 'set_property' XDC Constraints
---------------------------------------------------------------------------------
---------------------------------------------------------------------------------
Finished applying 'set_property' XDC Constraints : Time (s): cpu = 00:00:49 ; elapsed = 00:00:54 . Memory (MB): peak = 1505.492 ; gain = 668.938
---------------------------------------------------------------------------------
---------------------------------------------------------------------------------
Finished RTL Optimization Phase 2 : Time (s): cpu = 00:00:49 ; elapsed = 00:00:55 . Memory (MB): peak = 1505.492 ; gain = 668.938
---------------------------------------------------------------------------------
---------------------------------------------------------------------------------
Start RTL Component Statistics 
---------------------------------------------------------------------------------
Detailed RTL Component Info : 
---------------------------------------------------------------------------------
Finished RTL Component Statistics 
---------------------------------------------------------------------------------
---------------------------------------------------------------------------------
Start Part Resource Summary
---------------------------------------------------------------------------------
Part Resources:
DSPs: 80 (col length:40)
BRAMs: 120 (col length: RAMB18 40 RAMB36 20)
---------------------------------------------------------------------------------
Finished Part Resource Summary
---------------------------------------------------------------------------------
---------------------------------------------------------------------------------
Start Cross Boundary and Area Optimization
---------------------------------------------------------------------------------
---------------------------------------------------------------------------------
Finished Cross Boundary and Area Optimization : Time (s): cpu = 00:00:57 ; elapsed = 00:01:04 . Memory (MB): peak = 1511.137 ; gain = 674.582
---------------------------------------------------------------------------------
---------------------------------------------------------------------------------
Start Applying XDC Timing Constraints
---------------------------------------------------------------------------------
---------------------------------------------------------------------------------
Finished Applying XDC Timing Constraints : Time (s): cpu = 00:01:13 ; elapsed = 00:01:21 . Memory (MB): peak = 1677.426 ; gain = 840.871
---------------------------------------------------------------------------------
---------------------------------------------------------------------------------
Start Timing Optimization
---------------------------------------------------------------------------------
---------------------------------------------------------------------------------
Finished Timing Optimization : Time (s): cpu = 00:01:13 ; elapsed = 00:01:21 . Memory (MB): peak = 1677.910 ; gain = 841.355
---------------------------------------------------------------------------------
---------------------------------------------------------------------------------
Start Technology Mapping
---------------------------------------------------------------------------------
---------------------------------------------------------------------------------
Finished Technology Mapping : Time (s): cpu = 00:01:13 ; elapsed = 00:01:21 . Memory (MB): peak = 1688.004 ; gain = 851.449
---------------------------------------------------------------------------------
---------------------------------------------------------------------------------
Start IO Insertion
---------------------------------------------------------------------------------
---------------------------------------------------------------------------------
Start Flattening Before IO Insertion
---------------------------------------------------------------------------------
---------------------------------------------------------------------------------
Finished Flattening Before IO Insertion
---------------------------------------------------------------------------------
---------------------------------------------------------------------------------
Start Final Netlist Cleanup
---------------------------------------------------------------------------------
---------------------------------------------------------------------------------
Finished Final Netlist Cleanup
---------------------------------------------------------------------------------
---------------------------------------------------------------------------------
Finished IO Insertion : Time (s): cpu = 00:01:30 ; elapsed = 00:01:38 . Memory (MB): peak = 1937.016 ; gain = 1100.461
---------------------------------------------------------------------------------
---------------------------------------------------------------------------------
Start Renaming Generated Instances
---------------------------------------------------------------------------------
---------------------------------------------------------------------------------
Finished Renaming Generated Instances : Time (s): cpu = 00:01:30 ; elapsed = 00:01:38 . Memory (MB): peak = 1937.016 ; gain = 1100.461
---------------------------------------------------------------------------------
---------------------------------------------------------------------------------
Start Rebuilding User Hierarchy
---------------------------------------------------------------------------------
---------------------------------------------------------------------------------
Finished Rebuilding User Hierarchy : Time (s): cpu = 00:01:30 ; elapsed = 00:01:38 . Memory (MB): peak = 1937.016 ; gain = 1100.461
---------------------------------------------------------------------------------
---------------------------------------------------------------------------------
Start Renaming Generated Ports
---------------------------------------------------------------------------------
---------------------------------------------------------------------------------
Finished Renaming Generated Ports : Time (s): cpu = 00:01:30 ; elapsed = 00:01:38 . Memory (MB): peak = 1937.016 ; gain = 1100.461
---------------------------------------------------------------------------------
---------------------------------------------------------------------------------
Start Handling Custom Attributes
---------------------------------------------------------------------------------
---------------------------------------------------------------------------------
Finished Handling Custom Attributes : Time (s): cpu = 00:01:30 ; elapsed = 00:01:39 . Memory (MB): peak = 1937.016 ; gain = 1100.461
---------------------------------------------------------------------------------
---------------------------------------------------------------------------------
Start Renaming Generated Nets
---------------------------------------------------------------------------------
---------------------------------------------------------------------------------
Finished Renaming Generated Nets : Time (s): cpu = 00:01:30 ; elapsed = 00:01:39 . Memory (MB): peak = 1937.016 ; gain = 1100.461
---------------------------------------------------------------------------------
---------------------------------------------------------------------------------
Start Writing Synthesis Report
---------------------------------------------------------------------------------

Report BlackBoxes: 
+------+------------------------------+----------+
|      |BlackBox name                 |Instances |
+------+------------------------------+----------+
|1     |system_axi_dma_0_1            |         1|
|2     |system_axi_smc_1              |         1|
|3     |system_processing_system7_0_0 |         1|
|4     |system_rst_ps7_0_100M_0       |         1|
|5     |system_smartconnect_0_0       |         1|
|6     |system_smartconnect_1_0       |         1|
+------+------------------------------+----------+

Report Cell Usage: 
+------+----------------------------+------+
|      |Cell                        |Count |
+------+----------------------------+------+
|1     |system_axi_dma_0            |     1|
|2     |system_axi_smc              |     1|
|3     |system_processing_system7_0 |     1|
|4     |system_rst_ps7_0_100M       |     1|
|5     |system_smartconnect_0       |     1|
|6     |system_smartconnect_1       |     1|
+------+----------------------------+------+
---------------------------------------------------------------------------------
Finished Writing Synthesis Report : Time (s): cpu = 00:01:30 ; elapsed = 00:01:39 . Memory (MB): peak = 1937.016 ; gain = 1100.461
---------------------------------------------------------------------------------
Synthesis finished with 0 errors, 0 critical warnings and 0 warnings.
Synthesis Optimization Runtime : Time (s): cpu = 00:01:01 ; elapsed = 00:01:32 . Memory (MB): peak = 1937.016 ; gain = 1100.461
Synthesis Optimization Complete : Time (s): cpu = 00:01:31 ; elapsed = 00:01:39 . Memory (MB): peak = 1937.016 ; gain = 1100.461
INFO: [Project 1-571] Translating synthesized netlist
Netlist sorting complete. Time (s): cpu = 00:00:00 ; elapsed = 00:00:00.051 . Memory (MB): peak = 1937.016 ; gain = 0.000
INFO: [Project 1-570] Preparing netlist for logic optimization
INFO: [Opt 31-138] Pushed 0 inverter(s) to 0 load pin(s).
Netlist sorting complete. Time (s): cpu = 00:00:00 ; elapsed = 00:00:00.001 . Memory (MB): peak = 1949.762 ; gain = 0.000
INFO: [Project 1-111] Unisim Transformation Summary:
No Unisim elements were transformed.

Synth Design complete | Checksum: 66e5f6fb
INFO: [Common 17-83] Releasing license: Synthesis
37 Infos, 70 Warnings, 0 Critical Warnings and 0 Errors encountered.
synth_design completed successfully
synth_design: Time (s): cpu = 00:01:42 ; elapsed = 00:02:25 . Memory (MB): peak = 1953.793 ; gain = 1326.363
INFO: [Common 17-1381] The checkpoint 'C:/Users/Andy/Documents/TFG/Project/2_comunicacion_AXI/2_comunicacion_AXI.runs/synth_1/system_wrapper.dcp' has been generated.
INFO: [Vivado 12-24828] Executing command : report_utilization -file system_wrapper_utilization_synth.rpt -pb system_wrapper_utilization_synth.pb
INFO: [Common 17-206] Exiting Vivado at Mon Apr  6 21:58:48 2026...
