

================================================================
== Vitis HLS Report for 'axis_to_hls4ml_input'
================================================================
* Date:           Tue May  5 04:58:52 2026

* Version:        2025.2 (Build 6295257 on Nov 14 2025)
* Project:        cifar10_axis_wrapper_prj
* Solution:       solution1 (Vivado IP Flow Target)
* Product family: zynq
* Target device:  xc7z010-clg400-1


================================================================
== Performance Estimates
================================================================
+ Timing: 
    * Summary: 
    +--------+----------+----------+------------+
    |  Clock |  Target  | Estimated| Uncertainty|
    +--------+----------+----------+------------+
    |ap_clk  |  10.00 ns|  5.734 ns|     2.70 ns|
    +--------+----------+----------+------------+

+ Latency: 
    * Summary: 
    +---------+---------+-----------+-----------+------+------+------------------------------------------------+
    |  Latency (cycles) |   Latency (absolute)  |   Interval  |                    Pipeline                    |
    |   min   |   max   |    min    |    max    |  min |  max |                      Type                      |
    +---------+---------+-----------+-----------+------+------+------------------------------------------------+
    |     3074|     3074|  30.740 us|  30.740 us|  3072|  3072|  loop auto-rewind stp (delay=0 clock cycles(s))|
    +---------+---------+-----------+-----------+------+------+------------------------------------------------+

    + Detail: 
        * Instance: 
        N/A

        * Loop: 
        +-----------------------------------+---------+---------+----------+-----------+-----------+------+----------+
        |                                   |  Latency (cycles) | Iteration|  Initiation Interval  | Trip |          |
        |             Loop Name             |   min   |   max   |  Latency |  achieved |   target  | Count| Pipelined|
        +-----------------------------------+---------+---------+----------+-----------+-----------+------+----------+
        |- VITIS_LOOP_43_1_VITIS_LOOP_46_2  |     3072|     3072|         2|          1|          1|  3072|       yes|
        +-----------------------------------+---------+---------+----------+-----------+-----------+------+----------+



================================================================
== Utilization Estimates
================================================================
* Summary: 
+-----------------+---------+----+-------+-------+-----+
|       Name      | BRAM_18K| DSP|   FF  |  LUT  | URAM|
+-----------------+---------+----+-------+-------+-----+
|DSP              |        -|   -|      -|      -|    -|
|Expression       |        -|   -|      0|     72|    -|
|FIFO             |        -|   -|      -|      -|    -|
|Instance         |        -|   -|      -|      -|    -|
|Memory           |        -|   -|      -|      -|    -|
|Multiplexer      |        -|   -|      0|     90|    -|
|Register         |        -|   -|     48|      -|    -|
+-----------------+---------+----+-------+-------+-----+
|Total            |        0|   0|     48|    162|    0|
+-----------------+---------+----+-------+-------+-----+
|Available        |      120|  80|  35200|  17600|    0|
+-----------------+---------+----+-------+-------+-----+
|Utilization (%)  |        0|   0|     ~0|     ~0|    0|
+-----------------+---------+----+-------+-------+-----+

+ Detail: 
    * Instance: 
    N/A

    * DSP: 
    N/A

    * Memory: 
    N/A

    * FIFO: 
    N/A

    * Expression: 
    +----------------------------------+----------+----+---+----+------------+------------+
    |           Variable Name          | Operation| DSP| FF| LUT| Bitwidth P0| Bitwidth P1|
    +----------------------------------+----------+----+---+----+------------+------------+
    |add_ln43_fu_177_p2                |         +|   0|  0|  12|          12|           1|
    |c_3_fu_206_p2                     |         +|   0|  0|  10|           2|           1|
    |v_fu_171_p2                       |         +|   0|  0|  14|           9|           9|
    |ap_block_state2_pp0_stage0_iter1  |       and|   0|  0|   2|           1|           1|
    |ap_condition_108                  |       and|   0|  0|   2|           1|           1|
    |ap_condition_275                  |       and|   0|  0|   2|           1|           1|
    |icmp_ln43_fu_218_p2               |      icmp|   0|  0|  12|          12|          12|
    |icmp_ln46_fu_212_p2               |      icmp|   0|  0|  10|           2|           2|
    |ap_block_pp0_stage0_01001         |        or|   0|  0|   2|           1|           1|
    |ap_block_state1_pp0_stage0_iter0  |        or|   0|  0|   2|           1|           1|
    |select_ln44_fu_137_p3             |    select|   0|  0|   2|           1|           1|
    |ap_enable_pp0                     |       xor|   0|  0|   2|           1|           2|
    +----------------------------------+----------+----+---+----+------------+------------+
    |Total                             |          |   0|  0|  72|          44|          33|
    +----------------------------------+----------+----+---+----+------------+------------+

    * Multiplexer: 
    +---------------------------------------+----+-----------+-----+-----------+
    |                  Name                 | LUT| Input Size| Bits| Total Bits|
    +---------------------------------------+----+-----------+-----+-----------+
    |ap_done_int                            |   9|          2|    1|          2|
    |ap_loop_exit_ready_pp0_iter1_reg       |   9|          2|    1|          2|
    |ap_phi_mux_icmp_ln4611_phi_fu_114_p4   |   9|          2|    1|          2|
    |ap_sig_allocacmp_c_1                   |   9|          2|    2|          4|
    |ap_sig_allocacmp_indvar_flatten9_load  |   9|          2|   12|         24|
    |c_fu_76                                |   9|          2|    2|          4|
    |indvar_flatten9_fu_72                  |   9|          2|   12|         24|
    |nn_in_blk_n                            |   9|          2|    1|          2|
    |real_start                             |   9|          2|    1|          2|
    |s_axis_TDATA_blk_n                     |   9|          2|    1|          2|
    +---------------------------------------+----+-----------+-----+-----------+
    |Total                                  |  90|         20|   34|         68|
    +---------------------------------------+----+-----------+-----+-----------+

    * Register: 
    +----------------------------------+----+----+-----+-----------+
    |               Name               | FF | LUT| Bits| Const Bits|
    +----------------------------------+----+----+-----+-----------+
    |ap_CS_fsm                         |   1|   0|    1|          0|
    |ap_done_reg                       |   1|   0|    1|          0|
    |ap_enable_reg_pp0_iter1           |   1|   0|    1|          0|
    |ap_loop_exit_ready_pp0_iter1_reg  |   1|   0|    1|          0|
    |c_fu_76                           |   2|   0|    2|          0|
    |icmp_ln43_reg_294                 |   1|   0|    1|          0|
    |icmp_ln46_reg_289                 |   1|   0|    1|          0|
    |indvar_flatten9_fu_72             |  12|   0|   12|          0|
    |start_once_reg                    |   1|   0|    1|          0|
    |v_028_fu_88                       |   9|   0|    9|          0|
    |v_1_047_fu_84                     |   9|   0|    9|          0|
    |v_2_056_fu_80                     |   9|   0|    9|          0|
    +----------------------------------+----+----+-----+-----------+
    |Total                             |  48|   0|   48|          0|
    +----------------------------------+----+----+-----+-----------+



================================================================
== Interface
================================================================
* Summary: 
+----------------------+-----+-----+------------+----------------------+--------------+
|       RTL Ports      | Dir | Bits|  Protocol  |     Source Object    |    C Type    |
+----------------------+-----+-----+------------+----------------------+--------------+
|ap_clk                |   in|    1|  ap_ctrl_hs|  axis_to_hls4ml_input|  return value|
|ap_rst                |   in|    1|  ap_ctrl_hs|  axis_to_hls4ml_input|  return value|
|ap_start              |   in|    1|  ap_ctrl_hs|  axis_to_hls4ml_input|  return value|
|start_full_n          |   in|    1|  ap_ctrl_hs|  axis_to_hls4ml_input|  return value|
|ap_done               |  out|    1|  ap_ctrl_hs|  axis_to_hls4ml_input|  return value|
|ap_continue           |   in|    1|  ap_ctrl_hs|  axis_to_hls4ml_input|  return value|
|ap_idle               |  out|    1|  ap_ctrl_hs|  axis_to_hls4ml_input|  return value|
|ap_ready              |  out|    1|  ap_ctrl_hs|  axis_to_hls4ml_input|  return value|
|start_out             |  out|    1|  ap_ctrl_hs|  axis_to_hls4ml_input|  return value|
|start_write           |  out|    1|  ap_ctrl_hs|  axis_to_hls4ml_input|  return value|
|s_axis_TVALID         |   in|    1|        axis|       s_axis_V_last_V|       pointer|
|s_axis_TREADY         |  out|    1|        axis|       s_axis_V_last_V|       pointer|
|s_axis_TLAST          |   in|    1|        axis|       s_axis_V_last_V|       pointer|
|nn_in_din             |  out|   27|     ap_fifo|                 nn_in|       pointer|
|nn_in_full_n          |   in|    1|     ap_fifo|                 nn_in|       pointer|
|nn_in_write           |  out|    1|     ap_fifo|                 nn_in|       pointer|
|nn_in_num_data_valid  |   in|   32|     ap_fifo|                 nn_in|       pointer|
|nn_in_fifo_cap        |   in|   32|     ap_fifo|                 nn_in|       pointer|
|s_axis_TDATA          |   in|   32|        axis|       s_axis_V_data_V|       pointer|
|s_axis_TKEEP          |   in|    4|        axis|       s_axis_V_keep_V|       pointer|
|s_axis_TSTRB          |   in|    4|        axis|       s_axis_V_strb_V|       pointer|
+----------------------+-----+-----+------------+----------------------+--------------+

