

================================================================
== Vitis HLS Report for 'compute_output_buffer_2d_array_array_ap_fixed_11_5_0_3_0_32u_config8_s'
================================================================
* Date:           Tue May  5 04:59:10 2026

* Version:        2025.2 (Build 6295257 on Nov 14 2025)
* Project:        cifar10_axis_wrapper_prj
* Solution:       solution1 (Vivado IP Flow Target)
* Product family: zynq
* Target device:  xc7z010-clg400-1


================================================================
== Performance Estimates
================================================================
+ Timing: 
    * Summary: 
    +--------+----------+-----------+------------+
    |  Clock |  Target  | Estimated | Uncertainty|
    +--------+----------+-----------+------------+
    |ap_clk  |  10.00 ns|  11.159 ns|     2.70 ns|
    +--------+----------+-----------+------------+

+ Latency: 
    * Summary: 
    +---------+---------+-----------+-----------+-----+------+---------+
    |  Latency (cycles) |   Latency (absolute)  |  Interval  | Pipeline|
    |   min   |   max   |    min    |    max    | min |  max |   Type  |
    +---------+---------+-----------+-----------+-----+------+---------+
    |        2|     2022|  22.317 ns|  22.563 us|    2|  2022|       no|
    +---------+---------+-----------+-----------+-----+------+---------+

    + Detail: 
        * Instance: 
        +--------------------------------------------------------------------------------------+---------------------------------------------------------------------------+---------+---------+-----------+-----------+------+------+-------------------------------------------+
        |                                                                                      |                                                                           |  Latency (cycles) |   Latency (absolute)  |   Interval  |                  Pipeline                 |
        |                                       Instance                                       |                                   Module                                  |   min   |   max   |    min    |    max    |  min |  max |                    Type                   |
        +--------------------------------------------------------------------------------------+---------------------------------------------------------------------------+---------+---------+-----------+-----------+------+------+-------------------------------------------+
        |call_ln281_shift_line_buffer_array_ap_fixed_10_4_0_3_0_14u_config8_s_fu_483           |shift_line_buffer_array_ap_fixed_10_4_0_3_0_14u_config8_s                  |        0|        0|       0 ns|       0 ns|     1|     1|                                        yes|
        |grp_dense_resource_rf_gt_nin_rem0_ap_fixed_ap_fixed_11_5_0_3_0_config8_mult_s_fu_823  |dense_resource_rf_gt_nin_rem0_ap_fixed_ap_fixed_11_5_0_3_0_config8_mult_s  |     2018|     2019|  22.518 us|  22.529 us|  2016|  2016|  loop rewind stp (delay=0 clock cycles(s))|
        +--------------------------------------------------------------------------------------+---------------------------------------------------------------------------+---------+---------+-----------+-----------+------+------+-------------------------------------------+

        * Loop: 
        N/A



================================================================
== Utilization Estimates
================================================================
* Summary: 
+-----------------+---------+----+-------+-------+-----+
|       Name      | BRAM_18K| DSP|   FF  |  LUT  | URAM|
+-----------------+---------+----+-------+-------+-----+
|DSP              |        -|   -|      -|      -|    -|
|Expression       |        -|   -|      0|    501|    -|
|FIFO             |        -|   -|      -|      -|    -|
|Instance         |        3|   0|   5679|   9114|    -|
|Memory           |        -|   -|      -|      -|    -|
|Multiplexer      |        -|   -|      0|     75|    -|
|Register         |        -|   -|   1747|      -|    -|
+-----------------+---------+----+-------+-------+-----+
|Total            |        3|   0|   7426|   9690|    0|
+-----------------+---------+----+-------+-------+-----+
|Available        |      120|  80|  35200|  17600|    0|
+-----------------+---------+----+-------+-------+-----+
|Utilization (%)  |        2|   0|     21|     55|    0|
+-----------------+---------+----+-------+-------+-----+

+ Detail: 
    * Instance: 
    +--------------------------------------------------------------------------------------+---------------------------------------------------------------------------+---------+----+------+------+-----+
    |                                       Instance                                       |                                   Module                                  | BRAM_18K| DSP|  FF  |  LUT | URAM|
    +--------------------------------------------------------------------------------------+---------------------------------------------------------------------------+---------+----+------+------+-----+
    |grp_dense_resource_rf_gt_nin_rem0_ap_fixed_ap_fixed_11_5_0_3_0_config8_mult_s_fu_823  |dense_resource_rf_gt_nin_rem0_ap_fixed_ap_fixed_11_5_0_3_0_config8_mult_s  |        3|   0|  3886|  7462|    0|
    |call_ln281_shift_line_buffer_array_ap_fixed_10_4_0_3_0_14u_config8_s_fu_483           |shift_line_buffer_array_ap_fixed_10_4_0_3_0_14u_config8_s                  |        0|   0|  1793|  1652|    0|
    +--------------------------------------------------------------------------------------+---------------------------------------------------------------------------+---------+----+------+------+-----+
    |Total                                                                                 |                                                                           |        3|   0|  5679|  9114|    0|
    +--------------------------------------------------------------------------------------+---------------------------------------------------------------------------+---------+----+------+------+-----+

    * DSP: 
    N/A

    * Memory: 
    N/A

    * FIFO: 
    N/A

    * Expression: 
    +--------------------------------+----------+----+---+----+------------+------------+
    |          Variable Name         | Operation| DSP| FF| LUT| Bitwidth P0| Bitwidth P1|
    +--------------------------------+----------+----+---+----+------------+------------+
    |add_ln303_fu_1320_p2            |         +|   0|  0|  39|          32|           1|
    |add_ln307_fu_1367_p2            |         +|   0|  0|  39|          32|           1|
    |add_ln313_fu_1389_p2            |         +|   0|  0|  39|          32|           1|
    |add_ln318_fu_1337_p2            |         +|   0|  0|  39|          32|           1|
    |and_ln284_2_fu_1149_p2          |       and|   0|  0|   2|           1|           1|
    |and_ln284_fu_1143_p2            |       and|   0|  0|   2|           1|           1|
    |ap_block_state4                 |       and|   0|  0|   2|           1|           1|
    |ap_condition_1089               |       and|   0|  0|   2|           1|           1|
    |ap_predicate_op70_write_state4  |       and|   0|  0|   2|           1|           1|
    |icmp_ln284_4_fu_1105_p2         |      icmp|   0|  0|  39|          32|           2|
    |icmp_ln284_5_fu_1121_p2         |      icmp|   0|  0|  38|          31|           1|
    |icmp_ln284_6_fu_1137_p2         |      icmp|   0|  0|  38|          31|           1|
    |icmp_ln284_fu_1087_p2           |      icmp|   0|  0|  39|          32|           2|
    |icmp_ln303_fu_1325_p2           |      icmp|   0|  0|  39|          32|           3|
    |icmp_ln307_fu_1372_p2           |      icmp|   0|  0|  39|          32|           3|
    |icmp_ln313_fu_1384_p2           |      icmp|   0|  0|  39|          32|           2|
    |select_ln313_fu_1394_p3         |    select|   0|  0|  32|           1|           2|
    |select_ln318_fu_1342_p3         |    select|   0|  0|  32|           1|           2|
    +--------------------------------+----------+----+---+----+------------+------------+
    |Total                           |          |   0|  0| 501|         357|          27|
    +--------------------------------+----------+----+---+----+------------+------------+

    * Multiplexer: 
    +-------------------------------------+----+-----------+-----+-----------+
    |                 Name                | LUT| Input Size| Bits| Total Bits|
    +-------------------------------------+----+-----------+-----+-----------+
    |ap_NS_fsm                            |  25|          5|    1|          5|
    |ap_phi_mux_storemerge_phi_fu_476_p4  |  14|          3|   32|         96|
    |layer8_out_blk_n                     |   9|          2|    1|          2|
    |pX_4                                 |   9|          2|   32|         64|
    |pY_4                                 |   9|          2|   32|         64|
    |sX_4                                 |   9|          2|   32|         64|
    +-------------------------------------+----+-----------+-----+-----------+
    |Total                                |  75|         16|  130|        295|
    +-------------------------------------+----+-----------+-----+-----------+

    * Register: 
    +---------------------------------------------------------------------------------------------------+----+----+-----+-----------+
    |                                                Name                                               | FF | LUT| Bits| Const Bits|
    +---------------------------------------------------------------------------------------------------+----+----+-----+-----------+
    |and_ln284_2_reg_1432                                                                               |   1|   0|    1|          0|
    |ap_CS_fsm                                                                                          |   4|   0|    4|          0|
    |grp_dense_resource_rf_gt_nin_rem0_ap_fixed_ap_fixed_11_5_0_3_0_config8_mult_s_fu_823_ap_start_reg  |   1|   0|    1|          0|
    |icmp_ln284_reg_1418                                                                                |   1|   0|    1|          0|
    |pX_4                                                                                               |  32|   0|   32|          0|
    |pY_4                                                                                               |  32|   0|   32|          0|
    |p_ZZN4nnet24compute_output_buffer_2dINS_5arrayI8ap_fixedILi10ELi4EL9ap_q_mode0EL9                  |  10|   0|   10|          0|
    |p_ZZN4nnet24compute_output_buffer_2dINS_5arrayI8ap_fixedILi10ELi4EL9ap_q_mode0EL9_1                |  10|   0|   10|          0|
    |p_ZZN4nnet24compute_output_buffer_2dINS_5arrayI8ap_fixedILi10ELi4EL9ap_q_mode0EL9_10               |  10|   0|   10|          0|
    |p_ZZN4nnet24compute_output_buffer_2dINS_5arrayI8ap_fixedILi10ELi4EL9ap_q_mode0EL9_11               |  10|   0|   10|          0|
    |p_ZZN4nnet24compute_output_buffer_2dINS_5arrayI8ap_fixedILi10ELi4EL9ap_q_mode0EL9_115              |  10|   0|   10|          0|
    |p_ZZN4nnet24compute_output_buffer_2dINS_5arrayI8ap_fixedILi10ELi4EL9ap_q_mode0EL9_116              |  10|   0|   10|          0|
    |p_ZZN4nnet24compute_output_buffer_2dINS_5arrayI8ap_fixedILi10ELi4EL9ap_q_mode0EL9_117              |  10|   0|   10|          0|
    |p_ZZN4nnet24compute_output_buffer_2dINS_5arrayI8ap_fixedILi10ELi4EL9ap_q_mode0EL9_118              |  10|   0|   10|          0|
    |p_ZZN4nnet24compute_output_buffer_2dINS_5arrayI8ap_fixedILi10ELi4EL9ap_q_mode0EL9_119              |  10|   0|   10|          0|
    |p_ZZN4nnet24compute_output_buffer_2dINS_5arrayI8ap_fixedILi10ELi4EL9ap_q_mode0EL9_12               |  10|   0|   10|          0|
    |p_ZZN4nnet24compute_output_buffer_2dINS_5arrayI8ap_fixedILi10ELi4EL9ap_q_mode0EL9_120              |  10|   0|   10|          0|
    |p_ZZN4nnet24compute_output_buffer_2dINS_5arrayI8ap_fixedILi10ELi4EL9ap_q_mode0EL9_121              |  10|   0|   10|          0|
    |p_ZZN4nnet24compute_output_buffer_2dINS_5arrayI8ap_fixedILi10ELi4EL9ap_q_mode0EL9_122              |  10|   0|   10|          0|
    |p_ZZN4nnet24compute_output_buffer_2dINS_5arrayI8ap_fixedILi10ELi4EL9ap_q_mode0EL9_123              |  10|   0|   10|          0|
    |p_ZZN4nnet24compute_output_buffer_2dINS_5arrayI8ap_fixedILi10ELi4EL9ap_q_mode0EL9_124              |  10|   0|   10|          0|
    |p_ZZN4nnet24compute_output_buffer_2dINS_5arrayI8ap_fixedILi10ELi4EL9ap_q_mode0EL9_125              |  10|   0|   10|          0|
    |p_ZZN4nnet24compute_output_buffer_2dINS_5arrayI8ap_fixedILi10ELi4EL9ap_q_mode0EL9_126              |  10|   0|   10|          0|
    |p_ZZN4nnet24compute_output_buffer_2dINS_5arrayI8ap_fixedILi10ELi4EL9ap_q_mode0EL9_127              |  10|   0|   10|          0|
    |p_ZZN4nnet24compute_output_buffer_2dINS_5arrayI8ap_fixedILi10ELi4EL9ap_q_mode0EL9_128              |  10|   0|   10|          0|
    |p_ZZN4nnet24compute_output_buffer_2dINS_5arrayI8ap_fixedILi10ELi4EL9ap_q_mode0EL9_129              |  10|   0|   10|          0|
    |p_ZZN4nnet24compute_output_buffer_2dINS_5arrayI8ap_fixedILi10ELi4EL9ap_q_mode0EL9_13               |  10|   0|   10|          0|
    |p_ZZN4nnet24compute_output_buffer_2dINS_5arrayI8ap_fixedILi10ELi4EL9ap_q_mode0EL9_130              |  10|   0|   10|          0|
    |p_ZZN4nnet24compute_output_buffer_2dINS_5arrayI8ap_fixedILi10ELi4EL9ap_q_mode0EL9_14               |  10|   0|   10|          0|
    |p_ZZN4nnet24compute_output_buffer_2dINS_5arrayI8ap_fixedILi10ELi4EL9ap_q_mode0EL9_15               |  10|   0|   10|          0|
    |p_ZZN4nnet24compute_output_buffer_2dINS_5arrayI8ap_fixedILi10ELi4EL9ap_q_mode0EL9_16               |  10|   0|   10|          0|
    |p_ZZN4nnet24compute_output_buffer_2dINS_5arrayI8ap_fixedILi10ELi4EL9ap_q_mode0EL9_17               |  10|   0|   10|          0|
    |p_ZZN4nnet24compute_output_buffer_2dINS_5arrayI8ap_fixedILi10ELi4EL9ap_q_mode0EL9_18               |  10|   0|   10|          0|
    |p_ZZN4nnet24compute_output_buffer_2dINS_5arrayI8ap_fixedILi10ELi4EL9ap_q_mode0EL9_19               |  10|   0|   10|          0|
    |p_ZZN4nnet24compute_output_buffer_2dINS_5arrayI8ap_fixedILi10ELi4EL9ap_q_mode0EL9_2                |  10|   0|   10|          0|
    |p_ZZN4nnet24compute_output_buffer_2dINS_5arrayI8ap_fixedILi10ELi4EL9ap_q_mode0EL9_20               |  10|   0|   10|          0|
    |p_ZZN4nnet24compute_output_buffer_2dINS_5arrayI8ap_fixedILi10ELi4EL9ap_q_mode0EL9_21               |  10|   0|   10|          0|
    |p_ZZN4nnet24compute_output_buffer_2dINS_5arrayI8ap_fixedILi10ELi4EL9ap_q_mode0EL9_22               |  10|   0|   10|          0|
    |p_ZZN4nnet24compute_output_buffer_2dINS_5arrayI8ap_fixedILi10ELi4EL9ap_q_mode0EL9_23               |  10|   0|   10|          0|
    |p_ZZN4nnet24compute_output_buffer_2dINS_5arrayI8ap_fixedILi10ELi4EL9ap_q_mode0EL9_24               |  10|   0|   10|          0|
    |p_ZZN4nnet24compute_output_buffer_2dINS_5arrayI8ap_fixedILi10ELi4EL9ap_q_mode0EL9_25               |  10|   0|   10|          0|
    |p_ZZN4nnet24compute_output_buffer_2dINS_5arrayI8ap_fixedILi10ELi4EL9ap_q_mode0EL9_26               |  10|   0|   10|          0|
    |p_ZZN4nnet24compute_output_buffer_2dINS_5arrayI8ap_fixedILi10ELi4EL9ap_q_mode0EL9_27               |  10|   0|   10|          0|
    |p_ZZN4nnet24compute_output_buffer_2dINS_5arrayI8ap_fixedILi10ELi4EL9ap_q_mode0EL9_28               |  10|   0|   10|          0|
    |p_ZZN4nnet24compute_output_buffer_2dINS_5arrayI8ap_fixedILi10ELi4EL9ap_q_mode0EL9_29               |  10|   0|   10|          0|
    |p_ZZN4nnet24compute_output_buffer_2dINS_5arrayI8ap_fixedILi10ELi4EL9ap_q_mode0EL9_3                |  10|   0|   10|          0|
    |p_ZZN4nnet24compute_output_buffer_2dINS_5arrayI8ap_fixedILi10ELi4EL9ap_q_mode0EL9_30               |  10|   0|   10|          0|
    |p_ZZN4nnet24compute_output_buffer_2dINS_5arrayI8ap_fixedILi10ELi4EL9ap_q_mode0EL9_31               |  10|   0|   10|          0|
    |p_ZZN4nnet24compute_output_buffer_2dINS_5arrayI8ap_fixedILi10ELi4EL9ap_q_mode0EL9_32               |  10|   0|   10|          0|
    |p_ZZN4nnet24compute_output_buffer_2dINS_5arrayI8ap_fixedILi10ELi4EL9ap_q_mode0EL9_33               |  10|   0|   10|          0|
    |p_ZZN4nnet24compute_output_buffer_2dINS_5arrayI8ap_fixedILi10ELi4EL9ap_q_mode0EL9_34               |  10|   0|   10|          0|
    |p_ZZN4nnet24compute_output_buffer_2dINS_5arrayI8ap_fixedILi10ELi4EL9ap_q_mode0EL9_35               |  10|   0|   10|          0|
    |p_ZZN4nnet24compute_output_buffer_2dINS_5arrayI8ap_fixedILi10ELi4EL9ap_q_mode0EL9_36               |  10|   0|   10|          0|
    |p_ZZN4nnet24compute_output_buffer_2dINS_5arrayI8ap_fixedILi10ELi4EL9ap_q_mode0EL9_37               |  10|   0|   10|          0|
    |p_ZZN4nnet24compute_output_buffer_2dINS_5arrayI8ap_fixedILi10ELi4EL9ap_q_mode0EL9_38               |  10|   0|   10|          0|
    |p_ZZN4nnet24compute_output_buffer_2dINS_5arrayI8ap_fixedILi10ELi4EL9ap_q_mode0EL9_39               |  10|   0|   10|          0|
    |p_ZZN4nnet24compute_output_buffer_2dINS_5arrayI8ap_fixedILi10ELi4EL9ap_q_mode0EL9_4                |  10|   0|   10|          0|
    |p_ZZN4nnet24compute_output_buffer_2dINS_5arrayI8ap_fixedILi10ELi4EL9ap_q_mode0EL9_40               |  10|   0|   10|          0|
    |p_ZZN4nnet24compute_output_buffer_2dINS_5arrayI8ap_fixedILi10ELi4EL9ap_q_mode0EL9_41               |  10|   0|   10|          0|
    |p_ZZN4nnet24compute_output_buffer_2dINS_5arrayI8ap_fixedILi10ELi4EL9ap_q_mode0EL9_42               |  10|   0|   10|          0|
    |p_ZZN4nnet24compute_output_buffer_2dINS_5arrayI8ap_fixedILi10ELi4EL9ap_q_mode0EL9_43               |  10|   0|   10|          0|
    |p_ZZN4nnet24compute_output_buffer_2dINS_5arrayI8ap_fixedILi10ELi4EL9ap_q_mode0EL9_44               |  10|   0|   10|          0|
    |p_ZZN4nnet24compute_output_buffer_2dINS_5arrayI8ap_fixedILi10ELi4EL9ap_q_mode0EL9_45               |  10|   0|   10|          0|
    |p_ZZN4nnet24compute_output_buffer_2dINS_5arrayI8ap_fixedILi10ELi4EL9ap_q_mode0EL9_46               |  10|   0|   10|          0|
    |p_ZZN4nnet24compute_output_buffer_2dINS_5arrayI8ap_fixedILi10ELi4EL9ap_q_mode0EL9_47               |  10|   0|   10|          0|
    |p_ZZN4nnet24compute_output_buffer_2dINS_5arrayI8ap_fixedILi10ELi4EL9ap_q_mode0EL9_48               |  10|   0|   10|          0|
    |p_ZZN4nnet24compute_output_buffer_2dINS_5arrayI8ap_fixedILi10ELi4EL9ap_q_mode0EL9_49               |  10|   0|   10|          0|
    |p_ZZN4nnet24compute_output_buffer_2dINS_5arrayI8ap_fixedILi10ELi4EL9ap_q_mode0EL9_5                |  10|   0|   10|          0|
    |p_ZZN4nnet24compute_output_buffer_2dINS_5arrayI8ap_fixedILi10ELi4EL9ap_q_mode0EL9_50               |  10|   0|   10|          0|
    |p_ZZN4nnet24compute_output_buffer_2dINS_5arrayI8ap_fixedILi10ELi4EL9ap_q_mode0EL9_51               |  10|   0|   10|          0|
    |p_ZZN4nnet24compute_output_buffer_2dINS_5arrayI8ap_fixedILi10ELi4EL9ap_q_mode0EL9_52               |  10|   0|   10|          0|
    |p_ZZN4nnet24compute_output_buffer_2dINS_5arrayI8ap_fixedILi10ELi4EL9ap_q_mode0EL9_53               |  10|   0|   10|          0|
    |p_ZZN4nnet24compute_output_buffer_2dINS_5arrayI8ap_fixedILi10ELi4EL9ap_q_mode0EL9_54               |  10|   0|   10|          0|
    |p_ZZN4nnet24compute_output_buffer_2dINS_5arrayI8ap_fixedILi10ELi4EL9ap_q_mode0EL9_55               |  10|   0|   10|          0|
    |p_ZZN4nnet24compute_output_buffer_2dINS_5arrayI8ap_fixedILi10ELi4EL9ap_q_mode0EL9_56               |  10|   0|   10|          0|
    |p_ZZN4nnet24compute_output_buffer_2dINS_5arrayI8ap_fixedILi10ELi4EL9ap_q_mode0EL9_57               |  10|   0|   10|          0|
    |p_ZZN4nnet24compute_output_buffer_2dINS_5arrayI8ap_fixedILi10ELi4EL9ap_q_mode0EL9_58               |  10|   0|   10|          0|
    |p_ZZN4nnet24compute_output_buffer_2dINS_5arrayI8ap_fixedILi10ELi4EL9ap_q_mode0EL9_59               |  10|   0|   10|          0|
    |p_ZZN4nnet24compute_output_buffer_2dINS_5arrayI8ap_fixedILi10ELi4EL9ap_q_mode0EL9_6                |  10|   0|   10|          0|
    |p_ZZN4nnet24compute_output_buffer_2dINS_5arrayI8ap_fixedILi10ELi4EL9ap_q_mode0EL9_60               |  10|   0|   10|          0|
    |p_ZZN4nnet24compute_output_buffer_2dINS_5arrayI8ap_fixedILi10ELi4EL9ap_q_mode0EL9_61               |  10|   0|   10|          0|
    |p_ZZN4nnet24compute_output_buffer_2dINS_5arrayI8ap_fixedILi10ELi4EL9ap_q_mode0EL9_62               |  10|   0|   10|          0|
    |p_ZZN4nnet24compute_output_buffer_2dINS_5arrayI8ap_fixedILi10ELi4EL9ap_q_mode0EL9_63               |  10|   0|   10|          0|
    |p_ZZN4nnet24compute_output_buffer_2dINS_5arrayI8ap_fixedILi10ELi4EL9ap_q_mode0EL9_64               |  10|   0|   10|          0|
    |p_ZZN4nnet24compute_output_buffer_2dINS_5arrayI8ap_fixedILi10ELi4EL9ap_q_mode0EL9_65               |  10|   0|   10|          0|
    |p_ZZN4nnet24compute_output_buffer_2dINS_5arrayI8ap_fixedILi10ELi4EL9ap_q_mode0EL9_66               |  10|   0|   10|          0|
    |p_ZZN4nnet24compute_output_buffer_2dINS_5arrayI8ap_fixedILi10ELi4EL9ap_q_mode0EL9_67               |  10|   0|   10|          0|
    |p_ZZN4nnet24compute_output_buffer_2dINS_5arrayI8ap_fixedILi10ELi4EL9ap_q_mode0EL9_68               |  10|   0|   10|          0|
    |p_ZZN4nnet24compute_output_buffer_2dINS_5arrayI8ap_fixedILi10ELi4EL9ap_q_mode0EL9_69               |  10|   0|   10|          0|
    |p_ZZN4nnet24compute_output_buffer_2dINS_5arrayI8ap_fixedILi10ELi4EL9ap_q_mode0EL9_7                |  10|   0|   10|          0|
    |p_ZZN4nnet24compute_output_buffer_2dINS_5arrayI8ap_fixedILi10ELi4EL9ap_q_mode0EL9_70               |  10|   0|   10|          0|
    |p_ZZN4nnet24compute_output_buffer_2dINS_5arrayI8ap_fixedILi10ELi4EL9ap_q_mode0EL9_71               |  10|   0|   10|          0|
    |p_ZZN4nnet24compute_output_buffer_2dINS_5arrayI8ap_fixedILi10ELi4EL9ap_q_mode0EL9_72               |  10|   0|   10|          0|
    |p_ZZN4nnet24compute_output_buffer_2dINS_5arrayI8ap_fixedILi10ELi4EL9ap_q_mode0EL9_73               |  10|   0|   10|          0|
    |p_ZZN4nnet24compute_output_buffer_2dINS_5arrayI8ap_fixedILi10ELi4EL9ap_q_mode0EL9_74               |  10|   0|   10|          0|
    |p_ZZN4nnet24compute_output_buffer_2dINS_5arrayI8ap_fixedILi10ELi4EL9ap_q_mode0EL9_75               |  10|   0|   10|          0|
    |p_ZZN4nnet24compute_output_buffer_2dINS_5arrayI8ap_fixedILi10ELi4EL9ap_q_mode0EL9_76               |  10|   0|   10|          0|
    |p_ZZN4nnet24compute_output_buffer_2dINS_5arrayI8ap_fixedILi10ELi4EL9ap_q_mode0EL9_77               |  10|   0|   10|          0|
    |p_ZZN4nnet24compute_output_buffer_2dINS_5arrayI8ap_fixedILi10ELi4EL9ap_q_mode0EL9_78               |  10|   0|   10|          0|
    |p_ZZN4nnet24compute_output_buffer_2dINS_5arrayI8ap_fixedILi10ELi4EL9ap_q_mode0EL9_79               |  10|   0|   10|          0|
    |p_ZZN4nnet24compute_output_buffer_2dINS_5arrayI8ap_fixedILi10ELi4EL9ap_q_mode0EL9_8                |  10|   0|   10|          0|
    |p_ZZN4nnet24compute_output_buffer_2dINS_5arrayI8ap_fixedILi10ELi4EL9ap_q_mode0EL9_80               |  10|   0|   10|          0|
    |p_ZZN4nnet24compute_output_buffer_2dINS_5arrayI8ap_fixedILi10ELi4EL9ap_q_mode0EL9_81               |  10|   0|   10|          0|
    |p_ZZN4nnet24compute_output_buffer_2dINS_5arrayI8ap_fixedILi10ELi4EL9ap_q_mode0EL9_82               |  10|   0|   10|          0|
    |p_ZZN4nnet24compute_output_buffer_2dINS_5arrayI8ap_fixedILi10ELi4EL9ap_q_mode0EL9_83               |  10|   0|   10|          0|
    |p_ZZN4nnet24compute_output_buffer_2dINS_5arrayI8ap_fixedILi10ELi4EL9ap_q_mode0EL9_84               |  10|   0|   10|          0|
    |p_ZZN4nnet24compute_output_buffer_2dINS_5arrayI8ap_fixedILi10ELi4EL9ap_q_mode0EL9_85               |  10|   0|   10|          0|
    |p_ZZN4nnet24compute_output_buffer_2dINS_5arrayI8ap_fixedILi10ELi4EL9ap_q_mode0EL9_86               |  10|   0|   10|          0|
    |p_ZZN4nnet24compute_output_buffer_2dINS_5arrayI8ap_fixedILi10ELi4EL9ap_q_mode0EL9_87               |  10|   0|   10|          0|
    |p_ZZN4nnet24compute_output_buffer_2dINS_5arrayI8ap_fixedILi10ELi4EL9ap_q_mode0EL9_88               |  10|   0|   10|          0|
    |p_ZZN4nnet24compute_output_buffer_2dINS_5arrayI8ap_fixedILi10ELi4EL9ap_q_mode0EL9_89               |  10|   0|   10|          0|
    |p_ZZN4nnet24compute_output_buffer_2dINS_5arrayI8ap_fixedILi10ELi4EL9ap_q_mode0EL9_9                |  10|   0|   10|          0|
    |p_ZZN4nnet24compute_output_buffer_2dINS_5arrayI8ap_fixedILi10ELi4EL9ap_q_mode0EL9_90               |  10|   0|   10|          0|
    |p_ZZN4nnet24compute_output_buffer_2dINS_5arrayI8ap_fixedILi10ELi4EL9ap_q_mode0EL9_91               |  10|   0|   10|          0|
    |p_ZZN4nnet24compute_output_buffer_2dINS_5arrayI8ap_fixedILi10ELi4EL9ap_q_mode0EL9_92               |  10|   0|   10|          0|
    |p_ZZN4nnet24compute_output_buffer_2dINS_5arrayI8ap_fixedILi10ELi4EL9ap_q_mode0EL9_93               |  10|   0|   10|          0|
    |p_ZZN4nnet24compute_output_buffer_2dINS_5arrayI8ap_fixedILi10ELi4EL9ap_q_mode0EL9_94               |  10|   0|   10|          0|
    |p_ZZN4nnet24compute_output_buffer_2dINS_5arrayI8ap_fixedILi10ELi4EL9ap_q_mode0EL9_95               |  10|   0|   10|          0|
    |p_ZZN4nnet24compute_output_buffer_2dINS_5arrayI8ap_fixedILi10ELi4EL9ap_q_mode0EL9_96               |  10|   0|   10|          0|
    |p_ZZN4nnet24compute_output_buffer_2dINS_5arrayI8ap_fixedILi10ELi4EL9ap_q_mode0EL9_97               |  10|   0|   10|          0|
    |p_ZZN4nnet24compute_output_buffer_2dINS_5arrayI8ap_fixedILi10ELi4EL9ap_q_mode0EL9_98               |  10|   0|   10|          0|
    |p_ZZN4nnet24compute_output_buffer_2dINS_5arrayI8ap_fixedILi10ELi4EL9ap_q_mode0EL9_99               |  10|   0|   10|          0|
    |res_out_10_reg_1486                                                                                |  11|   0|   11|          0|
    |res_out_11_reg_1491                                                                                |  11|   0|   11|          0|
    |res_out_12_reg_1496                                                                                |  11|   0|   11|          0|
    |res_out_13_reg_1501                                                                                |  11|   0|   11|          0|
    |res_out_14_reg_1506                                                                                |  11|   0|   11|          0|
    |res_out_15_reg_1511                                                                                |  11|   0|   11|          0|
    |res_out_16_reg_1516                                                                                |  11|   0|   11|          0|
    |res_out_17_reg_1521                                                                                |  11|   0|   11|          0|
    |res_out_18_reg_1526                                                                                |  11|   0|   11|          0|
    |res_out_19_reg_1531                                                                                |  11|   0|   11|          0|
    |res_out_1_reg_1441                                                                                 |  11|   0|   11|          0|
    |res_out_20_reg_1536                                                                                |  11|   0|   11|          0|
    |res_out_21_reg_1541                                                                                |  11|   0|   11|          0|
    |res_out_22_reg_1546                                                                                |  11|   0|   11|          0|
    |res_out_23_reg_1551                                                                                |  11|   0|   11|          0|
    |res_out_24_reg_1556                                                                                |  11|   0|   11|          0|
    |res_out_25_reg_1561                                                                                |  11|   0|   11|          0|
    |res_out_26_reg_1566                                                                                |  11|   0|   11|          0|
    |res_out_27_reg_1571                                                                                |  11|   0|   11|          0|
    |res_out_28_reg_1576                                                                                |  11|   0|   11|          0|
    |res_out_29_reg_1581                                                                                |  11|   0|   11|          0|
    |res_out_2_reg_1446                                                                                 |  11|   0|   11|          0|
    |res_out_30_reg_1586                                                                                |  11|   0|   11|          0|
    |res_out_31_reg_1591                                                                                |  11|   0|   11|          0|
    |res_out_3_reg_1451                                                                                 |  11|   0|   11|          0|
    |res_out_4_reg_1456                                                                                 |  11|   0|   11|          0|
    |res_out_5_reg_1461                                                                                 |  11|   0|   11|          0|
    |res_out_6_reg_1466                                                                                 |  11|   0|   11|          0|
    |res_out_7_reg_1471                                                                                 |  11|   0|   11|          0|
    |res_out_8_reg_1476                                                                                 |  11|   0|   11|          0|
    |res_out_9_reg_1481                                                                                 |  11|   0|   11|          0|
    |res_out_reg_1436                                                                                   |  11|   0|   11|          0|
    |sX_4                                                                                               |  32|   0|   32|          0|
    |sY_4                                                                                               |  32|   0|   32|          0|
    |void_compute_output_buffer_2d_array_const_ap_shift_reg_n_chan_stream_weig_20                       |  10|   0|   10|          0|
    |void_compute_output_buffer_2d_array_const_ap_shift_reg_n_chan_stream_weig_21                       |  10|   0|   10|          0|
    |void_compute_output_buffer_2d_array_const_ap_shift_reg_n_chan_stream_weig_22                       |  10|   0|   10|          0|
    |void_compute_output_buffer_2d_array_const_ap_shift_reg_n_chan_stream_weig_23                       |  10|   0|   10|          0|
    |void_compute_output_buffer_2d_array_const_ap_shift_reg_n_chan_stream_weig_24                       |  10|   0|   10|          0|
    |void_compute_output_buffer_2d_array_const_ap_shift_reg_n_chan_stream_weig_25                       |  10|   0|   10|          0|
    |void_compute_output_buffer_2d_array_const_ap_shift_reg_n_chan_stream_weig_26                       |  10|   0|   10|          0|
    |void_compute_output_buffer_2d_array_const_ap_shift_reg_n_chan_stream_weig_27                       |  10|   0|   10|          0|
    |void_compute_output_buffer_2d_array_const_ap_shift_reg_n_chan_stream_weig_28                       |  10|   0|   10|          0|
    |void_compute_output_buffer_2d_array_const_ap_shift_reg_n_chan_stream_weig_29                       |  10|   0|   10|          0|
    +---------------------------------------------------------------------------------------------------+----+----+-----+-----------+
    |Total                                                                                              |1747|   0| 1747|          0|
    +---------------------------------------------------------------------------------------------------+----+----+-----+-----------+



================================================================
== Interface
================================================================
* Summary: 
+---------------------------+-----+-----+------------+-------------------------------------------------------------------------+--------------+
|         RTL Ports         | Dir | Bits|  Protocol  |                              Source Object                              |    C Type    |
+---------------------------+-----+-----+------------+-------------------------------------------------------------------------+--------------+
|ap_clk                     |   in|    1|  ap_ctrl_hs|  compute_output_buffer_2d<array,array<ap_fixed<11,5,0,3,0>,32u>,config8>|  return value|
|ap_rst                     |   in|    1|  ap_ctrl_hs|  compute_output_buffer_2d<array,array<ap_fixed<11,5,0,3,0>,32u>,config8>|  return value|
|ap_start                   |   in|    1|  ap_ctrl_hs|  compute_output_buffer_2d<array,array<ap_fixed<11,5,0,3,0>,32u>,config8>|  return value|
|ap_done                    |  out|    1|  ap_ctrl_hs|  compute_output_buffer_2d<array,array<ap_fixed<11,5,0,3,0>,32u>,config8>|  return value|
|ap_idle                    |  out|    1|  ap_ctrl_hs|  compute_output_buffer_2d<array,array<ap_fixed<11,5,0,3,0>,32u>,config8>|  return value|
|ap_ready                   |  out|    1|  ap_ctrl_hs|  compute_output_buffer_2d<array,array<ap_fixed<11,5,0,3,0>,32u>,config8>|  return value|
|p_read                     |   in|   10|     ap_none|                                                                   p_read|        scalar|
|p_read1                    |   in|   10|     ap_none|                                                                  p_read1|        scalar|
|p_read2                    |   in|   10|     ap_none|                                                                  p_read2|        scalar|
|p_read3                    |   in|   10|     ap_none|                                                                  p_read3|        scalar|
|p_read4                    |   in|   10|     ap_none|                                                                  p_read4|        scalar|
|p_read5                    |   in|   10|     ap_none|                                                                  p_read5|        scalar|
|p_read6                    |   in|   10|     ap_none|                                                                  p_read6|        scalar|
|p_read7                    |   in|   10|     ap_none|                                                                  p_read7|        scalar|
|p_read8                    |   in|   10|     ap_none|                                                                  p_read8|        scalar|
|p_read9                    |   in|   10|     ap_none|                                                                  p_read9|        scalar|
|p_read10                   |   in|   10|     ap_none|                                                                 p_read10|        scalar|
|p_read11                   |   in|   10|     ap_none|                                                                 p_read11|        scalar|
|p_read12                   |   in|   10|     ap_none|                                                                 p_read12|        scalar|
|p_read13                   |   in|   10|     ap_none|                                                                 p_read13|        scalar|
|layer8_out_din             |  out|  352|     ap_fifo|                                                               layer8_out|       pointer|
|layer8_out_full_n          |   in|    1|     ap_fifo|                                                               layer8_out|       pointer|
|layer8_out_write           |  out|    1|     ap_fifo|                                                               layer8_out|       pointer|
|layer8_out_num_data_valid  |   in|    5|     ap_fifo|                                                               layer8_out|       pointer|
|layer8_out_fifo_cap        |   in|    5|     ap_fifo|                                                               layer8_out|       pointer|
+---------------------------+-----+-----+------------+-------------------------------------------------------------------------+--------------+

