

================================================================
== Vitis HLS Report for 'conv_2d_cl_array_ap_fixed_3u_array_ap_fixed_9_3_0_3_0_8u_config2_s'
================================================================
* Date:           Tue May  5 04:58:57 2026

* Version:        2025.2 (Build 6295257 on Nov 14 2025)
* Project:        cifar10_axis_wrapper_prj
* Solution:       solution1 (Vivado IP Flow Target)
* Product family: zynq
* Target device:  xc7z010-clg400-1


================================================================
== Performance Estimates
================================================================
+ Timing: 
    * Summary: 
    +--------+----------+-----------+------------+
    |  Clock |  Target  | Estimated | Uncertainty|
    +--------+----------+-----------+------------+
    |ap_clk  |  10.00 ns|  10.031 ns|     2.70 ns|
    +--------+----------+-----------+------------+

+ Latency: 
    * Summary: 
    +---------+---------+-----------+----------+------+--------+---------+
    |  Latency (cycles) |  Latency (absolute)  |    Interval   | Pipeline|
    |   min   |   max   |    min    |    max   |  min |   max  |   Type  |
    +---------+---------+-----------+----------+------+--------+---------+
    |     4097|   229377|  41.099 us|  2.301 ms|  4097|  229377|       no|
    +---------+---------+-----------+----------+------+--------+---------+

    + Detail: 
        * Instance: 
        +---------------------------------------------------------------------------------+----------------------------------------------------------------------+---------+---------+-----------+----------+-----+-----+---------+
        |                                                                                 |                                                                      |  Latency (cycles) |  Latency (absolute)  |  Interval | Pipeline|
        |                                     Instance                                    |                                Module                                |   min   |   max   |    min    |    max   | min | max |   Type  |
        +---------------------------------------------------------------------------------+----------------------------------------------------------------------+---------+---------+-----------+----------+-----+-----+---------+
        |grp_compute_output_buffer_2d_array_array_ap_fixed_9_3_0_3_0_8u_config2_s_fu_132  |compute_output_buffer_2d_array_array_ap_fixed_9_3_0_3_0_8u_config2_s  |        2|      222|  20.063 ns|  2.227 us|    2|  222|       no|
        +---------------------------------------------------------------------------------+----------------------------------------------------------------------+---------+---------+-----------+----------+-----+-----+---------+

        * Loop: 
        +----------------------------------+---------+---------+----------+-----------+-----------+------+----------+
        |                                  |  Latency (cycles) | Iteration|  Initiation Interval  | Trip |          |
        |             Loop Name            |   min   |   max   |  Latency |  achieved |   target  | Count| Pipelined|
        +----------------------------------+---------+---------+----------+-----------+-----------+------+----------+
        |- ReadInputHeight_ReadInputWidth  |     4096|   229376|   4 ~ 224|          -|          -|  1024|        no|
        +----------------------------------+---------+---------+----------+-----------+-----------+------+----------+



================================================================
== Utilization Estimates
================================================================
* Summary: 
+-----------------+---------+----+-------+-------+-----+
|       Name      | BRAM_18K| DSP|   FF  |  LUT  | URAM|
+-----------------+---------+----+-------+-------+-----+
|DSP              |        -|   -|      -|      -|    -|
|Expression       |        -|   -|      0|     28|    -|
|FIFO             |        -|   -|      -|      -|    -|
|Instance         |        1|   0|   1470|   2765|    -|
|Memory           |        -|   -|      -|      -|    -|
|Multiplexer      |        -|   -|      0|     56|    -|
|Register         |        -|   -|     44|      -|    -|
+-----------------+---------+----+-------+-------+-----+
|Total            |        1|   0|   1514|   2849|    0|
+-----------------+---------+----+-------+-------+-----+
|Available        |      120|  80|  35200|  17600|    0|
+-----------------+---------+----+-------+-------+-----+
|Utilization (%)  |       ~0|   0|      4|     16|    0|
+-----------------+---------+----+-------+-------+-----+

+ Detail: 
    * Instance: 
    +---------------------------------------------------------------------------------+----------------------------------------------------------------------+---------+----+------+------+-----+
    |                                     Instance                                    |                                Module                                | BRAM_18K| DSP|  FF  |  LUT | URAM|
    +---------------------------------------------------------------------------------+----------------------------------------------------------------------+---------+----+------+------+-----+
    |grp_compute_output_buffer_2d_array_array_ap_fixed_9_3_0_3_0_8u_config2_s_fu_132  |compute_output_buffer_2d_array_array_ap_fixed_9_3_0_3_0_8u_config2_s  |        1|   0|  1470|  2765|    0|
    +---------------------------------------------------------------------------------+----------------------------------------------------------------------+---------+----+------+------+-----+
    |Total                                                                            |                                                                      |        1|   0|  1470|  2765|    0|
    +---------------------------------------------------------------------------------+----------------------------------------------------------------------+---------+----+------+------+-----+

    * DSP: 
    N/A

    * Memory: 
    N/A

    * FIFO: 
    N/A

    * Expression: 
    +---------------------+----------+----+---+----+------------+------------+
    |    Variable Name    | Operation| DSP| FF| LUT| Bitwidth P0| Bitwidth P1|
    +---------------------+----------+----+---+----+------------+------------+
    |add_ln85_fu_233_p2   |         +|   0|  0|  12|          11|           1|
    |ap_block_state2      |       and|   0|  0|   2|           1|           1|
    |icmp_ln85_fu_227_p2  |      icmp|   0|  0|  12|          11|          12|
    |ap_block_state1      |        or|   0|  0|   2|           1|           1|
    +---------------------+----------+----+---+----+------------+------------+
    |Total                |          |   0|  0|  28|          24|          15|
    +---------------------+----------+----+---+----+------------+------------+

    * Multiplexer: 
    +-----------------------+----+-----------+-----+-----------+
    |          Name         | LUT| Input Size| Bits| Total Bits|
    +-----------------------+----+-----------+-----+-----------+
    |ap_NS_fsm              |  20|          4|    1|          4|
    |ap_done                |   9|          2|    1|          2|
    |indvar_flatten_fu_122  |   9|          2|   11|         22|
    |nn_in_blk_n            |   9|          2|    1|          2|
    |real_start             |   9|          2|    1|          2|
    +-----------------------+----+-----------+-----+-----------+
    |Total                  |  56|         12|   15|         32|
    +-----------------------+----+-----------+-----+-----------+

    * Register: 
    +----------------------------------------------------------------------------------------------+----+----+-----+-----------+
    |                                             Name                                             | FF | LUT| Bits| Const Bits|
    +----------------------------------------------------------------------------------------------+----+----+-----+-----------+
    |ap_CS_fsm                                                                                     |   3|   0|    3|          0|
    |ap_done_reg                                                                                   |   1|   0|    1|          0|
    |grp_compute_output_buffer_2d_array_array_ap_fixed_9_3_0_3_0_8u_config2_s_fu_132_ap_start_reg  |   1|   0|    1|          0|
    |indvar_flatten_fu_122                                                                         |  11|   0|   11|          0|
    |start_once_reg                                                                                |   1|   0|    1|          0|
    |trunc_ln93_8_reg_286                                                                          |   9|   0|    9|          0|
    |trunc_ln93_9_reg_291                                                                          |   9|   0|    9|          0|
    |trunc_ln93_reg_281                                                                            |   9|   0|    9|          0|
    +----------------------------------------------------------------------------------------------+----+----+-----+-----------+
    |Total                                                                                         |  44|   0|   44|          0|
    +----------------------------------------------------------------------------------------------+----+----+-----+-----------+



================================================================
== Interface
================================================================
* Summary: 
+---------------------------+-----+-----+------------+----------------------------------------------------------------------+--------------+
|         RTL Ports         | Dir | Bits|  Protocol  |                             Source Object                            |    C Type    |
+---------------------------+-----+-----+------------+----------------------------------------------------------------------+--------------+
|ap_clk                     |   in|    1|  ap_ctrl_hs|  conv_2d_cl<array<ap_fixed,3u>,array<ap_fixed<9,3,0,3,0>,8u>,config2>|  return value|
|ap_rst                     |   in|    1|  ap_ctrl_hs|  conv_2d_cl<array<ap_fixed,3u>,array<ap_fixed<9,3,0,3,0>,8u>,config2>|  return value|
|ap_start                   |   in|    1|  ap_ctrl_hs|  conv_2d_cl<array<ap_fixed,3u>,array<ap_fixed<9,3,0,3,0>,8u>,config2>|  return value|
|start_full_n               |   in|    1|  ap_ctrl_hs|  conv_2d_cl<array<ap_fixed,3u>,array<ap_fixed<9,3,0,3,0>,8u>,config2>|  return value|
|ap_done                    |  out|    1|  ap_ctrl_hs|  conv_2d_cl<array<ap_fixed,3u>,array<ap_fixed<9,3,0,3,0>,8u>,config2>|  return value|
|ap_continue                |   in|    1|  ap_ctrl_hs|  conv_2d_cl<array<ap_fixed,3u>,array<ap_fixed<9,3,0,3,0>,8u>,config2>|  return value|
|ap_idle                    |  out|    1|  ap_ctrl_hs|  conv_2d_cl<array<ap_fixed,3u>,array<ap_fixed<9,3,0,3,0>,8u>,config2>|  return value|
|ap_ready                   |  out|    1|  ap_ctrl_hs|  conv_2d_cl<array<ap_fixed,3u>,array<ap_fixed<9,3,0,3,0>,8u>,config2>|  return value|
|start_out                  |  out|    1|  ap_ctrl_hs|  conv_2d_cl<array<ap_fixed,3u>,array<ap_fixed<9,3,0,3,0>,8u>,config2>|  return value|
|start_write                |  out|    1|  ap_ctrl_hs|  conv_2d_cl<array<ap_fixed,3u>,array<ap_fixed<9,3,0,3,0>,8u>,config2>|  return value|
|nn_in_dout                 |   in|   27|     ap_fifo|                                                                 nn_in|       pointer|
|nn_in_empty_n              |   in|    1|     ap_fifo|                                                                 nn_in|       pointer|
|nn_in_read                 |  out|    1|     ap_fifo|                                                                 nn_in|       pointer|
|nn_in_num_data_valid       |   in|    5|     ap_fifo|                                                                 nn_in|       pointer|
|nn_in_fifo_cap             |   in|    5|     ap_fifo|                                                                 nn_in|       pointer|
|layer2_out_din             |  out|   72|     ap_fifo|                                                            layer2_out|       pointer|
|layer2_out_full_n          |   in|    1|     ap_fifo|                                                            layer2_out|       pointer|
|layer2_out_write           |  out|    1|     ap_fifo|                                                            layer2_out|       pointer|
|layer2_out_num_data_valid  |   in|   11|     ap_fifo|                                                            layer2_out|       pointer|
|layer2_out_fifo_cap        |   in|   11|     ap_fifo|                                                            layer2_out|       pointer|
+---------------------------+-----+-----+------------+----------------------------------------------------------------------+--------------+

