

================================================================
== Vitis HLS Report for 'conv_2d_cl_array_ap_fixed_8u_array_ap_fixed_10_4_0_3_0_14u_config5_s'
================================================================
* Date:           Tue May  5 04:59:04 2026

* Version:        2025.2 (Build 6295257 on Nov 14 2025)
* Project:        cifar10_axis_wrapper_prj
* Solution:       solution1 (Vivado IP Flow Target)
* Product family: zynq
* Target device:  xc7z010-clg400-1


================================================================
== Performance Estimates
================================================================
+ Timing: 
    * Summary: 
    +--------+----------+-----------+------------+
    |  Clock |  Target  | Estimated | Uncertainty|
    +--------+----------+-----------+------------+
    |ap_clk  |  10.00 ns|  11.517 ns|     2.70 ns|
    +--------+----------+-----------+------------+

+ Latency: 
    * Summary: 
    +---------+---------+-----------+----------+-----+--------+---------+
    |  Latency (cycles) |  Latency (absolute)  |   Interval   | Pipeline|
    |   min   |   max   |    min    |    max   | min |   max  |   Type  |
    +---------+---------+-----------+----------+-----+--------+---------+
    |      901|   228601|  10.377 us|  2.633 ms|  901|  228601|       no|
    +---------+---------+-----------+----------+-----+--------+---------+

    + Detail: 
        * Instance: 
        +-----------------------------------------------------------------------------------+------------------------------------------------------------------------+---------+---------+-----------+-----------+-----+------+---------+
        |                                                                                   |                                                                        |  Latency (cycles) |   Latency (absolute)  |  Interval  | Pipeline|
        |                                      Instance                                     |                                 Module                                 |   min   |   max   |    min    |    max    | min |  max |   Type  |
        +-----------------------------------------------------------------------------------+------------------------------------------------------------------------+---------+---------+-----------+-----------+-----+------+---------+
        |grp_compute_output_buffer_2d_array_array_ap_fixed_10_4_0_3_0_14u_config5_s_fu_262  |compute_output_buffer_2d_array_array_ap_fixed_10_4_0_3_0_14u_config5_s  |        2|     1014|  23.034 ns|  11.678 us|    2|  1014|       no|
        +-----------------------------------------------------------------------------------+------------------------------------------------------------------------+---------+---------+-----------+-----------+-----+------+---------+

        * Loop: 
        +----------------------------------+---------+---------+----------+-----------+-----------+------+----------+
        |                                  |  Latency (cycles) | Iteration|  Initiation Interval  | Trip |          |
        |             Loop Name            |   min   |   max   |  Latency |  achieved |   target  | Count| Pipelined|
        +----------------------------------+---------+---------+----------+-----------+-----------+------+----------+
        |- ReadInputHeight_ReadInputWidth  |      900|   228600|  4 ~ 1016|          -|          -|   225|        no|
        +----------------------------------+---------+---------+----------+-----------+-----------+------+----------+



================================================================
== Utilization Estimates
================================================================
* Summary: 
+-----------------+---------+----+-------+-------+-----+
|       Name      | BRAM_18K| DSP|   FF  |  LUT  | URAM|
+-----------------+---------+----+-------+-------+-----+
|DSP              |        -|   -|      -|      -|    -|
|Expression       |        -|   -|      0|     34|    -|
|FIFO             |        -|   -|      -|      -|    -|
|Instance         |        2|   0|   3837|   5466|    -|
|Memory           |        -|   -|      -|      -|    -|
|Multiplexer      |        -|   -|      0|     56|    -|
|Register         |        -|   -|     86|      -|    -|
+-----------------+---------+----+-------+-------+-----+
|Total            |        2|   0|   3923|   5556|    0|
+-----------------+---------+----+-------+-------+-----+
|Available        |      120|  80|  35200|  17600|    0|
+-----------------+---------+----+-------+-------+-----+
|Utilization (%)  |        1|   0|     11|     31|    0|
+-----------------+---------+----+-------+-------+-----+

+ Detail: 
    * Instance: 
    +-----------------------------------------------------------------------------------+------------------------------------------------------------------------+---------+----+------+------+-----+
    |                                      Instance                                     |                                 Module                                 | BRAM_18K| DSP|  FF  |  LUT | URAM|
    +-----------------------------------------------------------------------------------+------------------------------------------------------------------------+---------+----+------+------+-----+
    |grp_compute_output_buffer_2d_array_array_ap_fixed_10_4_0_3_0_14u_config5_s_fu_262  |compute_output_buffer_2d_array_array_ap_fixed_10_4_0_3_0_14u_config5_s  |        2|   0|  3837|  5466|    0|
    +-----------------------------------------------------------------------------------+------------------------------------------------------------------------+---------+----+------+------+-----+
    |Total                                                                              |                                                                        |        2|   0|  3837|  5466|    0|
    +-----------------------------------------------------------------------------------+------------------------------------------------------------------------+---------+----+------+------+-----+

    * DSP: 
    N/A

    * Memory: 
    N/A

    * FIFO: 
    N/A

    * Expression: 
    +---------------------+----------+----+---+----+------------+------------+
    |    Variable Name    | Operation| DSP| FF| LUT| Bitwidth P0| Bitwidth P1|
    +---------------------+----------+----+---+----+------------+------------+
    |add_ln85_fu_478_p2   |         +|   0|  0|  15|           8|           1|
    |ap_block_state2      |       and|   0|  0|   2|           1|           1|
    |icmp_ln85_fu_472_p2  |      icmp|   0|  0|  15|           8|           6|
    |ap_block_state1      |        or|   0|  0|   2|           1|           1|
    +---------------------+----------+----+---+----+------------+------------+
    |Total                |          |   0|  0|  34|          18|           9|
    +---------------------+----------+----+---+----+------------+------------+

    * Multiplexer: 
    +-----------------------+----+-----------+-----+-----------+
    |          Name         | LUT| Input Size| Bits| Total Bits|
    +-----------------------+----+-----------+-----+-----------+
    |ap_NS_fsm              |  20|          4|    1|          4|
    |ap_done                |   9|          2|    1|          2|
    |indvar_flatten_fu_252  |   9|          2|    8|         16|
    |layer4_out_blk_n       |   9|          2|    1|          2|
    |real_start             |   9|          2|    1|          2|
    +-----------------------+----+-----------+-----+-----------+
    |Total                  |  56|         12|   12|         26|
    +-----------------------+----+-----------+-----+-----------+

    * Register: 
    +------------------------------------------------------------------------------------------------+---+----+-----+-----------+
    |                                              Name                                              | FF| LUT| Bits| Const Bits|
    +------------------------------------------------------------------------------------------------+---+----+-----+-----------+
    |ap_CS_fsm                                                                                       |  3|   0|    3|          0|
    |ap_done_reg                                                                                     |  1|   0|    1|          0|
    |grp_compute_output_buffer_2d_array_array_ap_fixed_10_4_0_3_0_14u_config5_s_fu_262_ap_start_reg  |  1|   0|    1|          0|
    |indvar_flatten_fu_252                                                                           |  8|   0|    8|          0|
    |start_once_reg                                                                                  |  1|   0|    1|          0|
    |trunc_ln93_1_reg_586                                                                            |  9|   0|    9|          0|
    |trunc_ln93_2_reg_591                                                                            |  9|   0|    9|          0|
    |trunc_ln93_3_reg_596                                                                            |  9|   0|    9|          0|
    |trunc_ln93_4_reg_601                                                                            |  9|   0|    9|          0|
    |trunc_ln93_5_reg_606                                                                            |  9|   0|    9|          0|
    |trunc_ln93_6_reg_611                                                                            |  9|   0|    9|          0|
    |trunc_ln93_7_reg_616                                                                            |  9|   0|    9|          0|
    |trunc_ln93_reg_581                                                                              |  9|   0|    9|          0|
    +------------------------------------------------------------------------------------------------+---+----+-----+-----------+
    |Total                                                                                           | 86|   0|   86|          0|
    +------------------------------------------------------------------------------------------------+---+----+-----+-----------+



================================================================
== Interface
================================================================
* Summary: 
+---------------------------+-----+-----+------------+------------------------------------------------------------------------+--------------+
|         RTL Ports         | Dir | Bits|  Protocol  |                              Source Object                             |    C Type    |
+---------------------------+-----+-----+------------+------------------------------------------------------------------------+--------------+
|ap_clk                     |   in|    1|  ap_ctrl_hs|  conv_2d_cl<array<ap_fixed,8u>,array<ap_fixed<10,4,0,3,0>,14u>,config5>|  return value|
|ap_rst                     |   in|    1|  ap_ctrl_hs|  conv_2d_cl<array<ap_fixed,8u>,array<ap_fixed<10,4,0,3,0>,14u>,config5>|  return value|
|ap_start                   |   in|    1|  ap_ctrl_hs|  conv_2d_cl<array<ap_fixed,8u>,array<ap_fixed<10,4,0,3,0>,14u>,config5>|  return value|
|start_full_n               |   in|    1|  ap_ctrl_hs|  conv_2d_cl<array<ap_fixed,8u>,array<ap_fixed<10,4,0,3,0>,14u>,config5>|  return value|
|ap_done                    |  out|    1|  ap_ctrl_hs|  conv_2d_cl<array<ap_fixed,8u>,array<ap_fixed<10,4,0,3,0>,14u>,config5>|  return value|
|ap_continue                |   in|    1|  ap_ctrl_hs|  conv_2d_cl<array<ap_fixed,8u>,array<ap_fixed<10,4,0,3,0>,14u>,config5>|  return value|
|ap_idle                    |  out|    1|  ap_ctrl_hs|  conv_2d_cl<array<ap_fixed,8u>,array<ap_fixed<10,4,0,3,0>,14u>,config5>|  return value|
|ap_ready                   |  out|    1|  ap_ctrl_hs|  conv_2d_cl<array<ap_fixed,8u>,array<ap_fixed<10,4,0,3,0>,14u>,config5>|  return value|
|start_out                  |  out|    1|  ap_ctrl_hs|  conv_2d_cl<array<ap_fixed,8u>,array<ap_fixed<10,4,0,3,0>,14u>,config5>|  return value|
|start_write                |  out|    1|  ap_ctrl_hs|  conv_2d_cl<array<ap_fixed,8u>,array<ap_fixed<10,4,0,3,0>,14u>,config5>|  return value|
|layer4_out_dout            |   in|   72|     ap_fifo|                                                              layer4_out|       pointer|
|layer4_out_empty_n         |   in|    1|     ap_fifo|                                                              layer4_out|       pointer|
|layer4_out_read            |  out|    1|     ap_fifo|                                                              layer4_out|       pointer|
|layer4_out_num_data_valid  |   in|    9|     ap_fifo|                                                              layer4_out|       pointer|
|layer4_out_fifo_cap        |   in|    9|     ap_fifo|                                                              layer4_out|       pointer|
|layer5_out_din             |  out|  140|     ap_fifo|                                                              layer5_out|       pointer|
|layer5_out_full_n          |   in|    1|     ap_fifo|                                                              layer5_out|       pointer|
|layer5_out_write           |  out|    1|     ap_fifo|                                                              layer5_out|       pointer|
|layer5_out_num_data_valid  |   in|    9|     ap_fifo|                                                              layer5_out|       pointer|
|layer5_out_fifo_cap        |   in|    9|     ap_fifo|                                                              layer5_out|       pointer|
+---------------------------+-----+-----+------------+------------------------------------------------------------------------+--------------+

