

================================================================
== Vitis HLS Report for 'conv_2d_cl_array_ap_fixed_14u_array_ap_fixed_11_5_0_3_0_32u_config8_s'
================================================================
* Date:           Tue May  5 04:59:10 2026

* Version:        2025.2 (Build 6295257 on Nov 14 2025)
* Project:        cifar10_axis_wrapper_prj
* Solution:       solution1 (Vivado IP Flow Target)
* Product family: zynq
* Target device:  xc7z010-clg400-1


================================================================
== Performance Estimates
================================================================
+ Timing: 
    * Summary: 
    +--------+----------+-----------+------------+
    |  Clock |  Target  | Estimated | Uncertainty|
    +--------+----------+-----------+------------+
    |ap_clk  |  10.00 ns|  11.159 ns|     2.70 ns|
    +--------+----------+-----------+------------+

+ Latency: 
    * Summary: 
    +---------+---------+----------+----------+-----+-------+---------+
    |  Latency (cycles) |  Latency (absolute) |   Interval  | Pipeline|
    |   min   |   max   |    min   |    max   | min |  max  |   Type  |
    +---------+---------+----------+----------+-----+-------+---------+
    |      145|    72865|  1.618 us|  0.813 ms|  145|  72865|       no|
    +---------+---------+----------+----------+-----+-------+---------+

    + Detail: 
        * Instance: 
        +-----------------------------------------------------------------------------------+------------------------------------------------------------------------+---------+---------+-----------+-----------+-----+------+---------+
        |                                                                                   |                                                                        |  Latency (cycles) |   Latency (absolute)  |  Interval  | Pipeline|
        |                                      Instance                                     |                                 Module                                 |   min   |   max   |    min    |    max    | min |  max |   Type  |
        +-----------------------------------------------------------------------------------+------------------------------------------------------------------------+---------+---------+-----------+-----------+-----+------+---------+
        |grp_compute_output_buffer_2d_array_array_ap_fixed_11_5_0_3_0_32u_config8_s_fu_418  |compute_output_buffer_2d_array_array_ap_fixed_11_5_0_3_0_32u_config8_s  |        2|     2022|  22.317 ns|  22.563 us|    2|  2022|       no|
        +-----------------------------------------------------------------------------------+------------------------------------------------------------------------+---------+---------+-----------+-----------+-----+------+---------+

        * Loop: 
        +----------------------------------+---------+---------+----------+-----------+-----------+------+----------+
        |                                  |  Latency (cycles) | Iteration|  Initiation Interval  | Trip |          |
        |             Loop Name            |   min   |   max   |  Latency |  achieved |   target  | Count| Pipelined|
        +----------------------------------+---------+---------+----------+-----------+-----------+------+----------+
        |- ReadInputHeight_ReadInputWidth  |      144|    72864|  4 ~ 2024|          -|          -|    36|        no|
        +----------------------------------+---------+---------+----------+-----------+-----------+------+----------+



================================================================
== Utilization Estimates
================================================================
* Summary: 
+-----------------+---------+----+-------+-------+-----+
|       Name      | BRAM_18K| DSP|   FF  |  LUT  | URAM|
+-----------------+---------+----+-------+-------+-----+
|DSP              |        -|   -|      -|      -|    -|
|Expression       |        -|   -|      0|     32|    -|
|FIFO             |        -|   -|      -|      -|    -|
|Instance         |        3|   0|   7426|   9690|    -|
|Memory           |        -|   -|      -|      -|    -|
|Multiplexer      |        -|   -|      0|     56|    -|
|Register         |        -|   -|    152|      -|    -|
+-----------------+---------+----+-------+-------+-----+
|Total            |        3|   0|   7578|   9778|    0|
+-----------------+---------+----+-------+-------+-----+
|Available        |      120|  80|  35200|  17600|    0|
+-----------------+---------+----+-------+-------+-----+
|Utilization (%)  |        2|   0|     21|     55|    0|
+-----------------+---------+----+-------+-------+-----+

+ Detail: 
    * Instance: 
    +-----------------------------------------------------------------------------------+------------------------------------------------------------------------+---------+----+------+------+-----+
    |                                      Instance                                     |                                 Module                                 | BRAM_18K| DSP|  FF  |  LUT | URAM|
    +-----------------------------------------------------------------------------------+------------------------------------------------------------------------+---------+----+------+------+-----+
    |grp_compute_output_buffer_2d_array_array_ap_fixed_11_5_0_3_0_32u_config8_s_fu_418  |compute_output_buffer_2d_array_array_ap_fixed_11_5_0_3_0_32u_config8_s  |        3|   0|  7426|  9690|    0|
    +-----------------------------------------------------------------------------------+------------------------------------------------------------------------+---------+----+------+------+-----+
    |Total                                                                              |                                                                        |        3|   0|  7426|  9690|    0|
    +-----------------------------------------------------------------------------------+------------------------------------------------------------------------+---------+----+------+------+-----+

    * DSP: 
    N/A

    * Memory: 
    N/A

    * FIFO: 
    N/A

    * Expression: 
    +---------------------+----------+----+---+----+------------+------------+
    |    Variable Name    | Operation| DSP| FF| LUT| Bitwidth P0| Bitwidth P1|
    +---------------------+----------+----+---+----+------------+------------+
    |add_ln85_fu_772_p2   |         +|   0|  0|  14|           6|           1|
    |ap_block_state2      |       and|   0|  0|   2|           1|           1|
    |icmp_ln85_fu_766_p2  |      icmp|   0|  0|  14|           6|           6|
    |ap_block_state1      |        or|   0|  0|   2|           1|           1|
    +---------------------+----------+----+---+----+------------+------------+
    |Total                |          |   0|  0|  32|          14|           9|
    +---------------------+----------+----+---+----+------------+------------+

    * Multiplexer: 
    +-----------------------+----+-----------+-----+-----------+
    |          Name         | LUT| Input Size| Bits| Total Bits|
    +-----------------------+----+-----------+-----+-----------+
    |ap_NS_fsm              |  20|          4|    1|          4|
    |ap_done                |   9|          2|    1|          2|
    |indvar_flatten_fu_408  |   9|          2|    6|         12|
    |layer7_out_blk_n       |   9|          2|    1|          2|
    |real_start             |   9|          2|    1|          2|
    +-----------------------+----+-----------+-----+-----------+
    |Total                  |  56|         12|   10|         22|
    +-----------------------+----+-----------+-----+-----------+

    * Register: 
    +------------------------------------------------------------------------------------------------+----+----+-----+-----------+
    |                                              Name                                              | FF | LUT| Bits| Const Bits|
    +------------------------------------------------------------------------------------------------+----+----+-----+-----------+
    |ap_CS_fsm                                                                                       |   3|   0|    3|          0|
    |ap_done_reg                                                                                     |   1|   0|    1|          0|
    |grp_compute_output_buffer_2d_array_array_ap_fixed_11_5_0_3_0_32u_config8_s_fu_418_ap_start_reg  |   1|   0|    1|          0|
    |indvar_flatten_fu_408                                                                           |   6|   0|    6|          0|
    |start_once_reg                                                                                  |   1|   0|    1|          0|
    |trunc_ln93_10_reg_996                                                                           |  10|   0|   10|          0|
    |trunc_ln93_11_reg_1001                                                                          |  10|   0|   10|          0|
    |trunc_ln93_12_reg_1006                                                                          |  10|   0|   10|          0|
    |trunc_ln93_1_reg_951                                                                            |  10|   0|   10|          0|
    |trunc_ln93_2_reg_956                                                                            |  10|   0|   10|          0|
    |trunc_ln93_3_reg_961                                                                            |  10|   0|   10|          0|
    |trunc_ln93_4_reg_966                                                                            |  10|   0|   10|          0|
    |trunc_ln93_5_reg_971                                                                            |  10|   0|   10|          0|
    |trunc_ln93_6_reg_976                                                                            |  10|   0|   10|          0|
    |trunc_ln93_7_reg_981                                                                            |  10|   0|   10|          0|
    |trunc_ln93_8_reg_986                                                                            |  10|   0|   10|          0|
    |trunc_ln93_9_reg_991                                                                            |  10|   0|   10|          0|
    |trunc_ln93_reg_941                                                                              |  10|   0|   10|          0|
    |trunc_ln93_s_reg_946                                                                            |  10|   0|   10|          0|
    +------------------------------------------------------------------------------------------------+----+----+-----+-----------+
    |Total                                                                                           | 152|   0|  152|          0|
    +------------------------------------------------------------------------------------------------+----+----+-----+-----------+



================================================================
== Interface
================================================================
* Summary: 
+---------------------------+-----+-----+------------+-------------------------------------------------------------------------+--------------+
|         RTL Ports         | Dir | Bits|  Protocol  |                              Source Object                              |    C Type    |
+---------------------------+-----+-----+------------+-------------------------------------------------------------------------+--------------+
|ap_clk                     |   in|    1|  ap_ctrl_hs|  conv_2d_cl<array<ap_fixed,14u>,array<ap_fixed<11,5,0,3,0>,32u>,config8>|  return value|
|ap_rst                     |   in|    1|  ap_ctrl_hs|  conv_2d_cl<array<ap_fixed,14u>,array<ap_fixed<11,5,0,3,0>,32u>,config8>|  return value|
|ap_start                   |   in|    1|  ap_ctrl_hs|  conv_2d_cl<array<ap_fixed,14u>,array<ap_fixed<11,5,0,3,0>,32u>,config8>|  return value|
|start_full_n               |   in|    1|  ap_ctrl_hs|  conv_2d_cl<array<ap_fixed,14u>,array<ap_fixed<11,5,0,3,0>,32u>,config8>|  return value|
|ap_done                    |  out|    1|  ap_ctrl_hs|  conv_2d_cl<array<ap_fixed,14u>,array<ap_fixed<11,5,0,3,0>,32u>,config8>|  return value|
|ap_continue                |   in|    1|  ap_ctrl_hs|  conv_2d_cl<array<ap_fixed,14u>,array<ap_fixed<11,5,0,3,0>,32u>,config8>|  return value|
|ap_idle                    |  out|    1|  ap_ctrl_hs|  conv_2d_cl<array<ap_fixed,14u>,array<ap_fixed<11,5,0,3,0>,32u>,config8>|  return value|
|ap_ready                   |  out|    1|  ap_ctrl_hs|  conv_2d_cl<array<ap_fixed,14u>,array<ap_fixed<11,5,0,3,0>,32u>,config8>|  return value|
|start_out                  |  out|    1|  ap_ctrl_hs|  conv_2d_cl<array<ap_fixed,14u>,array<ap_fixed<11,5,0,3,0>,32u>,config8>|  return value|
|start_write                |  out|    1|  ap_ctrl_hs|  conv_2d_cl<array<ap_fixed,14u>,array<ap_fixed<11,5,0,3,0>,32u>,config8>|  return value|
|layer7_out_dout            |   in|  140|     ap_fifo|                                                               layer7_out|       pointer|
|layer7_out_empty_n         |   in|    1|     ap_fifo|                                                               layer7_out|       pointer|
|layer7_out_read            |  out|    1|     ap_fifo|                                                               layer7_out|       pointer|
|layer7_out_num_data_valid  |   in|    7|     ap_fifo|                                                               layer7_out|       pointer|
|layer7_out_fifo_cap        |   in|    7|     ap_fifo|                                                               layer7_out|       pointer|
|layer8_out_din             |  out|  352|     ap_fifo|                                                               layer8_out|       pointer|
|layer8_out_full_n          |   in|    1|     ap_fifo|                                                               layer8_out|       pointer|
|layer8_out_write           |  out|    1|     ap_fifo|                                                               layer8_out|       pointer|
|layer8_out_num_data_valid  |   in|    5|     ap_fifo|                                                               layer8_out|       pointer|
|layer8_out_fifo_cap        |   in|    5|     ap_fifo|                                                               layer8_out|       pointer|
+---------------------------+-----+-----+------------+-------------------------------------------------------------------------+--------------+

