

================================================================
== Vitis HLS Report for 'dense_resource_rf_gt_nin_rem0_ap_fixed_ap_fixed_10_4_0_3_0_config5_mult_s'
================================================================
* Date:           Tue May  5 04:59:02 2026

* Version:        2025.2 (Build 6295257 on Nov 14 2025)
* Project:        cifar10_axis_wrapper_prj
* Solution:       solution1 (Vivado IP Flow Target)
* Product family: zynq
* Target device:  xc7z010-clg400-1


================================================================
== Performance Estimates
================================================================
+ Timing: 
    * Summary: 
    +--------+----------+-----------+------------+
    |  Clock |  Target  | Estimated | Uncertainty|
    +--------+----------+-----------+------------+
    |ap_clk  |  10.00 ns|  11.517 ns|     2.70 ns|
    +--------+----------+-----------+------------+

+ Latency: 
    * Summary: 
    +---------+---------+-----------+-----------+------+------+-------------------------------------------+
    |  Latency (cycles) |   Latency (absolute)  |   Interval  |                  Pipeline                 |
    |   min   |   max   |    min    |    max    |  min |  max |                    Type                   |
    +---------+---------+-----------+-----------+------+------+-------------------------------------------+
    |     1010|     1011|  11.632 us|  11.644 us|  1008|  1008|  loop rewind stp (delay=0 clock cycles(s))|
    +---------+---------+-----------+-----------+------+------+-------------------------------------------+

    + Detail: 
        * Instance: 
        N/A

        * Loop: 
        +-------------+---------+---------+----------+-----------+-----------+------+----------+
        |             |  Latency (cycles) | Iteration|  Initiation Interval  | Trip |          |
        |  Loop Name  |   min   |   max   |  Latency |  achieved |   target  | Count| Pipelined|
        +-------------+---------+---------+----------+-----------+-----------+------+----------+
        |- ReuseLoop  |     1010|     1010|         4|          1|          1|  1008|       yes|
        +-------------+---------+---------+----------+-----------+-----------+------+----------+



================================================================
== Utilization Estimates
================================================================
* Summary: 
+-----------------+---------+----+-------+-------+-----+
|       Name      | BRAM_18K| DSP|   FF  |  LUT  | URAM|
+-----------------+---------+----+-------+-------+-----+
|DSP              |        -|   -|      -|      -|    -|
|Expression       |        -|   -|      0|    392|    -|
|FIFO             |        -|   -|      -|      -|    -|
|Instance         |        -|   0|      0|    453|    -|
|Memory           |        2|   -|      0|      0|    -|
|Multiplexer      |        -|   -|      0|   3069|    -|
|Register         |        -|   -|   1889|     32|    -|
+-----------------+---------+----+-------+-------+-----+
|Total            |        2|   0|   1889|   3946|    0|
+-----------------+---------+----+-------+-------+-----+
|Available        |      120|  80|  35200|  17600|    0|
+-----------------+---------+----+-------+-------+-----+
|Utilization (%)  |        1|   0|      5|     22|    0|
+-----------------+---------+----+-------+-------+-----+

+ Detail: 
    * Instance: 
    +----------------------------+-----------------------+---------+----+---+-----+-----+
    |          Instance          |         Module        | BRAM_18K| DSP| FF| LUT | URAM|
    +----------------------------+-----------------------+---------+----+---+-----+-----+
    |mul_9s_8s_17_1_1_U168       |mul_9s_8s_17_1_1       |        0|   0|  0|   51|    0|
    |sparsemux_145_7_9_1_1_U167  |sparsemux_145_7_9_1_1  |        0|   0|  0|  337|    0|
    |sparsemux_29_4_16_1_1_U169  |sparsemux_29_4_16_1_1  |        0|   0|  0|   65|    0|
    +----------------------------+-----------------------+---------+----+---+-----+-----+
    |Total                       |                       |        0|   0|  0|  453|    0|
    +----------------------------+-----------------------+---------+----+---+-----+-----+

    * DSP: 
    N/A

    * Memory: 
    +-------------+----------------------------------------------------------------------------------+---------+---+----+-----+------+-----+------+-------------+
    |    Memory   |                                      Module                                      | BRAM_18K| FF| LUT| URAM| Words| Bits| Banks| W*Bits*Banks|
    +-------------+----------------------------------------------------------------------------------+---------+---+----+-----+------+-----+------+-------------+
    |outidx_68_U  |dense_resource_rf_gt_nin_rem0_ap_fixed_ap_fixed_10_4_0_3_0_config5_mult_s_outzec  |        1|  0|   0|    0|  1008|    4|     1|         4032|
    |w5_U         |dense_resource_rf_gt_nin_rem0_ap_fixed_ap_fixed_10_4_0_3_0_config5_mult_s_w5_Aem  |        1|  0|   0|    0|  1008|    8|     1|         8064|
    +-------------+----------------------------------------------------------------------------------+---------+---+----+-----+------+-----+------+-------------+
    |Total        |                                                                                  |        2|  0|   0|    0|  2016|   12|     2|        12096|
    +-------------+----------------------------------------------------------------------------------+---------+---+----+-----+------+-----+------+-------------+

    * FIFO: 
    N/A

    * Expression: 
    +-------------------------+----------+----+---+----+------------+------------+
    |      Variable Name      | Operation| DSP| FF| LUT| Bitwidth P0| Bitwidth P1|
    +-------------------------+----------+----+---+----+------------+------------+
    |add_ln111_10_fu_5158_p2  |         +|   0|  0|  13|          10|          10|
    |add_ln111_11_fu_5186_p2  |         +|   0|  0|  13|          10|          10|
    |add_ln111_12_fu_5214_p2  |         +|   0|  0|  13|          10|          10|
    |add_ln111_13_fu_5242_p2  |         +|   0|  0|  13|          10|          10|
    |add_ln111_1_fu_4906_p2   |         +|   0|  0|  13|          10|          10|
    |add_ln111_2_fu_4934_p2   |         +|   0|  0|  13|          10|          10|
    |add_ln111_3_fu_4962_p2   |         +|   0|  0|  13|          10|          10|
    |add_ln111_4_fu_4990_p2   |         +|   0|  0|  13|          10|          10|
    |add_ln111_5_fu_5018_p2   |         +|   0|  0|  13|          10|          10|
    |add_ln111_6_fu_5046_p2   |         +|   0|  0|  13|          10|          10|
    |add_ln111_7_fu_5074_p2   |         +|   0|  0|  13|          10|          10|
    |add_ln111_8_fu_5102_p2   |         +|   0|  0|  13|          10|          10|
    |add_ln111_9_fu_5130_p2   |         +|   0|  0|  13|          10|          10|
    |add_ln111_fu_4878_p2     |         +|   0|  0|  13|          10|          10|
    |add_ln144_1_fu_4755_p2   |         +|   0|  0|  24|          17|          17|
    |add_ln144_fu_4678_p2     |         +|   0|  0|  20|          15|          15|
    |in_index_fu_4615_p2      |         +|   0|  0|  39|          32|           1|
    |w_index_fu_4609_p2       |         +|   0|  0|  13|          10|           1|
    |ap_condition_37          |       and|   0|  0|   2|           1|           1|
    |ap_condition_572         |       and|   0|  0|   2|           1|           1|
    |icmp_ln135_fu_4635_p2    |      icmp|   0|  0|  13|          10|           6|
    |icmp_ln144_fu_4761_p2    |      icmp|   0|  0|  24|          17|           1|
    |icmp_ln154_fu_4621_p2    |      icmp|   0|  0|  39|          32|           7|
    |in_index_10_fu_4627_p3   |    select|   0|  0|  32|           1|           1|
    |ap_enable_pp0            |       xor|   0|  0|   2|           1|           2|
    +-------------------------+----------+----+---+----+------------+------------+
    |Total                    |          |   0|  0| 392|         277|         193|
    +-------------------------+----------+----+---+----+------------+------------+

    * Multiplexer: 
    +-----------------------------------------------------------------------------------------------------------------+----+-----------+-----+-----------+
    |                                                       Name                                                      | LUT| Input Size| Bits| Total Bits|
    +-----------------------------------------------------------------------------------------------------------------+----+-----------+-----+-----------+
    |acc36_reg_2360                                                                                                   |   9|          2|   16|         32|
    |acc_134_reg_2375                                                                                                 |   9|          2|   16|         32|
    |acc_192_reg_2540                                                                                                 |   9|          2|   16|         32|
    |acc_193_reg_2525                                                                                                 |   9|          2|   16|         32|
    |acc_208_reg_2510                                                                                                 |   9|          2|   16|         32|
    |acc_209_reg_2495                                                                                                 |   9|          2|   16|         32|
    |acc_210_reg_2480                                                                                                 |   9|          2|   16|         32|
    |acc_211_reg_2465                                                                                                 |   9|          2|   16|         32|
    |acc_212_reg_2450                                                                                                 |   9|          2|   16|         32|
    |acc_213_reg_2435                                                                                                 |   9|          2|   16|         32|
    |acc_214_reg_2420                                                                                                 |   9|          2|   16|         32|
    |acc_215_reg_2405                                                                                                 |   9|          2|   16|         32|
    |acc_216_reg_2390                                                                                                 |   9|          2|   16|         32|
    |acc_reg_2555                                                                                                     |   9|          2|   16|         32|
    |ap_NS_fsm                                                                                                        |  14|          3|    1|          3|
    |ap_enable_reg_pp0_iter1                                                                                          |   9|          2|    1|          2|
    |ap_enable_reg_pp0_iter3                                                                                          |   9|          2|    1|          2|
    |ap_phi_mux_acc36_phi_fu_2364_p6                                                                                  |  14|          3|   16|         48|
    |ap_phi_mux_acc_134_phi_fu_2379_p6                                                                                |  14|          3|   16|         48|
    |ap_phi_mux_acc_14_phi_fu_3224_p30                                                                                |  14|          3|   16|         48|
    |ap_phi_mux_acc_15_phi_fu_3174_p30                                                                                |  14|          3|   16|         48|
    |ap_phi_mux_acc_16_phi_fu_3124_p30                                                                                |  14|          3|   16|         48|
    |ap_phi_mux_acc_17_phi_fu_3074_p30                                                                                |  14|          3|   16|         48|
    |ap_phi_mux_acc_18_phi_fu_3024_p30                                                                                |  14|          3|   16|         48|
    |ap_phi_mux_acc_192_phi_fu_2544_p6                                                                                |  14|          3|   16|         48|
    |ap_phi_mux_acc_193_phi_fu_2529_p6                                                                                |  14|          3|   16|         48|
    |ap_phi_mux_acc_19_phi_fu_2974_p30                                                                                |  14|          3|   16|         48|
    |ap_phi_mux_acc_208_phi_fu_2514_p6                                                                                |  14|          3|   16|         48|
    |ap_phi_mux_acc_209_phi_fu_2499_p6                                                                                |  14|          3|   16|         48|
    |ap_phi_mux_acc_20_phi_fu_2924_p30                                                                                |  14|          3|   16|         48|
    |ap_phi_mux_acc_210_phi_fu_2484_p6                                                                                |  14|          3|   16|         48|
    |ap_phi_mux_acc_211_phi_fu_2469_p6                                                                                |  14|          3|   16|         48|
    |ap_phi_mux_acc_212_phi_fu_2454_p6                                                                                |  14|          3|   16|         48|
    |ap_phi_mux_acc_213_phi_fu_2439_p6                                                                                |  14|          3|   16|         48|
    |ap_phi_mux_acc_214_phi_fu_2424_p6                                                                                |  14|          3|   16|         48|
    |ap_phi_mux_acc_215_phi_fu_2409_p6                                                                                |  14|          3|   16|         48|
    |ap_phi_mux_acc_216_phi_fu_2394_p6                                                                                |  14|          3|   16|         48|
    |ap_phi_mux_acc_218_phi_fu_3899_p28                                                                               |  14|          3|   16|         48|
    |ap_phi_mux_acc_219_phi_fu_3851_p28                                                                               |  14|          3|   16|         48|
    |ap_phi_mux_acc_21_phi_fu_2874_p30                                                                                |  14|          3|   16|         48|
    |ap_phi_mux_acc_220_phi_fu_3803_p28                                                                               |  14|          3|   16|         48|
    |ap_phi_mux_acc_221_phi_fu_3755_p28                                                                               |  14|          3|   16|         48|
    |ap_phi_mux_acc_222_phi_fu_3707_p28                                                                               |  14|          3|   16|         48|
    |ap_phi_mux_acc_223_phi_fu_3659_p28                                                                               |  14|          3|   16|         48|
    |ap_phi_mux_acc_224_phi_fu_3611_p28                                                                               |  14|          3|   16|         48|
    |ap_phi_mux_acc_225_phi_fu_3563_p28                                                                               |  14|          3|   16|         48|
    |ap_phi_mux_acc_226_phi_fu_3515_p28                                                                               |  14|          3|   16|         48|
    |ap_phi_mux_acc_227_phi_fu_3467_p28                                                                               |  14|          3|   16|         48|
    |ap_phi_mux_acc_228_phi_fu_3419_p28                                                                               |  14|          3|   16|         48|
    |ap_phi_mux_acc_229_phi_fu_3371_p28                                                                               |  14|          3|   16|         48|
    |ap_phi_mux_acc_22_phi_fu_2824_p30                                                                                |  14|          3|   16|         48|
    |ap_phi_mux_acc_230_phi_fu_3323_p28                                                                               |  14|          3|   16|         48|
    |ap_phi_mux_acc_231_phi_fu_3275_p28                                                                               |  14|          3|   16|         48|
    |ap_phi_mux_acc_23_phi_fu_2774_p30                                                                                |  14|          3|   16|         48|
    |ap_phi_mux_acc_24_phi_fu_2724_p30                                                                                |  14|          3|   16|         48|
    |ap_phi_mux_acc_25_phi_fu_2674_p30                                                                                |  14|          3|   16|         48|
    |ap_phi_mux_acc_26_phi_fu_2624_p30                                                                                |   9|          2|   16|         32|
    |ap_phi_mux_acc_27_phi_fu_2573_p30                                                                                |  14|          3|   16|         48|
    |ap_phi_mux_acc_phi_fu_2559_p6                                                                                    |  14|          3|   16|         48|
    |ap_phi_mux_do_init_phi_fu_448_p6                                                                                 |  14|          3|    1|          3|
    |ap_phi_mux_in_index38_phi_fu_1472_p6                                                                             |  14|          3|   32|         96|
    |ap_phi_mux_ir_phi_fu_1486_p6                                                                                     |  14|          3|   10|         30|
    |ap_phi_mux_p_ZZN4nnet24compute_output_buffer_2dINS_5arrayI8ap_fixedILi9ELi3EL9ap_q_mode0EL9a_108_phi_fu_1500_p4  |  14|          3|    9|         27|
    |ap_phi_mux_p_ZZN4nnet24compute_output_buffer_2dINS_5arrayI8ap_fixedILi9ELi3EL9ap_q_mode0EL9a_109_phi_fu_1512_p4  |  14|          3|    9|         27|
    |ap_phi_mux_p_ZZN4nnet24compute_output_buffer_2dINS_5arrayI8ap_fixedILi9ELi3EL9ap_q_mode0EL9a_110_phi_fu_1524_p4  |  14|          3|    9|         27|
    |ap_phi_mux_p_ZZN4nnet24compute_output_buffer_2dINS_5arrayI8ap_fixedILi9ELi3EL9ap_q_mode0EL9a_111_phi_fu_1536_p4  |  14|          3|    9|         27|
    |ap_phi_mux_p_ZZN4nnet24compute_output_buffer_2dINS_5arrayI8ap_fixedILi9ELi3EL9ap_q_mode0EL9a_112_phi_fu_1548_p4  |  14|          3|    9|         27|
    |ap_phi_mux_p_ZZN4nnet24compute_output_buffer_2dINS_5arrayI8ap_fixedILi9ELi3EL9ap_q_mode0EL9a_113_phi_fu_1560_p4  |  14|          3|    9|         27|
    |ap_phi_mux_p_ZZN4nnet24compute_output_buffer_2dINS_5arrayI8ap_fixedILi9ELi3EL9ap_q_mode0EL9a_114_phi_fu_1572_p4  |  14|          3|    9|         27|
    |ap_phi_mux_p_ZZN4nnet24compute_output_buffer_2dINS_5arrayI8ap_fixedILi9ELi3EL9ap_q_mode0EL9a_115_phi_fu_1584_p4  |  14|          3|    9|         27|
    |ap_phi_mux_p_ZZN4nnet24compute_output_buffer_2dINS_5arrayI8ap_fixedILi9ELi3EL9ap_q_mode0EL9a_116_phi_fu_1596_p4  |  14|          3|    9|         27|
    |ap_phi_mux_p_ZZN4nnet24compute_output_buffer_2dINS_5arrayI8ap_fixedILi9ELi3EL9ap_q_mode0EL9a_117_phi_fu_1608_p4  |  14|          3|    9|         27|
    |ap_phi_mux_p_ZZN4nnet24compute_output_buffer_2dINS_5arrayI8ap_fixedILi9ELi3EL9ap_q_mode0EL9a_118_phi_fu_1620_p4  |  14|          3|    9|         27|
    |ap_phi_mux_p_ZZN4nnet24compute_output_buffer_2dINS_5arrayI8ap_fixedILi9ELi3EL9ap_q_mode0EL9a_119_phi_fu_1632_p4  |  14|          3|    9|         27|
    |ap_phi_mux_p_ZZN4nnet24compute_output_buffer_2dINS_5arrayI8ap_fixedILi9ELi3EL9ap_q_mode0EL9a_120_phi_fu_1644_p4  |  14|          3|    9|         27|
    |ap_phi_mux_p_ZZN4nnet24compute_output_buffer_2dINS_5arrayI8ap_fixedILi9ELi3EL9ap_q_mode0EL9a_121_phi_fu_1656_p4  |  14|          3|    9|         27|
    |ap_phi_mux_p_ZZN4nnet24compute_output_buffer_2dINS_5arrayI8ap_fixedILi9ELi3EL9ap_q_mode0EL9a_122_phi_fu_1668_p4  |  14|          3|    9|         27|
    |ap_phi_mux_p_ZZN4nnet24compute_output_buffer_2dINS_5arrayI8ap_fixedILi9ELi3EL9ap_q_mode0EL9a_123_phi_fu_1680_p4  |  14|          3|    9|         27|
    |ap_phi_mux_p_ZZN4nnet24compute_output_buffer_2dINS_5arrayI8ap_fixedILi9ELi3EL9ap_q_mode0EL9a_124_phi_fu_1692_p4  |  14|          3|    9|         27|
    |ap_phi_mux_p_ZZN4nnet24compute_output_buffer_2dINS_5arrayI8ap_fixedILi9ELi3EL9ap_q_mode0EL9a_125_phi_fu_1704_p4  |  14|          3|    9|         27|
    |ap_phi_mux_p_ZZN4nnet24compute_output_buffer_2dINS_5arrayI8ap_fixedILi9ELi3EL9ap_q_mode0EL9a_126_phi_fu_1716_p4  |  14|          3|    9|         27|
    |ap_phi_mux_p_ZZN4nnet24compute_output_buffer_2dINS_5arrayI8ap_fixedILi9ELi3EL9ap_q_mode0EL9a_127_phi_fu_1728_p4  |  14|          3|    9|         27|
    |ap_phi_mux_p_ZZN4nnet24compute_output_buffer_2dINS_5arrayI8ap_fixedILi9ELi3EL9ap_q_mode0EL9a_128_phi_fu_1740_p4  |  14|          3|    9|         27|
    |ap_phi_mux_p_ZZN4nnet24compute_output_buffer_2dINS_5arrayI8ap_fixedILi9ELi3EL9ap_q_mode0EL9a_129_phi_fu_1752_p4  |  14|          3|    9|         27|
    |ap_phi_mux_p_ZZN4nnet24compute_output_buffer_2dINS_5arrayI8ap_fixedILi9ELi3EL9ap_q_mode0EL9a_130_phi_fu_1764_p4  |  14|          3|    9|         27|
    |ap_phi_mux_p_ZZN4nnet24compute_output_buffer_2dINS_5arrayI8ap_fixedILi9ELi3EL9ap_q_mode0EL9a_131_phi_fu_1776_p4  |  14|          3|    9|         27|
    |ap_phi_mux_p_ZZN4nnet24compute_output_buffer_2dINS_5arrayI8ap_fixedILi9ELi3EL9ap_q_mode0EL9a_132_phi_fu_1788_p4  |  14|          3|    9|         27|
    |ap_phi_mux_p_ZZN4nnet24compute_output_buffer_2dINS_5arrayI8ap_fixedILi9ELi3EL9ap_q_mode0EL9a_133_phi_fu_1800_p4  |  14|          3|    9|         27|
    |ap_phi_mux_p_ZZN4nnet24compute_output_buffer_2dINS_5arrayI8ap_fixedILi9ELi3EL9ap_q_mode0EL9a_134_phi_fu_1812_p4  |  14|          3|    9|         27|
    |ap_phi_mux_p_ZZN4nnet24compute_output_buffer_2dINS_5arrayI8ap_fixedILi9ELi3EL9ap_q_mode0EL9a_135_phi_fu_1824_p4  |  14|          3|    9|         27|
    |ap_phi_mux_p_ZZN4nnet24compute_output_buffer_2dINS_5arrayI8ap_fixedILi9ELi3EL9ap_q_mode0EL9a_136_phi_fu_1836_p4  |  14|          3|    9|         27|
    |ap_phi_mux_p_ZZN4nnet24compute_output_buffer_2dINS_5arrayI8ap_fixedILi9ELi3EL9ap_q_mode0EL9a_137_phi_fu_1848_p4  |  14|          3|    9|         27|
    |ap_phi_mux_p_ZZN4nnet24compute_output_buffer_2dINS_5arrayI8ap_fixedILi9ELi3EL9ap_q_mode0EL9a_138_phi_fu_1860_p4  |  14|          3|    9|         27|
    |ap_phi_mux_p_ZZN4nnet24compute_output_buffer_2dINS_5arrayI8ap_fixedILi9ELi3EL9ap_q_mode0EL9a_139_phi_fu_1872_p4  |  14|          3|    9|         27|
    |ap_phi_mux_p_ZZN4nnet24compute_output_buffer_2dINS_5arrayI8ap_fixedILi9ELi3EL9ap_q_mode0EL9a_140_phi_fu_1884_p4  |  14|          3|    9|         27|
    |ap_phi_mux_p_ZZN4nnet24compute_output_buffer_2dINS_5arrayI8ap_fixedILi9ELi3EL9ap_q_mode0EL9a_141_phi_fu_1896_p4  |  14|          3|    9|         27|
    |ap_phi_mux_p_ZZN4nnet24compute_output_buffer_2dINS_5arrayI8ap_fixedILi9ELi3EL9ap_q_mode0EL9a_142_phi_fu_1908_p4  |  14|          3|    9|         27|
    |ap_phi_mux_p_ZZN4nnet24compute_output_buffer_2dINS_5arrayI8ap_fixedILi9ELi3EL9ap_q_mode0EL9a_143_phi_fu_1920_p4  |  14|          3|    9|         27|
    |ap_phi_mux_p_ZZN4nnet24compute_output_buffer_2dINS_5arrayI8ap_fixedILi9ELi3EL9ap_q_mode0EL9a_144_phi_fu_1932_p4  |  14|          3|    9|         27|
    |ap_phi_mux_p_ZZN4nnet24compute_output_buffer_2dINS_5arrayI8ap_fixedILi9ELi3EL9ap_q_mode0EL9a_145_phi_fu_1944_p4  |  14|          3|    9|         27|
    |ap_phi_mux_p_ZZN4nnet24compute_output_buffer_2dINS_5arrayI8ap_fixedILi9ELi3EL9ap_q_mode0EL9a_146_phi_fu_1956_p4  |  14|          3|    9|         27|
    |ap_phi_mux_p_ZZN4nnet24compute_output_buffer_2dINS_5arrayI8ap_fixedILi9ELi3EL9ap_q_mode0EL9a_147_phi_fu_1968_p4  |  14|          3|    9|         27|
    |ap_phi_mux_p_ZZN4nnet24compute_output_buffer_2dINS_5arrayI8ap_fixedILi9ELi3EL9ap_q_mode0EL9a_148_phi_fu_1980_p4  |  14|          3|    9|         27|
    |ap_phi_mux_p_ZZN4nnet24compute_output_buffer_2dINS_5arrayI8ap_fixedILi9ELi3EL9ap_q_mode0EL9a_149_phi_fu_1992_p4  |  14|          3|    9|         27|
    |ap_phi_mux_p_ZZN4nnet24compute_output_buffer_2dINS_5arrayI8ap_fixedILi9ELi3EL9ap_q_mode0EL9a_150_phi_fu_2004_p4  |  14|          3|    9|         27|
    |ap_phi_mux_p_ZZN4nnet24compute_output_buffer_2dINS_5arrayI8ap_fixedILi9ELi3EL9ap_q_mode0EL9a_151_phi_fu_2016_p4  |  14|          3|    9|         27|
    |ap_phi_mux_p_ZZN4nnet24compute_output_buffer_2dINS_5arrayI8ap_fixedILi9ELi3EL9ap_q_mode0EL9a_152_phi_fu_2028_p4  |  14|          3|    9|         27|
    |ap_phi_mux_p_ZZN4nnet24compute_output_buffer_2dINS_5arrayI8ap_fixedILi9ELi3EL9ap_q_mode0EL9a_153_phi_fu_2040_p4  |  14|          3|    9|         27|
    |ap_phi_mux_p_ZZN4nnet24compute_output_buffer_2dINS_5arrayI8ap_fixedILi9ELi3EL9ap_q_mode0EL9a_154_phi_fu_2052_p4  |  14|          3|    9|         27|
    |ap_phi_mux_p_ZZN4nnet24compute_output_buffer_2dINS_5arrayI8ap_fixedILi9ELi3EL9ap_q_mode0EL9a_155_phi_fu_2064_p4  |  14|          3|    9|         27|
    |ap_phi_mux_p_ZZN4nnet24compute_output_buffer_2dINS_5arrayI8ap_fixedILi9ELi3EL9ap_q_mode0EL9a_156_phi_fu_2076_p4  |  14|          3|    9|         27|
    |ap_phi_mux_p_ZZN4nnet24compute_output_buffer_2dINS_5arrayI8ap_fixedILi9ELi3EL9ap_q_mode0EL9a_157_phi_fu_2088_p4  |  14|          3|    9|         27|
    |ap_phi_mux_p_ZZN4nnet24compute_output_buffer_2dINS_5arrayI8ap_fixedILi9ELi3EL9ap_q_mode0EL9a_158_phi_fu_2100_p4  |  14|          3|    9|         27|
    |ap_phi_mux_p_ZZN4nnet24compute_output_buffer_2dINS_5arrayI8ap_fixedILi9ELi3EL9ap_q_mode0EL9a_159_phi_fu_2112_p4  |  14|          3|    9|         27|
    |ap_phi_mux_p_ZZN4nnet24compute_output_buffer_2dINS_5arrayI8ap_fixedILi9ELi3EL9ap_q_mode0EL9a_160_phi_fu_2124_p4  |  14|          3|    9|         27|
    |ap_phi_mux_p_ZZN4nnet24compute_output_buffer_2dINS_5arrayI8ap_fixedILi9ELi3EL9ap_q_mode0EL9a_161_phi_fu_2136_p4  |  14|          3|    9|         27|
    |ap_phi_mux_p_ZZN4nnet24compute_output_buffer_2dINS_5arrayI8ap_fixedILi9ELi3EL9ap_q_mode0EL9a_162_phi_fu_2148_p4  |  14|          3|    9|         27|
    |ap_phi_mux_p_ZZN4nnet24compute_output_buffer_2dINS_5arrayI8ap_fixedILi9ELi3EL9ap_q_mode0EL9a_163_phi_fu_2160_p4  |  14|          3|    9|         27|
    |ap_phi_mux_p_ZZN4nnet24compute_output_buffer_2dINS_5arrayI8ap_fixedILi9ELi3EL9ap_q_mode0EL9a_164_phi_fu_2172_p4  |  14|          3|    9|         27|
    |ap_phi_mux_p_ZZN4nnet24compute_output_buffer_2dINS_5arrayI8ap_fixedILi9ELi3EL9ap_q_mode0EL9a_165_phi_fu_2184_p4  |  14|          3|    9|         27|
    |ap_phi_mux_p_ZZN4nnet24compute_output_buffer_2dINS_5arrayI8ap_fixedILi9ELi3EL9ap_q_mode0EL9a_166_phi_fu_2196_p4  |  14|          3|    9|         27|
    |ap_phi_mux_p_ZZN4nnet24compute_output_buffer_2dINS_5arrayI8ap_fixedILi9ELi3EL9ap_q_mode0EL9a_167_phi_fu_2208_p4  |  14|          3|    9|         27|
    |ap_phi_mux_p_ZZN4nnet24compute_output_buffer_2dINS_5arrayI8ap_fixedILi9ELi3EL9ap_q_mode0EL9a_168_phi_fu_2220_p4  |  14|          3|    9|         27|
    |ap_phi_mux_p_ZZN4nnet24compute_output_buffer_2dINS_5arrayI8ap_fixedILi9ELi3EL9ap_q_mode0EL9a_169_phi_fu_2232_p4  |  14|          3|    9|         27|
    |ap_phi_mux_void_compute_output_buffer_2d_array_const_ap_shift_reg_n_chan_stream_weig_100_phi_fu_2268_p4          |  14|          3|    9|         27|
    |ap_phi_mux_void_compute_output_buffer_2d_array_const_ap_shift_reg_n_chan_stream_weig_101_phi_fu_2280_p4          |  14|          3|    9|         27|
    |ap_phi_mux_void_compute_output_buffer_2d_array_const_ap_shift_reg_n_chan_stream_weig_102_phi_fu_2292_p4          |  14|          3|    9|         27|
    |ap_phi_mux_void_compute_output_buffer_2d_array_const_ap_shift_reg_n_chan_stream_weig_103_phi_fu_2304_p4          |  14|          3|    9|         27|
    |ap_phi_mux_void_compute_output_buffer_2d_array_const_ap_shift_reg_n_chan_stream_weig_104_phi_fu_2316_p4          |  14|          3|    9|         27|
    |ap_phi_mux_void_compute_output_buffer_2d_array_const_ap_shift_reg_n_chan_stream_weig_105_phi_fu_2328_p4          |  14|          3|    9|         27|
    |ap_phi_mux_void_compute_output_buffer_2d_array_const_ap_shift_reg_n_chan_stream_weig_106_phi_fu_2340_p4          |  14|          3|    9|         27|
    |ap_phi_mux_void_compute_output_buffer_2d_array_const_ap_shift_reg_n_chan_stream_weig_107_phi_fu_2352_p4          |  14|          3|    9|         27|
    |ap_phi_mux_void_compute_output_buffer_2d_array_const_ap_shift_reg_n_chan_stream_weig_98_phi_fu_2244_p4           |  14|          3|    9|         27|
    |ap_phi_mux_void_compute_output_buffer_2d_array_const_ap_shift_reg_n_chan_stream_weig_99_phi_fu_2256_p4           |  14|          3|    9|         27|
    |ap_phi_reg_pp0_iter3_acc_14_reg_3221                                                                             |   9|          2|   16|         32|
    |ap_phi_reg_pp0_iter3_acc_15_reg_3171                                                                             |   9|          2|   16|         32|
    |ap_phi_reg_pp0_iter3_acc_16_reg_3121                                                                             |   9|          2|   16|         32|
    |ap_phi_reg_pp0_iter3_acc_17_reg_3071                                                                             |   9|          2|   16|         32|
    |ap_phi_reg_pp0_iter3_acc_18_reg_3021                                                                             |   9|          2|   16|         32|
    |ap_phi_reg_pp0_iter3_acc_19_reg_2971                                                                             |   9|          2|   16|         32|
    |ap_phi_reg_pp0_iter3_acc_20_reg_2921                                                                             |   9|          2|   16|         32|
    |ap_phi_reg_pp0_iter3_acc_21_reg_2871                                                                             |   9|          2|   16|         32|
    |ap_phi_reg_pp0_iter3_acc_22_reg_2821                                                                             |   9|          2|   16|         32|
    |ap_phi_reg_pp0_iter3_acc_23_reg_2771                                                                             |   9|          2|   16|         32|
    |ap_phi_reg_pp0_iter3_acc_24_reg_2721                                                                             |   9|          2|   16|         32|
    |ap_phi_reg_pp0_iter3_acc_25_reg_2671                                                                             |   9|          2|   16|         32|
    |ap_phi_reg_pp0_iter3_acc_26_reg_2620                                                                             |   9|          2|   16|         32|
    |ap_phi_reg_pp0_iter3_acc_27_reg_2570                                                                             |   9|          2|   16|         32|
    |ap_return_0                                                                                                      |   9|          2|   10|         20|
    |ap_return_1                                                                                                      |   9|          2|   10|         20|
    |ap_return_10                                                                                                     |   9|          2|   10|         20|
    |ap_return_11                                                                                                     |   9|          2|   10|         20|
    |ap_return_12                                                                                                     |   9|          2|   10|         20|
    |ap_return_13                                                                                                     |   9|          2|   10|         20|
    |ap_return_2                                                                                                      |   9|          2|   10|         20|
    |ap_return_3                                                                                                      |   9|          2|   10|         20|
    |ap_return_4                                                                                                      |   9|          2|   10|         20|
    |ap_return_5                                                                                                      |   9|          2|   10|         20|
    |ap_return_6                                                                                                      |   9|          2|   10|         20|
    |ap_return_7                                                                                                      |   9|          2|   10|         20|
    |ap_return_8                                                                                                      |   9|          2|   10|         20|
    |ap_return_9                                                                                                      |   9|          2|   10|         20|
    |in_index38_reg_1468                                                                                              |   9|          2|   32|         64|
    |ir_reg_1482                                                                                                      |   9|          2|   10|         20|
    |p_ZZN4nnet24compute_output_buffer_2dINS_5arrayI8ap_fixedILi9ELi3EL9ap_q_mode0EL9a_108_reg_1496                   |  14|          3|    9|         27|
    |p_ZZN4nnet24compute_output_buffer_2dINS_5arrayI8ap_fixedILi9ELi3EL9ap_q_mode0EL9a_109_reg_1508                   |  14|          3|    9|         27|
    |p_ZZN4nnet24compute_output_buffer_2dINS_5arrayI8ap_fixedILi9ELi3EL9ap_q_mode0EL9a_110_reg_1520                   |  14|          3|    9|         27|
    |p_ZZN4nnet24compute_output_buffer_2dINS_5arrayI8ap_fixedILi9ELi3EL9ap_q_mode0EL9a_111_reg_1532                   |  14|          3|    9|         27|
    |p_ZZN4nnet24compute_output_buffer_2dINS_5arrayI8ap_fixedILi9ELi3EL9ap_q_mode0EL9a_112_reg_1544                   |  14|          3|    9|         27|
    |p_ZZN4nnet24compute_output_buffer_2dINS_5arrayI8ap_fixedILi9ELi3EL9ap_q_mode0EL9a_113_reg_1556                   |  14|          3|    9|         27|
    |p_ZZN4nnet24compute_output_buffer_2dINS_5arrayI8ap_fixedILi9ELi3EL9ap_q_mode0EL9a_114_reg_1568                   |  14|          3|    9|         27|
    |p_ZZN4nnet24compute_output_buffer_2dINS_5arrayI8ap_fixedILi9ELi3EL9ap_q_mode0EL9a_115_reg_1580                   |  14|          3|    9|         27|
    |p_ZZN4nnet24compute_output_buffer_2dINS_5arrayI8ap_fixedILi9ELi3EL9ap_q_mode0EL9a_116_reg_1592                   |  14|          3|    9|         27|
    |p_ZZN4nnet24compute_output_buffer_2dINS_5arrayI8ap_fixedILi9ELi3EL9ap_q_mode0EL9a_117_reg_1604                   |  14|          3|    9|         27|
    |p_ZZN4nnet24compute_output_buffer_2dINS_5arrayI8ap_fixedILi9ELi3EL9ap_q_mode0EL9a_118_reg_1616                   |  14|          3|    9|         27|
    |p_ZZN4nnet24compute_output_buffer_2dINS_5arrayI8ap_fixedILi9ELi3EL9ap_q_mode0EL9a_119_reg_1628                   |  14|          3|    9|         27|
    |p_ZZN4nnet24compute_output_buffer_2dINS_5arrayI8ap_fixedILi9ELi3EL9ap_q_mode0EL9a_120_reg_1640                   |  14|          3|    9|         27|
    |p_ZZN4nnet24compute_output_buffer_2dINS_5arrayI8ap_fixedILi9ELi3EL9ap_q_mode0EL9a_121_reg_1652                   |  14|          3|    9|         27|
    |p_ZZN4nnet24compute_output_buffer_2dINS_5arrayI8ap_fixedILi9ELi3EL9ap_q_mode0EL9a_122_reg_1664                   |  14|          3|    9|         27|
    |p_ZZN4nnet24compute_output_buffer_2dINS_5arrayI8ap_fixedILi9ELi3EL9ap_q_mode0EL9a_123_reg_1676                   |  14|          3|    9|         27|
    |p_ZZN4nnet24compute_output_buffer_2dINS_5arrayI8ap_fixedILi9ELi3EL9ap_q_mode0EL9a_124_reg_1688                   |  14|          3|    9|         27|
    |p_ZZN4nnet24compute_output_buffer_2dINS_5arrayI8ap_fixedILi9ELi3EL9ap_q_mode0EL9a_125_reg_1700                   |  14|          3|    9|         27|
    |p_ZZN4nnet24compute_output_buffer_2dINS_5arrayI8ap_fixedILi9ELi3EL9ap_q_mode0EL9a_126_reg_1712                   |  14|          3|    9|         27|
    |p_ZZN4nnet24compute_output_buffer_2dINS_5arrayI8ap_fixedILi9ELi3EL9ap_q_mode0EL9a_127_reg_1724                   |  14|          3|    9|         27|
    |p_ZZN4nnet24compute_output_buffer_2dINS_5arrayI8ap_fixedILi9ELi3EL9ap_q_mode0EL9a_128_reg_1736                   |  14|          3|    9|         27|
    |p_ZZN4nnet24compute_output_buffer_2dINS_5arrayI8ap_fixedILi9ELi3EL9ap_q_mode0EL9a_129_reg_1748                   |  14|          3|    9|         27|
    |p_ZZN4nnet24compute_output_buffer_2dINS_5arrayI8ap_fixedILi9ELi3EL9ap_q_mode0EL9a_130_reg_1760                   |  14|          3|    9|         27|
    |p_ZZN4nnet24compute_output_buffer_2dINS_5arrayI8ap_fixedILi9ELi3EL9ap_q_mode0EL9a_131_reg_1772                   |  14|          3|    9|         27|
    |p_ZZN4nnet24compute_output_buffer_2dINS_5arrayI8ap_fixedILi9ELi3EL9ap_q_mode0EL9a_132_reg_1784                   |  14|          3|    9|         27|
    |p_ZZN4nnet24compute_output_buffer_2dINS_5arrayI8ap_fixedILi9ELi3EL9ap_q_mode0EL9a_133_reg_1796                   |  14|          3|    9|         27|
    |p_ZZN4nnet24compute_output_buffer_2dINS_5arrayI8ap_fixedILi9ELi3EL9ap_q_mode0EL9a_134_reg_1808                   |  14|          3|    9|         27|
    |p_ZZN4nnet24compute_output_buffer_2dINS_5arrayI8ap_fixedILi9ELi3EL9ap_q_mode0EL9a_135_reg_1820                   |  14|          3|    9|         27|
    |p_ZZN4nnet24compute_output_buffer_2dINS_5arrayI8ap_fixedILi9ELi3EL9ap_q_mode0EL9a_136_reg_1832                   |  14|          3|    9|         27|
    |p_ZZN4nnet24compute_output_buffer_2dINS_5arrayI8ap_fixedILi9ELi3EL9ap_q_mode0EL9a_137_reg_1844                   |  14|          3|    9|         27|
    |p_ZZN4nnet24compute_output_buffer_2dINS_5arrayI8ap_fixedILi9ELi3EL9ap_q_mode0EL9a_138_reg_1856                   |  14|          3|    9|         27|
    |p_ZZN4nnet24compute_output_buffer_2dINS_5arrayI8ap_fixedILi9ELi3EL9ap_q_mode0EL9a_139_reg_1868                   |  14|          3|    9|         27|
    |p_ZZN4nnet24compute_output_buffer_2dINS_5arrayI8ap_fixedILi9ELi3EL9ap_q_mode0EL9a_140_reg_1880                   |  14|          3|    9|         27|
    |p_ZZN4nnet24compute_output_buffer_2dINS_5arrayI8ap_fixedILi9ELi3EL9ap_q_mode0EL9a_141_reg_1892                   |  14|          3|    9|         27|
    |p_ZZN4nnet24compute_output_buffer_2dINS_5arrayI8ap_fixedILi9ELi3EL9ap_q_mode0EL9a_142_reg_1904                   |  14|          3|    9|         27|
    |p_ZZN4nnet24compute_output_buffer_2dINS_5arrayI8ap_fixedILi9ELi3EL9ap_q_mode0EL9a_143_reg_1916                   |  14|          3|    9|         27|
    |p_ZZN4nnet24compute_output_buffer_2dINS_5arrayI8ap_fixedILi9ELi3EL9ap_q_mode0EL9a_144_reg_1928                   |  14|          3|    9|         27|
    |p_ZZN4nnet24compute_output_buffer_2dINS_5arrayI8ap_fixedILi9ELi3EL9ap_q_mode0EL9a_145_reg_1940                   |  14|          3|    9|         27|
    |p_ZZN4nnet24compute_output_buffer_2dINS_5arrayI8ap_fixedILi9ELi3EL9ap_q_mode0EL9a_146_reg_1952                   |  14|          3|    9|         27|
    |p_ZZN4nnet24compute_output_buffer_2dINS_5arrayI8ap_fixedILi9ELi3EL9ap_q_mode0EL9a_147_reg_1964                   |  14|          3|    9|         27|
    |p_ZZN4nnet24compute_output_buffer_2dINS_5arrayI8ap_fixedILi9ELi3EL9ap_q_mode0EL9a_148_reg_1976                   |  14|          3|    9|         27|
    |p_ZZN4nnet24compute_output_buffer_2dINS_5arrayI8ap_fixedILi9ELi3EL9ap_q_mode0EL9a_149_reg_1988                   |  14|          3|    9|         27|
    |p_ZZN4nnet24compute_output_buffer_2dINS_5arrayI8ap_fixedILi9ELi3EL9ap_q_mode0EL9a_150_reg_2000                   |  14|          3|    9|         27|
    |p_ZZN4nnet24compute_output_buffer_2dINS_5arrayI8ap_fixedILi9ELi3EL9ap_q_mode0EL9a_151_reg_2012                   |  14|          3|    9|         27|
    |p_ZZN4nnet24compute_output_buffer_2dINS_5arrayI8ap_fixedILi9ELi3EL9ap_q_mode0EL9a_152_reg_2024                   |  14|          3|    9|         27|
    |p_ZZN4nnet24compute_output_buffer_2dINS_5arrayI8ap_fixedILi9ELi3EL9ap_q_mode0EL9a_153_reg_2036                   |  14|          3|    9|         27|
    |p_ZZN4nnet24compute_output_buffer_2dINS_5arrayI8ap_fixedILi9ELi3EL9ap_q_mode0EL9a_154_reg_2048                   |  14|          3|    9|         27|
    |p_ZZN4nnet24compute_output_buffer_2dINS_5arrayI8ap_fixedILi9ELi3EL9ap_q_mode0EL9a_155_reg_2060                   |  14|          3|    9|         27|
    |p_ZZN4nnet24compute_output_buffer_2dINS_5arrayI8ap_fixedILi9ELi3EL9ap_q_mode0EL9a_156_reg_2072                   |  14|          3|    9|         27|
    |p_ZZN4nnet24compute_output_buffer_2dINS_5arrayI8ap_fixedILi9ELi3EL9ap_q_mode0EL9a_157_reg_2084                   |  14|          3|    9|         27|
    |p_ZZN4nnet24compute_output_buffer_2dINS_5arrayI8ap_fixedILi9ELi3EL9ap_q_mode0EL9a_158_reg_2096                   |  14|          3|    9|         27|
    |p_ZZN4nnet24compute_output_buffer_2dINS_5arrayI8ap_fixedILi9ELi3EL9ap_q_mode0EL9a_159_reg_2108                   |  14|          3|    9|         27|
    |p_ZZN4nnet24compute_output_buffer_2dINS_5arrayI8ap_fixedILi9ELi3EL9ap_q_mode0EL9a_160_reg_2120                   |  14|          3|    9|         27|
    |p_ZZN4nnet24compute_output_buffer_2dINS_5arrayI8ap_fixedILi9ELi3EL9ap_q_mode0EL9a_161_reg_2132                   |  14|          3|    9|         27|
    |p_ZZN4nnet24compute_output_buffer_2dINS_5arrayI8ap_fixedILi9ELi3EL9ap_q_mode0EL9a_162_reg_2144                   |  14|          3|    9|         27|
    |p_ZZN4nnet24compute_output_buffer_2dINS_5arrayI8ap_fixedILi9ELi3EL9ap_q_mode0EL9a_163_reg_2156                   |  14|          3|    9|         27|
    |p_ZZN4nnet24compute_output_buffer_2dINS_5arrayI8ap_fixedILi9ELi3EL9ap_q_mode0EL9a_164_reg_2168                   |  14|          3|    9|         27|
    |p_ZZN4nnet24compute_output_buffer_2dINS_5arrayI8ap_fixedILi9ELi3EL9ap_q_mode0EL9a_165_reg_2180                   |  14|          3|    9|         27|
    |p_ZZN4nnet24compute_output_buffer_2dINS_5arrayI8ap_fixedILi9ELi3EL9ap_q_mode0EL9a_166_reg_2192                   |  14|          3|    9|         27|
    |p_ZZN4nnet24compute_output_buffer_2dINS_5arrayI8ap_fixedILi9ELi3EL9ap_q_mode0EL9a_167_reg_2204                   |  14|          3|    9|         27|
    |p_ZZN4nnet24compute_output_buffer_2dINS_5arrayI8ap_fixedILi9ELi3EL9ap_q_mode0EL9a_168_reg_2216                   |  14|          3|    9|         27|
    |p_ZZN4nnet24compute_output_buffer_2dINS_5arrayI8ap_fixedILi9ELi3EL9ap_q_mode0EL9a_169_reg_2228                   |  14|          3|    9|         27|
    |void_compute_output_buffer_2d_array_const_ap_shift_reg_n_chan_stream_weig_100_reg_2264                           |  14|          3|    9|         27|
    |void_compute_output_buffer_2d_array_const_ap_shift_reg_n_chan_stream_weig_101_reg_2276                           |  14|          3|    9|         27|
    |void_compute_output_buffer_2d_array_const_ap_shift_reg_n_chan_stream_weig_102_reg_2288                           |  14|          3|    9|         27|
    |void_compute_output_buffer_2d_array_const_ap_shift_reg_n_chan_stream_weig_103_reg_2300                           |  14|          3|    9|         27|
    |void_compute_output_buffer_2d_array_const_ap_shift_reg_n_chan_stream_weig_104_reg_2312                           |  14|          3|    9|         27|
    |void_compute_output_buffer_2d_array_const_ap_shift_reg_n_chan_stream_weig_105_reg_2324                           |  14|          3|    9|         27|
    |void_compute_output_buffer_2d_array_const_ap_shift_reg_n_chan_stream_weig_106_reg_2336                           |  14|          3|    9|         27|
    |void_compute_output_buffer_2d_array_const_ap_shift_reg_n_chan_stream_weig_107_reg_2348                           |  14|          3|    9|         27|
    |void_compute_output_buffer_2d_array_const_ap_shift_reg_n_chan_stream_weig_98_reg_2240                            |  14|          3|    9|         27|
    |void_compute_output_buffer_2d_array_const_ap_shift_reg_n_chan_stream_weig_99_reg_2252                            |  14|          3|    9|         27|
    +-----------------------------------------------------------------------------------------------------------------+----+-----------+-----+-----------+
    |Total                                                                                                            |3069|        661| 2644|       7284|
    +-----------------------------------------------------------------------------------------------------------------+----+-----------+-----+-----------+

    * Register: 
    +------------------------------------------------------------------------------------------------+----+----+-----+-----------+
    |                                              Name                                              | FF | LUT| Bits| Const Bits|
    +------------------------------------------------------------------------------------------------+----+----+-----+-----------+
    |a_reg_5341                                                                                      |   9|   0|    9|          0|
    |acc36_reg_2360                                                                                  |  16|   0|   16|          0|
    |acc_134_reg_2375                                                                                |  16|   0|   16|          0|
    |acc_192_reg_2540                                                                                |  16|   0|   16|          0|
    |acc_193_reg_2525                                                                                |  16|   0|   16|          0|
    |acc_208_reg_2510                                                                                |  16|   0|   16|          0|
    |acc_209_reg_2495                                                                                |  16|   0|   16|          0|
    |acc_210_reg_2480                                                                                |  16|   0|   16|          0|
    |acc_211_reg_2465                                                                                |  16|   0|   16|          0|
    |acc_212_reg_2450                                                                                |  16|   0|   16|          0|
    |acc_213_reg_2435                                                                                |  16|   0|   16|          0|
    |acc_214_reg_2420                                                                                |  16|   0|   16|          0|
    |acc_215_reg_2405                                                                                |  16|   0|   16|          0|
    |acc_216_reg_2390                                                                                |  16|   0|   16|          0|
    |acc_reg_2555                                                                                    |  16|   0|   16|          0|
    |add_ln144_1_reg_5382                                                                            |  17|   0|   17|          0|
    |ap_CS_fsm                                                                                       |   2|   0|    2|          0|
    |ap_enable_reg_pp0_iter1                                                                         |   1|   0|    1|          0|
    |ap_enable_reg_pp0_iter2                                                                         |   1|   0|    1|          0|
    |ap_enable_reg_pp0_iter3                                                                         |   1|   0|    1|          0|
    |ap_phi_reg_pp0_iter1_acc_14_reg_3221                                                            |  16|   0|   16|          0|
    |ap_phi_reg_pp0_iter1_acc_15_reg_3171                                                            |  16|   0|   16|          0|
    |ap_phi_reg_pp0_iter1_acc_16_reg_3121                                                            |  16|   0|   16|          0|
    |ap_phi_reg_pp0_iter1_acc_17_reg_3071                                                            |  16|   0|   16|          0|
    |ap_phi_reg_pp0_iter1_acc_18_reg_3021                                                            |  16|   0|   16|          0|
    |ap_phi_reg_pp0_iter1_acc_19_reg_2971                                                            |  16|   0|   16|          0|
    |ap_phi_reg_pp0_iter1_acc_20_reg_2921                                                            |  16|   0|   16|          0|
    |ap_phi_reg_pp0_iter1_acc_21_reg_2871                                                            |  16|   0|   16|          0|
    |ap_phi_reg_pp0_iter1_acc_22_reg_2821                                                            |  16|   0|   16|          0|
    |ap_phi_reg_pp0_iter1_acc_23_reg_2771                                                            |  16|   0|   16|          0|
    |ap_phi_reg_pp0_iter1_acc_24_reg_2721                                                            |  16|   0|   16|          0|
    |ap_phi_reg_pp0_iter1_acc_25_reg_2671                                                            |  16|   0|   16|          0|
    |ap_phi_reg_pp0_iter1_acc_26_reg_2620                                                            |  16|   0|   16|          0|
    |ap_phi_reg_pp0_iter1_acc_27_reg_2570                                                            |  16|   0|   16|          0|
    |ap_phi_reg_pp0_iter2_acc_14_reg_3221                                                            |  16|   0|   16|          0|
    |ap_phi_reg_pp0_iter2_acc_15_reg_3171                                                            |  16|   0|   16|          0|
    |ap_phi_reg_pp0_iter2_acc_16_reg_3121                                                            |  16|   0|   16|          0|
    |ap_phi_reg_pp0_iter2_acc_17_reg_3071                                                            |  16|   0|   16|          0|
    |ap_phi_reg_pp0_iter2_acc_18_reg_3021                                                            |  16|   0|   16|          0|
    |ap_phi_reg_pp0_iter2_acc_19_reg_2971                                                            |  16|   0|   16|          0|
    |ap_phi_reg_pp0_iter2_acc_20_reg_2921                                                            |  16|   0|   16|          0|
    |ap_phi_reg_pp0_iter2_acc_21_reg_2871                                                            |  16|   0|   16|          0|
    |ap_phi_reg_pp0_iter2_acc_22_reg_2821                                                            |  16|   0|   16|          0|
    |ap_phi_reg_pp0_iter2_acc_23_reg_2771                                                            |  16|   0|   16|          0|
    |ap_phi_reg_pp0_iter2_acc_24_reg_2721                                                            |  16|   0|   16|          0|
    |ap_phi_reg_pp0_iter2_acc_25_reg_2671                                                            |  16|   0|   16|          0|
    |ap_phi_reg_pp0_iter2_acc_26_reg_2620                                                            |  16|   0|   16|          0|
    |ap_phi_reg_pp0_iter2_acc_27_reg_2570                                                            |  16|   0|   16|          0|
    |ap_phi_reg_pp0_iter3_acc_14_reg_3221                                                            |  16|   0|   16|          0|
    |ap_phi_reg_pp0_iter3_acc_15_reg_3171                                                            |  16|   0|   16|          0|
    |ap_phi_reg_pp0_iter3_acc_16_reg_3121                                                            |  16|   0|   16|          0|
    |ap_phi_reg_pp0_iter3_acc_17_reg_3071                                                            |  16|   0|   16|          0|
    |ap_phi_reg_pp0_iter3_acc_18_reg_3021                                                            |  16|   0|   16|          0|
    |ap_phi_reg_pp0_iter3_acc_19_reg_2971                                                            |  16|   0|   16|          0|
    |ap_phi_reg_pp0_iter3_acc_20_reg_2921                                                            |  16|   0|   16|          0|
    |ap_phi_reg_pp0_iter3_acc_21_reg_2871                                                            |  16|   0|   16|          0|
    |ap_phi_reg_pp0_iter3_acc_22_reg_2821                                                            |  16|   0|   16|          0|
    |ap_phi_reg_pp0_iter3_acc_23_reg_2771                                                            |  16|   0|   16|          0|
    |ap_phi_reg_pp0_iter3_acc_24_reg_2721                                                            |  16|   0|   16|          0|
    |ap_phi_reg_pp0_iter3_acc_25_reg_2671                                                            |  16|   0|   16|          0|
    |ap_phi_reg_pp0_iter3_acc_26_reg_2620                                                            |  16|   0|   16|          0|
    |ap_phi_reg_pp0_iter3_acc_27_reg_2570                                                            |  16|   0|   16|          0|
    |ap_return_0_preg                                                                                |  10|   0|   10|          0|
    |ap_return_10_preg                                                                               |  10|   0|   10|          0|
    |ap_return_11_preg                                                                               |  10|   0|   10|          0|
    |ap_return_12_preg                                                                               |  10|   0|   10|          0|
    |ap_return_13_preg                                                                               |  10|   0|   10|          0|
    |ap_return_1_preg                                                                                |  10|   0|   10|          0|
    |ap_return_2_preg                                                                                |  10|   0|   10|          0|
    |ap_return_3_preg                                                                                |  10|   0|   10|          0|
    |ap_return_4_preg                                                                                |  10|   0|   10|          0|
    |ap_return_5_preg                                                                                |  10|   0|   10|          0|
    |ap_return_6_preg                                                                                |  10|   0|   10|          0|
    |ap_return_7_preg                                                                                |  10|   0|   10|          0|
    |ap_return_8_preg                                                                                |  10|   0|   10|          0|
    |ap_return_9_preg                                                                                |  10|   0|   10|          0|
    |do_init_reg_444                                                                                 |   1|   0|    1|          0|
    |icmp_ln135_reg_5361                                                                             |   1|   0|    1|          0|
    |icmp_ln144_reg_5387                                                                             |   1|   0|    1|          0|
    |in_index38_reg_1468                                                                             |  32|   0|   32|          0|
    |in_index_10_reg_5356                                                                            |  32|   0|   32|          0|
    |ir_reg_1482                                                                                     |  10|   0|   10|          0|
    |out_index_reg_5365                                                                              |   4|   0|    4|          0|
    |out_index_reg_5365_pp0_iter2_reg                                                                |   4|   0|    4|          0|
    |p_ZZN4nnet24compute_output_buffer_2dINS_5arrayI8ap_fixedILi9ELi3EL9ap_q_mode0EL9a_108_reg_1496  |   9|   0|    9|          0|
    |p_ZZN4nnet24compute_output_buffer_2dINS_5arrayI8ap_fixedILi9ELi3EL9ap_q_mode0EL9a_109_reg_1508  |   9|   0|    9|          0|
    |p_ZZN4nnet24compute_output_buffer_2dINS_5arrayI8ap_fixedILi9ELi3EL9ap_q_mode0EL9a_110_reg_1520  |   9|   0|    9|          0|
    |p_ZZN4nnet24compute_output_buffer_2dINS_5arrayI8ap_fixedILi9ELi3EL9ap_q_mode0EL9a_111_reg_1532  |   9|   0|    9|          0|
    |p_ZZN4nnet24compute_output_buffer_2dINS_5arrayI8ap_fixedILi9ELi3EL9ap_q_mode0EL9a_112_reg_1544  |   9|   0|    9|          0|
    |p_ZZN4nnet24compute_output_buffer_2dINS_5arrayI8ap_fixedILi9ELi3EL9ap_q_mode0EL9a_113_reg_1556  |   9|   0|    9|          0|
    |p_ZZN4nnet24compute_output_buffer_2dINS_5arrayI8ap_fixedILi9ELi3EL9ap_q_mode0EL9a_114_reg_1568  |   9|   0|    9|          0|
    |p_ZZN4nnet24compute_output_buffer_2dINS_5arrayI8ap_fixedILi9ELi3EL9ap_q_mode0EL9a_115_reg_1580  |   9|   0|    9|          0|
    |p_ZZN4nnet24compute_output_buffer_2dINS_5arrayI8ap_fixedILi9ELi3EL9ap_q_mode0EL9a_116_reg_1592  |   9|   0|    9|          0|
    |p_ZZN4nnet24compute_output_buffer_2dINS_5arrayI8ap_fixedILi9ELi3EL9ap_q_mode0EL9a_117_reg_1604  |   9|   0|    9|          0|
    |p_ZZN4nnet24compute_output_buffer_2dINS_5arrayI8ap_fixedILi9ELi3EL9ap_q_mode0EL9a_118_reg_1616  |   9|   0|    9|          0|
    |p_ZZN4nnet24compute_output_buffer_2dINS_5arrayI8ap_fixedILi9ELi3EL9ap_q_mode0EL9a_119_reg_1628  |   9|   0|    9|          0|
    |p_ZZN4nnet24compute_output_buffer_2dINS_5arrayI8ap_fixedILi9ELi3EL9ap_q_mode0EL9a_120_reg_1640  |   9|   0|    9|          0|
    |p_ZZN4nnet24compute_output_buffer_2dINS_5arrayI8ap_fixedILi9ELi3EL9ap_q_mode0EL9a_121_reg_1652  |   9|   0|    9|          0|
    |p_ZZN4nnet24compute_output_buffer_2dINS_5arrayI8ap_fixedILi9ELi3EL9ap_q_mode0EL9a_122_reg_1664  |   9|   0|    9|          0|
    |p_ZZN4nnet24compute_output_buffer_2dINS_5arrayI8ap_fixedILi9ELi3EL9ap_q_mode0EL9a_123_reg_1676  |   9|   0|    9|          0|
    |p_ZZN4nnet24compute_output_buffer_2dINS_5arrayI8ap_fixedILi9ELi3EL9ap_q_mode0EL9a_124_reg_1688  |   9|   0|    9|          0|
    |p_ZZN4nnet24compute_output_buffer_2dINS_5arrayI8ap_fixedILi9ELi3EL9ap_q_mode0EL9a_125_reg_1700  |   9|   0|    9|          0|
    |p_ZZN4nnet24compute_output_buffer_2dINS_5arrayI8ap_fixedILi9ELi3EL9ap_q_mode0EL9a_126_reg_1712  |   9|   0|    9|          0|
    |p_ZZN4nnet24compute_output_buffer_2dINS_5arrayI8ap_fixedILi9ELi3EL9ap_q_mode0EL9a_127_reg_1724  |   9|   0|    9|          0|
    |p_ZZN4nnet24compute_output_buffer_2dINS_5arrayI8ap_fixedILi9ELi3EL9ap_q_mode0EL9a_128_reg_1736  |   9|   0|    9|          0|
    |p_ZZN4nnet24compute_output_buffer_2dINS_5arrayI8ap_fixedILi9ELi3EL9ap_q_mode0EL9a_129_reg_1748  |   9|   0|    9|          0|
    |p_ZZN4nnet24compute_output_buffer_2dINS_5arrayI8ap_fixedILi9ELi3EL9ap_q_mode0EL9a_130_reg_1760  |   9|   0|    9|          0|
    |p_ZZN4nnet24compute_output_buffer_2dINS_5arrayI8ap_fixedILi9ELi3EL9ap_q_mode0EL9a_131_reg_1772  |   9|   0|    9|          0|
    |p_ZZN4nnet24compute_output_buffer_2dINS_5arrayI8ap_fixedILi9ELi3EL9ap_q_mode0EL9a_132_reg_1784  |   9|   0|    9|          0|
    |p_ZZN4nnet24compute_output_buffer_2dINS_5arrayI8ap_fixedILi9ELi3EL9ap_q_mode0EL9a_133_reg_1796  |   9|   0|    9|          0|
    |p_ZZN4nnet24compute_output_buffer_2dINS_5arrayI8ap_fixedILi9ELi3EL9ap_q_mode0EL9a_134_reg_1808  |   9|   0|    9|          0|
    |p_ZZN4nnet24compute_output_buffer_2dINS_5arrayI8ap_fixedILi9ELi3EL9ap_q_mode0EL9a_135_reg_1820  |   9|   0|    9|          0|
    |p_ZZN4nnet24compute_output_buffer_2dINS_5arrayI8ap_fixedILi9ELi3EL9ap_q_mode0EL9a_136_reg_1832  |   9|   0|    9|          0|
    |p_ZZN4nnet24compute_output_buffer_2dINS_5arrayI8ap_fixedILi9ELi3EL9ap_q_mode0EL9a_137_reg_1844  |   9|   0|    9|          0|
    |p_ZZN4nnet24compute_output_buffer_2dINS_5arrayI8ap_fixedILi9ELi3EL9ap_q_mode0EL9a_138_reg_1856  |   9|   0|    9|          0|
    |p_ZZN4nnet24compute_output_buffer_2dINS_5arrayI8ap_fixedILi9ELi3EL9ap_q_mode0EL9a_139_reg_1868  |   9|   0|    9|          0|
    |p_ZZN4nnet24compute_output_buffer_2dINS_5arrayI8ap_fixedILi9ELi3EL9ap_q_mode0EL9a_140_reg_1880  |   9|   0|    9|          0|
    |p_ZZN4nnet24compute_output_buffer_2dINS_5arrayI8ap_fixedILi9ELi3EL9ap_q_mode0EL9a_141_reg_1892  |   9|   0|    9|          0|
    |p_ZZN4nnet24compute_output_buffer_2dINS_5arrayI8ap_fixedILi9ELi3EL9ap_q_mode0EL9a_142_reg_1904  |   9|   0|    9|          0|
    |p_ZZN4nnet24compute_output_buffer_2dINS_5arrayI8ap_fixedILi9ELi3EL9ap_q_mode0EL9a_143_reg_1916  |   9|   0|    9|          0|
    |p_ZZN4nnet24compute_output_buffer_2dINS_5arrayI8ap_fixedILi9ELi3EL9ap_q_mode0EL9a_144_reg_1928  |   9|   0|    9|          0|
    |p_ZZN4nnet24compute_output_buffer_2dINS_5arrayI8ap_fixedILi9ELi3EL9ap_q_mode0EL9a_145_reg_1940  |   9|   0|    9|          0|
    |p_ZZN4nnet24compute_output_buffer_2dINS_5arrayI8ap_fixedILi9ELi3EL9ap_q_mode0EL9a_146_reg_1952  |   9|   0|    9|          0|
    |p_ZZN4nnet24compute_output_buffer_2dINS_5arrayI8ap_fixedILi9ELi3EL9ap_q_mode0EL9a_147_reg_1964  |   9|   0|    9|          0|
    |p_ZZN4nnet24compute_output_buffer_2dINS_5arrayI8ap_fixedILi9ELi3EL9ap_q_mode0EL9a_148_reg_1976  |   9|   0|    9|          0|
    |p_ZZN4nnet24compute_output_buffer_2dINS_5arrayI8ap_fixedILi9ELi3EL9ap_q_mode0EL9a_149_reg_1988  |   9|   0|    9|          0|
    |p_ZZN4nnet24compute_output_buffer_2dINS_5arrayI8ap_fixedILi9ELi3EL9ap_q_mode0EL9a_150_reg_2000  |   9|   0|    9|          0|
    |p_ZZN4nnet24compute_output_buffer_2dINS_5arrayI8ap_fixedILi9ELi3EL9ap_q_mode0EL9a_151_reg_2012  |   9|   0|    9|          0|
    |p_ZZN4nnet24compute_output_buffer_2dINS_5arrayI8ap_fixedILi9ELi3EL9ap_q_mode0EL9a_152_reg_2024  |   9|   0|    9|          0|
    |p_ZZN4nnet24compute_output_buffer_2dINS_5arrayI8ap_fixedILi9ELi3EL9ap_q_mode0EL9a_153_reg_2036  |   9|   0|    9|          0|
    |p_ZZN4nnet24compute_output_buffer_2dINS_5arrayI8ap_fixedILi9ELi3EL9ap_q_mode0EL9a_154_reg_2048  |   9|   0|    9|          0|
    |p_ZZN4nnet24compute_output_buffer_2dINS_5arrayI8ap_fixedILi9ELi3EL9ap_q_mode0EL9a_155_reg_2060  |   9|   0|    9|          0|
    |p_ZZN4nnet24compute_output_buffer_2dINS_5arrayI8ap_fixedILi9ELi3EL9ap_q_mode0EL9a_156_reg_2072  |   9|   0|    9|          0|
    |p_ZZN4nnet24compute_output_buffer_2dINS_5arrayI8ap_fixedILi9ELi3EL9ap_q_mode0EL9a_157_reg_2084  |   9|   0|    9|          0|
    |p_ZZN4nnet24compute_output_buffer_2dINS_5arrayI8ap_fixedILi9ELi3EL9ap_q_mode0EL9a_158_reg_2096  |   9|   0|    9|          0|
    |p_ZZN4nnet24compute_output_buffer_2dINS_5arrayI8ap_fixedILi9ELi3EL9ap_q_mode0EL9a_159_reg_2108  |   9|   0|    9|          0|
    |p_ZZN4nnet24compute_output_buffer_2dINS_5arrayI8ap_fixedILi9ELi3EL9ap_q_mode0EL9a_160_reg_2120  |   9|   0|    9|          0|
    |p_ZZN4nnet24compute_output_buffer_2dINS_5arrayI8ap_fixedILi9ELi3EL9ap_q_mode0EL9a_161_reg_2132  |   9|   0|    9|          0|
    |p_ZZN4nnet24compute_output_buffer_2dINS_5arrayI8ap_fixedILi9ELi3EL9ap_q_mode0EL9a_162_reg_2144  |   9|   0|    9|          0|
    |p_ZZN4nnet24compute_output_buffer_2dINS_5arrayI8ap_fixedILi9ELi3EL9ap_q_mode0EL9a_163_reg_2156  |   9|   0|    9|          0|
    |p_ZZN4nnet24compute_output_buffer_2dINS_5arrayI8ap_fixedILi9ELi3EL9ap_q_mode0EL9a_164_reg_2168  |   9|   0|    9|          0|
    |p_ZZN4nnet24compute_output_buffer_2dINS_5arrayI8ap_fixedILi9ELi3EL9ap_q_mode0EL9a_165_reg_2180  |   9|   0|    9|          0|
    |p_ZZN4nnet24compute_output_buffer_2dINS_5arrayI8ap_fixedILi9ELi3EL9ap_q_mode0EL9a_166_reg_2192  |   9|   0|    9|          0|
    |p_ZZN4nnet24compute_output_buffer_2dINS_5arrayI8ap_fixedILi9ELi3EL9ap_q_mode0EL9a_167_reg_2204  |   9|   0|    9|          0|
    |p_ZZN4nnet24compute_output_buffer_2dINS_5arrayI8ap_fixedILi9ELi3EL9ap_q_mode0EL9a_168_reg_2216  |   9|   0|    9|          0|
    |p_ZZN4nnet24compute_output_buffer_2dINS_5arrayI8ap_fixedILi9ELi3EL9ap_q_mode0EL9a_169_reg_2228  |   9|   0|    9|          0|
    |tmp_reg_5377                                                                                    |   1|   0|    1|          0|
    |trunc_ln9_reg_5372                                                                              |  14|   0|   14|          0|
    |void_compute_output_buffer_2d_array_const_ap_shift_reg_n_chan_stream_weig_100_reg_2264          |   9|   0|    9|          0|
    |void_compute_output_buffer_2d_array_const_ap_shift_reg_n_chan_stream_weig_101_reg_2276          |   9|   0|    9|          0|
    |void_compute_output_buffer_2d_array_const_ap_shift_reg_n_chan_stream_weig_102_reg_2288          |   9|   0|    9|          0|
    |void_compute_output_buffer_2d_array_const_ap_shift_reg_n_chan_stream_weig_103_reg_2300          |   9|   0|    9|          0|
    |void_compute_output_buffer_2d_array_const_ap_shift_reg_n_chan_stream_weig_104_reg_2312          |   9|   0|    9|          0|
    |void_compute_output_buffer_2d_array_const_ap_shift_reg_n_chan_stream_weig_105_reg_2324          |   9|   0|    9|          0|
    |void_compute_output_buffer_2d_array_const_ap_shift_reg_n_chan_stream_weig_106_reg_2336          |   9|   0|    9|          0|
    |void_compute_output_buffer_2d_array_const_ap_shift_reg_n_chan_stream_weig_107_reg_2348          |   9|   0|    9|          0|
    |void_compute_output_buffer_2d_array_const_ap_shift_reg_n_chan_stream_weig_98_reg_2240           |   9|   0|    9|          0|
    |void_compute_output_buffer_2d_array_const_ap_shift_reg_n_chan_stream_weig_99_reg_2252           |   9|   0|    9|          0|
    |w_index_reg_5351                                                                                |  10|   0|   10|          0|
    |icmp_ln135_reg_5361                                                                             |  64|  32|    1|          0|
    +------------------------------------------------------------------------------------------------+----+----+-----+-----------+
    |Total                                                                                           |1889|  32| 1826|          0|
    +------------------------------------------------------------------------------------------------+----+----+-----+-----------+



================================================================
== Interface
================================================================
* Summary: 
+--------------------------------------------------------------------------------------+-----+-----+------------+--------------------------------------------------------------------------------------+--------------+
|                                       RTL Ports                                      | Dir | Bits|  Protocol  |                                     Source Object                                    |    C Type    |
+--------------------------------------------------------------------------------------+-----+-----+------------+--------------------------------------------------------------------------------------+--------------+
|ap_clk                                                                                |   in|    1|  ap_ctrl_hs|             dense_resource_rf_gt_nin_rem0<ap_fixed,ap_fixed<10,4,0,3,0>,config5_mult>|  return value|
|ap_rst                                                                                |   in|    1|  ap_ctrl_hs|             dense_resource_rf_gt_nin_rem0<ap_fixed,ap_fixed<10,4,0,3,0>,config5_mult>|  return value|
|ap_start                                                                              |   in|    1|  ap_ctrl_hs|             dense_resource_rf_gt_nin_rem0<ap_fixed,ap_fixed<10,4,0,3,0>,config5_mult>|  return value|
|ap_done                                                                               |  out|    1|  ap_ctrl_hs|             dense_resource_rf_gt_nin_rem0<ap_fixed,ap_fixed<10,4,0,3,0>,config5_mult>|  return value|
|ap_idle                                                                               |  out|    1|  ap_ctrl_hs|             dense_resource_rf_gt_nin_rem0<ap_fixed,ap_fixed<10,4,0,3,0>,config5_mult>|  return value|
|ap_ready                                                                              |  out|    1|  ap_ctrl_hs|             dense_resource_rf_gt_nin_rem0<ap_fixed,ap_fixed<10,4,0,3,0>,config5_mult>|  return value|
|ap_return_0                                                                           |  out|   10|  ap_ctrl_hs|             dense_resource_rf_gt_nin_rem0<ap_fixed,ap_fixed<10,4,0,3,0>,config5_mult>|  return value|
|ap_return_1                                                                           |  out|   10|  ap_ctrl_hs|             dense_resource_rf_gt_nin_rem0<ap_fixed,ap_fixed<10,4,0,3,0>,config5_mult>|  return value|
|ap_return_2                                                                           |  out|   10|  ap_ctrl_hs|             dense_resource_rf_gt_nin_rem0<ap_fixed,ap_fixed<10,4,0,3,0>,config5_mult>|  return value|
|ap_return_3                                                                           |  out|   10|  ap_ctrl_hs|             dense_resource_rf_gt_nin_rem0<ap_fixed,ap_fixed<10,4,0,3,0>,config5_mult>|  return value|
|ap_return_4                                                                           |  out|   10|  ap_ctrl_hs|             dense_resource_rf_gt_nin_rem0<ap_fixed,ap_fixed<10,4,0,3,0>,config5_mult>|  return value|
|ap_return_5                                                                           |  out|   10|  ap_ctrl_hs|             dense_resource_rf_gt_nin_rem0<ap_fixed,ap_fixed<10,4,0,3,0>,config5_mult>|  return value|
|ap_return_6                                                                           |  out|   10|  ap_ctrl_hs|             dense_resource_rf_gt_nin_rem0<ap_fixed,ap_fixed<10,4,0,3,0>,config5_mult>|  return value|
|ap_return_7                                                                           |  out|   10|  ap_ctrl_hs|             dense_resource_rf_gt_nin_rem0<ap_fixed,ap_fixed<10,4,0,3,0>,config5_mult>|  return value|
|ap_return_8                                                                           |  out|   10|  ap_ctrl_hs|             dense_resource_rf_gt_nin_rem0<ap_fixed,ap_fixed<10,4,0,3,0>,config5_mult>|  return value|
|ap_return_9                                                                           |  out|   10|  ap_ctrl_hs|             dense_resource_rf_gt_nin_rem0<ap_fixed,ap_fixed<10,4,0,3,0>,config5_mult>|  return value|
|ap_return_10                                                                          |  out|   10|  ap_ctrl_hs|             dense_resource_rf_gt_nin_rem0<ap_fixed,ap_fixed<10,4,0,3,0>,config5_mult>|  return value|
|ap_return_11                                                                          |  out|   10|  ap_ctrl_hs|             dense_resource_rf_gt_nin_rem0<ap_fixed,ap_fixed<10,4,0,3,0>,config5_mult>|  return value|
|ap_return_12                                                                          |  out|   10|  ap_ctrl_hs|             dense_resource_rf_gt_nin_rem0<ap_fixed,ap_fixed<10,4,0,3,0>,config5_mult>|  return value|
|ap_return_13                                                                          |  out|   10|  ap_ctrl_hs|             dense_resource_rf_gt_nin_rem0<ap_fixed,ap_fixed<10,4,0,3,0>,config5_mult>|  return value|
|void_compute_output_buffer_2d_array_const_ap_shift_reg_n_chan_stream_weig_9           |   in|    9|     ap_none|           void_compute_output_buffer_2d_array_const_ap_shift_reg_n_chan_stream_weig_9|       pointer|
|void_compute_output_buffer_2d_array_const_ap_shift_reg_n_chan_stream_weig_8           |   in|    9|     ap_none|           void_compute_output_buffer_2d_array_const_ap_shift_reg_n_chan_stream_weig_8|       pointer|
|void_compute_output_buffer_2d_array_const_ap_shift_reg_n_chan_stream_weig_7           |   in|    9|     ap_none|           void_compute_output_buffer_2d_array_const_ap_shift_reg_n_chan_stream_weig_7|       pointer|
|void_compute_output_buffer_2d_array_const_ap_shift_reg_n_chan_stream_weig_6           |   in|    9|     ap_none|           void_compute_output_buffer_2d_array_const_ap_shift_reg_n_chan_stream_weig_6|       pointer|
|void_compute_output_buffer_2d_array_const_ap_shift_reg_n_chan_stream_weig_5           |   in|    9|     ap_none|           void_compute_output_buffer_2d_array_const_ap_shift_reg_n_chan_stream_weig_5|       pointer|
|void_compute_output_buffer_2d_array_const_ap_shift_reg_n_chan_stream_weig_4           |   in|    9|     ap_none|           void_compute_output_buffer_2d_array_const_ap_shift_reg_n_chan_stream_weig_4|       pointer|
|void_compute_output_buffer_2d_array_const_ap_shift_reg_n_chan_stream_weig_3           |   in|    9|     ap_none|           void_compute_output_buffer_2d_array_const_ap_shift_reg_n_chan_stream_weig_3|       pointer|
|void_compute_output_buffer_2d_array_const_ap_shift_reg_n_chan_stream_weig_2           |   in|    9|     ap_none|           void_compute_output_buffer_2d_array_const_ap_shift_reg_n_chan_stream_weig_2|       pointer|
|void_compute_output_buffer_2d_array_const_ap_shift_reg_n_chan_stream_weig_1           |   in|    9|     ap_none|           void_compute_output_buffer_2d_array_const_ap_shift_reg_n_chan_stream_weig_1|       pointer|
|void_compute_output_buffer_2d_array_const_ap_shift_reg_n_chan_stream_weig             |   in|    9|     ap_none|             void_compute_output_buffer_2d_array_const_ap_shift_reg_n_chan_stream_weig|       pointer|
|p_ZZN4nnet24compute_output_buffer_2dINS_5arrayI8ap_fixedILi9ELi3EL9ap_q_mode0EL9a_61  |   in|    9|     ap_none|  p_ZZN4nnet24compute_output_buffer_2dINS_5arrayI8ap_fixedILi9ELi3EL9ap_q_mode0EL9a_61|       pointer|
|p_ZZN4nnet24compute_output_buffer_2dINS_5arrayI8ap_fixedILi9ELi3EL9ap_q_mode0EL9a_60  |   in|    9|     ap_none|  p_ZZN4nnet24compute_output_buffer_2dINS_5arrayI8ap_fixedILi9ELi3EL9ap_q_mode0EL9a_60|       pointer|
|p_ZZN4nnet24compute_output_buffer_2dINS_5arrayI8ap_fixedILi9ELi3EL9ap_q_mode0EL9a_59  |   in|    9|     ap_none|  p_ZZN4nnet24compute_output_buffer_2dINS_5arrayI8ap_fixedILi9ELi3EL9ap_q_mode0EL9a_59|       pointer|
|p_ZZN4nnet24compute_output_buffer_2dINS_5arrayI8ap_fixedILi9ELi3EL9ap_q_mode0EL9a_58  |   in|    9|     ap_none|  p_ZZN4nnet24compute_output_buffer_2dINS_5arrayI8ap_fixedILi9ELi3EL9ap_q_mode0EL9a_58|       pointer|
|p_ZZN4nnet24compute_output_buffer_2dINS_5arrayI8ap_fixedILi9ELi3EL9ap_q_mode0EL9a_57  |   in|    9|     ap_none|  p_ZZN4nnet24compute_output_buffer_2dINS_5arrayI8ap_fixedILi9ELi3EL9ap_q_mode0EL9a_57|       pointer|
|p_ZZN4nnet24compute_output_buffer_2dINS_5arrayI8ap_fixedILi9ELi3EL9ap_q_mode0EL9a_56  |   in|    9|     ap_none|  p_ZZN4nnet24compute_output_buffer_2dINS_5arrayI8ap_fixedILi9ELi3EL9ap_q_mode0EL9a_56|       pointer|
|p_ZZN4nnet24compute_output_buffer_2dINS_5arrayI8ap_fixedILi9ELi3EL9ap_q_mode0EL9a_55  |   in|    9|     ap_none|  p_ZZN4nnet24compute_output_buffer_2dINS_5arrayI8ap_fixedILi9ELi3EL9ap_q_mode0EL9a_55|       pointer|
|p_ZZN4nnet24compute_output_buffer_2dINS_5arrayI8ap_fixedILi9ELi3EL9ap_q_mode0EL9a_54  |   in|    9|     ap_none|  p_ZZN4nnet24compute_output_buffer_2dINS_5arrayI8ap_fixedILi9ELi3EL9ap_q_mode0EL9a_54|       pointer|
|p_ZZN4nnet24compute_output_buffer_2dINS_5arrayI8ap_fixedILi9ELi3EL9ap_q_mode0EL9a_53  |   in|    9|     ap_none|  p_ZZN4nnet24compute_output_buffer_2dINS_5arrayI8ap_fixedILi9ELi3EL9ap_q_mode0EL9a_53|       pointer|
|p_ZZN4nnet24compute_output_buffer_2dINS_5arrayI8ap_fixedILi9ELi3EL9ap_q_mode0EL9a_52  |   in|    9|     ap_none|  p_ZZN4nnet24compute_output_buffer_2dINS_5arrayI8ap_fixedILi9ELi3EL9ap_q_mode0EL9a_52|       pointer|
|p_ZZN4nnet24compute_output_buffer_2dINS_5arrayI8ap_fixedILi9ELi3EL9ap_q_mode0EL9a_51  |   in|    9|     ap_none|  p_ZZN4nnet24compute_output_buffer_2dINS_5arrayI8ap_fixedILi9ELi3EL9ap_q_mode0EL9a_51|       pointer|
|p_ZZN4nnet24compute_output_buffer_2dINS_5arrayI8ap_fixedILi9ELi3EL9ap_q_mode0EL9a_50  |   in|    9|     ap_none|  p_ZZN4nnet24compute_output_buffer_2dINS_5arrayI8ap_fixedILi9ELi3EL9ap_q_mode0EL9a_50|       pointer|
|p_ZZN4nnet24compute_output_buffer_2dINS_5arrayI8ap_fixedILi9ELi3EL9ap_q_mode0EL9a_49  |   in|    9|     ap_none|  p_ZZN4nnet24compute_output_buffer_2dINS_5arrayI8ap_fixedILi9ELi3EL9ap_q_mode0EL9a_49|       pointer|
|p_ZZN4nnet24compute_output_buffer_2dINS_5arrayI8ap_fixedILi9ELi3EL9ap_q_mode0EL9a_48  |   in|    9|     ap_none|  p_ZZN4nnet24compute_output_buffer_2dINS_5arrayI8ap_fixedILi9ELi3EL9ap_q_mode0EL9a_48|       pointer|
|p_ZZN4nnet24compute_output_buffer_2dINS_5arrayI8ap_fixedILi9ELi3EL9ap_q_mode0EL9a_47  |   in|    9|     ap_none|  p_ZZN4nnet24compute_output_buffer_2dINS_5arrayI8ap_fixedILi9ELi3EL9ap_q_mode0EL9a_47|       pointer|
|p_ZZN4nnet24compute_output_buffer_2dINS_5arrayI8ap_fixedILi9ELi3EL9ap_q_mode0EL9a_46  |   in|    9|     ap_none|  p_ZZN4nnet24compute_output_buffer_2dINS_5arrayI8ap_fixedILi9ELi3EL9ap_q_mode0EL9a_46|       pointer|
|p_ZZN4nnet24compute_output_buffer_2dINS_5arrayI8ap_fixedILi9ELi3EL9ap_q_mode0EL9a_45  |   in|    9|     ap_none|  p_ZZN4nnet24compute_output_buffer_2dINS_5arrayI8ap_fixedILi9ELi3EL9ap_q_mode0EL9a_45|       pointer|
|p_ZZN4nnet24compute_output_buffer_2dINS_5arrayI8ap_fixedILi9ELi3EL9ap_q_mode0EL9a_44  |   in|    9|     ap_none|  p_ZZN4nnet24compute_output_buffer_2dINS_5arrayI8ap_fixedILi9ELi3EL9ap_q_mode0EL9a_44|       pointer|
|p_ZZN4nnet24compute_output_buffer_2dINS_5arrayI8ap_fixedILi9ELi3EL9ap_q_mode0EL9a_43  |   in|    9|     ap_none|  p_ZZN4nnet24compute_output_buffer_2dINS_5arrayI8ap_fixedILi9ELi3EL9ap_q_mode0EL9a_43|       pointer|
|p_ZZN4nnet24compute_output_buffer_2dINS_5arrayI8ap_fixedILi9ELi3EL9ap_q_mode0EL9a_42  |   in|    9|     ap_none|  p_ZZN4nnet24compute_output_buffer_2dINS_5arrayI8ap_fixedILi9ELi3EL9ap_q_mode0EL9a_42|       pointer|
|p_ZZN4nnet24compute_output_buffer_2dINS_5arrayI8ap_fixedILi9ELi3EL9ap_q_mode0EL9a_41  |   in|    9|     ap_none|  p_ZZN4nnet24compute_output_buffer_2dINS_5arrayI8ap_fixedILi9ELi3EL9ap_q_mode0EL9a_41|       pointer|
|p_ZZN4nnet24compute_output_buffer_2dINS_5arrayI8ap_fixedILi9ELi3EL9ap_q_mode0EL9a_40  |   in|    9|     ap_none|  p_ZZN4nnet24compute_output_buffer_2dINS_5arrayI8ap_fixedILi9ELi3EL9ap_q_mode0EL9a_40|       pointer|
|p_ZZN4nnet24compute_output_buffer_2dINS_5arrayI8ap_fixedILi9ELi3EL9ap_q_mode0EL9a_39  |   in|    9|     ap_none|  p_ZZN4nnet24compute_output_buffer_2dINS_5arrayI8ap_fixedILi9ELi3EL9ap_q_mode0EL9a_39|       pointer|
|p_ZZN4nnet24compute_output_buffer_2dINS_5arrayI8ap_fixedILi9ELi3EL9ap_q_mode0EL9a_38  |   in|    9|     ap_none|  p_ZZN4nnet24compute_output_buffer_2dINS_5arrayI8ap_fixedILi9ELi3EL9ap_q_mode0EL9a_38|       pointer|
|p_ZZN4nnet24compute_output_buffer_2dINS_5arrayI8ap_fixedILi9ELi3EL9ap_q_mode0EL9a_37  |   in|    9|     ap_none|  p_ZZN4nnet24compute_output_buffer_2dINS_5arrayI8ap_fixedILi9ELi3EL9ap_q_mode0EL9a_37|       pointer|
|p_ZZN4nnet24compute_output_buffer_2dINS_5arrayI8ap_fixedILi9ELi3EL9ap_q_mode0EL9a_36  |   in|    9|     ap_none|  p_ZZN4nnet24compute_output_buffer_2dINS_5arrayI8ap_fixedILi9ELi3EL9ap_q_mode0EL9a_36|       pointer|
|p_ZZN4nnet24compute_output_buffer_2dINS_5arrayI8ap_fixedILi9ELi3EL9ap_q_mode0EL9a_35  |   in|    9|     ap_none|  p_ZZN4nnet24compute_output_buffer_2dINS_5arrayI8ap_fixedILi9ELi3EL9ap_q_mode0EL9a_35|       pointer|
|p_ZZN4nnet24compute_output_buffer_2dINS_5arrayI8ap_fixedILi9ELi3EL9ap_q_mode0EL9a_34  |   in|    9|     ap_none|  p_ZZN4nnet24compute_output_buffer_2dINS_5arrayI8ap_fixedILi9ELi3EL9ap_q_mode0EL9a_34|       pointer|
|p_ZZN4nnet24compute_output_buffer_2dINS_5arrayI8ap_fixedILi9ELi3EL9ap_q_mode0EL9a_33  |   in|    9|     ap_none|  p_ZZN4nnet24compute_output_buffer_2dINS_5arrayI8ap_fixedILi9ELi3EL9ap_q_mode0EL9a_33|       pointer|
|p_ZZN4nnet24compute_output_buffer_2dINS_5arrayI8ap_fixedILi9ELi3EL9ap_q_mode0EL9a_32  |   in|    9|     ap_none|  p_ZZN4nnet24compute_output_buffer_2dINS_5arrayI8ap_fixedILi9ELi3EL9ap_q_mode0EL9a_32|       pointer|
|p_ZZN4nnet24compute_output_buffer_2dINS_5arrayI8ap_fixedILi9ELi3EL9ap_q_mode0EL9a_31  |   in|    9|     ap_none|  p_ZZN4nnet24compute_output_buffer_2dINS_5arrayI8ap_fixedILi9ELi3EL9ap_q_mode0EL9a_31|       pointer|
|p_ZZN4nnet24compute_output_buffer_2dINS_5arrayI8ap_fixedILi9ELi3EL9ap_q_mode0EL9a_30  |   in|    9|     ap_none|  p_ZZN4nnet24compute_output_buffer_2dINS_5arrayI8ap_fixedILi9ELi3EL9ap_q_mode0EL9a_30|       pointer|
|p_ZZN4nnet24compute_output_buffer_2dINS_5arrayI8ap_fixedILi9ELi3EL9ap_q_mode0EL9a_29  |   in|    9|     ap_none|  p_ZZN4nnet24compute_output_buffer_2dINS_5arrayI8ap_fixedILi9ELi3EL9ap_q_mode0EL9a_29|       pointer|
|p_ZZN4nnet24compute_output_buffer_2dINS_5arrayI8ap_fixedILi9ELi3EL9ap_q_mode0EL9a_28  |   in|    9|     ap_none|  p_ZZN4nnet24compute_output_buffer_2dINS_5arrayI8ap_fixedILi9ELi3EL9ap_q_mode0EL9a_28|       pointer|
|p_ZZN4nnet24compute_output_buffer_2dINS_5arrayI8ap_fixedILi9ELi3EL9ap_q_mode0EL9a_27  |   in|    9|     ap_none|  p_ZZN4nnet24compute_output_buffer_2dINS_5arrayI8ap_fixedILi9ELi3EL9ap_q_mode0EL9a_27|       pointer|
|p_ZZN4nnet24compute_output_buffer_2dINS_5arrayI8ap_fixedILi9ELi3EL9ap_q_mode0EL9a_26  |   in|    9|     ap_none|  p_ZZN4nnet24compute_output_buffer_2dINS_5arrayI8ap_fixedILi9ELi3EL9ap_q_mode0EL9a_26|       pointer|
|p_ZZN4nnet24compute_output_buffer_2dINS_5arrayI8ap_fixedILi9ELi3EL9ap_q_mode0EL9a_25  |   in|    9|     ap_none|  p_ZZN4nnet24compute_output_buffer_2dINS_5arrayI8ap_fixedILi9ELi3EL9ap_q_mode0EL9a_25|       pointer|
|p_ZZN4nnet24compute_output_buffer_2dINS_5arrayI8ap_fixedILi9ELi3EL9ap_q_mode0EL9a_24  |   in|    9|     ap_none|  p_ZZN4nnet24compute_output_buffer_2dINS_5arrayI8ap_fixedILi9ELi3EL9ap_q_mode0EL9a_24|       pointer|
|p_ZZN4nnet24compute_output_buffer_2dINS_5arrayI8ap_fixedILi9ELi3EL9ap_q_mode0EL9a_23  |   in|    9|     ap_none|  p_ZZN4nnet24compute_output_buffer_2dINS_5arrayI8ap_fixedILi9ELi3EL9ap_q_mode0EL9a_23|       pointer|
|p_ZZN4nnet24compute_output_buffer_2dINS_5arrayI8ap_fixedILi9ELi3EL9ap_q_mode0EL9a_22  |   in|    9|     ap_none|  p_ZZN4nnet24compute_output_buffer_2dINS_5arrayI8ap_fixedILi9ELi3EL9ap_q_mode0EL9a_22|       pointer|
|p_ZZN4nnet24compute_output_buffer_2dINS_5arrayI8ap_fixedILi9ELi3EL9ap_q_mode0EL9a_21  |   in|    9|     ap_none|  p_ZZN4nnet24compute_output_buffer_2dINS_5arrayI8ap_fixedILi9ELi3EL9ap_q_mode0EL9a_21|       pointer|
|p_ZZN4nnet24compute_output_buffer_2dINS_5arrayI8ap_fixedILi9ELi3EL9ap_q_mode0EL9a_20  |   in|    9|     ap_none|  p_ZZN4nnet24compute_output_buffer_2dINS_5arrayI8ap_fixedILi9ELi3EL9ap_q_mode0EL9a_20|       pointer|
|p_ZZN4nnet24compute_output_buffer_2dINS_5arrayI8ap_fixedILi9ELi3EL9ap_q_mode0EL9a_19  |   in|    9|     ap_none|  p_ZZN4nnet24compute_output_buffer_2dINS_5arrayI8ap_fixedILi9ELi3EL9ap_q_mode0EL9a_19|       pointer|
|p_ZZN4nnet24compute_output_buffer_2dINS_5arrayI8ap_fixedILi9ELi3EL9ap_q_mode0EL9a_18  |   in|    9|     ap_none|  p_ZZN4nnet24compute_output_buffer_2dINS_5arrayI8ap_fixedILi9ELi3EL9ap_q_mode0EL9a_18|       pointer|
|p_ZZN4nnet24compute_output_buffer_2dINS_5arrayI8ap_fixedILi9ELi3EL9ap_q_mode0EL9a_17  |   in|    9|     ap_none|  p_ZZN4nnet24compute_output_buffer_2dINS_5arrayI8ap_fixedILi9ELi3EL9ap_q_mode0EL9a_17|       pointer|
|p_ZZN4nnet24compute_output_buffer_2dINS_5arrayI8ap_fixedILi9ELi3EL9ap_q_mode0EL9a_16  |   in|    9|     ap_none|  p_ZZN4nnet24compute_output_buffer_2dINS_5arrayI8ap_fixedILi9ELi3EL9ap_q_mode0EL9a_16|       pointer|
|p_ZZN4nnet24compute_output_buffer_2dINS_5arrayI8ap_fixedILi9ELi3EL9ap_q_mode0EL9a_15  |   in|    9|     ap_none|  p_ZZN4nnet24compute_output_buffer_2dINS_5arrayI8ap_fixedILi9ELi3EL9ap_q_mode0EL9a_15|       pointer|
|p_ZZN4nnet24compute_output_buffer_2dINS_5arrayI8ap_fixedILi9ELi3EL9ap_q_mode0EL9a_14  |   in|    9|     ap_none|  p_ZZN4nnet24compute_output_buffer_2dINS_5arrayI8ap_fixedILi9ELi3EL9ap_q_mode0EL9a_14|       pointer|
|p_ZZN4nnet24compute_output_buffer_2dINS_5arrayI8ap_fixedILi9ELi3EL9ap_q_mode0EL9a_13  |   in|    9|     ap_none|  p_ZZN4nnet24compute_output_buffer_2dINS_5arrayI8ap_fixedILi9ELi3EL9ap_q_mode0EL9a_13|       pointer|
|p_ZZN4nnet24compute_output_buffer_2dINS_5arrayI8ap_fixedILi9ELi3EL9ap_q_mode0EL9a_12  |   in|    9|     ap_none|  p_ZZN4nnet24compute_output_buffer_2dINS_5arrayI8ap_fixedILi9ELi3EL9ap_q_mode0EL9a_12|       pointer|
|p_ZZN4nnet24compute_output_buffer_2dINS_5arrayI8ap_fixedILi9ELi3EL9ap_q_mode0EL9a_11  |   in|    9|     ap_none|  p_ZZN4nnet24compute_output_buffer_2dINS_5arrayI8ap_fixedILi9ELi3EL9ap_q_mode0EL9a_11|       pointer|
|p_ZZN4nnet24compute_output_buffer_2dINS_5arrayI8ap_fixedILi9ELi3EL9ap_q_mode0EL9a_10  |   in|    9|     ap_none|  p_ZZN4nnet24compute_output_buffer_2dINS_5arrayI8ap_fixedILi9ELi3EL9ap_q_mode0EL9a_10|       pointer|
|p_ZZN4nnet24compute_output_buffer_2dINS_5arrayI8ap_fixedILi9ELi3EL9ap_q_mode0EL9a_9   |   in|    9|     ap_none|   p_ZZN4nnet24compute_output_buffer_2dINS_5arrayI8ap_fixedILi9ELi3EL9ap_q_mode0EL9a_9|       pointer|
|p_ZZN4nnet24compute_output_buffer_2dINS_5arrayI8ap_fixedILi9ELi3EL9ap_q_mode0EL9a_8   |   in|    9|     ap_none|   p_ZZN4nnet24compute_output_buffer_2dINS_5arrayI8ap_fixedILi9ELi3EL9ap_q_mode0EL9a_8|       pointer|
|p_ZZN4nnet24compute_output_buffer_2dINS_5arrayI8ap_fixedILi9ELi3EL9ap_q_mode0EL9a_7   |   in|    9|     ap_none|   p_ZZN4nnet24compute_output_buffer_2dINS_5arrayI8ap_fixedILi9ELi3EL9ap_q_mode0EL9a_7|       pointer|
|p_ZZN4nnet24compute_output_buffer_2dINS_5arrayI8ap_fixedILi9ELi3EL9ap_q_mode0EL9a_6   |   in|    9|     ap_none|   p_ZZN4nnet24compute_output_buffer_2dINS_5arrayI8ap_fixedILi9ELi3EL9ap_q_mode0EL9a_6|       pointer|
|p_ZZN4nnet24compute_output_buffer_2dINS_5arrayI8ap_fixedILi9ELi3EL9ap_q_mode0EL9a_5   |   in|    9|     ap_none|   p_ZZN4nnet24compute_output_buffer_2dINS_5arrayI8ap_fixedILi9ELi3EL9ap_q_mode0EL9a_5|       pointer|
|p_ZZN4nnet24compute_output_buffer_2dINS_5arrayI8ap_fixedILi9ELi3EL9ap_q_mode0EL9a_4   |   in|    9|     ap_none|   p_ZZN4nnet24compute_output_buffer_2dINS_5arrayI8ap_fixedILi9ELi3EL9ap_q_mode0EL9a_4|       pointer|
|p_ZZN4nnet24compute_output_buffer_2dINS_5arrayI8ap_fixedILi9ELi3EL9ap_q_mode0EL9a_3   |   in|    9|     ap_none|   p_ZZN4nnet24compute_output_buffer_2dINS_5arrayI8ap_fixedILi9ELi3EL9ap_q_mode0EL9a_3|       pointer|
|p_ZZN4nnet24compute_output_buffer_2dINS_5arrayI8ap_fixedILi9ELi3EL9ap_q_mode0EL9a_2   |   in|    9|     ap_none|   p_ZZN4nnet24compute_output_buffer_2dINS_5arrayI8ap_fixedILi9ELi3EL9ap_q_mode0EL9a_2|       pointer|
|p_ZZN4nnet24compute_output_buffer_2dINS_5arrayI8ap_fixedILi9ELi3EL9ap_q_mode0EL9a_1   |   in|    9|     ap_none|   p_ZZN4nnet24compute_output_buffer_2dINS_5arrayI8ap_fixedILi9ELi3EL9ap_q_mode0EL9a_1|       pointer|
|p_ZZN4nnet24compute_output_buffer_2dINS_5arrayI8ap_fixedILi9ELi3EL9ap_q_mode0EL9a     |   in|    9|     ap_none|     p_ZZN4nnet24compute_output_buffer_2dINS_5arrayI8ap_fixedILi9ELi3EL9ap_q_mode0EL9a|       pointer|
+--------------------------------------------------------------------------------------+-----+-----+------------+--------------------------------------------------------------------------------------+--------------+

