

================================================================
== Vitis HLS Report for 'dense_resource_rf_gt_nin_rem0_ap_fixed_ap_fixed_12_6_0_3_0_config15_mult_s'
================================================================
* Date:           Tue May  5 04:59:12 2026

* Version:        2025.2 (Build 6295257 on Nov 14 2025)
* Project:        cifar10_axis_wrapper_prj
* Solution:       solution1 (Vivado IP Flow Target)
* Product family: zynq
* Target device:  xc7z010-clg400-1


================================================================
== Performance Estimates
================================================================
+ Timing: 
    * Summary: 
    +--------+----------+-----------+------------+
    |  Clock |  Target  | Estimated | Uncertainty|
    +--------+----------+-----------+------------+
    |ap_clk  |  10.00 ns|  11.696 ns|     2.70 ns|
    +--------+----------+-----------+------------+

+ Latency: 
    * Summary: 
    +---------+---------+----------+----------+-----+-----+-------------------------------------------+
    |  Latency (cycles) |  Latency (absolute) |  Interval |                  Pipeline                 |
    |   min   |   max   |    min   |    max   | min | max |                    Type                   |
    +---------+---------+----------+----------+-----+-----+-------------------------------------------+
    |      242|      243|  2.831 us|  2.842 us|  240|  240|  loop rewind stp (delay=0 clock cycles(s))|
    +---------+---------+----------+----------+-----+-----+-------------------------------------------+

    + Detail: 
        * Instance: 
        N/A

        * Loop: 
        +-------------+---------+---------+----------+-----------+-----------+------+----------+
        |             |  Latency (cycles) | Iteration|  Initiation Interval  | Trip |          |
        |  Loop Name  |   min   |   max   |  Latency |  achieved |   target  | Count| Pipelined|
        +-------------+---------+---------+----------+-----------+-----------+------+----------+
        |- ReuseLoop  |      242|      242|         4|          1|          1|   240|       yes|
        +-------------+---------+---------+----------+-----------+-----------+------+----------+



================================================================
== Utilization Estimates
================================================================
* Summary: 
+-----------------+---------+----+-------+-------+-----+
|       Name      | BRAM_18K| DSP|   FF  |  LUT  | URAM|
+-----------------+---------+----+-------+-------+-----+
|DSP              |        -|   -|      -|      -|    -|
|Expression       |        -|   -|      0|    364|    -|
|FIFO             |        -|   -|      -|      -|    -|
|Instance         |        -|   1|      0|   1449|    -|
|Memory           |        0|   -|      4|     15|    -|
|Multiplexer      |        -|   -|      0|   1449|    -|
|Register         |        -|   -|   1277|     32|    -|
+-----------------+---------+----+-------+-------+-----+
|Total            |        0|   1|   1281|   3309|    0|
+-----------------+---------+----+-------+-------+-----+
|Available        |      120|  80|  35200|  17600|    0|
+-----------------+---------+----+-------+-------+-----+
|Utilization (%)  |        0|   1|      3|     18|    0|
+-----------------+---------+----+-------+-------+-----+

+ Detail: 
    * Instance: 
    +----------------------------+-----------------------+---------+----+---+------+-----+
    |          Instance          |         Module        | BRAM_18K| DSP| FF|  LUT | URAM|
    +----------------------------+-----------------------+---------+----+---+------+-----+
    |mul_11s_8s_19_1_1_U606      |mul_11s_8s_19_1_1      |        0|   1|  0|     6|    0|
    |sparsemux_21_4_17_1_1_U607  |sparsemux_21_4_17_1_1  |        0|   0|  0|    53|    0|
    |sparsemux_481_8_8_1_1_U605  |sparsemux_481_8_8_1_1  |        0|   0|  0|  1277|    0|
    |sparsemux_49_5_11_1_1_U604  |sparsemux_49_5_11_1_1  |        0|   0|  0|   113|    0|
    +----------------------------+-----------------------+---------+----+---+------+-----+
    |Total                       |                       |        0|   1|  0|  1449|    0|
    +----------------------------+-----------------------+---------+----+---+------+-----+

    * DSP: 
    N/A

    * Memory: 
    +-------------+----------------------------------------------------------------------------------+---------+---+----+-----+------+-----+------+-------------+
    |    Memory   |                                      Module                                      | BRAM_18K| FF| LUT| URAM| Words| Bits| Banks| W*Bits*Banks|
    +-------------+----------------------------------------------------------------------------------+---------+---+----+-----+------+-----+------+-------------+
    |outidx_89_U  |dense_resource_rf_gt_nin_rem0_ap_fixed_ap_fixed_12_6_0_3_0_config15_mult_s_ou6jw  |        0|  4|  15|    0|   240|    4|     1|          960|
    +-------------+----------------------------------------------------------------------------------+---------+---+----+-----+------+-----+------+-------------+
    |Total        |                                                                                  |        0|  4|  15|    0|   240|    4|     1|          960|
    +-------------+----------------------------------------------------------------------------------+---------+---+----+-----+------+-----+------+-------------+

    * FIFO: 
    N/A

    * Expression: 
    +-------------------------+----------+----+---+----+------------+------------+
    |      Variable Name      | Operation| DSP| FF| LUT| Bitwidth P0| Bitwidth P1|
    +-------------------------+----------+----+---+----+------------+------------+
    |acc_54_fu_3656_p2        |         +|   0|  0|  24|          17|          17|
    |add_ln111_10_fu_3832_p2  |         +|   0|  0|  12|          12|          12|
    |add_ln111_11_fu_3860_p2  |         +|   0|  0|  12|          12|          12|
    |add_ln111_12_fu_3888_p2  |         +|   0|  0|  12|          12|          12|
    |add_ln111_13_fu_3916_p2  |         +|   0|  0|  12|          12|          12|
    |add_ln111_14_fu_3944_p2  |         +|   0|  0|  12|          12|          12|
    |add_ln111_15_fu_3972_p2  |         +|   0|  0|  12|          12|          12|
    |add_ln111_16_fu_4000_p2  |         +|   0|  0|  12|          12|          12|
    |add_ln111_8_fu_3776_p2   |         +|   0|  0|  12|          12|          12|
    |add_ln111_9_fu_3804_p2   |         +|   0|  0|  12|          12|          12|
    |add_ln111_fu_3748_p2     |         +|   0|  0|  12|          12|          12|
    |add_ln144_fu_3595_p2     |         +|   0|  0|  24|          17|          17|
    |in_index_fu_3533_p2      |         +|   0|  0|  39|          32|           1|
    |w_index_fu_3527_p2       |         +|   0|  0|  15|           8|           1|
    |sub_ln144_fu_3662_p2     |         -|   0|  0|  25|           1|          18|
    |ap_condition_297         |       and|   0|  0|   2|           1|           1|
    |ap_condition_37          |       and|   0|  0|   2|           1|           1|
    |icmp_ln135_fu_3553_p2    |      icmp|   0|  0|  15|           8|           6|
    |icmp_ln144_fu_3668_p2    |      icmp|   0|  0|  25|          18|          18|
    |icmp_ln154_fu_3539_p2    |      icmp|   0|  0|  39|          32|           5|
    |in_index_6_fu_3545_p3    |    select|   0|  0|  32|           1|           1|
    |ap_enable_pp0            |       xor|   0|  0|   2|           1|           2|
    +-------------------------+----------+----+---+----+------------+------------+
    |Total                    |          |   0|  0| 364|         257|         208|
    +-------------------------+----------+----+---+----+------------+------------+

    * Multiplexer: 
    +---------------------------------------------+----+-----------+-----+-----------+
    |                     Name                    | LUT| Input Size| Bits| Total Bits|
    +---------------------------------------------+----+-----------+-----+-----------+
    |acc22_reg_1555                               |   9|          2|   17|         34|
    |acc_25_reg_1675                              |   9|          2|   17|         34|
    |acc_26_reg_1660                              |   9|          2|   17|         34|
    |acc_48_reg_1645                              |   9|          2|   17|         34|
    |acc_49_reg_1630                              |   9|          2|   17|         34|
    |acc_50_reg_1615                              |   9|          2|   17|         34|
    |acc_51_reg_1600                              |   9|          2|   17|         34|
    |acc_52_reg_1585                              |   9|          2|   17|         34|
    |acc_53_reg_1570                              |   9|          2|   17|         34|
    |acc_reg_1690                                 |   9|          2|   17|         34|
    |ap_NS_fsm                                    |  14|          3|    1|          3|
    |ap_enable_reg_pp0_iter1                      |   9|          2|    1|          2|
    |ap_enable_reg_pp0_iter3                      |   9|          2|    1|          2|
    |ap_phi_mux_acc22_phi_fu_1559_p6              |  14|          3|   17|         51|
    |ap_phi_mux_acc_25_phi_fu_1679_p6             |  14|          3|   17|         51|
    |ap_phi_mux_acc_26_phi_fu_1664_p6             |  14|          3|   17|         51|
    |ap_phi_mux_acc_27_phi_fu_2051_p22            |  14|          3|   17|         51|
    |ap_phi_mux_acc_28_phi_fu_2013_p22            |  14|          3|   17|         51|
    |ap_phi_mux_acc_29_phi_fu_1975_p22            |  14|          3|   17|         51|
    |ap_phi_mux_acc_30_phi_fu_1937_p22            |  14|          3|   17|         51|
    |ap_phi_mux_acc_31_phi_fu_1899_p22            |  14|          3|   17|         51|
    |ap_phi_mux_acc_32_phi_fu_1861_p22            |  14|          3|   17|         51|
    |ap_phi_mux_acc_33_phi_fu_1823_p22            |  14|          3|   17|         51|
    |ap_phi_mux_acc_34_phi_fu_1785_p22            |  14|          3|   17|         51|
    |ap_phi_mux_acc_35_phi_fu_1747_p22            |   9|          2|   17|         34|
    |ap_phi_mux_acc_36_phi_fu_1708_p22            |  14|          3|   17|         51|
    |ap_phi_mux_acc_48_phi_fu_1649_p6             |  14|          3|   17|         51|
    |ap_phi_mux_acc_49_phi_fu_1634_p6             |  14|          3|   17|         51|
    |ap_phi_mux_acc_50_phi_fu_1619_p6             |  14|          3|   17|         51|
    |ap_phi_mux_acc_51_phi_fu_1604_p6             |  14|          3|   17|         51|
    |ap_phi_mux_acc_52_phi_fu_1589_p6             |  14|          3|   17|         51|
    |ap_phi_mux_acc_53_phi_fu_1574_p6             |  14|          3|   17|         51|
    |ap_phi_mux_acc_55_phi_fu_2414_p20            |  14|          3|   17|         51|
    |ap_phi_mux_acc_56_phi_fu_2378_p20            |  14|          3|   17|         51|
    |ap_phi_mux_acc_57_phi_fu_2342_p20            |  14|          3|   17|         51|
    |ap_phi_mux_acc_58_phi_fu_2306_p20            |  14|          3|   17|         51|
    |ap_phi_mux_acc_59_phi_fu_2270_p20            |  14|          3|   17|         51|
    |ap_phi_mux_acc_60_phi_fu_2234_p20            |  14|          3|   17|         51|
    |ap_phi_mux_acc_61_phi_fu_2198_p20            |  14|          3|   17|         51|
    |ap_phi_mux_acc_62_phi_fu_2162_p20            |  14|          3|   17|         51|
    |ap_phi_mux_acc_63_phi_fu_2126_p20            |  14|          3|   17|         51|
    |ap_phi_mux_acc_64_phi_fu_2090_p20            |  14|          3|   17|         51|
    |ap_phi_mux_acc_phi_fu_1694_p6                |  14|          3|   17|         51|
    |ap_phi_mux_data_0_val31_phi_phi_fu_1247_p4   |  14|          3|   11|         33|
    |ap_phi_mux_data_10_val41_phi_phi_fu_1377_p4  |  14|          3|   11|         33|
    |ap_phi_mux_data_11_val42_phi_phi_fu_1390_p4  |  14|          3|   11|         33|
    |ap_phi_mux_data_12_val43_phi_phi_fu_1403_p4  |  14|          3|   11|         33|
    |ap_phi_mux_data_13_val44_phi_phi_fu_1416_p4  |  14|          3|   11|         33|
    |ap_phi_mux_data_14_val45_phi_phi_fu_1429_p4  |  14|          3|   11|         33|
    |ap_phi_mux_data_15_val46_phi_phi_fu_1442_p4  |  14|          3|   11|         33|
    |ap_phi_mux_data_16_val47_phi_phi_fu_1455_p4  |  14|          3|   11|         33|
    |ap_phi_mux_data_17_val48_phi_phi_fu_1468_p4  |  14|          3|   11|         33|
    |ap_phi_mux_data_18_val49_phi_phi_fu_1481_p4  |  14|          3|   11|         33|
    |ap_phi_mux_data_19_val50_phi_phi_fu_1494_p4  |  14|          3|   11|         33|
    |ap_phi_mux_data_1_val32_phi_phi_fu_1260_p4   |  14|          3|   11|         33|
    |ap_phi_mux_data_20_val51_phi_phi_fu_1507_p4  |  14|          3|   11|         33|
    |ap_phi_mux_data_21_val52_phi_phi_fu_1520_p4  |  14|          3|   11|         33|
    |ap_phi_mux_data_22_val53_phi_phi_fu_1533_p4  |  14|          3|   11|         33|
    |ap_phi_mux_data_23_val54_phi_phi_fu_1546_p4  |  14|          3|   11|         33|
    |ap_phi_mux_data_2_val33_phi_phi_fu_1273_p4   |  14|          3|   11|         33|
    |ap_phi_mux_data_3_val34_phi_phi_fu_1286_p4   |  14|          3|   11|         33|
    |ap_phi_mux_data_4_val35_phi_phi_fu_1299_p4   |  14|          3|   11|         33|
    |ap_phi_mux_data_5_val36_phi_phi_fu_1312_p4   |  14|          3|   11|         33|
    |ap_phi_mux_data_6_val37_phi_phi_fu_1325_p4   |  14|          3|   11|         33|
    |ap_phi_mux_data_7_val38_phi_phi_fu_1338_p4   |  14|          3|   11|         33|
    |ap_phi_mux_data_8_val39_phi_phi_fu_1351_p4   |  14|          3|   11|         33|
    |ap_phi_mux_data_9_val40_phi_phi_fu_1364_p4   |  14|          3|   11|         33|
    |ap_phi_mux_do_init_phi_fu_867_p6             |  14|          3|    1|          3|
    |ap_phi_mux_in_index_5_phi_fu_1219_p6         |  14|          3|   32|         96|
    |ap_phi_mux_ir_phi_fu_1233_p6                 |  14|          3|    8|         24|
    |ap_phi_reg_pp0_iter3_acc_27_reg_2048         |   9|          2|   17|         34|
    |ap_phi_reg_pp0_iter3_acc_28_reg_2010         |   9|          2|   17|         34|
    |ap_phi_reg_pp0_iter3_acc_29_reg_1972         |   9|          2|   17|         34|
    |ap_phi_reg_pp0_iter3_acc_30_reg_1934         |   9|          2|   17|         34|
    |ap_phi_reg_pp0_iter3_acc_31_reg_1896         |   9|          2|   17|         34|
    |ap_phi_reg_pp0_iter3_acc_32_reg_1858         |   9|          2|   17|         34|
    |ap_phi_reg_pp0_iter3_acc_33_reg_1820         |   9|          2|   17|         34|
    |ap_phi_reg_pp0_iter3_acc_34_reg_1782         |   9|          2|   17|         34|
    |ap_phi_reg_pp0_iter3_acc_35_reg_1743         |   9|          2|   17|         34|
    |ap_phi_reg_pp0_iter3_acc_36_reg_1705         |   9|          2|   17|         34|
    |ap_return_0                                  |   9|          2|   12|         24|
    |ap_return_1                                  |   9|          2|   12|         24|
    |ap_return_2                                  |   9|          2|   12|         24|
    |ap_return_3                                  |   9|          2|   12|         24|
    |ap_return_4                                  |   9|          2|   12|         24|
    |ap_return_5                                  |   9|          2|   12|         24|
    |ap_return_6                                  |   9|          2|   12|         24|
    |ap_return_7                                  |   9|          2|   12|         24|
    |ap_return_8                                  |   9|          2|   12|         24|
    |ap_return_9                                  |   9|          2|   12|         24|
    |data_0_val31_phi_reg_1243                    |  14|          3|   11|         33|
    |data_10_val41_phi_reg_1373                   |  14|          3|   11|         33|
    |data_11_val42_phi_reg_1386                   |  14|          3|   11|         33|
    |data_12_val43_phi_reg_1399                   |  14|          3|   11|         33|
    |data_13_val44_phi_reg_1412                   |  14|          3|   11|         33|
    |data_14_val45_phi_reg_1425                   |  14|          3|   11|         33|
    |data_15_val46_phi_reg_1438                   |  14|          3|   11|         33|
    |data_16_val47_phi_reg_1451                   |  14|          3|   11|         33|
    |data_17_val48_phi_reg_1464                   |  14|          3|   11|         33|
    |data_18_val49_phi_reg_1477                   |  14|          3|   11|         33|
    |data_19_val50_phi_reg_1490                   |  14|          3|   11|         33|
    |data_1_val32_phi_reg_1256                    |  14|          3|   11|         33|
    |data_20_val51_phi_reg_1503                   |  14|          3|   11|         33|
    |data_21_val52_phi_reg_1516                   |  14|          3|   11|         33|
    |data_22_val53_phi_reg_1529                   |  14|          3|   11|         33|
    |data_23_val54_phi_reg_1542                   |  14|          3|   11|         33|
    |data_2_val33_phi_reg_1269                    |  14|          3|   11|         33|
    |data_3_val34_phi_reg_1282                    |  14|          3|   11|         33|
    |data_4_val35_phi_reg_1295                    |  14|          3|   11|         33|
    |data_5_val36_phi_reg_1308                    |  14|          3|   11|         33|
    |data_6_val37_phi_reg_1321                    |  14|          3|   11|         33|
    |data_7_val38_phi_reg_1334                    |  14|          3|   11|         33|
    |data_8_val39_phi_reg_1347                    |  14|          3|   11|         33|
    |data_9_val40_phi_reg_1360                    |  14|          3|   11|         33|
    |in_index_5_reg_1215                          |   9|          2|   32|         64|
    |ir_reg_1229                                  |   9|          2|    8|         16|
    +---------------------------------------------+----+-----------+-----+-----------+
    |Total                                        |1449|        313| 1582|       4227|
    +---------------------------------------------+----+-----------+-----+-----------+

    * Register: 
    +--------------------------------------+----+----+-----+-----------+
    |                 Name                 | FF | LUT| Bits| Const Bits|
    +--------------------------------------+----+----+-----+-----------+
    |a_reg_4075                            |  11|   0|   11|          0|
    |acc22_reg_1555                        |  17|   0|   17|          0|
    |acc_25_reg_1675                       |  17|   0|   17|          0|
    |acc_26_reg_1660                       |  17|   0|   17|          0|
    |acc_48_reg_1645                       |  17|   0|   17|          0|
    |acc_49_reg_1630                       |  17|   0|   17|          0|
    |acc_50_reg_1615                       |  17|   0|   17|          0|
    |acc_51_reg_1600                       |  17|   0|   17|          0|
    |acc_52_reg_1585                       |  17|   0|   17|          0|
    |acc_53_reg_1570                       |  17|   0|   17|          0|
    |acc_54_reg_4116                       |  17|   0|   17|          0|
    |acc_reg_1690                          |  17|   0|   17|          0|
    |ap_CS_fsm                             |   2|   0|    2|          0|
    |ap_enable_reg_pp0_iter1               |   1|   0|    1|          0|
    |ap_enable_reg_pp0_iter2               |   1|   0|    1|          0|
    |ap_enable_reg_pp0_iter3               |   1|   0|    1|          0|
    |ap_phi_reg_pp0_iter1_acc_27_reg_2048  |  17|   0|   17|          0|
    |ap_phi_reg_pp0_iter1_acc_28_reg_2010  |  17|   0|   17|          0|
    |ap_phi_reg_pp0_iter1_acc_29_reg_1972  |  17|   0|   17|          0|
    |ap_phi_reg_pp0_iter1_acc_30_reg_1934  |  17|   0|   17|          0|
    |ap_phi_reg_pp0_iter1_acc_31_reg_1896  |  17|   0|   17|          0|
    |ap_phi_reg_pp0_iter1_acc_32_reg_1858  |  17|   0|   17|          0|
    |ap_phi_reg_pp0_iter1_acc_33_reg_1820  |  17|   0|   17|          0|
    |ap_phi_reg_pp0_iter1_acc_34_reg_1782  |  17|   0|   17|          0|
    |ap_phi_reg_pp0_iter1_acc_35_reg_1743  |  17|   0|   17|          0|
    |ap_phi_reg_pp0_iter1_acc_36_reg_1705  |  17|   0|   17|          0|
    |ap_phi_reg_pp0_iter2_acc_27_reg_2048  |  17|   0|   17|          0|
    |ap_phi_reg_pp0_iter2_acc_28_reg_2010  |  17|   0|   17|          0|
    |ap_phi_reg_pp0_iter2_acc_29_reg_1972  |  17|   0|   17|          0|
    |ap_phi_reg_pp0_iter2_acc_30_reg_1934  |  17|   0|   17|          0|
    |ap_phi_reg_pp0_iter2_acc_31_reg_1896  |  17|   0|   17|          0|
    |ap_phi_reg_pp0_iter2_acc_32_reg_1858  |  17|   0|   17|          0|
    |ap_phi_reg_pp0_iter2_acc_33_reg_1820  |  17|   0|   17|          0|
    |ap_phi_reg_pp0_iter2_acc_34_reg_1782  |  17|   0|   17|          0|
    |ap_phi_reg_pp0_iter2_acc_35_reg_1743  |  17|   0|   17|          0|
    |ap_phi_reg_pp0_iter2_acc_36_reg_1705  |  17|   0|   17|          0|
    |ap_phi_reg_pp0_iter3_acc_27_reg_2048  |  17|   0|   17|          0|
    |ap_phi_reg_pp0_iter3_acc_28_reg_2010  |  17|   0|   17|          0|
    |ap_phi_reg_pp0_iter3_acc_29_reg_1972  |  17|   0|   17|          0|
    |ap_phi_reg_pp0_iter3_acc_30_reg_1934  |  17|   0|   17|          0|
    |ap_phi_reg_pp0_iter3_acc_31_reg_1896  |  17|   0|   17|          0|
    |ap_phi_reg_pp0_iter3_acc_32_reg_1858  |  17|   0|   17|          0|
    |ap_phi_reg_pp0_iter3_acc_33_reg_1820  |  17|   0|   17|          0|
    |ap_phi_reg_pp0_iter3_acc_34_reg_1782  |  17|   0|   17|          0|
    |ap_phi_reg_pp0_iter3_acc_35_reg_1743  |  17|   0|   17|          0|
    |ap_phi_reg_pp0_iter3_acc_36_reg_1705  |  17|   0|   17|          0|
    |ap_return_0_preg                      |  12|   0|   12|          0|
    |ap_return_1_preg                      |  12|   0|   12|          0|
    |ap_return_2_preg                      |  12|   0|   12|          0|
    |ap_return_3_preg                      |  12|   0|   12|          0|
    |ap_return_4_preg                      |  12|   0|   12|          0|
    |ap_return_5_preg                      |  12|   0|   12|          0|
    |ap_return_6_preg                      |  12|   0|   12|          0|
    |ap_return_7_preg                      |  12|   0|   12|          0|
    |ap_return_8_preg                      |  12|   0|   12|          0|
    |ap_return_9_preg                      |  12|   0|   12|          0|
    |data_0_val31_phi_reg_1243             |  11|   0|   11|          0|
    |data_10_val41_phi_reg_1373            |  11|   0|   11|          0|
    |data_11_val42_phi_reg_1386            |  11|   0|   11|          0|
    |data_12_val43_phi_reg_1399            |  11|   0|   11|          0|
    |data_13_val44_phi_reg_1412            |  11|   0|   11|          0|
    |data_14_val45_phi_reg_1425            |  11|   0|   11|          0|
    |data_15_val46_phi_reg_1438            |  11|   0|   11|          0|
    |data_16_val47_phi_reg_1451            |  11|   0|   11|          0|
    |data_17_val48_phi_reg_1464            |  11|   0|   11|          0|
    |data_18_val49_phi_reg_1477            |  11|   0|   11|          0|
    |data_19_val50_phi_reg_1490            |  11|   0|   11|          0|
    |data_1_val32_phi_reg_1256             |  11|   0|   11|          0|
    |data_20_val51_phi_reg_1503            |  11|   0|   11|          0|
    |data_21_val52_phi_reg_1516            |  11|   0|   11|          0|
    |data_22_val53_phi_reg_1529            |  11|   0|   11|          0|
    |data_23_val54_phi_reg_1542            |  11|   0|   11|          0|
    |data_2_val33_phi_reg_1269             |  11|   0|   11|          0|
    |data_3_val34_phi_reg_1282             |  11|   0|   11|          0|
    |data_4_val35_phi_reg_1295             |  11|   0|   11|          0|
    |data_5_val36_phi_reg_1308             |  11|   0|   11|          0|
    |data_6_val37_phi_reg_1321             |  11|   0|   11|          0|
    |data_7_val38_phi_reg_1334             |  11|   0|   11|          0|
    |data_8_val39_phi_reg_1347             |  11|   0|   11|          0|
    |data_9_val40_phi_reg_1360             |  11|   0|   11|          0|
    |do_init_reg_863                       |   1|   0|    1|          0|
    |icmp_ln135_reg_4095                   |   1|   0|    1|          0|
    |icmp_ln144_reg_4130                   |   1|   0|    1|          0|
    |in_index_5_reg_1215                   |  32|   0|   32|          0|
    |in_index_6_reg_4090                   |  32|   0|   32|          0|
    |ir_reg_1229                           |   8|   0|    8|          0|
    |out_index_reg_4099                    |   4|   0|    4|          0|
    |out_index_reg_4099_pp0_iter2_reg      |   4|   0|    4|          0|
    |tmp_reg_4111                          |   1|   0|    1|          0|
    |trunc_ln6_reg_4106                    |  16|   0|   16|          0|
    |w_index_reg_4085                      |   8|   0|    8|          0|
    |w_reg_4080                            |   8|   0|    8|          0|
    |icmp_ln135_reg_4095                   |  64|  32|    1|          0|
    +--------------------------------------+----+----+-----+-----------+
    |Total                                 |1277|  32| 1214|          0|
    +--------------------------------------+----+----+-----+-----------+



================================================================
== Interface
================================================================
* Summary: 
+-------------+-----+-----+------------+----------------------------------------------------------------------------+--------------+
|  RTL Ports  | Dir | Bits|  Protocol  |                                Source Object                               |    C Type    |
+-------------+-----+-----+------------+----------------------------------------------------------------------------+--------------+
|ap_clk       |   in|    1|  ap_ctrl_hs|  dense_resource_rf_gt_nin_rem0<ap_fixed,ap_fixed<12,6,0,3,0>,config15_mult>|  return value|
|ap_rst       |   in|    1|  ap_ctrl_hs|  dense_resource_rf_gt_nin_rem0<ap_fixed,ap_fixed<12,6,0,3,0>,config15_mult>|  return value|
|ap_start     |   in|    1|  ap_ctrl_hs|  dense_resource_rf_gt_nin_rem0<ap_fixed,ap_fixed<12,6,0,3,0>,config15_mult>|  return value|
|ap_done      |  out|    1|  ap_ctrl_hs|  dense_resource_rf_gt_nin_rem0<ap_fixed,ap_fixed<12,6,0,3,0>,config15_mult>|  return value|
|ap_idle      |  out|    1|  ap_ctrl_hs|  dense_resource_rf_gt_nin_rem0<ap_fixed,ap_fixed<12,6,0,3,0>,config15_mult>|  return value|
|ap_ready     |  out|    1|  ap_ctrl_hs|  dense_resource_rf_gt_nin_rem0<ap_fixed,ap_fixed<12,6,0,3,0>,config15_mult>|  return value|
|ap_return_0  |  out|   12|  ap_ctrl_hs|  dense_resource_rf_gt_nin_rem0<ap_fixed,ap_fixed<12,6,0,3,0>,config15_mult>|  return value|
|ap_return_1  |  out|   12|  ap_ctrl_hs|  dense_resource_rf_gt_nin_rem0<ap_fixed,ap_fixed<12,6,0,3,0>,config15_mult>|  return value|
|ap_return_2  |  out|   12|  ap_ctrl_hs|  dense_resource_rf_gt_nin_rem0<ap_fixed,ap_fixed<12,6,0,3,0>,config15_mult>|  return value|
|ap_return_3  |  out|   12|  ap_ctrl_hs|  dense_resource_rf_gt_nin_rem0<ap_fixed,ap_fixed<12,6,0,3,0>,config15_mult>|  return value|
|ap_return_4  |  out|   12|  ap_ctrl_hs|  dense_resource_rf_gt_nin_rem0<ap_fixed,ap_fixed<12,6,0,3,0>,config15_mult>|  return value|
|ap_return_5  |  out|   12|  ap_ctrl_hs|  dense_resource_rf_gt_nin_rem0<ap_fixed,ap_fixed<12,6,0,3,0>,config15_mult>|  return value|
|ap_return_6  |  out|   12|  ap_ctrl_hs|  dense_resource_rf_gt_nin_rem0<ap_fixed,ap_fixed<12,6,0,3,0>,config15_mult>|  return value|
|ap_return_7  |  out|   12|  ap_ctrl_hs|  dense_resource_rf_gt_nin_rem0<ap_fixed,ap_fixed<12,6,0,3,0>,config15_mult>|  return value|
|ap_return_8  |  out|   12|  ap_ctrl_hs|  dense_resource_rf_gt_nin_rem0<ap_fixed,ap_fixed<12,6,0,3,0>,config15_mult>|  return value|
|ap_return_9  |  out|   12|  ap_ctrl_hs|  dense_resource_rf_gt_nin_rem0<ap_fixed,ap_fixed<12,6,0,3,0>,config15_mult>|  return value|
|data_0_val   |   in|   11|     ap_none|                                                                  data_0_val|        scalar|
|data_1_val   |   in|   11|     ap_none|                                                                  data_1_val|        scalar|
|data_2_val   |   in|   11|     ap_none|                                                                  data_2_val|        scalar|
|data_3_val   |   in|   11|     ap_none|                                                                  data_3_val|        scalar|
|data_4_val   |   in|   11|     ap_none|                                                                  data_4_val|        scalar|
|data_5_val   |   in|   11|     ap_none|                                                                  data_5_val|        scalar|
|data_6_val   |   in|   11|     ap_none|                                                                  data_6_val|        scalar|
|data_7_val   |   in|   11|     ap_none|                                                                  data_7_val|        scalar|
|data_8_val   |   in|   11|     ap_none|                                                                  data_8_val|        scalar|
|data_9_val   |   in|   11|     ap_none|                                                                  data_9_val|        scalar|
|data_10_val  |   in|   11|     ap_none|                                                                 data_10_val|        scalar|
|data_11_val  |   in|   11|     ap_none|                                                                 data_11_val|        scalar|
|data_12_val  |   in|   11|     ap_none|                                                                 data_12_val|        scalar|
|data_13_val  |   in|   11|     ap_none|                                                                 data_13_val|        scalar|
|data_14_val  |   in|   11|     ap_none|                                                                 data_14_val|        scalar|
|data_15_val  |   in|   11|     ap_none|                                                                 data_15_val|        scalar|
|data_16_val  |   in|   11|     ap_none|                                                                 data_16_val|        scalar|
|data_17_val  |   in|   11|     ap_none|                                                                 data_17_val|        scalar|
|data_18_val  |   in|   11|     ap_none|                                                                 data_18_val|        scalar|
|data_19_val  |   in|   11|     ap_none|                                                                 data_19_val|        scalar|
|data_20_val  |   in|   11|     ap_none|                                                                 data_20_val|        scalar|
|data_21_val  |   in|   11|     ap_none|                                                                 data_21_val|        scalar|
|data_22_val  |   in|   11|     ap_none|                                                                 data_22_val|        scalar|
|data_23_val  |   in|   11|     ap_none|                                                                 data_23_val|        scalar|
+-------------+-----+-----+------------+----------------------------------------------------------------------------+--------------+

