

================================================================
== Vitis HLS Report for 'dense_resource_rf_gt_nin_rem0_ap_fixed_ap_fixed_11_5_0_3_0_config14_mult_s'
================================================================
* Date:           Tue May  5 04:59:10 2026

* Version:        2025.2 (Build 6295257 on Nov 14 2025)
* Project:        cifar10_axis_wrapper_prj
* Solution:       solution1 (Vivado IP Flow Target)
* Product family: zynq
* Target device:  xc7z010-clg400-1


================================================================
== Performance Estimates
================================================================
+ Timing: 
    * Summary: 
    +--------+----------+-----------+------------+
    |  Clock |  Target  | Estimated | Uncertainty|
    +--------+----------+-----------+------------+
    |ap_clk  |  10.00 ns|  13.990 ns|     2.70 ns|
    +--------+----------+-----------+------------+

+ Latency: 
    * Summary: 
    +---------+---------+-----------+-----------+-----+-----+-------------------------------------------+
    |  Latency (cycles) |   Latency (absolute)  |  Interval |                  Pipeline                 |
    |   min   |   max   |    min    |    max    | min | max |                    Type                   |
    +---------+---------+-----------+-----------+-----+-----+-------------------------------------------+
    |      770|      771|  10.772 us|  10.786 us|  768|  768|  loop rewind stp (delay=0 clock cycles(s))|
    +---------+---------+-----------+-----------+-----+-----+-------------------------------------------+

    + Detail: 
        * Instance: 
        N/A

        * Loop: 
        +-------------+---------+---------+----------+-----------+-----------+------+----------+
        |             |  Latency (cycles) | Iteration|  Initiation Interval  | Trip |          |
        |  Loop Name  |   min   |   max   |  Latency |  achieved |   target  | Count| Pipelined|
        +-------------+---------+---------+----------+-----------+-----------+------+----------+
        |- ReuseLoop  |      770|      770|         4|          1|          1|   768|       yes|
        +-------------+---------+---------+----------+-----------+-----------+------+----------+



================================================================
== Utilization Estimates
================================================================
* Summary: 
+-----------------+---------+----+-------+-------+-----+
|       Name      | BRAM_18K| DSP|   FF  |  LUT  | URAM|
+-----------------+---------+----+-------+-------+-----+
|DSP              |        -|   -|      -|      -|    -|
|Expression       |        -|   -|      0|    523|    -|
|FIFO             |        -|   -|      -|      -|    -|
|Instance         |        -|   1|      0|   2954|    -|
|Memory           |        1|   -|      0|      0|    -|
|Multiplexer      |        -|   -|      0|   2428|    -|
|Register         |        -|   -|   2466|     32|    -|
+-----------------+---------+----+-------+-------+-----+
|Total            |        1|   1|   2466|   5937|    0|
+-----------------+---------+----+-------+-------+-----+
|Available        |      120|  80|  35200|  17600|    0|
+-----------------+---------+----+-------+-------+-----+
|Utilization (%)  |       ~0|   1|      7|     33|    0|
+-----------------+---------+----+-------+-------+-----+

+ Detail: 
    * Instance: 
    +------------------------------+-------------------------+---------+----+---+------+-----+
    |           Instance           |          Module         | BRAM_18K| DSP| FF|  LUT | URAM|
    +------------------------------+-------------------------+---------+----+---+------+-----+
    |mul_11s_8s_19_1_1_U561        |mul_11s_8s_19_1_1        |        0|   1|  0|     6|    0|
    |sparsemux_1537_10_8_1_1_U560  |sparsemux_1537_10_8_1_1  |        0|   0|  0|  2693|    0|
    |sparsemux_49_5_17_1_1_U562    |sparsemux_49_5_17_1_1    |        0|   0|  0|   113|    0|
    |sparsemux_65_5_11_1_1_U559    |sparsemux_65_5_11_1_1    |        0|   0|  0|   142|    0|
    +------------------------------+-------------------------+---------+----+---+------+-----+
    |Total                         |                         |        0|   1|  0|  2954|    0|
    +------------------------------+-------------------------+---------+----+---+------+-----+

    * DSP: 
    N/A

    * Memory: 
    +-------------+----------------------------------------------------------------------------------+---------+---+----+-----+------+-----+------+-------------+
    |    Memory   |                                      Module                                      | BRAM_18K| FF| LUT| URAM| Words| Bits| Banks| W*Bits*Banks|
    +-------------+----------------------------------------------------------------------------------+---------+---+----+-----+------+-----+------+-------------+
    |outidx_82_U  |dense_resource_rf_gt_nin_rem0_ap_fixed_ap_fixed_11_5_0_3_0_config14_mult_s_ou5jm  |        1|  0|   0|    0|   768|    5|     1|         3840|
    +-------------+----------------------------------------------------------------------------------+---------+---+----+-----+------+-----+------+-------------+
    |Total        |                                                                                  |        1|  0|   0|    0|   768|    5|     1|         3840|
    +-------------+----------------------------------------------------------------------------------+---------+---+----+-----+------+-----+------+-------------+

    * FIFO: 
    N/A

    * Expression: 
    +--------------------------+----------+----+---+----+------------+------------+
    |       Variable Name      | Operation| DSP| FF| LUT| Bitwidth P0| Bitwidth P1|
    +--------------------------+----------+----+---+----+------------+------------+
    |acc_168_fu_10685_p2       |         +|   0|  0|  24|          17|          17|
    |add_ln111_30_fu_10875_p2  |         +|   0|  0|  12|          11|          11|
    |add_ln111_31_fu_10903_p2  |         +|   0|  0|  12|          11|          11|
    |add_ln111_32_fu_10931_p2  |         +|   0|  0|  12|          11|          11|
    |add_ln111_33_fu_10959_p2  |         +|   0|  0|  12|          11|          11|
    |add_ln111_34_fu_10987_p2  |         +|   0|  0|  12|          11|          11|
    |add_ln111_35_fu_11015_p2  |         +|   0|  0|  12|          11|          11|
    |add_ln111_36_fu_11043_p2  |         +|   0|  0|  12|          11|          11|
    |add_ln111_37_fu_11071_p2  |         +|   0|  0|  12|          11|          11|
    |add_ln111_38_fu_11099_p2  |         +|   0|  0|  12|          11|          11|
    |add_ln111_39_fu_11127_p2  |         +|   0|  0|  12|          11|          11|
    |add_ln111_40_fu_11155_p2  |         +|   0|  0|  12|          11|          11|
    |add_ln111_41_fu_11183_p2  |         +|   0|  0|  12|          11|          11|
    |add_ln111_42_fu_11211_p2  |         +|   0|  0|  12|          11|          11|
    |add_ln111_43_fu_11239_p2  |         +|   0|  0|  12|          11|          11|
    |add_ln111_44_fu_11267_p2  |         +|   0|  0|  12|          11|          11|
    |add_ln111_45_fu_11295_p2  |         +|   0|  0|  12|          11|          11|
    |add_ln111_46_fu_11323_p2  |         +|   0|  0|  12|          11|          11|
    |add_ln111_47_fu_11351_p2  |         +|   0|  0|  12|          11|          11|
    |add_ln111_48_fu_11379_p2  |         +|   0|  0|  12|          11|          11|
    |add_ln111_49_fu_11407_p2  |         +|   0|  0|  12|          11|          11|
    |add_ln111_50_fu_11435_p2  |         +|   0|  0|  12|          11|          11|
    |add_ln111_51_fu_11463_p2  |         +|   0|  0|  12|          11|          11|
    |add_ln111_52_fu_11491_p2  |         +|   0|  0|  12|          11|          11|
    |add_ln111_fu_10847_p2     |         +|   0|  0|  12|          11|          11|
    |add_ln144_fu_10568_p2     |         +|   0|  0|  24|          17|          17|
    |in_index_fu_10496_p2      |         +|   0|  0|  39|          32|           1|
    |w_index_fu_10490_p2       |         +|   0|  0|  13|          10|           1|
    |sub_ln144_fu_10691_p2     |         -|   0|  0|  25|           1|          18|
    |ap_condition_37           |       and|   0|  0|   2|           1|           1|
    |ap_condition_435          |       and|   0|  0|   2|           1|           1|
    |icmp_ln135_fu_10526_p2    |      icmp|   0|  0|  13|          10|          10|
    |icmp_ln144_fu_10697_p2    |      icmp|   0|  0|  25|          18|          18|
    |icmp_ln154_fu_10512_p2    |      icmp|   0|  0|  34|          27|           1|
    |in_index_9_fu_10518_p3    |    select|   0|  0|  32|           1|           1|
    |ap_enable_pp0             |       xor|   0|  0|   2|           1|           2|
    +--------------------------+----------+----+---+----+------------+------------+
    |Total                     |          |   0|  0| 523|         400|         352|
    +--------------------------+----------+----+---+----+------------+------------+

    * Multiplexer: 
    +---------------------------------------------+----+-----------+-----+-----------+
    |                     Name                    | LUT| Input Size| Bits| Total Bits|
    +---------------------------------------------+----+-----------+-----+-----------+
    |ap_NS_fsm                                    |  14|          3|    1|          3|
    |ap_enable_reg_pp0_iter1                      |   9|          2|    1|          2|
    |ap_enable_reg_pp0_iter3                      |   9|          2|    1|          2|
    |ap_phi_mux_acc_169_phi_fu_7113_p48           |  14|          3|   17|         51|
    |ap_phi_mux_acc_170_phi_fu_7035_p48           |  14|          3|   17|         51|
    |ap_phi_mux_acc_171_phi_fu_6957_p48           |  14|          3|   17|         51|
    |ap_phi_mux_acc_172_phi_fu_6879_p48           |  14|          3|   17|         51|
    |ap_phi_mux_acc_173_phi_fu_6801_p48           |  14|          3|   17|         51|
    |ap_phi_mux_acc_174_phi_fu_6723_p48           |  14|          3|   17|         51|
    |ap_phi_mux_acc_175_phi_fu_6645_p48           |  14|          3|   17|         51|
    |ap_phi_mux_acc_176_phi_fu_6567_p48           |  14|          3|   17|         51|
    |ap_phi_mux_acc_177_phi_fu_6489_p48           |  14|          3|   17|         51|
    |ap_phi_mux_acc_178_phi_fu_6411_p48           |  14|          3|   17|         51|
    |ap_phi_mux_acc_179_phi_fu_6333_p48           |  14|          3|   17|         51|
    |ap_phi_mux_acc_180_phi_fu_6255_p48           |  14|          3|   17|         51|
    |ap_phi_mux_acc_181_phi_fu_6177_p48           |  14|          3|   17|         51|
    |ap_phi_mux_acc_182_phi_fu_6099_p48           |  14|          3|   17|         51|
    |ap_phi_mux_acc_183_phi_fu_6021_p48           |  14|          3|   17|         51|
    |ap_phi_mux_acc_184_phi_fu_5943_p48           |  14|          3|   17|         51|
    |ap_phi_mux_acc_185_phi_fu_5865_p48           |  14|          3|   17|         51|
    |ap_phi_mux_acc_186_phi_fu_5787_p48           |  14|          3|   17|         51|
    |ap_phi_mux_acc_187_phi_fu_5709_p48           |  14|          3|   17|         51|
    |ap_phi_mux_acc_188_phi_fu_5631_p48           |  14|          3|   17|         51|
    |ap_phi_mux_acc_189_phi_fu_5553_p48           |  14|          3|   17|         51|
    |ap_phi_mux_acc_190_phi_fu_5475_p48           |  14|          3|   17|         51|
    |ap_phi_mux_acc_191_phi_fu_5397_p48           |  14|          3|   17|         51|
    |ap_phi_mux_acc_phi_fu_7191_p48               |  14|          3|   17|         51|
    |ap_phi_mux_data_0_val56_phi_phi_fu_2677_p4   |  14|          3|   11|         33|
    |ap_phi_mux_data_10_val66_phi_phi_fu_2807_p4  |  14|          3|   11|         33|
    |ap_phi_mux_data_11_val67_phi_phi_fu_2820_p4  |  14|          3|   11|         33|
    |ap_phi_mux_data_12_val68_phi_phi_fu_2833_p4  |  14|          3|   11|         33|
    |ap_phi_mux_data_13_val69_phi_phi_fu_2846_p4  |  14|          3|   11|         33|
    |ap_phi_mux_data_14_val70_phi_phi_fu_2859_p4  |  14|          3|   11|         33|
    |ap_phi_mux_data_15_val71_phi_phi_fu_2872_p4  |  14|          3|   11|         33|
    |ap_phi_mux_data_16_val72_phi_phi_fu_2885_p4  |  14|          3|   11|         33|
    |ap_phi_mux_data_17_val73_phi_phi_fu_2898_p4  |  14|          3|   11|         33|
    |ap_phi_mux_data_18_val74_phi_phi_fu_2911_p4  |  14|          3|   11|         33|
    |ap_phi_mux_data_19_val75_phi_phi_fu_2924_p4  |  14|          3|   11|         33|
    |ap_phi_mux_data_1_val57_phi_phi_fu_2690_p4   |  14|          3|   11|         33|
    |ap_phi_mux_data_20_val76_phi_phi_fu_2937_p4  |  14|          3|   11|         33|
    |ap_phi_mux_data_21_val77_phi_phi_fu_2950_p4  |  14|          3|   11|         33|
    |ap_phi_mux_data_22_val78_phi_phi_fu_2963_p4  |  14|          3|   11|         33|
    |ap_phi_mux_data_23_val79_phi_phi_fu_2976_p4  |  14|          3|   11|         33|
    |ap_phi_mux_data_24_val80_phi_phi_fu_2989_p4  |  14|          3|   11|         33|
    |ap_phi_mux_data_25_val81_phi_phi_fu_3002_p4  |  14|          3|   11|         33|
    |ap_phi_mux_data_26_val82_phi_phi_fu_3015_p4  |  14|          3|   11|         33|
    |ap_phi_mux_data_27_val83_phi_phi_fu_3028_p4  |  14|          3|   11|         33|
    |ap_phi_mux_data_28_val84_phi_phi_fu_3041_p4  |  14|          3|   11|         33|
    |ap_phi_mux_data_29_val85_phi_phi_fu_3054_p4  |  14|          3|   11|         33|
    |ap_phi_mux_data_2_val58_phi_phi_fu_2703_p4   |  14|          3|   11|         33|
    |ap_phi_mux_data_30_val86_phi_phi_fu_3067_p4  |  14|          3|   11|         33|
    |ap_phi_mux_data_31_val87_phi_phi_fu_3080_p4  |  14|          3|   11|         33|
    |ap_phi_mux_data_3_val59_phi_phi_fu_2716_p4   |  14|          3|   11|         33|
    |ap_phi_mux_data_4_val60_phi_phi_fu_2729_p4   |  14|          3|   11|         33|
    |ap_phi_mux_data_5_val61_phi_phi_fu_2742_p4   |  14|          3|   11|         33|
    |ap_phi_mux_data_6_val62_phi_phi_fu_2755_p4   |  14|          3|   11|         33|
    |ap_phi_mux_data_7_val63_phi_phi_fu_2768_p4   |  14|          3|   11|         33|
    |ap_phi_mux_data_8_val64_phi_phi_fu_2781_p4   |  14|          3|   11|         33|
    |ap_phi_mux_data_9_val65_phi_phi_fu_2794_p4   |  14|          3|   11|         33|
    |ap_phi_mux_do_init_phi_fu_2185_p6            |  14|          3|    1|          3|
    |ap_phi_mux_in_index_8_phi_fu_2649_p6         |  14|          3|   32|         96|
    |ap_phi_mux_ir_phi_fu_2663_p6                 |  14|          3|   10|         30|
    |ap_phi_mux_x_116_phi_fu_3423_p6              |  14|          3|   17|         51|
    |ap_phi_mux_x_117_phi_fu_3408_p6              |  14|          3|   17|         51|
    |ap_phi_mux_x_118_phi_fu_3393_p6              |  14|          3|   17|         51|
    |ap_phi_mux_x_119_phi_fu_3378_p6              |  14|          3|   17|         51|
    |ap_phi_mux_x_120_phi_fu_3363_p6              |  14|          3|   17|         51|
    |ap_phi_mux_x_121_phi_fu_3348_p6              |  14|          3|   17|         51|
    |ap_phi_mux_x_122_phi_fu_3333_p6              |  14|          3|   17|         51|
    |ap_phi_mux_x_123_phi_fu_3318_p6              |  14|          3|   17|         51|
    |ap_phi_mux_x_124_phi_fu_3303_p6              |  14|          3|   17|         51|
    |ap_phi_mux_x_125_phi_fu_3288_p6              |  14|          3|   17|         51|
    |ap_phi_mux_x_126_phi_fu_3273_p6              |  14|          3|   17|         51|
    |ap_phi_mux_x_127_phi_fu_3258_p6              |  14|          3|   17|         51|
    |ap_phi_mux_x_128_phi_fu_3243_p6              |  14|          3|   17|         51|
    |ap_phi_mux_x_129_phi_fu_3228_p6              |  14|          3|   17|         51|
    |ap_phi_mux_x_130_phi_fu_3213_p6              |  14|          3|   17|         51|
    |ap_phi_mux_x_131_phi_fu_3198_p6              |  14|          3|   17|         51|
    |ap_phi_mux_x_132_phi_fu_3183_p6              |  14|          3|   17|         51|
    |ap_phi_mux_x_133_phi_fu_3168_p6              |  14|          3|   17|         51|
    |ap_phi_mux_x_134_phi_fu_3153_p6              |  14|          3|   17|         51|
    |ap_phi_mux_x_135_phi_fu_3138_p6              |  14|          3|   17|         51|
    |ap_phi_mux_x_136_phi_fu_3123_p6              |  14|          3|   17|         51|
    |ap_phi_mux_x_137_phi_fu_3108_p6              |  14|          3|   17|         51|
    |ap_phi_mux_x_138_phi_fu_3093_p6              |  14|          3|   17|         51|
    |ap_phi_mux_x_phi_fu_3438_p6                  |  14|          3|   17|         51|
    |ap_phi_reg_pp0_iter3_acc_120_reg_5312        |  14|          3|   17|         51|
    |ap_phi_reg_pp0_iter3_acc_121_reg_5231        |  14|          3|   17|         51|
    |ap_phi_reg_pp0_iter3_acc_122_reg_5150        |  14|          3|   17|         51|
    |ap_phi_reg_pp0_iter3_acc_123_reg_5069        |  14|          3|   17|         51|
    |ap_phi_reg_pp0_iter3_acc_124_reg_4988        |  14|          3|   17|         51|
    |ap_phi_reg_pp0_iter3_acc_125_reg_4907        |  14|          3|   17|         51|
    |ap_phi_reg_pp0_iter3_acc_126_reg_4826        |  14|          3|   17|         51|
    |ap_phi_reg_pp0_iter3_acc_127_reg_4745        |  14|          3|   17|         51|
    |ap_phi_reg_pp0_iter3_acc_128_reg_4664        |  14|          3|   17|         51|
    |ap_phi_reg_pp0_iter3_acc_129_reg_4583        |  14|          3|   17|         51|
    |ap_phi_reg_pp0_iter3_acc_130_reg_4502        |  14|          3|   17|         51|
    |ap_phi_reg_pp0_iter3_acc_131_reg_4421        |  14|          3|   17|         51|
    |ap_phi_reg_pp0_iter3_acc_132_reg_4340        |  14|          3|   17|         51|
    |ap_phi_reg_pp0_iter3_acc_133_reg_4259        |  14|          3|   17|         51|
    |ap_phi_reg_pp0_iter3_acc_134_reg_4178        |  14|          3|   17|         51|
    |ap_phi_reg_pp0_iter3_acc_135_reg_4097        |  14|          3|   17|         51|
    |ap_phi_reg_pp0_iter3_acc_136_reg_4016        |  14|          3|   17|         51|
    |ap_phi_reg_pp0_iter3_acc_137_reg_3935        |  14|          3|   17|         51|
    |ap_phi_reg_pp0_iter3_acc_138_reg_3854        |  14|          3|   17|         51|
    |ap_phi_reg_pp0_iter3_acc_139_reg_3773        |  14|          3|   17|         51|
    |ap_phi_reg_pp0_iter3_acc_140_reg_3692        |  14|          3|   17|         51|
    |ap_phi_reg_pp0_iter3_acc_141_reg_3611        |  14|          3|   17|         51|
    |ap_phi_reg_pp0_iter3_acc_142_reg_3530        |  14|          3|   17|         51|
    |ap_phi_reg_pp0_iter3_acc_143_reg_3449        |  14|          3|   17|         51|
    |ap_return_0                                  |   9|          2|   11|         22|
    |ap_return_1                                  |   9|          2|   11|         22|
    |ap_return_10                                 |   9|          2|   11|         22|
    |ap_return_11                                 |   9|          2|   11|         22|
    |ap_return_12                                 |   9|          2|   11|         22|
    |ap_return_13                                 |   9|          2|   11|         22|
    |ap_return_14                                 |   9|          2|   11|         22|
    |ap_return_15                                 |   9|          2|   11|         22|
    |ap_return_16                                 |   9|          2|   11|         22|
    |ap_return_17                                 |   9|          2|   11|         22|
    |ap_return_18                                 |   9|          2|   11|         22|
    |ap_return_19                                 |   9|          2|   11|         22|
    |ap_return_2                                  |   9|          2|   11|         22|
    |ap_return_20                                 |   9|          2|   11|         22|
    |ap_return_21                                 |   9|          2|   11|         22|
    |ap_return_22                                 |   9|          2|   11|         22|
    |ap_return_23                                 |   9|          2|   11|         22|
    |ap_return_3                                  |   9|          2|   11|         22|
    |ap_return_4                                  |   9|          2|   11|         22|
    |ap_return_5                                  |   9|          2|   11|         22|
    |ap_return_6                                  |   9|          2|   11|         22|
    |ap_return_7                                  |   9|          2|   11|         22|
    |ap_return_8                                  |   9|          2|   11|         22|
    |ap_return_9                                  |   9|          2|   11|         22|
    |data_0_val56_phi_reg_2673                    |  14|          3|   11|         33|
    |data_10_val66_phi_reg_2803                   |  14|          3|   11|         33|
    |data_11_val67_phi_reg_2816                   |  14|          3|   11|         33|
    |data_12_val68_phi_reg_2829                   |  14|          3|   11|         33|
    |data_13_val69_phi_reg_2842                   |  14|          3|   11|         33|
    |data_14_val70_phi_reg_2855                   |  14|          3|   11|         33|
    |data_15_val71_phi_reg_2868                   |  14|          3|   11|         33|
    |data_16_val72_phi_reg_2881                   |  14|          3|   11|         33|
    |data_17_val73_phi_reg_2894                   |  14|          3|   11|         33|
    |data_18_val74_phi_reg_2907                   |  14|          3|   11|         33|
    |data_19_val75_phi_reg_2920                   |  14|          3|   11|         33|
    |data_1_val57_phi_reg_2686                    |  14|          3|   11|         33|
    |data_20_val76_phi_reg_2933                   |  14|          3|   11|         33|
    |data_21_val77_phi_reg_2946                   |  14|          3|   11|         33|
    |data_22_val78_phi_reg_2959                   |  14|          3|   11|         33|
    |data_23_val79_phi_reg_2972                   |  14|          3|   11|         33|
    |data_24_val80_phi_reg_2985                   |  14|          3|   11|         33|
    |data_25_val81_phi_reg_2998                   |  14|          3|   11|         33|
    |data_26_val82_phi_reg_3011                   |  14|          3|   11|         33|
    |data_27_val83_phi_reg_3024                   |  14|          3|   11|         33|
    |data_28_val84_phi_reg_3037                   |  14|          3|   11|         33|
    |data_29_val85_phi_reg_3050                   |  14|          3|   11|         33|
    |data_2_val58_phi_reg_2699                    |  14|          3|   11|         33|
    |data_30_val86_phi_reg_3063                   |  14|          3|   11|         33|
    |data_31_val87_phi_reg_3076                   |  14|          3|   11|         33|
    |data_3_val59_phi_reg_2712                    |  14|          3|   11|         33|
    |data_4_val60_phi_reg_2725                    |  14|          3|   11|         33|
    |data_5_val61_phi_reg_2738                    |  14|          3|   11|         33|
    |data_6_val62_phi_reg_2751                    |  14|          3|   11|         33|
    |data_7_val63_phi_reg_2764                    |  14|          3|   11|         33|
    |data_8_val64_phi_reg_2777                    |  14|          3|   11|         33|
    |data_9_val65_phi_reg_2790                    |  14|          3|   11|         33|
    |in_index_8_reg_2645                          |   9|          2|   32|         64|
    |ir_reg_2659                                  |   9|          2|   10|         20|
    |x_116_reg_3419                               |   9|          2|   17|         34|
    |x_117_reg_3404                               |   9|          2|   17|         34|
    |x_118_reg_3389                               |   9|          2|   17|         34|
    |x_119_reg_3374                               |   9|          2|   17|         34|
    |x_120_reg_3359                               |   9|          2|   17|         34|
    |x_121_reg_3344                               |   9|          2|   17|         34|
    |x_122_reg_3329                               |   9|          2|   17|         34|
    |x_123_reg_3314                               |   9|          2|   17|         34|
    |x_124_reg_3299                               |   9|          2|   17|         34|
    |x_125_reg_3284                               |   9|          2|   17|         34|
    |x_126_reg_3269                               |   9|          2|   17|         34|
    |x_127_reg_3254                               |   9|          2|   17|         34|
    |x_128_reg_3239                               |   9|          2|   17|         34|
    |x_129_reg_3224                               |   9|          2|   17|         34|
    |x_130_reg_3209                               |   9|          2|   17|         34|
    |x_131_reg_3194                               |   9|          2|   17|         34|
    |x_132_reg_3179                               |   9|          2|   17|         34|
    |x_133_reg_3164                               |   9|          2|   17|         34|
    |x_134_reg_3149                               |   9|          2|   17|         34|
    |x_135_reg_3134                               |   9|          2|   17|         34|
    |x_136_reg_3119                               |   9|          2|   17|         34|
    |x_137_reg_3104                               |   9|          2|   17|         34|
    |x_138_reg_3089                               |   9|          2|   17|         34|
    |x_reg_3434                                   |   9|          2|   17|         34|
    +---------------------------------------------+----+-----------+-----+-----------+
    |Total                                        |2428|        524| 2688|       7348|
    +---------------------------------------------+----+-----------+-----+-----------+

    * Register: 
    +---------------------------------------+----+----+-----+-----------+
    |                  Name                 | FF | LUT| Bits| Const Bits|
    +---------------------------------------+----+----+-----+-----------+
    |a_reg_11650                            |  11|   0|   11|          0|
    |acc_168_reg_11691                      |  17|   0|   17|          0|
    |ap_CS_fsm                              |   2|   0|    2|          0|
    |ap_enable_reg_pp0_iter1                |   1|   0|    1|          0|
    |ap_enable_reg_pp0_iter2                |   1|   0|    1|          0|
    |ap_enable_reg_pp0_iter3                |   1|   0|    1|          0|
    |ap_phi_reg_pp0_iter1_acc_120_reg_5312  |  17|   0|   17|          0|
    |ap_phi_reg_pp0_iter1_acc_121_reg_5231  |  17|   0|   17|          0|
    |ap_phi_reg_pp0_iter1_acc_122_reg_5150  |  17|   0|   17|          0|
    |ap_phi_reg_pp0_iter1_acc_123_reg_5069  |  17|   0|   17|          0|
    |ap_phi_reg_pp0_iter1_acc_124_reg_4988  |  17|   0|   17|          0|
    |ap_phi_reg_pp0_iter1_acc_125_reg_4907  |  17|   0|   17|          0|
    |ap_phi_reg_pp0_iter1_acc_126_reg_4826  |  17|   0|   17|          0|
    |ap_phi_reg_pp0_iter1_acc_127_reg_4745  |  17|   0|   17|          0|
    |ap_phi_reg_pp0_iter1_acc_128_reg_4664  |  17|   0|   17|          0|
    |ap_phi_reg_pp0_iter1_acc_129_reg_4583  |  17|   0|   17|          0|
    |ap_phi_reg_pp0_iter1_acc_130_reg_4502  |  17|   0|   17|          0|
    |ap_phi_reg_pp0_iter1_acc_131_reg_4421  |  17|   0|   17|          0|
    |ap_phi_reg_pp0_iter1_acc_132_reg_4340  |  17|   0|   17|          0|
    |ap_phi_reg_pp0_iter1_acc_133_reg_4259  |  17|   0|   17|          0|
    |ap_phi_reg_pp0_iter1_acc_134_reg_4178  |  17|   0|   17|          0|
    |ap_phi_reg_pp0_iter1_acc_135_reg_4097  |  17|   0|   17|          0|
    |ap_phi_reg_pp0_iter1_acc_136_reg_4016  |  17|   0|   17|          0|
    |ap_phi_reg_pp0_iter1_acc_137_reg_3935  |  17|   0|   17|          0|
    |ap_phi_reg_pp0_iter1_acc_138_reg_3854  |  17|   0|   17|          0|
    |ap_phi_reg_pp0_iter1_acc_139_reg_3773  |  17|   0|   17|          0|
    |ap_phi_reg_pp0_iter1_acc_140_reg_3692  |  17|   0|   17|          0|
    |ap_phi_reg_pp0_iter1_acc_141_reg_3611  |  17|   0|   17|          0|
    |ap_phi_reg_pp0_iter1_acc_142_reg_3530  |  17|   0|   17|          0|
    |ap_phi_reg_pp0_iter1_acc_143_reg_3449  |  17|   0|   17|          0|
    |ap_phi_reg_pp0_iter2_acc_120_reg_5312  |  17|   0|   17|          0|
    |ap_phi_reg_pp0_iter2_acc_121_reg_5231  |  17|   0|   17|          0|
    |ap_phi_reg_pp0_iter2_acc_122_reg_5150  |  17|   0|   17|          0|
    |ap_phi_reg_pp0_iter2_acc_123_reg_5069  |  17|   0|   17|          0|
    |ap_phi_reg_pp0_iter2_acc_124_reg_4988  |  17|   0|   17|          0|
    |ap_phi_reg_pp0_iter2_acc_125_reg_4907  |  17|   0|   17|          0|
    |ap_phi_reg_pp0_iter2_acc_126_reg_4826  |  17|   0|   17|          0|
    |ap_phi_reg_pp0_iter2_acc_127_reg_4745  |  17|   0|   17|          0|
    |ap_phi_reg_pp0_iter2_acc_128_reg_4664  |  17|   0|   17|          0|
    |ap_phi_reg_pp0_iter2_acc_129_reg_4583  |  17|   0|   17|          0|
    |ap_phi_reg_pp0_iter2_acc_130_reg_4502  |  17|   0|   17|          0|
    |ap_phi_reg_pp0_iter2_acc_131_reg_4421  |  17|   0|   17|          0|
    |ap_phi_reg_pp0_iter2_acc_132_reg_4340  |  17|   0|   17|          0|
    |ap_phi_reg_pp0_iter2_acc_133_reg_4259  |  17|   0|   17|          0|
    |ap_phi_reg_pp0_iter2_acc_134_reg_4178  |  17|   0|   17|          0|
    |ap_phi_reg_pp0_iter2_acc_135_reg_4097  |  17|   0|   17|          0|
    |ap_phi_reg_pp0_iter2_acc_136_reg_4016  |  17|   0|   17|          0|
    |ap_phi_reg_pp0_iter2_acc_137_reg_3935  |  17|   0|   17|          0|
    |ap_phi_reg_pp0_iter2_acc_138_reg_3854  |  17|   0|   17|          0|
    |ap_phi_reg_pp0_iter2_acc_139_reg_3773  |  17|   0|   17|          0|
    |ap_phi_reg_pp0_iter2_acc_140_reg_3692  |  17|   0|   17|          0|
    |ap_phi_reg_pp0_iter2_acc_141_reg_3611  |  17|   0|   17|          0|
    |ap_phi_reg_pp0_iter2_acc_142_reg_3530  |  17|   0|   17|          0|
    |ap_phi_reg_pp0_iter2_acc_143_reg_3449  |  17|   0|   17|          0|
    |ap_phi_reg_pp0_iter3_acc_120_reg_5312  |  17|   0|   17|          0|
    |ap_phi_reg_pp0_iter3_acc_121_reg_5231  |  17|   0|   17|          0|
    |ap_phi_reg_pp0_iter3_acc_122_reg_5150  |  17|   0|   17|          0|
    |ap_phi_reg_pp0_iter3_acc_123_reg_5069  |  17|   0|   17|          0|
    |ap_phi_reg_pp0_iter3_acc_124_reg_4988  |  17|   0|   17|          0|
    |ap_phi_reg_pp0_iter3_acc_125_reg_4907  |  17|   0|   17|          0|
    |ap_phi_reg_pp0_iter3_acc_126_reg_4826  |  17|   0|   17|          0|
    |ap_phi_reg_pp0_iter3_acc_127_reg_4745  |  17|   0|   17|          0|
    |ap_phi_reg_pp0_iter3_acc_128_reg_4664  |  17|   0|   17|          0|
    |ap_phi_reg_pp0_iter3_acc_129_reg_4583  |  17|   0|   17|          0|
    |ap_phi_reg_pp0_iter3_acc_130_reg_4502  |  17|   0|   17|          0|
    |ap_phi_reg_pp0_iter3_acc_131_reg_4421  |  17|   0|   17|          0|
    |ap_phi_reg_pp0_iter3_acc_132_reg_4340  |  17|   0|   17|          0|
    |ap_phi_reg_pp0_iter3_acc_133_reg_4259  |  17|   0|   17|          0|
    |ap_phi_reg_pp0_iter3_acc_134_reg_4178  |  17|   0|   17|          0|
    |ap_phi_reg_pp0_iter3_acc_135_reg_4097  |  17|   0|   17|          0|
    |ap_phi_reg_pp0_iter3_acc_136_reg_4016  |  17|   0|   17|          0|
    |ap_phi_reg_pp0_iter3_acc_137_reg_3935  |  17|   0|   17|          0|
    |ap_phi_reg_pp0_iter3_acc_138_reg_3854  |  17|   0|   17|          0|
    |ap_phi_reg_pp0_iter3_acc_139_reg_3773  |  17|   0|   17|          0|
    |ap_phi_reg_pp0_iter3_acc_140_reg_3692  |  17|   0|   17|          0|
    |ap_phi_reg_pp0_iter3_acc_141_reg_3611  |  17|   0|   17|          0|
    |ap_phi_reg_pp0_iter3_acc_142_reg_3530  |  17|   0|   17|          0|
    |ap_phi_reg_pp0_iter3_acc_143_reg_3449  |  17|   0|   17|          0|
    |ap_return_0_preg                       |  11|   0|   11|          0|
    |ap_return_10_preg                      |  11|   0|   11|          0|
    |ap_return_11_preg                      |  11|   0|   11|          0|
    |ap_return_12_preg                      |  11|   0|   11|          0|
    |ap_return_13_preg                      |  11|   0|   11|          0|
    |ap_return_14_preg                      |  11|   0|   11|          0|
    |ap_return_15_preg                      |  11|   0|   11|          0|
    |ap_return_16_preg                      |  11|   0|   11|          0|
    |ap_return_17_preg                      |  11|   0|   11|          0|
    |ap_return_18_preg                      |  11|   0|   11|          0|
    |ap_return_19_preg                      |  11|   0|   11|          0|
    |ap_return_1_preg                       |  11|   0|   11|          0|
    |ap_return_20_preg                      |  11|   0|   11|          0|
    |ap_return_21_preg                      |  11|   0|   11|          0|
    |ap_return_22_preg                      |  11|   0|   11|          0|
    |ap_return_23_preg                      |  11|   0|   11|          0|
    |ap_return_2_preg                       |  11|   0|   11|          0|
    |ap_return_3_preg                       |  11|   0|   11|          0|
    |ap_return_4_preg                       |  11|   0|   11|          0|
    |ap_return_5_preg                       |  11|   0|   11|          0|
    |ap_return_6_preg                       |  11|   0|   11|          0|
    |ap_return_7_preg                       |  11|   0|   11|          0|
    |ap_return_8_preg                       |  11|   0|   11|          0|
    |ap_return_9_preg                       |  11|   0|   11|          0|
    |data_0_val56_phi_reg_2673              |  11|   0|   11|          0|
    |data_10_val66_phi_reg_2803             |  11|   0|   11|          0|
    |data_11_val67_phi_reg_2816             |  11|   0|   11|          0|
    |data_12_val68_phi_reg_2829             |  11|   0|   11|          0|
    |data_13_val69_phi_reg_2842             |  11|   0|   11|          0|
    |data_14_val70_phi_reg_2855             |  11|   0|   11|          0|
    |data_15_val71_phi_reg_2868             |  11|   0|   11|          0|
    |data_16_val72_phi_reg_2881             |  11|   0|   11|          0|
    |data_17_val73_phi_reg_2894             |  11|   0|   11|          0|
    |data_18_val74_phi_reg_2907             |  11|   0|   11|          0|
    |data_19_val75_phi_reg_2920             |  11|   0|   11|          0|
    |data_1_val57_phi_reg_2686              |  11|   0|   11|          0|
    |data_20_val76_phi_reg_2933             |  11|   0|   11|          0|
    |data_21_val77_phi_reg_2946             |  11|   0|   11|          0|
    |data_22_val78_phi_reg_2959             |  11|   0|   11|          0|
    |data_23_val79_phi_reg_2972             |  11|   0|   11|          0|
    |data_24_val80_phi_reg_2985             |  11|   0|   11|          0|
    |data_25_val81_phi_reg_2998             |  11|   0|   11|          0|
    |data_26_val82_phi_reg_3011             |  11|   0|   11|          0|
    |data_27_val83_phi_reg_3024             |  11|   0|   11|          0|
    |data_28_val84_phi_reg_3037             |  11|   0|   11|          0|
    |data_29_val85_phi_reg_3050             |  11|   0|   11|          0|
    |data_2_val58_phi_reg_2699              |  11|   0|   11|          0|
    |data_30_val86_phi_reg_3063             |  11|   0|   11|          0|
    |data_31_val87_phi_reg_3076             |  11|   0|   11|          0|
    |data_3_val59_phi_reg_2712              |  11|   0|   11|          0|
    |data_4_val60_phi_reg_2725              |  11|   0|   11|          0|
    |data_5_val61_phi_reg_2738              |  11|   0|   11|          0|
    |data_6_val62_phi_reg_2751              |  11|   0|   11|          0|
    |data_7_val63_phi_reg_2764              |  11|   0|   11|          0|
    |data_8_val64_phi_reg_2777              |  11|   0|   11|          0|
    |data_9_val65_phi_reg_2790              |  11|   0|   11|          0|
    |do_init_reg_2181                       |   1|   0|    1|          0|
    |icmp_ln135_reg_11670                   |   1|   0|    1|          0|
    |in_index_8_reg_2645                    |  32|   0|   32|          0|
    |in_index_9_reg_11665                   |  32|   0|   32|          0|
    |ir_reg_2659                            |  10|   0|   10|          0|
    |out_index_reg_11674                    |   5|   0|    5|          0|
    |out_index_reg_11674_pp0_iter2_reg      |   5|   0|    5|          0|
    |tmp_reg_11686                          |   1|   0|    1|          0|
    |trunc_ln8_reg_11681                    |  16|   0|   16|          0|
    |w_index_reg_11660                      |  10|   0|   10|          0|
    |w_reg_11655                            |   8|   0|    8|          0|
    |x_116_reg_3419                         |  17|   0|   17|          0|
    |x_117_reg_3404                         |  17|   0|   17|          0|
    |x_118_reg_3389                         |  17|   0|   17|          0|
    |x_119_reg_3374                         |  17|   0|   17|          0|
    |x_120_reg_3359                         |  17|   0|   17|          0|
    |x_121_reg_3344                         |  17|   0|   17|          0|
    |x_122_reg_3329                         |  17|   0|   17|          0|
    |x_123_reg_3314                         |  17|   0|   17|          0|
    |x_124_reg_3299                         |  17|   0|   17|          0|
    |x_125_reg_3284                         |  17|   0|   17|          0|
    |x_126_reg_3269                         |  17|   0|   17|          0|
    |x_127_reg_3254                         |  17|   0|   17|          0|
    |x_128_reg_3239                         |  17|   0|   17|          0|
    |x_129_reg_3224                         |  17|   0|   17|          0|
    |x_130_reg_3209                         |  17|   0|   17|          0|
    |x_131_reg_3194                         |  17|   0|   17|          0|
    |x_132_reg_3179                         |  17|   0|   17|          0|
    |x_133_reg_3164                         |  17|   0|   17|          0|
    |x_134_reg_3149                         |  17|   0|   17|          0|
    |x_135_reg_3134                         |  17|   0|   17|          0|
    |x_136_reg_3119                         |  17|   0|   17|          0|
    |x_137_reg_3104                         |  17|   0|   17|          0|
    |x_138_reg_3089                         |  17|   0|   17|          0|
    |x_reg_3434                             |  17|   0|   17|          0|
    |icmp_ln135_reg_11670                   |  64|  32|    1|          0|
    +---------------------------------------+----+----+-----+-----------+
    |Total                                  |2466|  32| 2403|          0|
    +---------------------------------------+----+----+-----+-----------+



================================================================
== Interface
================================================================
* Summary: 
+--------------+-----+-----+------------+----------------------------------------------------------------------------+--------------+
|   RTL Ports  | Dir | Bits|  Protocol  |                                Source Object                               |    C Type    |
+--------------+-----+-----+------------+----------------------------------------------------------------------------+--------------+
|ap_clk        |   in|    1|  ap_ctrl_hs|  dense_resource_rf_gt_nin_rem0<ap_fixed,ap_fixed<11,5,0,3,0>,config14_mult>|  return value|
|ap_rst        |   in|    1|  ap_ctrl_hs|  dense_resource_rf_gt_nin_rem0<ap_fixed,ap_fixed<11,5,0,3,0>,config14_mult>|  return value|
|ap_start      |   in|    1|  ap_ctrl_hs|  dense_resource_rf_gt_nin_rem0<ap_fixed,ap_fixed<11,5,0,3,0>,config14_mult>|  return value|
|ap_done       |  out|    1|  ap_ctrl_hs|  dense_resource_rf_gt_nin_rem0<ap_fixed,ap_fixed<11,5,0,3,0>,config14_mult>|  return value|
|ap_idle       |  out|    1|  ap_ctrl_hs|  dense_resource_rf_gt_nin_rem0<ap_fixed,ap_fixed<11,5,0,3,0>,config14_mult>|  return value|
|ap_ready      |  out|    1|  ap_ctrl_hs|  dense_resource_rf_gt_nin_rem0<ap_fixed,ap_fixed<11,5,0,3,0>,config14_mult>|  return value|
|ap_return_0   |  out|   11|  ap_ctrl_hs|  dense_resource_rf_gt_nin_rem0<ap_fixed,ap_fixed<11,5,0,3,0>,config14_mult>|  return value|
|ap_return_1   |  out|   11|  ap_ctrl_hs|  dense_resource_rf_gt_nin_rem0<ap_fixed,ap_fixed<11,5,0,3,0>,config14_mult>|  return value|
|ap_return_2   |  out|   11|  ap_ctrl_hs|  dense_resource_rf_gt_nin_rem0<ap_fixed,ap_fixed<11,5,0,3,0>,config14_mult>|  return value|
|ap_return_3   |  out|   11|  ap_ctrl_hs|  dense_resource_rf_gt_nin_rem0<ap_fixed,ap_fixed<11,5,0,3,0>,config14_mult>|  return value|
|ap_return_4   |  out|   11|  ap_ctrl_hs|  dense_resource_rf_gt_nin_rem0<ap_fixed,ap_fixed<11,5,0,3,0>,config14_mult>|  return value|
|ap_return_5   |  out|   11|  ap_ctrl_hs|  dense_resource_rf_gt_nin_rem0<ap_fixed,ap_fixed<11,5,0,3,0>,config14_mult>|  return value|
|ap_return_6   |  out|   11|  ap_ctrl_hs|  dense_resource_rf_gt_nin_rem0<ap_fixed,ap_fixed<11,5,0,3,0>,config14_mult>|  return value|
|ap_return_7   |  out|   11|  ap_ctrl_hs|  dense_resource_rf_gt_nin_rem0<ap_fixed,ap_fixed<11,5,0,3,0>,config14_mult>|  return value|
|ap_return_8   |  out|   11|  ap_ctrl_hs|  dense_resource_rf_gt_nin_rem0<ap_fixed,ap_fixed<11,5,0,3,0>,config14_mult>|  return value|
|ap_return_9   |  out|   11|  ap_ctrl_hs|  dense_resource_rf_gt_nin_rem0<ap_fixed,ap_fixed<11,5,0,3,0>,config14_mult>|  return value|
|ap_return_10  |  out|   11|  ap_ctrl_hs|  dense_resource_rf_gt_nin_rem0<ap_fixed,ap_fixed<11,5,0,3,0>,config14_mult>|  return value|
|ap_return_11  |  out|   11|  ap_ctrl_hs|  dense_resource_rf_gt_nin_rem0<ap_fixed,ap_fixed<11,5,0,3,0>,config14_mult>|  return value|
|ap_return_12  |  out|   11|  ap_ctrl_hs|  dense_resource_rf_gt_nin_rem0<ap_fixed,ap_fixed<11,5,0,3,0>,config14_mult>|  return value|
|ap_return_13  |  out|   11|  ap_ctrl_hs|  dense_resource_rf_gt_nin_rem0<ap_fixed,ap_fixed<11,5,0,3,0>,config14_mult>|  return value|
|ap_return_14  |  out|   11|  ap_ctrl_hs|  dense_resource_rf_gt_nin_rem0<ap_fixed,ap_fixed<11,5,0,3,0>,config14_mult>|  return value|
|ap_return_15  |  out|   11|  ap_ctrl_hs|  dense_resource_rf_gt_nin_rem0<ap_fixed,ap_fixed<11,5,0,3,0>,config14_mult>|  return value|
|ap_return_16  |  out|   11|  ap_ctrl_hs|  dense_resource_rf_gt_nin_rem0<ap_fixed,ap_fixed<11,5,0,3,0>,config14_mult>|  return value|
|ap_return_17  |  out|   11|  ap_ctrl_hs|  dense_resource_rf_gt_nin_rem0<ap_fixed,ap_fixed<11,5,0,3,0>,config14_mult>|  return value|
|ap_return_18  |  out|   11|  ap_ctrl_hs|  dense_resource_rf_gt_nin_rem0<ap_fixed,ap_fixed<11,5,0,3,0>,config14_mult>|  return value|
|ap_return_19  |  out|   11|  ap_ctrl_hs|  dense_resource_rf_gt_nin_rem0<ap_fixed,ap_fixed<11,5,0,3,0>,config14_mult>|  return value|
|ap_return_20  |  out|   11|  ap_ctrl_hs|  dense_resource_rf_gt_nin_rem0<ap_fixed,ap_fixed<11,5,0,3,0>,config14_mult>|  return value|
|ap_return_21  |  out|   11|  ap_ctrl_hs|  dense_resource_rf_gt_nin_rem0<ap_fixed,ap_fixed<11,5,0,3,0>,config14_mult>|  return value|
|ap_return_22  |  out|   11|  ap_ctrl_hs|  dense_resource_rf_gt_nin_rem0<ap_fixed,ap_fixed<11,5,0,3,0>,config14_mult>|  return value|
|ap_return_23  |  out|   11|  ap_ctrl_hs|  dense_resource_rf_gt_nin_rem0<ap_fixed,ap_fixed<11,5,0,3,0>,config14_mult>|  return value|
|data_0_val    |   in|   11|     ap_none|                                                                  data_0_val|        scalar|
|data_1_val    |   in|   11|     ap_none|                                                                  data_1_val|        scalar|
|data_2_val    |   in|   11|     ap_none|                                                                  data_2_val|        scalar|
|data_3_val    |   in|   11|     ap_none|                                                                  data_3_val|        scalar|
|data_4_val    |   in|   11|     ap_none|                                                                  data_4_val|        scalar|
|data_5_val    |   in|   11|     ap_none|                                                                  data_5_val|        scalar|
|data_6_val    |   in|   11|     ap_none|                                                                  data_6_val|        scalar|
|data_7_val    |   in|   11|     ap_none|                                                                  data_7_val|        scalar|
|data_8_val    |   in|   11|     ap_none|                                                                  data_8_val|        scalar|
|data_9_val    |   in|   11|     ap_none|                                                                  data_9_val|        scalar|
|data_10_val   |   in|   11|     ap_none|                                                                 data_10_val|        scalar|
|data_11_val   |   in|   11|     ap_none|                                                                 data_11_val|        scalar|
|data_12_val   |   in|   11|     ap_none|                                                                 data_12_val|        scalar|
|data_13_val   |   in|   11|     ap_none|                                                                 data_13_val|        scalar|
|data_14_val   |   in|   11|     ap_none|                                                                 data_14_val|        scalar|
|data_15_val   |   in|   11|     ap_none|                                                                 data_15_val|        scalar|
|data_16_val   |   in|   11|     ap_none|                                                                 data_16_val|        scalar|
|data_17_val   |   in|   11|     ap_none|                                                                 data_17_val|        scalar|
|data_18_val   |   in|   11|     ap_none|                                                                 data_18_val|        scalar|
|data_19_val   |   in|   11|     ap_none|                                                                 data_19_val|        scalar|
|data_20_val   |   in|   11|     ap_none|                                                                 data_20_val|        scalar|
|data_21_val   |   in|   11|     ap_none|                                                                 data_21_val|        scalar|
|data_22_val   |   in|   11|     ap_none|                                                                 data_22_val|        scalar|
|data_23_val   |   in|   11|     ap_none|                                                                 data_23_val|        scalar|
|data_24_val   |   in|   11|     ap_none|                                                                 data_24_val|        scalar|
|data_25_val   |   in|   11|     ap_none|                                                                 data_25_val|        scalar|
|data_26_val   |   in|   11|     ap_none|                                                                 data_26_val|        scalar|
|data_27_val   |   in|   11|     ap_none|                                                                 data_27_val|        scalar|
|data_28_val   |   in|   11|     ap_none|                                                                 data_28_val|        scalar|
|data_29_val   |   in|   11|     ap_none|                                                                 data_29_val|        scalar|
|data_30_val   |   in|   11|     ap_none|                                                                 data_30_val|        scalar|
|data_31_val   |   in|   11|     ap_none|                                                                 data_31_val|        scalar|
+--------------+-----+-----+------------+----------------------------------------------------------------------------+--------------+

