

================================================================
== Vitis HLS Report for 'dense_resource_rf_gt_nin_rem0_ap_fixed_ap_fixed_9_3_0_3_0_config2_mult_s'
================================================================
* Date:           Tue May  5 04:58:53 2026

* Version:        2025.2 (Build 6295257 on Nov 14 2025)
* Project:        cifar10_axis_wrapper_prj
* Solution:       solution1 (Vivado IP Flow Target)
* Product family: zynq
* Target device:  xc7z010-clg400-1


================================================================
== Performance Estimates
================================================================
+ Timing: 
    * Summary: 
    +--------+----------+-----------+------------+
    |  Clock |  Target  | Estimated | Uncertainty|
    +--------+----------+-----------+------------+
    |ap_clk  |  10.00 ns|  10.031 ns|     2.70 ns|
    +--------+----------+-----------+------------+

+ Latency: 
    * Summary: 
    +---------+---------+----------+----------+-----+-----+-------------------------------------------+
    |  Latency (cycles) |  Latency (absolute) |  Interval |                  Pipeline                 |
    |   min   |   max   |    min   |    max   | min | max |                    Type                   |
    +---------+---------+----------+----------+-----+-----+-------------------------------------------+
    |      219|      220|  2.197 us|  2.207 us|  216|  216|  loop rewind stp (delay=0 clock cycles(s))|
    +---------+---------+----------+----------+-----+-----+-------------------------------------------+

    + Detail: 
        * Instance: 
        N/A

        * Loop: 
        +-------------+---------+---------+----------+-----------+-----------+------+----------+
        |             |  Latency (cycles) | Iteration|  Initiation Interval  | Trip |          |
        |  Loop Name  |   min   |   max   |  Latency |  achieved |   target  | Count| Pipelined|
        +-------------+---------+---------+----------+-----------+-----------+------+----------+
        |- ReuseLoop  |      219|      219|         5|          1|          1|   216|       yes|
        +-------------+---------+---------+----------+-----------+-----------+------+----------+



================================================================
== Utilization Estimates
================================================================
* Summary: 
+-----------------+---------+----+-------+-------+-----+
|       Name      | BRAM_18K| DSP|   FF  |  LUT  | URAM|
+-----------------+---------+----+-------+-------+-----+
|DSP              |        -|   -|      -|      -|    -|
|Expression       |        -|   -|      0|    561|    -|
|FIFO             |        -|   -|      -|      -|    -|
|Instance         |        -|   0|      0|    214|    -|
|Memory           |        1|   -|      3|     11|    -|
|Multiplexer      |        -|   -|      0|   1018|    -|
|Register         |        -|   -|    705|     32|    -|
+-----------------+---------+----+-------+-------+-----+
|Total            |        1|   0|    708|   1836|    0|
+-----------------+---------+----+-------+-------+-----+
|Available        |      120|  80|  35200|  17600|    0|
+-----------------+---------+----+-------+-------+-----+
|Utilization (%)  |       ~0|   0|      2|     10|    0|
+-----------------+---------+----+-------+-------+-----+

+ Detail: 
    * Instance: 
    +---------------------------+-----------------------+---------+----+---+-----+-----+
    |          Instance         |         Module        | BRAM_18K| DSP| FF| LUT | URAM|
    +---------------------------+-----------------------+---------+----+---+-----+-----+
    |mul_9s_7s_16_1_1_U42       |mul_9s_7s_16_1_1       |        0|   0|  0|   51|    0|
    |sparsemux_17_3_16_1_1_U43  |sparsemux_17_3_16_1_1  |        0|   0|  0|   42|    0|
    |sparsemux_55_5_9_1_1_U41   |sparsemux_55_5_9_1_1   |        0|   0|  0|  121|    0|
    +---------------------------+-----------------------+---------+----+---+-----+-----+
    |Total                      |                       |        0|   0|  0|  214|    0|
    +---------------------------+-----------------------+---------+----+---+-----+-----+

    * DSP: 
    N/A

    * Memory: 
    +----------+----------------------------------------------------------------------------------+---------+---+----+-----+------+-----+------+-------------+
    |  Memory  |                                      Module                                      | BRAM_18K| FF| LUT| URAM| Words| Bits| Banks| W*Bits*Banks|
    +----------+----------------------------------------------------------------------------------+---------+---+----+-----+------+-----+------+-------------+
    |outidx_U  |dense_resource_rf_gt_nin_rem0_ap_fixed_ap_fixed_9_3_0_3_0_config2_mult_s_outihbi  |        0|  3|  11|    0|   216|    3|     1|          648|
    |w2_U      |dense_resource_rf_gt_nin_rem0_ap_fixed_ap_fixed_9_3_0_3_0_config2_mult_s_w2_Ribs  |        1|  0|   0|    0|   216|    7|     1|         1512|
    +----------+----------------------------------------------------------------------------------+---------+---+----+-----+------+-----+------+-------------+
    |Total     |                                                                                  |        1|  3|  11|    0|   432|   10|     2|         2160|
    +----------+----------------------------------------------------------------------------------+---------+---+----+-----+------+-----+------+-------------+

    * FIFO: 
    N/A

    * Expression: 
    +-------------------------+----------+----+---+----+------------+------------+
    |      Variable Name      | Operation| DSP| FF| LUT| Bitwidth P0| Bitwidth P1|
    +-------------------------+----------+----+---+----+------------+------------+
    |add_ln111_1_fu_1698_p2   |         +|   0|  0|  14|           9|           9|
    |add_ln111_2_fu_1724_p2   |         +|   0|  0|  14|           9|           9|
    |add_ln111_3_fu_1750_p2   |         +|   0|  0|  14|           9|           9|
    |add_ln111_4_fu_1776_p2   |         +|   0|  0|  14|           9|           9|
    |add_ln111_5_fu_1802_p2   |         +|   0|  0|  14|           9|           9|
    |add_ln111_6_fu_1828_p2   |         +|   0|  0|  14|           9|           9|
    |add_ln111_7_fu_1856_p2   |         +|   0|  0|  14|           9|           9|
    |add_ln111_fu_1672_p2     |         +|   0|  0|  14|           9|           9|
    |add_ln144_1_fu_1480_p2   |         +|   0|  0|  24|          17|          17|
    |add_ln144_fu_1427_p2     |         +|   0|  0|  14|          13|          13|
    |in_index_3_fu_1371_p2    |         +|   0|  0|  39|          32|           1|
    |w_index_fu_1104_p2       |         +|   0|  0|  15|           8|           1|
    |ap_condition_247         |       and|   0|  0|   2|           1|           1|
    |ap_condition_306         |       and|   0|  0|   2|           1|           1|
    |icmp_ln135_fu_1110_p2    |      icmp|   0|  0|  15|           8|           7|
    |icmp_ln144_1_fu_1491_p2  |      icmp|   0|  0|  11|           3|           1|
    |icmp_ln144_2_fu_1496_p2  |      icmp|   0|  0|  11|           3|           2|
    |icmp_ln144_3_fu_1501_p2  |      icmp|   0|  0|  11|           3|           2|
    |icmp_ln144_4_fu_1506_p2  |      icmp|   0|  0|  13|           3|           4|
    |icmp_ln144_5_fu_1511_p2  |      icmp|   0|  0|  11|           3|           3|
    |icmp_ln144_6_fu_1516_p2  |      icmp|   0|  0|  11|           3|           3|
    |icmp_ln144_7_fu_1521_p2  |      icmp|   0|  0|  24|          17|           1|
    |icmp_ln144_fu_1486_p2    |      icmp|   0|  0|  11|           3|           1|
    |icmp_ln154_fu_1377_p2    |      icmp|   0|  0|  39|          32|           5|
    |or_ln144_1_fu_1533_p2    |        or|   0|  0|   2|           1|           1|
    |or_ln144_2_fu_1539_p2    |        or|   0|  0|   2|           1|           1|
    |or_ln144_3_fu_1545_p2    |        or|   0|  0|   2|           1|           1|
    |or_ln144_4_fu_1551_p2    |        or|   0|  0|   2|           1|           1|
    |or_ln144_5_fu_1557_p2    |        or|   0|  0|   2|           1|           1|
    |or_ln144_6_fu_1563_p2    |        or|   0|  0|   2|           1|           1|
    |or_ln144_7_fu_1637_p2    |        or|   0|  0|   2|           1|           1|
    |or_ln144_8_fu_1641_p2    |        or|   0|  0|   2|           1|           1|
    |or_ln144_fu_1527_p2      |        or|   0|  0|   2|           1|           1|
    |acc_17_fu_1629_p3        |    select|   0|  0|  16|           1|          16|
    |acc_18_fu_1621_p3        |    select|   0|  0|  16|           1|          16|
    |acc_19_fu_1613_p3        |    select|   0|  0|  16|           1|          16|
    |acc_20_fu_1605_p3        |    select|   0|  0|  16|           1|          16|
    |acc_21_fu_1597_p3        |    select|   0|  0|  16|           1|          16|
    |acc_22_fu_1589_p3        |    select|   0|  0|  16|           1|          16|
    |acc_23_fu_1581_p3        |    select|   0|  0|  16|           1|          16|
    |acc_24_fu_1646_p3        |    select|   0|  0|  16|           1|          16|
    |acc_8_fu_1569_p3         |    select|   0|  0|  16|           1|          16|
    |in_index_4_fu_1383_p3    |    select|   0|  0|  32|           1|           1|
    |ap_enable_pp0            |       xor|   0|  0|   2|           1|           2|
    +-------------------------+----------+----+---+----+------------+------------+
    |Total                    |          |   0|  0| 561|         242|         291|
    +-------------------------+----------+----+---+----+------------+------------+

    * Multiplexer: 
    +---------------------------------------------------------------------------------------------------------------+----+-----------+-----+-----------+
    |                                                      Name                                                     | LUT| Input Size| Bits| Total Bits|
    +---------------------------------------------------------------------------------------------------------------+----+-----------+-----+-----------+
    |acc24_reg_986                                                                                                  |   9|          2|   16|         32|
    |acc_1_reg_1070                                                                                                 |   9|          2|   16|         32|
    |acc_2_reg_1056                                                                                                 |   9|          2|   16|         32|
    |acc_3_reg_1042                                                                                                 |   9|          2|   16|         32|
    |acc_4_reg_1028                                                                                                 |   9|          2|   16|         32|
    |acc_5_reg_1014                                                                                                 |   9|          2|   16|         32|
    |acc_6_reg_1000                                                                                                 |   9|          2|   16|         32|
    |acc_reg_1084                                                                                                   |   9|          2|   16|         32|
    |ap_NS_fsm                                                                                                      |  14|          3|    1|          3|
    |ap_enable_reg_pp0_iter1                                                                                        |   9|          2|    1|          2|
    |ap_enable_reg_pp0_iter4                                                                                        |   9|          2|    1|          2|
    |ap_phi_mux_acc24_phi_fu_990_p6                                                                                 |  14|          3|   16|         48|
    |ap_phi_mux_acc_1_phi_fu_1074_p6                                                                                |  14|          3|   16|         48|
    |ap_phi_mux_acc_2_phi_fu_1060_p6                                                                                |  14|          3|   16|         48|
    |ap_phi_mux_acc_3_phi_fu_1046_p6                                                                                |  14|          3|   16|         48|
    |ap_phi_mux_acc_4_phi_fu_1032_p6                                                                                |  14|          3|   16|         48|
    |ap_phi_mux_acc_5_phi_fu_1018_p6                                                                                |  14|          3|   16|         48|
    |ap_phi_mux_acc_6_phi_fu_1004_p6                                                                                |  14|          3|   16|         48|
    |ap_phi_mux_acc_phi_fu_1088_p6                                                                                  |  14|          3|   16|         48|
    |ap_phi_mux_in_index_phi_fu_652_p6                                                                              |  14|          3|   32|         96|
    |ap_phi_mux_ir_phi_fu_260_p6                                                                                    |  14|          3|    8|         24|
    |ap_phi_mux_p_ZZN4nnet24compute_output_buffer_2dINS_5arrayI8ap_fixedILi9ELi2EL9ap_q_mode0EL9a_29_phi_fu_666_p4  |  14|          3|    9|         27|
    |ap_phi_mux_p_ZZN4nnet24compute_output_buffer_2dINS_5arrayI8ap_fixedILi9ELi2EL9ap_q_mode0EL9a_30_phi_fu_678_p4  |  14|          3|    9|         27|
    |ap_phi_mux_p_ZZN4nnet24compute_output_buffer_2dINS_5arrayI8ap_fixedILi9ELi2EL9ap_q_mode0EL9a_31_phi_fu_690_p4  |  14|          3|    9|         27|
    |ap_phi_mux_p_ZZN4nnet24compute_output_buffer_2dINS_5arrayI8ap_fixedILi9ELi2EL9ap_q_mode0EL9a_32_phi_fu_702_p4  |  14|          3|    9|         27|
    |ap_phi_mux_p_ZZN4nnet24compute_output_buffer_2dINS_5arrayI8ap_fixedILi9ELi2EL9ap_q_mode0EL9a_33_phi_fu_714_p4  |  14|          3|    9|         27|
    |ap_phi_mux_p_ZZN4nnet24compute_output_buffer_2dINS_5arrayI8ap_fixedILi9ELi2EL9ap_q_mode0EL9a_34_phi_fu_726_p4  |  14|          3|    9|         27|
    |ap_phi_mux_p_ZZN4nnet24compute_output_buffer_2dINS_5arrayI8ap_fixedILi9ELi2EL9ap_q_mode0EL9a_35_phi_fu_738_p4  |  14|          3|    9|         27|
    |ap_phi_mux_p_ZZN4nnet24compute_output_buffer_2dINS_5arrayI8ap_fixedILi9ELi2EL9ap_q_mode0EL9a_36_phi_fu_750_p4  |  14|          3|    9|         27|
    |ap_phi_mux_p_ZZN4nnet24compute_output_buffer_2dINS_5arrayI8ap_fixedILi9ELi2EL9ap_q_mode0EL9a_37_phi_fu_762_p4  |  14|          3|    9|         27|
    |ap_phi_mux_p_ZZN4nnet24compute_output_buffer_2dINS_5arrayI8ap_fixedILi9ELi2EL9ap_q_mode0EL9a_38_phi_fu_774_p4  |  14|          3|    9|         27|
    |ap_phi_mux_p_ZZN4nnet24compute_output_buffer_2dINS_5arrayI8ap_fixedILi9ELi2EL9ap_q_mode0EL9a_39_phi_fu_786_p4  |  14|          3|    9|         27|
    |ap_phi_mux_p_ZZN4nnet24compute_output_buffer_2dINS_5arrayI8ap_fixedILi9ELi2EL9ap_q_mode0EL9a_40_phi_fu_798_p4  |  14|          3|    9|         27|
    |ap_phi_mux_p_ZZN4nnet24compute_output_buffer_2dINS_5arrayI8ap_fixedILi9ELi2EL9ap_q_mode0EL9a_41_phi_fu_810_p4  |  14|          3|    9|         27|
    |ap_phi_mux_p_ZZN4nnet24compute_output_buffer_2dINS_5arrayI8ap_fixedILi9ELi2EL9ap_q_mode0EL9a_42_phi_fu_822_p4  |  14|          3|    9|         27|
    |ap_phi_mux_p_ZZN4nnet24compute_output_buffer_2dINS_5arrayI8ap_fixedILi9ELi2EL9ap_q_mode0EL9a_43_phi_fu_834_p4  |  14|          3|    9|         27|
    |ap_phi_mux_p_ZZN4nnet24compute_output_buffer_2dINS_5arrayI8ap_fixedILi9ELi2EL9ap_q_mode0EL9a_44_phi_fu_846_p4  |  14|          3|    9|         27|
    |ap_phi_mux_p_ZZN4nnet24compute_output_buffer_2dINS_5arrayI8ap_fixedILi9ELi2EL9ap_q_mode0EL9a_45_phi_fu_858_p4  |  14|          3|    9|         27|
    |ap_phi_mux_void_compute_output_buffer_2d_array_const_ap_shift_reg_n_chan_stream_weig_38_phi_fu_870_p4          |  14|          3|    9|         27|
    |ap_phi_mux_void_compute_output_buffer_2d_array_const_ap_shift_reg_n_chan_stream_weig_39_phi_fu_882_p4          |  14|          3|    9|         27|
    |ap_phi_mux_void_compute_output_buffer_2d_array_const_ap_shift_reg_n_chan_stream_weig_40_phi_fu_894_p4          |  14|          3|    9|         27|
    |ap_phi_mux_void_compute_output_buffer_2d_array_const_ap_shift_reg_n_chan_stream_weig_41_phi_fu_906_p4          |  14|          3|    9|         27|
    |ap_phi_mux_void_compute_output_buffer_2d_array_const_ap_shift_reg_n_chan_stream_weig_42_phi_fu_918_p4          |  14|          3|    9|         27|
    |ap_phi_mux_void_compute_output_buffer_2d_array_const_ap_shift_reg_n_chan_stream_weig_43_phi_fu_930_p4          |  14|          3|    9|         27|
    |ap_phi_mux_void_compute_output_buffer_2d_array_const_ap_shift_reg_n_chan_stream_weig_44_phi_fu_942_p4          |  14|          3|    9|         27|
    |ap_phi_mux_void_compute_output_buffer_2d_array_const_ap_shift_reg_n_chan_stream_weig_45_phi_fu_954_p4          |  14|          3|    9|         27|
    |ap_phi_mux_void_compute_output_buffer_2d_array_const_ap_shift_reg_n_chan_stream_weig_46_phi_fu_966_p4          |  14|          3|    9|         27|
    |ap_phi_mux_void_compute_output_buffer_2d_array_const_ap_shift_reg_n_chan_stream_weig_47_phi_fu_978_p4          |  14|          3|    9|         27|
    |in_index_reg_648                                                                                               |   9|          2|   32|         64|
    |ir_reg_256                                                                                                     |   9|          2|    8|         16|
    |p_ZZN4nnet24compute_output_buffer_2dINS_5arrayI8ap_fixedILi9ELi2EL9ap_q_mode0EL9a_29_reg_662                   |  14|          3|    9|         27|
    |p_ZZN4nnet24compute_output_buffer_2dINS_5arrayI8ap_fixedILi9ELi2EL9ap_q_mode0EL9a_30_reg_674                   |  14|          3|    9|         27|
    |p_ZZN4nnet24compute_output_buffer_2dINS_5arrayI8ap_fixedILi9ELi2EL9ap_q_mode0EL9a_31_reg_686                   |  14|          3|    9|         27|
    |p_ZZN4nnet24compute_output_buffer_2dINS_5arrayI8ap_fixedILi9ELi2EL9ap_q_mode0EL9a_32_reg_698                   |  14|          3|    9|         27|
    |p_ZZN4nnet24compute_output_buffer_2dINS_5arrayI8ap_fixedILi9ELi2EL9ap_q_mode0EL9a_33_reg_710                   |  14|          3|    9|         27|
    |p_ZZN4nnet24compute_output_buffer_2dINS_5arrayI8ap_fixedILi9ELi2EL9ap_q_mode0EL9a_34_reg_722                   |  14|          3|    9|         27|
    |p_ZZN4nnet24compute_output_buffer_2dINS_5arrayI8ap_fixedILi9ELi2EL9ap_q_mode0EL9a_35_reg_734                   |  14|          3|    9|         27|
    |p_ZZN4nnet24compute_output_buffer_2dINS_5arrayI8ap_fixedILi9ELi2EL9ap_q_mode0EL9a_36_reg_746                   |  14|          3|    9|         27|
    |p_ZZN4nnet24compute_output_buffer_2dINS_5arrayI8ap_fixedILi9ELi2EL9ap_q_mode0EL9a_37_reg_758                   |  14|          3|    9|         27|
    |p_ZZN4nnet24compute_output_buffer_2dINS_5arrayI8ap_fixedILi9ELi2EL9ap_q_mode0EL9a_38_reg_770                   |  14|          3|    9|         27|
    |p_ZZN4nnet24compute_output_buffer_2dINS_5arrayI8ap_fixedILi9ELi2EL9ap_q_mode0EL9a_39_reg_782                   |  14|          3|    9|         27|
    |p_ZZN4nnet24compute_output_buffer_2dINS_5arrayI8ap_fixedILi9ELi2EL9ap_q_mode0EL9a_40_reg_794                   |  14|          3|    9|         27|
    |p_ZZN4nnet24compute_output_buffer_2dINS_5arrayI8ap_fixedILi9ELi2EL9ap_q_mode0EL9a_41_reg_806                   |  14|          3|    9|         27|
    |p_ZZN4nnet24compute_output_buffer_2dINS_5arrayI8ap_fixedILi9ELi2EL9ap_q_mode0EL9a_42_reg_818                   |  14|          3|    9|         27|
    |p_ZZN4nnet24compute_output_buffer_2dINS_5arrayI8ap_fixedILi9ELi2EL9ap_q_mode0EL9a_43_reg_830                   |  14|          3|    9|         27|
    |p_ZZN4nnet24compute_output_buffer_2dINS_5arrayI8ap_fixedILi9ELi2EL9ap_q_mode0EL9a_44_reg_842                   |  14|          3|    9|         27|
    |p_ZZN4nnet24compute_output_buffer_2dINS_5arrayI8ap_fixedILi9ELi2EL9ap_q_mode0EL9a_45_reg_854                   |  14|          3|    9|         27|
    |void_compute_output_buffer_2d_array_const_ap_shift_reg_n_chan_stream_weig_38_reg_866                           |  14|          3|    9|         27|
    |void_compute_output_buffer_2d_array_const_ap_shift_reg_n_chan_stream_weig_39_reg_878                           |  14|          3|    9|         27|
    |void_compute_output_buffer_2d_array_const_ap_shift_reg_n_chan_stream_weig_40_reg_890                           |  14|          3|    9|         27|
    |void_compute_output_buffer_2d_array_const_ap_shift_reg_n_chan_stream_weig_41_reg_902                           |  14|          3|    9|         27|
    |void_compute_output_buffer_2d_array_const_ap_shift_reg_n_chan_stream_weig_42_reg_914                           |  14|          3|    9|         27|
    |void_compute_output_buffer_2d_array_const_ap_shift_reg_n_chan_stream_weig_43_reg_926                           |  14|          3|    9|         27|
    |void_compute_output_buffer_2d_array_const_ap_shift_reg_n_chan_stream_weig_44_reg_938                           |  14|          3|    9|         27|
    |void_compute_output_buffer_2d_array_const_ap_shift_reg_n_chan_stream_weig_45_reg_950                           |  14|          3|    9|         27|
    |void_compute_output_buffer_2d_array_const_ap_shift_reg_n_chan_stream_weig_46_reg_962                           |  14|          3|    9|         27|
    |void_compute_output_buffer_2d_array_const_ap_shift_reg_n_chan_stream_weig_47_reg_974                           |  14|          3|    9|         27|
    +---------------------------------------------------------------------------------------------------------------+----+-----------+-----+-----------+
    |Total                                                                                                          |1018|        219|  825|       2305|
    +---------------------------------------------------------------------------------------------------------------+----+-----------+-----+-----------+

    * Register: 
    +----------------------------------------------------------------------------------------------+----+----+-----+-----------+
    |                                             Name                                             | FF | LUT| Bits| Const Bits|
    +----------------------------------------------------------------------------------------------+----+----+-----+-----------+
    |a_reg_1945                                                                                    |   9|   0|    9|          0|
    |acc24_reg_986                                                                                 |  16|   0|   16|          0|
    |acc_16_reg_1990                                                                               |  16|   0|   16|          0|
    |acc_17_reg_2037                                                                               |  16|   0|   16|          0|
    |acc_18_reg_2030                                                                               |  16|   0|   16|          0|
    |acc_19_reg_2023                                                                               |  16|   0|   16|          0|
    |acc_1_reg_1070                                                                                |  16|   0|   16|          0|
    |acc_20_reg_2016                                                                               |  16|   0|   16|          0|
    |acc_21_reg_2009                                                                               |  16|   0|   16|          0|
    |acc_22_reg_2002                                                                               |  16|   0|   16|          0|
    |acc_23_reg_1995                                                                               |  16|   0|   16|          0|
    |acc_2_reg_1056                                                                                |  16|   0|   16|          0|
    |acc_3_reg_1042                                                                                |  16|   0|   16|          0|
    |acc_4_reg_1028                                                                                |  16|   0|   16|          0|
    |acc_5_reg_1014                                                                                |  16|   0|   16|          0|
    |acc_6_reg_1000                                                                                |  16|   0|   16|          0|
    |acc_8_reg_1985                                                                                |  16|   0|   16|          0|
    |acc_reg_1084                                                                                  |  16|   0|   16|          0|
    |ap_CS_fsm                                                                                     |   2|   0|    2|          0|
    |ap_enable_reg_pp0_iter1                                                                       |   1|   0|    1|          0|
    |ap_enable_reg_pp0_iter2                                                                       |   1|   0|    1|          0|
    |ap_enable_reg_pp0_iter3                                                                       |   1|   0|    1|          0|
    |ap_enable_reg_pp0_iter4                                                                       |   1|   0|    1|          0|
    |do_init_reg_240                                                                               |   1|   0|    1|          0|
    |icmp_ln135_reg_1929                                                                           |   1|   0|    1|          0|
    |icmp_ln144_reg_1970                                                                           |   1|   0|    1|          0|
    |in_index_4_reg_1955                                                                           |  32|   0|   32|          0|
    |in_index_reg_648                                                                              |  32|   0|   32|          0|
    |ir_reg_256                                                                                    |   8|   0|    8|          0|
    |or_ln144_1_reg_1975                                                                           |   1|   0|    1|          0|
    |or_ln144_5_reg_1980                                                                           |   1|   0|    1|          0|
    |out_index_reg_1933                                                                            |   3|   0|    3|          0|
    |out_index_reg_1933_pp0_iter2_reg                                                              |   3|   0|    3|          0|
    |p_ZZN4nnet24compute_output_buffer_2dINS_5arrayI8ap_fixedILi9ELi2EL9ap_q_mode0EL9a_29_reg_662  |   9|   0|    9|          0|
    |p_ZZN4nnet24compute_output_buffer_2dINS_5arrayI8ap_fixedILi9ELi2EL9ap_q_mode0EL9a_30_reg_674  |   9|   0|    9|          0|
    |p_ZZN4nnet24compute_output_buffer_2dINS_5arrayI8ap_fixedILi9ELi2EL9ap_q_mode0EL9a_31_reg_686  |   9|   0|    9|          0|
    |p_ZZN4nnet24compute_output_buffer_2dINS_5arrayI8ap_fixedILi9ELi2EL9ap_q_mode0EL9a_32_reg_698  |   9|   0|    9|          0|
    |p_ZZN4nnet24compute_output_buffer_2dINS_5arrayI8ap_fixedILi9ELi2EL9ap_q_mode0EL9a_33_reg_710  |   9|   0|    9|          0|
    |p_ZZN4nnet24compute_output_buffer_2dINS_5arrayI8ap_fixedILi9ELi2EL9ap_q_mode0EL9a_34_reg_722  |   9|   0|    9|          0|
    |p_ZZN4nnet24compute_output_buffer_2dINS_5arrayI8ap_fixedILi9ELi2EL9ap_q_mode0EL9a_35_reg_734  |   9|   0|    9|          0|
    |p_ZZN4nnet24compute_output_buffer_2dINS_5arrayI8ap_fixedILi9ELi2EL9ap_q_mode0EL9a_36_reg_746  |   9|   0|    9|          0|
    |p_ZZN4nnet24compute_output_buffer_2dINS_5arrayI8ap_fixedILi9ELi2EL9ap_q_mode0EL9a_37_reg_758  |   9|   0|    9|          0|
    |p_ZZN4nnet24compute_output_buffer_2dINS_5arrayI8ap_fixedILi9ELi2EL9ap_q_mode0EL9a_38_reg_770  |   9|   0|    9|          0|
    |p_ZZN4nnet24compute_output_buffer_2dINS_5arrayI8ap_fixedILi9ELi2EL9ap_q_mode0EL9a_39_reg_782  |   9|   0|    9|          0|
    |p_ZZN4nnet24compute_output_buffer_2dINS_5arrayI8ap_fixedILi9ELi2EL9ap_q_mode0EL9a_40_reg_794  |   9|   0|    9|          0|
    |p_ZZN4nnet24compute_output_buffer_2dINS_5arrayI8ap_fixedILi9ELi2EL9ap_q_mode0EL9a_41_reg_806  |   9|   0|    9|          0|
    |p_ZZN4nnet24compute_output_buffer_2dINS_5arrayI8ap_fixedILi9ELi2EL9ap_q_mode0EL9a_42_reg_818  |   9|   0|    9|          0|
    |p_ZZN4nnet24compute_output_buffer_2dINS_5arrayI8ap_fixedILi9ELi2EL9ap_q_mode0EL9a_43_reg_830  |   9|   0|    9|          0|
    |p_ZZN4nnet24compute_output_buffer_2dINS_5arrayI8ap_fixedILi9ELi2EL9ap_q_mode0EL9a_44_reg_842  |   9|   0|    9|          0|
    |p_ZZN4nnet24compute_output_buffer_2dINS_5arrayI8ap_fixedILi9ELi2EL9ap_q_mode0EL9a_45_reg_854  |   9|   0|    9|          0|
    |tmp_reg_1965                                                                                  |   1|   0|    1|          0|
    |trunc_ln5_reg_1960                                                                            |  12|   0|   12|          0|
    |void_compute_output_buffer_2d_array_const_ap_shift_reg_n_chan_stream_weig_38_reg_866          |   9|   0|    9|          0|
    |void_compute_output_buffer_2d_array_const_ap_shift_reg_n_chan_stream_weig_39_reg_878          |   9|   0|    9|          0|
    |void_compute_output_buffer_2d_array_const_ap_shift_reg_n_chan_stream_weig_40_reg_890          |   9|   0|    9|          0|
    |void_compute_output_buffer_2d_array_const_ap_shift_reg_n_chan_stream_weig_41_reg_902          |   9|   0|    9|          0|
    |void_compute_output_buffer_2d_array_const_ap_shift_reg_n_chan_stream_weig_42_reg_914          |   9|   0|    9|          0|
    |void_compute_output_buffer_2d_array_const_ap_shift_reg_n_chan_stream_weig_43_reg_926          |   9|   0|    9|          0|
    |void_compute_output_buffer_2d_array_const_ap_shift_reg_n_chan_stream_weig_44_reg_938          |   9|   0|    9|          0|
    |void_compute_output_buffer_2d_array_const_ap_shift_reg_n_chan_stream_weig_45_reg_950          |   9|   0|    9|          0|
    |void_compute_output_buffer_2d_array_const_ap_shift_reg_n_chan_stream_weig_46_reg_962          |   9|   0|    9|          0|
    |void_compute_output_buffer_2d_array_const_ap_shift_reg_n_chan_stream_weig_47_reg_974          |   9|   0|    9|          0|
    |w_index_reg_1924                                                                              |   8|   0|    8|          0|
    |w_reg_1950                                                                                    |   7|   0|    7|          0|
    |icmp_ln135_reg_1929                                                                           |  64|  32|    1|          0|
    +----------------------------------------------------------------------------------------------+----+----+-----+-----------+
    |Total                                                                                         | 705|  32|  642|          0|
    +----------------------------------------------------------------------------------------------+----+----+-----+-----------+



================================================================
== Interface
================================================================
* Summary: 
+--------------------------------------------------------------------------------------+-----+-----+------------+--------------------------------------------------------------------------------------+--------------+
|                                       RTL Ports                                      | Dir | Bits|  Protocol  |                                     Source Object                                    |    C Type    |
+--------------------------------------------------------------------------------------+-----+-----+------------+--------------------------------------------------------------------------------------+--------------+
|ap_clk                                                                                |   in|    1|  ap_ctrl_hs|              dense_resource_rf_gt_nin_rem0<ap_fixed,ap_fixed<9,3,0,3,0>,config2_mult>|  return value|
|ap_rst                                                                                |   in|    1|  ap_ctrl_hs|              dense_resource_rf_gt_nin_rem0<ap_fixed,ap_fixed<9,3,0,3,0>,config2_mult>|  return value|
|ap_start                                                                              |   in|    1|  ap_ctrl_hs|              dense_resource_rf_gt_nin_rem0<ap_fixed,ap_fixed<9,3,0,3,0>,config2_mult>|  return value|
|ap_done                                                                               |  out|    1|  ap_ctrl_hs|              dense_resource_rf_gt_nin_rem0<ap_fixed,ap_fixed<9,3,0,3,0>,config2_mult>|  return value|
|ap_idle                                                                               |  out|    1|  ap_ctrl_hs|              dense_resource_rf_gt_nin_rem0<ap_fixed,ap_fixed<9,3,0,3,0>,config2_mult>|  return value|
|ap_ready                                                                              |  out|    1|  ap_ctrl_hs|              dense_resource_rf_gt_nin_rem0<ap_fixed,ap_fixed<9,3,0,3,0>,config2_mult>|  return value|
|ap_return_0                                                                           |  out|    9|  ap_ctrl_hs|              dense_resource_rf_gt_nin_rem0<ap_fixed,ap_fixed<9,3,0,3,0>,config2_mult>|  return value|
|ap_return_1                                                                           |  out|    9|  ap_ctrl_hs|              dense_resource_rf_gt_nin_rem0<ap_fixed,ap_fixed<9,3,0,3,0>,config2_mult>|  return value|
|ap_return_2                                                                           |  out|    9|  ap_ctrl_hs|              dense_resource_rf_gt_nin_rem0<ap_fixed,ap_fixed<9,3,0,3,0>,config2_mult>|  return value|
|ap_return_3                                                                           |  out|    9|  ap_ctrl_hs|              dense_resource_rf_gt_nin_rem0<ap_fixed,ap_fixed<9,3,0,3,0>,config2_mult>|  return value|
|ap_return_4                                                                           |  out|    9|  ap_ctrl_hs|              dense_resource_rf_gt_nin_rem0<ap_fixed,ap_fixed<9,3,0,3,0>,config2_mult>|  return value|
|ap_return_5                                                                           |  out|    9|  ap_ctrl_hs|              dense_resource_rf_gt_nin_rem0<ap_fixed,ap_fixed<9,3,0,3,0>,config2_mult>|  return value|
|ap_return_6                                                                           |  out|    9|  ap_ctrl_hs|              dense_resource_rf_gt_nin_rem0<ap_fixed,ap_fixed<9,3,0,3,0>,config2_mult>|  return value|
|ap_return_7                                                                           |  out|    9|  ap_ctrl_hs|              dense_resource_rf_gt_nin_rem0<ap_fixed,ap_fixed<9,3,0,3,0>,config2_mult>|  return value|
|void_compute_output_buffer_2d_array_const_ap_shift_reg_n_chan_stream_weig_19          |   in|    9|     ap_none|          void_compute_output_buffer_2d_array_const_ap_shift_reg_n_chan_stream_weig_19|       pointer|
|void_compute_output_buffer_2d_array_const_ap_shift_reg_n_chan_stream_weig_18          |   in|    9|     ap_none|          void_compute_output_buffer_2d_array_const_ap_shift_reg_n_chan_stream_weig_18|       pointer|
|void_compute_output_buffer_2d_array_const_ap_shift_reg_n_chan_stream_weig_17          |   in|    9|     ap_none|          void_compute_output_buffer_2d_array_const_ap_shift_reg_n_chan_stream_weig_17|       pointer|
|void_compute_output_buffer_2d_array_const_ap_shift_reg_n_chan_stream_weig_16          |   in|    9|     ap_none|          void_compute_output_buffer_2d_array_const_ap_shift_reg_n_chan_stream_weig_16|       pointer|
|void_compute_output_buffer_2d_array_const_ap_shift_reg_n_chan_stream_weig_15          |   in|    9|     ap_none|          void_compute_output_buffer_2d_array_const_ap_shift_reg_n_chan_stream_weig_15|       pointer|
|void_compute_output_buffer_2d_array_const_ap_shift_reg_n_chan_stream_weig_14          |   in|    9|     ap_none|          void_compute_output_buffer_2d_array_const_ap_shift_reg_n_chan_stream_weig_14|       pointer|
|void_compute_output_buffer_2d_array_const_ap_shift_reg_n_chan_stream_weig_13          |   in|    9|     ap_none|          void_compute_output_buffer_2d_array_const_ap_shift_reg_n_chan_stream_weig_13|       pointer|
|void_compute_output_buffer_2d_array_const_ap_shift_reg_n_chan_stream_weig_12          |   in|    9|     ap_none|          void_compute_output_buffer_2d_array_const_ap_shift_reg_n_chan_stream_weig_12|       pointer|
|void_compute_output_buffer_2d_array_const_ap_shift_reg_n_chan_stream_weig_11          |   in|    9|     ap_none|          void_compute_output_buffer_2d_array_const_ap_shift_reg_n_chan_stream_weig_11|       pointer|
|void_compute_output_buffer_2d_array_const_ap_shift_reg_n_chan_stream_weig_10          |   in|    9|     ap_none|          void_compute_output_buffer_2d_array_const_ap_shift_reg_n_chan_stream_weig_10|       pointer|
|p_ZZN4nnet24compute_output_buffer_2dINS_5arrayI8ap_fixedILi9ELi2EL9ap_q_mode0EL9a_16  |   in|    9|     ap_none|  p_ZZN4nnet24compute_output_buffer_2dINS_5arrayI8ap_fixedILi9ELi2EL9ap_q_mode0EL9a_16|       pointer|
|p_ZZN4nnet24compute_output_buffer_2dINS_5arrayI8ap_fixedILi9ELi2EL9ap_q_mode0EL9a_15  |   in|    9|     ap_none|  p_ZZN4nnet24compute_output_buffer_2dINS_5arrayI8ap_fixedILi9ELi2EL9ap_q_mode0EL9a_15|       pointer|
|p_ZZN4nnet24compute_output_buffer_2dINS_5arrayI8ap_fixedILi9ELi2EL9ap_q_mode0EL9a_14  |   in|    9|     ap_none|  p_ZZN4nnet24compute_output_buffer_2dINS_5arrayI8ap_fixedILi9ELi2EL9ap_q_mode0EL9a_14|       pointer|
|p_ZZN4nnet24compute_output_buffer_2dINS_5arrayI8ap_fixedILi9ELi2EL9ap_q_mode0EL9a_13  |   in|    9|     ap_none|  p_ZZN4nnet24compute_output_buffer_2dINS_5arrayI8ap_fixedILi9ELi2EL9ap_q_mode0EL9a_13|       pointer|
|p_ZZN4nnet24compute_output_buffer_2dINS_5arrayI8ap_fixedILi9ELi2EL9ap_q_mode0EL9a_12  |   in|    9|     ap_none|  p_ZZN4nnet24compute_output_buffer_2dINS_5arrayI8ap_fixedILi9ELi2EL9ap_q_mode0EL9a_12|       pointer|
|p_ZZN4nnet24compute_output_buffer_2dINS_5arrayI8ap_fixedILi9ELi2EL9ap_q_mode0EL9a_11  |   in|    9|     ap_none|  p_ZZN4nnet24compute_output_buffer_2dINS_5arrayI8ap_fixedILi9ELi2EL9ap_q_mode0EL9a_11|       pointer|
|p_ZZN4nnet24compute_output_buffer_2dINS_5arrayI8ap_fixedILi9ELi2EL9ap_q_mode0EL9a_10  |   in|    9|     ap_none|  p_ZZN4nnet24compute_output_buffer_2dINS_5arrayI8ap_fixedILi9ELi2EL9ap_q_mode0EL9a_10|       pointer|
|p_ZZN4nnet24compute_output_buffer_2dINS_5arrayI8ap_fixedILi9ELi2EL9ap_q_mode0EL9a_9   |   in|    9|     ap_none|   p_ZZN4nnet24compute_output_buffer_2dINS_5arrayI8ap_fixedILi9ELi2EL9ap_q_mode0EL9a_9|       pointer|
|p_ZZN4nnet24compute_output_buffer_2dINS_5arrayI8ap_fixedILi9ELi2EL9ap_q_mode0EL9a_8   |   in|    9|     ap_none|   p_ZZN4nnet24compute_output_buffer_2dINS_5arrayI8ap_fixedILi9ELi2EL9ap_q_mode0EL9a_8|       pointer|
|p_ZZN4nnet24compute_output_buffer_2dINS_5arrayI8ap_fixedILi9ELi2EL9ap_q_mode0EL9a_7   |   in|    9|     ap_none|   p_ZZN4nnet24compute_output_buffer_2dINS_5arrayI8ap_fixedILi9ELi2EL9ap_q_mode0EL9a_7|       pointer|
|p_ZZN4nnet24compute_output_buffer_2dINS_5arrayI8ap_fixedILi9ELi2EL9ap_q_mode0EL9a_6   |   in|    9|     ap_none|   p_ZZN4nnet24compute_output_buffer_2dINS_5arrayI8ap_fixedILi9ELi2EL9ap_q_mode0EL9a_6|       pointer|
|p_ZZN4nnet24compute_output_buffer_2dINS_5arrayI8ap_fixedILi9ELi2EL9ap_q_mode0EL9a_5   |   in|    9|     ap_none|   p_ZZN4nnet24compute_output_buffer_2dINS_5arrayI8ap_fixedILi9ELi2EL9ap_q_mode0EL9a_5|       pointer|
|p_ZZN4nnet24compute_output_buffer_2dINS_5arrayI8ap_fixedILi9ELi2EL9ap_q_mode0EL9a_4   |   in|    9|     ap_none|   p_ZZN4nnet24compute_output_buffer_2dINS_5arrayI8ap_fixedILi9ELi2EL9ap_q_mode0EL9a_4|       pointer|
|p_ZZN4nnet24compute_output_buffer_2dINS_5arrayI8ap_fixedILi9ELi2EL9ap_q_mode0EL9a_3   |   in|    9|     ap_none|   p_ZZN4nnet24compute_output_buffer_2dINS_5arrayI8ap_fixedILi9ELi2EL9ap_q_mode0EL9a_3|       pointer|
|p_ZZN4nnet24compute_output_buffer_2dINS_5arrayI8ap_fixedILi9ELi2EL9ap_q_mode0EL9a_2   |   in|    9|     ap_none|   p_ZZN4nnet24compute_output_buffer_2dINS_5arrayI8ap_fixedILi9ELi2EL9ap_q_mode0EL9a_2|       pointer|
|p_ZZN4nnet24compute_output_buffer_2dINS_5arrayI8ap_fixedILi9ELi2EL9ap_q_mode0EL9a_1   |   in|    9|     ap_none|   p_ZZN4nnet24compute_output_buffer_2dINS_5arrayI8ap_fixedILi9ELi2EL9ap_q_mode0EL9a_1|       pointer|
|p_ZZN4nnet24compute_output_buffer_2dINS_5arrayI8ap_fixedILi9ELi2EL9ap_q_mode0EL9a     |   in|    9|     ap_none|     p_ZZN4nnet24compute_output_buffer_2dINS_5arrayI8ap_fixedILi9ELi2EL9ap_q_mode0EL9a|       pointer|
+--------------------------------------------------------------------------------------+-----+-----+------------+--------------------------------------------------------------------------------------+--------------+

