

================================================================
== Vitis HLS Report for 'global_pooling2d_cl_array_array_ap_fixed_12_5_0_3_0_10u_config13_s'
================================================================
* Date:           Tue May  5 04:59:12 2026

* Version:        2025.2 (Build 6295257 on Nov 14 2025)
* Project:        cifar10_axis_wrapper_prj
* Solution:       solution1 (Vivado IP Flow Target)
* Product family: zynq
* Target device:  xc7z010-clg400-1


================================================================
== Performance Estimates
================================================================
+ Timing: 
    * Summary: 
    +--------+----------+----------+------------+
    |  Clock |  Target  | Estimated| Uncertainty|
    +--------+----------+----------+------------+
    |ap_clk  |  10.00 ns|  5.181 ns|     2.70 ns|
    +--------+----------+----------+------------+

+ Latency: 
    * Summary: 
    +---------+---------+----------+----------+-----+-----+---------+
    |  Latency (cycles) |  Latency (absolute) |  Interval | Pipeline|
    |   min   |   max   |    min   |    max   | min | max |   Type  |
    +---------+---------+----------+----------+-----+-----+---------+
    |       20|       20|  0.200 us|  0.200 us|   20|   20|       no|
    +---------+---------+----------+----------+-----+-----+---------+

    + Detail: 
        * Instance: 
        +-----------------------------------------------------------------------+-------------------------------------------------------------+---------+---------+----------+----------+-----+-----+-------------------+
        |                                                                       |                                                             |  Latency (cycles) |  Latency (absolute) |  Interval |      Pipeline     |
        |                                Instance                               |                            Module                           |   min   |   max   |    min   |    max   | min | max |        Type       |
        +-----------------------------------------------------------------------+-------------------------------------------------------------+---------+---------+----------+----------+-----+-----+-------------------+
        |grp_global_pooling2d_cl_Pipeline_ReadInputHeight_ReadInputWidth_fu_81  |global_pooling2d_cl_Pipeline_ReadInputHeight_ReadInputWidth  |       18|       18|  0.180 us|  0.180 us|    0|    0|  loop pipeline stp|
        +-----------------------------------------------------------------------+-------------------------------------------------------------+---------+---------+----------+----------+-----+-----+-------------------+

        * Loop: 
        N/A



================================================================
== Utilization Estimates
================================================================
* Summary: 
+-----------------+---------+----+-------+-------+-----+
|       Name      | BRAM_18K| DSP|   FF  |  LUT  | URAM|
+-----------------+---------+----+-------+-------+-----+
|DSP              |        -|   -|      -|      -|    -|
|Expression       |        -|   -|      0|    122|    -|
|FIFO             |        -|   -|      -|      -|    -|
|Instance         |        -|   -|    330|    437|    -|
|Memory           |        -|   -|      -|      -|    -|
|Multiplexer      |        -|   -|      0|     38|    -|
|Register         |        -|   -|    195|      -|    -|
+-----------------+---------+----+-------+-------+-----+
|Total            |        0|   0|    525|    597|    0|
+-----------------+---------+----+-------+-------+-----+
|Available        |      120|  80|  35200|  17600|    0|
+-----------------+---------+----+-------+-------+-----+
|Utilization (%)  |        0|   0|      1|      3|    0|
+-----------------+---------+----+-------+-------+-----+

+ Detail: 
    * Instance: 
    +-----------------------------------------------------------------------+-------------------------------------------------------------+---------+----+-----+-----+-----+
    |                                Instance                               |                            Module                           | BRAM_18K| DSP|  FF | LUT | URAM|
    +-----------------------------------------------------------------------+-------------------------------------------------------------+---------+----+-----+-----+-----+
    |grp_global_pooling2d_cl_Pipeline_ReadInputHeight_ReadInputWidth_fu_81  |global_pooling2d_cl_Pipeline_ReadInputHeight_ReadInputWidth  |        0|   0|  330|  437|    0|
    +-----------------------------------------------------------------------+-------------------------------------------------------------+---------+----+-----+-----+-----+
    |Total                                                                  |                                                             |        0|   0|  330|  437|    0|
    +-----------------------------------------------------------------------+-------------------------------------------------------------+---------+----+-----+-----+-----+

    * DSP: 
    N/A

    * Memory: 
    N/A

    * FIFO: 
    N/A

    * Expression: 
    +-----------------------+----------+----+---+----+------------+------------+
    |     Variable Name     | Operation| DSP| FF| LUT| Bitwidth P0| Bitwidth P1|
    +-----------------------+----------+----+---+----+------------+------------+
    |add_ln544_1_fu_229_p2  |         +|   0|  0|  12|          12|          12|
    |add_ln544_2_fu_257_p2  |         +|   0|  0|  12|          12|          12|
    |add_ln544_3_fu_285_p2  |         +|   0|  0|  12|          12|          12|
    |add_ln544_4_fu_313_p2  |         +|   0|  0|  12|          12|          12|
    |add_ln544_5_fu_341_p2  |         +|   0|  0|  12|          12|          12|
    |add_ln544_6_fu_369_p2  |         +|   0|  0|  12|          12|          12|
    |add_ln544_7_fu_397_p2  |         +|   0|  0|  12|          12|          12|
    |add_ln544_8_fu_425_p2  |         +|   0|  0|  12|          12|          12|
    |add_ln544_9_fu_453_p2  |         +|   0|  0|  12|          12|          12|
    |add_ln544_fu_201_p2    |         +|   0|  0|  12|          12|          12|
    |ap_block_state1        |        or|   0|  0|   2|           1|           1|
    +-----------------------+----------+----+---+----+------------+------------+
    |Total                  |          |   0|  0| 122|         121|         121|
    +-----------------------+----------+----+---+----+------------+------------+

    * Multiplexer: 
    +--------------+----+-----------+-----+-----------+
    |     Name     | LUT| Input Size| Bits| Total Bits|
    +--------------+----+-----------+-----+-----------+
    |ap_NS_fsm     |  20|          4|    1|          4|
    |ap_done       |   9|          2|    1|          2|
    |nn_out_blk_n  |   9|          2|    1|          2|
    +--------------+----+-----------+-----+-----------+
    |Total         |  38|          8|    3|          8|
    +--------------+----+-----------+-----+-----------+

    * Register: 
    +------------------------------------------------------------------------------------+----+----+-----+-----------+
    |                                        Name                                        | FF | LUT| Bits| Const Bits|
    +------------------------------------------------------------------------------------+----+----+-----+-----------+
    |ap_CS_fsm                                                                           |   3|   0|    3|          0|
    |ap_done_reg                                                                         |   1|   0|    1|          0|
    |data_window_1_loc_fu_66                                                             |  19|   0|   19|          0|
    |data_window_2_loc_fu_62                                                             |  19|   0|   19|          0|
    |data_window_3_loc_fu_58                                                             |  19|   0|   19|          0|
    |data_window_4_loc_fu_54                                                             |  19|   0|   19|          0|
    |data_window_5_loc_fu_50                                                             |  19|   0|   19|          0|
    |data_window_6_loc_fu_46                                                             |  19|   0|   19|          0|
    |data_window_7_loc_fu_42                                                             |  19|   0|   19|          0|
    |data_window_8_loc_fu_38                                                             |  19|   0|   19|          0|
    |data_window_9_loc_fu_34                                                             |  19|   0|   19|          0|
    |data_window_loc_fu_70                                                               |  19|   0|   19|          0|
    |grp_global_pooling2d_cl_Pipeline_ReadInputHeight_ReadInputWidth_fu_81_ap_start_reg  |   1|   0|    1|          0|
    +------------------------------------------------------------------------------------+----+----+-----+-----------+
    |Total                                                                               | 195|   0|  195|          0|
    +------------------------------------------------------------------------------------+----+----+-----+-----------+



================================================================
== Interface
================================================================
* Summary: 
+----------------------------+-----+-----+------------+---------------------------------------------------------------------+--------------+
|          RTL Ports         | Dir | Bits|  Protocol  |                            Source Object                            |    C Type    |
+----------------------------+-----+-----+------------+---------------------------------------------------------------------+--------------+
|ap_clk                      |   in|    1|  ap_ctrl_hs|  global_pooling2d_cl<array,array<ap_fixed<12,5,0,3,0>,10u>,config13>|  return value|
|ap_rst                      |   in|    1|  ap_ctrl_hs|  global_pooling2d_cl<array,array<ap_fixed<12,5,0,3,0>,10u>,config13>|  return value|
|ap_start                    |   in|    1|  ap_ctrl_hs|  global_pooling2d_cl<array,array<ap_fixed<12,5,0,3,0>,10u>,config13>|  return value|
|ap_done                     |  out|    1|  ap_ctrl_hs|  global_pooling2d_cl<array,array<ap_fixed<12,5,0,3,0>,10u>,config13>|  return value|
|ap_continue                 |   in|    1|  ap_ctrl_hs|  global_pooling2d_cl<array,array<ap_fixed<12,5,0,3,0>,10u>,config13>|  return value|
|ap_idle                     |  out|    1|  ap_ctrl_hs|  global_pooling2d_cl<array,array<ap_fixed<12,5,0,3,0>,10u>,config13>|  return value|
|ap_ready                    |  out|    1|  ap_ctrl_hs|  global_pooling2d_cl<array,array<ap_fixed<12,5,0,3,0>,10u>,config13>|  return value|
|layer12_out_dout            |   in|  120|     ap_fifo|                                                          layer12_out|       pointer|
|layer12_out_empty_n         |   in|    1|     ap_fifo|                                                          layer12_out|       pointer|
|layer12_out_read            |  out|    1|     ap_fifo|                                                          layer12_out|       pointer|
|layer12_out_num_data_valid  |   in|    5|     ap_fifo|                                                          layer12_out|       pointer|
|layer12_out_fifo_cap        |   in|    5|     ap_fifo|                                                          layer12_out|       pointer|
|nn_out_din                  |  out|  120|     ap_fifo|                                                               nn_out|       pointer|
|nn_out_full_n               |   in|    1|     ap_fifo|                                                               nn_out|       pointer|
|nn_out_write                |  out|    1|     ap_fifo|                                                               nn_out|       pointer|
|nn_out_num_data_valid       |   in|    3|     ap_fifo|                                                               nn_out|       pointer|
|nn_out_fifo_cap             |   in|    3|     ap_fifo|                                                               nn_out|       pointer|
+----------------------------+-----+-----+------------+---------------------------------------------------------------------+--------------+

