

================================================================
== Vitis HLS Report for 'hls4ml_output_to_axis'
================================================================
* Date:           Tue May  5 04:59:16 2026

* Version:        2025.2 (Build 6295257 on Nov 14 2025)
* Project:        cifar10_axis_wrapper_prj
* Solution:       solution1 (Vivado IP Flow Target)
* Product family: zynq
* Target device:  xc7z010-clg400-1


================================================================
== Performance Estimates
================================================================
+ Timing: 
    * Summary: 
    +--------+----------+----------+------------+
    |  Clock |  Target  | Estimated| Uncertainty|
    +--------+----------+----------+------------+
    |ap_clk  |  10.00 ns|  5.956 ns|     2.70 ns|
    +--------+----------+----------+------------+

+ Latency: 
    * Summary: 
    +---------+---------+----------+----------+-----+-----+---------+
    |  Latency (cycles) |  Latency (absolute) |  Interval | Pipeline|
    |   min   |   max   |    min   |    max   | min | max |   Type  |
    +---------+---------+----------+----------+-----+-----+---------+
    |       19|       19|  0.190 us|  0.190 us|   19|   19|       no|
    +---------+---------+----------+----------+-----+-----+---------+

    + Detail: 
        * Instance: 
        +-----------------------------------------------------------+------------------------------------------------+---------+---------+----------+----------+-----+-----+-------------------+
        |                                                           |                                                |  Latency (cycles) |  Latency (absolute) |  Interval |      Pipeline     |
        |                          Instance                         |                     Module                     |   min   |   max   |    min   |    max   | min | max |        Type       |
        +-----------------------------------------------------------+------------------------------------------------+---------+---------+----------+----------+-----+-----+-------------------+
        |grp_hls4ml_output_to_axis_Pipeline_VITIS_LOOP_67_2_fu_197  |hls4ml_output_to_axis_Pipeline_VITIS_LOOP_67_2  |       12|       12|  0.120 us|  0.120 us|    0|    0|  loop pipeline stp|
        +-----------------------------------------------------------+------------------------------------------------+---------+---------+----------+----------+-----+-----+-------------------+

        * Loop: 
        N/A



================================================================
== Utilization Estimates
================================================================
* Summary: 
+-----------------+---------+----+-------+-------+-----+
|       Name      | BRAM_18K| DSP|   FF  |  LUT  | URAM|
+-----------------+---------+----+-------+-------+-----+
|DSP              |        -|   -|      -|      -|    -|
|Expression       |        -|   -|      0|      4|    -|
|FIFO             |        -|   -|      -|      -|    -|
|Instance         |        -|   -|      9|     75|    -|
|Memory           |        0|   -|     24|      2|    0|
|Multiplexer      |        -|   -|      0|    244|    -|
|Register         |        -|   -|    147|      -|    -|
+-----------------+---------+----+-------+-------+-----+
|Total            |        0|   0|    180|    325|    0|
+-----------------+---------+----+-------+-------+-----+
|Available        |      120|  80|  35200|  17600|    0|
+-----------------+---------+----+-------+-------+-----+
|Utilization (%)  |        0|   0|     ~0|      1|    0|
+-----------------+---------+----+-------+-------+-----+

+ Detail: 
    * Instance: 
    +-----------------------------------------------------------+------------------------------------------------+---------+----+---+----+-----+
    |                          Instance                         |                     Module                     | BRAM_18K| DSP| FF| LUT| URAM|
    +-----------------------------------------------------------+------------------------------------------------+---------+----+---+----+-----+
    |grp_hls4ml_output_to_axis_Pipeline_VITIS_LOOP_67_2_fu_197  |hls4ml_output_to_axis_Pipeline_VITIS_LOOP_67_2  |        0|   0|  9|  75|    0|
    +-----------------------------------------------------------+------------------------------------------------+---------+----+---+----+-----+
    |Total                                                      |                                                |        0|   0|  9|  75|    0|
    +-----------------------------------------------------------+------------------------------------------------+---------+----+---+----+-----+

    * DSP: 
    N/A

    * Memory: 
    +-------+---------------------------------------+---------+----+----+-----+------+-----+------+-------------+
    | Memory|                 Module                | BRAM_18K| FF | LUT| URAM| Words| Bits| Banks| W*Bits*Banks|
    +-------+---------------------------------------+---------+----+----+-----+------+-----+------+-------------+
    |r_U    |hls4ml_output_to_axis_r_RAM_AUTO_1R1W  |        0|  24|   2|    0|    10|   12|     1|          120|
    +-------+---------------------------------------+---------+----+----+-----+------+-----+------+-------------+
    |Total  |                                       |        0|  24|   2|    0|    10|   12|     1|          120|
    +-------+---------------------------------------+---------+----+----+-----+------+-----+------+-------------+

    * FIFO: 
    N/A

    * Expression: 
    +-------------------------------------------------------------------------+----------+----+---+----+------------+------------+
    |                              Variable Name                              | Operation| DSP| FF| LUT| Bitwidth P0| Bitwidth P1|
    +-------------------------------------------------------------------------+----------+----+---+----+------------+------------+
    |grp_hls4ml_output_to_axis_Pipeline_VITIS_LOOP_67_2_fu_197_m_axis_TREADY  |       and|   0|  0|   2|           1|           1|
    |ap_block_state1                                                          |        or|   0|  0|   2|           1|           1|
    +-------------------------------------------------------------------------+----------+----+---+----+------------+------------+
    |Total                                                                    |          |   0|  0|   4|           2|           2|
    +-------------------------------------------------------------------------+----------+----+---+----+------------+------------+

    * Multiplexer: 
    +---------------------------+----+-----------+-----+-----------+
    |            Name           | LUT| Input Size| Bits| Total Bits|
    +---------------------------+----+-----------+-----+-----------+
    |ap_NS_fsm                  |  48|          9|    1|          9|
    |ap_done                    |   9|          2|    1|          2|
    |m_axis_TDATA_int_regslice  |   9|          2|   32|         64|
    |m_axis_TKEEP_int_regslice  |   9|          2|    4|          8|
    |m_axis_TLAST_int_regslice  |   9|          2|    1|          2|
    |m_axis_TSTRB_int_regslice  |   9|          2|    4|          8|
    |nn_out_blk_n               |   9|          2|    1|          2|
    |r_address0                 |   9|          2|    4|          8|
    |r_address0_local           |  31|          6|    4|         24|
    |r_address1_local           |  31|          6|    4|         24|
    |r_ce0                      |   9|          2|    1|          2|
    |r_d0_local                 |  31|          6|   12|         72|
    |r_d1_local                 |  31|          6|   12|         72|
    +---------------------------+----+-----------+-----+-----------+
    |Total                      | 244|         49|   81|        297|
    +---------------------------+----+-----------+-----+-----------+

    * Register: 
    +------------------------------------------------------------------------+----+----+-----+-----------+
    |                                  Name                                  | FF | LUT| Bits| Const Bits|
    +------------------------------------------------------------------------+----+----+-----+-----------+
    |ap_CS_fsm                                                               |   8|   0|    8|          0|
    |ap_done_reg                                                             |   1|   0|    1|          0|
    |grp_hls4ml_output_to_axis_Pipeline_VITIS_LOOP_67_2_fu_197_ap_start_reg  |   1|   0|    1|          0|
    |m_axis_TDATA_reg                                                        |  32|   0|   32|          0|
    |m_axis_TKEEP_reg                                                        |   4|   0|    4|          0|
    |m_axis_TLAST_reg                                                        |   1|   0|    1|          0|
    |m_axis_TSTRB_reg                                                        |   4|   0|    4|          0|
    |trunc_ln65_2_reg_324                                                    |  12|   0|   12|          0|
    |trunc_ln65_3_reg_329                                                    |  12|   0|   12|          0|
    |trunc_ln65_4_reg_334                                                    |  12|   0|   12|          0|
    |trunc_ln65_5_reg_339                                                    |  12|   0|   12|          0|
    |trunc_ln65_6_reg_344                                                    |  12|   0|   12|          0|
    |trunc_ln65_7_reg_349                                                    |  12|   0|   12|          0|
    |trunc_ln65_8_reg_354                                                    |  12|   0|   12|          0|
    |trunc_ln65_9_reg_359                                                    |  12|   0|   12|          0|
    +------------------------------------------------------------------------+----+----+-----+-----------+
    |Total                                                                   | 147|   0|  147|          0|
    +------------------------------------------------------------------------+----+----+-----+-----------+



================================================================
== Interface
================================================================
* Summary: 
+-----------------------+-----+-----+------------+-----------------------+--------------+
|       RTL Ports       | Dir | Bits|  Protocol  |     Source Object     |    C Type    |
+-----------------------+-----+-----+------------+-----------------------+--------------+
|ap_clk                 |   in|    1|  ap_ctrl_hs|  hls4ml_output_to_axis|  return value|
|ap_rst                 |   in|    1|  ap_ctrl_hs|  hls4ml_output_to_axis|  return value|
|ap_start               |   in|    1|  ap_ctrl_hs|  hls4ml_output_to_axis|  return value|
|ap_done                |  out|    1|  ap_ctrl_hs|  hls4ml_output_to_axis|  return value|
|ap_continue            |   in|    1|  ap_ctrl_hs|  hls4ml_output_to_axis|  return value|
|ap_idle                |  out|    1|  ap_ctrl_hs|  hls4ml_output_to_axis|  return value|
|ap_ready               |  out|    1|  ap_ctrl_hs|  hls4ml_output_to_axis|  return value|
|nn_out_dout            |   in|  120|     ap_fifo|                 nn_out|       pointer|
|nn_out_empty_n         |   in|    1|     ap_fifo|                 nn_out|       pointer|
|nn_out_read            |  out|    1|     ap_fifo|                 nn_out|       pointer|
|nn_out_num_data_valid  |   in|    3|     ap_fifo|                 nn_out|       pointer|
|nn_out_fifo_cap        |   in|    3|     ap_fifo|                 nn_out|       pointer|
|m_axis_TDATA           |  out|   32|        axis|        m_axis_V_data_V|       pointer|
|m_axis_TVALID          |  out|    1|        axis|        m_axis_V_last_V|       pointer|
|m_axis_TREADY          |   in|    1|        axis|        m_axis_V_last_V|       pointer|
|m_axis_TLAST           |  out|    1|        axis|        m_axis_V_last_V|       pointer|
|m_axis_TKEEP           |  out|    4|        axis|        m_axis_V_keep_V|       pointer|
|m_axis_TSTRB           |  out|    4|        axis|        m_axis_V_strb_V|       pointer|
+-----------------------+-----+-----+------------+-----------------------+--------------+

