

================================================================
== Vitis HLS Report for 'pointwise_conv_2d_cl_array_array_ap_fixed_11_5_0_3_0_24u_config14_s'
================================================================
* Date:           Tue May  5 04:59:11 2026

* Version:        2025.2 (Build 6295257 on Nov 14 2025)
* Project:        cifar10_axis_wrapper_prj
* Solution:       solution1 (Vivado IP Flow Target)
* Product family: zynq
* Target device:  xc7z010-clg400-1


================================================================
== Performance Estimates
================================================================
+ Timing: 
    * Summary: 
    +--------+----------+-----------+------------+
    |  Clock |  Target  | Estimated | Uncertainty|
    +--------+----------+-----------+------------+
    |ap_clk  |  10.00 ns|  13.990 ns|     2.70 ns|
    +--------+----------+-----------+------------+

+ Latency: 
    * Summary: 
    +---------+---------+----------+----------+-------+-------+---------+
    |  Latency (cycles) |  Latency (absolute) |    Interval   | Pipeline|
    |   min   |   max   |    min   |    max   |  min  |  max  |   Type  |
    +---------+---------+----------+----------+-------+-------+---------+
    |    12377|    12393|  0.173 ms|  0.173 ms|  12377|  12393|       no|
    +---------+---------+----------+----------+-------+-------+---------+

    + Detail: 
        * Instance: 
        +---------------------------------------------------------------------------------------+----------------------------------------------------------------------------+---------+---------+-----------+-----------+-----+-----+-------------------------------------------+
        |                                                                                       |                                                                            |  Latency (cycles) |   Latency (absolute)  |  Interval |                  Pipeline                 |
        |                                        Instance                                       |                                   Module                                   |   min   |   max   |    min    |    max    | min | max |                    Type                   |
        +---------------------------------------------------------------------------------------+----------------------------------------------------------------------------+---------+---------+-----------+-----------+-----+-----+-------------------------------------------+
        |grp_dense_resource_rf_gt_nin_rem0_ap_fixed_ap_fixed_11_5_0_3_0_config14_mult_s_fu_196  |dense_resource_rf_gt_nin_rem0_ap_fixed_ap_fixed_11_5_0_3_0_config14_mult_s  |      770|      771|  10.772 us|  10.786 us|  768|  768|  loop rewind stp (delay=0 clock cycles(s))|
        +---------------------------------------------------------------------------------------+----------------------------------------------------------------------------+---------+---------+-----------+-----------+-----+-----+-------------------------------------------+

        * Loop: 
        +-------------------+---------+---------+-------------+-----------+-----------+------+----------+
        |                   |  Latency (cycles) |  Iteration  |  Initiation Interval  | Trip |          |
        |     Loop Name     |   min   |   max   |   Latency   |  achieved |   target  | Count| Pipelined|
        +-------------------+---------+---------+-------------+-----------+-----------+------+----------+
        |- ReadInputHeight  |    12376|    12392|  3094 ~ 3098|          -|          -|     4|        no|
        | + ReadInputWidth  |     3092|     3096|    773 ~ 774|          -|          -|     4|        no|
        +-------------------+---------+---------+-------------+-----------+-----------+------+----------+



================================================================
== Utilization Estimates
================================================================
* Summary: 
+-----------------+---------+----+-------+-------+-----+
|       Name      | BRAM_18K| DSP|   FF  |  LUT  | URAM|
+-----------------+---------+----+-------+-------+-----+
|DSP              |        -|   -|      -|      -|    -|
|Expression       |        -|   -|      0|     52|    -|
|FIFO             |        -|   -|      -|      -|    -|
|Instance         |        1|   1|   2466|   5937|    -|
|Memory           |        -|   -|      -|      -|    -|
|Multiplexer      |        -|   -|      0|     85|    -|
|Register         |        -|   -|    636|      -|    -|
+-----------------+---------+----+-------+-------+-----+
|Total            |        1|   1|   3102|   6074|    0|
+-----------------+---------+----+-------+-------+-----+
|Available        |      120|  80|  35200|  17600|    0|
+-----------------+---------+----+-------+-------+-----+
|Utilization (%)  |       ~0|   1|      8|     34|    0|
+-----------------+---------+----+-------+-------+-----+

+ Detail: 
    * Instance: 
    +---------------------------------------------------------------------------------------+----------------------------------------------------------------------------+---------+----+------+------+-----+
    |                                        Instance                                       |                                   Module                                   | BRAM_18K| DSP|  FF  |  LUT | URAM|
    +---------------------------------------------------------------------------------------+----------------------------------------------------------------------------+---------+----+------+------+-----+
    |grp_dense_resource_rf_gt_nin_rem0_ap_fixed_ap_fixed_11_5_0_3_0_config14_mult_s_fu_196  |dense_resource_rf_gt_nin_rem0_ap_fixed_ap_fixed_11_5_0_3_0_config14_mult_s  |        1|   1|  2466|  5937|    0|
    +---------------------------------------------------------------------------------------+----------------------------------------------------------------------------+---------+----+------+------+-----+
    |Total                                                                                  |                                                                            |        1|   1|  2466|  5937|    0|
    +---------------------------------------------------------------------------------------+----------------------------------------------------------------------------+---------+----+------+------+-----+

    * DSP: 
    N/A

    * Memory: 
    N/A

    * FIFO: 
    N/A

    * Expression: 
    +----------------------+----------+----+---+----+------------+------------+
    |     Variable Name    | Operation| DSP| FF| LUT| Bitwidth P0| Bitwidth P1|
    +----------------------+----------+----+---+----+------------+------------+
    |i_ih_4_fu_248_p2      |         +|   0|  0|  11|           3|           1|
    |i_iw_4_fu_260_p2      |         +|   0|  0|  11|           3|           1|
    |ap_block_state3       |       and|   0|  0|   2|           1|           1|
    |icmp_ln110_fu_242_p2  |      icmp|   0|  0|  13|           3|           4|
    |icmp_ln112_fu_254_p2  |      icmp|   0|  0|  13|           3|           4|
    |ap_block_state1       |        or|   0|  0|   2|           1|           1|
    +----------------------+----------+----+---+----+------------+------------+
    |Total                 |          |   0|  0|  52|          14|          12|
    +----------------------+----------+----+---+----+------------+------------+

    * Multiplexer: 
    +-------------------+----+-----------+-----+-----------+
    |        Name       | LUT| Input Size| Bits| Total Bits|
    +-------------------+----+-----------+-----+-----------+
    |ap_NS_fsm          |  31|          6|    1|          6|
    |ap_done            |   9|          2|    1|          2|
    |i_ih_fu_168        |   9|          2|    3|          6|
    |i_iw_reg_185       |   9|          2|    3|          6|
    |layer10_out_blk_n  |   9|          2|    1|          2|
    |layer9_out_blk_n   |   9|          2|    1|          2|
    |real_start         |   9|          2|    1|          2|
    +-------------------+----+-----------+-----+-----------+
    |Total              |  85|         18|   11|         26|
    +-------------------+----+-----------+-----+-----------+

    * Register: 
    +----------------------------------------------------------------------------------------------------+----+----+-----+-----------+
    |                                                Name                                                | FF | LUT| Bits| Const Bits|
    +----------------------------------------------------------------------------------------------------+----+----+-----+-----------+
    |ap_CS_fsm                                                                                           |   5|   0|    5|          0|
    |ap_done_reg                                                                                         |   1|   0|    1|          0|
    |data_10_reg_814                                                                                     |  11|   0|   11|          0|
    |data_11_reg_819                                                                                     |  11|   0|   11|          0|
    |data_12_reg_824                                                                                     |  11|   0|   11|          0|
    |data_13_reg_829                                                                                     |  11|   0|   11|          0|
    |data_14_reg_834                                                                                     |  11|   0|   11|          0|
    |data_15_reg_839                                                                                     |  11|   0|   11|          0|
    |data_16_reg_844                                                                                     |  11|   0|   11|          0|
    |data_17_reg_849                                                                                     |  11|   0|   11|          0|
    |data_18_reg_854                                                                                     |  11|   0|   11|          0|
    |data_19_reg_859                                                                                     |  11|   0|   11|          0|
    |data_1_reg_769                                                                                      |  11|   0|   11|          0|
    |data_20_reg_864                                                                                     |  11|   0|   11|          0|
    |data_21_reg_869                                                                                     |  11|   0|   11|          0|
    |data_22_reg_874                                                                                     |  11|   0|   11|          0|
    |data_23_reg_884                                                                                     |  11|   0|   11|          0|
    |data_24_reg_889                                                                                     |  11|   0|   11|          0|
    |data_25_reg_894                                                                                     |  11|   0|   11|          0|
    |data_26_reg_899                                                                                     |  11|   0|   11|          0|
    |data_27_reg_904                                                                                     |  11|   0|   11|          0|
    |data_28_reg_909                                                                                     |  11|   0|   11|          0|
    |data_29_reg_914                                                                                     |  11|   0|   11|          0|
    |data_2_reg_774                                                                                      |  11|   0|   11|          0|
    |data_30_reg_919                                                                                     |  11|   0|   11|          0|
    |data_31_reg_879                                                                                     |  11|   0|   11|          0|
    |data_3_reg_779                                                                                      |  11|   0|   11|          0|
    |data_4_reg_784                                                                                      |  11|   0|   11|          0|
    |data_5_reg_789                                                                                      |  11|   0|   11|          0|
    |data_6_reg_794                                                                                      |  11|   0|   11|          0|
    |data_7_reg_799                                                                                      |  11|   0|   11|          0|
    |data_8_reg_804                                                                                      |  11|   0|   11|          0|
    |data_9_reg_809                                                                                      |  11|   0|   11|          0|
    |data_reg_764                                                                                        |  11|   0|   11|          0|
    |grp_dense_resource_rf_gt_nin_rem0_ap_fixed_ap_fixed_11_5_0_3_0_config14_mult_s_fu_196_ap_start_reg  |   1|   0|    1|          0|
    |i_ih_4_reg_751                                                                                      |   3|   0|    3|          0|
    |i_ih_fu_168                                                                                         |   3|   0|    3|          0|
    |i_iw_4_reg_759                                                                                      |   3|   0|    3|          0|
    |i_iw_reg_185                                                                                        |   3|   0|    3|          0|
    |res_10_reg_974                                                                                      |  11|   0|   11|          0|
    |res_11_reg_979                                                                                      |  11|   0|   11|          0|
    |res_12_reg_984                                                                                      |  11|   0|   11|          0|
    |res_13_reg_989                                                                                      |  11|   0|   11|          0|
    |res_14_reg_994                                                                                      |  11|   0|   11|          0|
    |res_15_reg_999                                                                                      |  11|   0|   11|          0|
    |res_16_reg_1004                                                                                     |  11|   0|   11|          0|
    |res_17_reg_1009                                                                                     |  11|   0|   11|          0|
    |res_18_reg_1014                                                                                     |  11|   0|   11|          0|
    |res_19_reg_1019                                                                                     |  11|   0|   11|          0|
    |res_1_reg_929                                                                                       |  11|   0|   11|          0|
    |res_20_reg_1024                                                                                     |  11|   0|   11|          0|
    |res_21_reg_1029                                                                                     |  11|   0|   11|          0|
    |res_22_reg_1034                                                                                     |  11|   0|   11|          0|
    |res_23_reg_1039                                                                                     |  11|   0|   11|          0|
    |res_2_reg_934                                                                                       |  11|   0|   11|          0|
    |res_3_reg_939                                                                                       |  11|   0|   11|          0|
    |res_4_reg_944                                                                                       |  11|   0|   11|          0|
    |res_5_reg_949                                                                                       |  11|   0|   11|          0|
    |res_6_reg_954                                                                                       |  11|   0|   11|          0|
    |res_7_reg_959                                                                                       |  11|   0|   11|          0|
    |res_8_reg_964                                                                                       |  11|   0|   11|          0|
    |res_9_reg_969                                                                                       |  11|   0|   11|          0|
    |res_reg_924                                                                                         |  11|   0|   11|          0|
    |start_once_reg                                                                                      |   1|   0|    1|          0|
    +----------------------------------------------------------------------------------------------------+----+----+-----+-----------+
    |Total                                                                                               | 636|   0|  636|          0|
    +----------------------------------------------------------------------------------------------------+----+----+-----+-----------+



================================================================
== Interface
================================================================
* Summary: 
+----------------------------+-----+-----+------------+----------------------------------------------------------------------+--------------+
|          RTL Ports         | Dir | Bits|  Protocol  |                             Source Object                            |    C Type    |
+----------------------------+-----+-----+------------+----------------------------------------------------------------------+--------------+
|ap_clk                      |   in|    1|  ap_ctrl_hs|  pointwise_conv_2d_cl<array,array<ap_fixed<11,5,0,3,0>,24u>,config14>|  return value|
|ap_rst                      |   in|    1|  ap_ctrl_hs|  pointwise_conv_2d_cl<array,array<ap_fixed<11,5,0,3,0>,24u>,config14>|  return value|
|ap_start                    |   in|    1|  ap_ctrl_hs|  pointwise_conv_2d_cl<array,array<ap_fixed<11,5,0,3,0>,24u>,config14>|  return value|
|start_full_n                |   in|    1|  ap_ctrl_hs|  pointwise_conv_2d_cl<array,array<ap_fixed<11,5,0,3,0>,24u>,config14>|  return value|
|ap_done                     |  out|    1|  ap_ctrl_hs|  pointwise_conv_2d_cl<array,array<ap_fixed<11,5,0,3,0>,24u>,config14>|  return value|
|ap_continue                 |   in|    1|  ap_ctrl_hs|  pointwise_conv_2d_cl<array,array<ap_fixed<11,5,0,3,0>,24u>,config14>|  return value|
|ap_idle                     |  out|    1|  ap_ctrl_hs|  pointwise_conv_2d_cl<array,array<ap_fixed<11,5,0,3,0>,24u>,config14>|  return value|
|ap_ready                    |  out|    1|  ap_ctrl_hs|  pointwise_conv_2d_cl<array,array<ap_fixed<11,5,0,3,0>,24u>,config14>|  return value|
|start_out                   |  out|    1|  ap_ctrl_hs|  pointwise_conv_2d_cl<array,array<ap_fixed<11,5,0,3,0>,24u>,config14>|  return value|
|start_write                 |  out|    1|  ap_ctrl_hs|  pointwise_conv_2d_cl<array,array<ap_fixed<11,5,0,3,0>,24u>,config14>|  return value|
|layer9_out_dout             |   in|  352|     ap_fifo|                                                            layer9_out|       pointer|
|layer9_out_empty_n          |   in|    1|     ap_fifo|                                                            layer9_out|       pointer|
|layer9_out_read             |  out|    1|     ap_fifo|                                                            layer9_out|       pointer|
|layer9_out_num_data_valid   |   in|    5|     ap_fifo|                                                            layer9_out|       pointer|
|layer9_out_fifo_cap         |   in|    5|     ap_fifo|                                                            layer9_out|       pointer|
|layer10_out_din             |  out|  264|     ap_fifo|                                                           layer10_out|       pointer|
|layer10_out_full_n          |   in|    1|     ap_fifo|                                                           layer10_out|       pointer|
|layer10_out_write           |  out|    1|     ap_fifo|                                                           layer10_out|       pointer|
|layer10_out_num_data_valid  |   in|    5|     ap_fifo|                                                           layer10_out|       pointer|
|layer10_out_fifo_cap        |   in|    5|     ap_fifo|                                                           layer10_out|       pointer|
+----------------------------+-----+-----+------------+----------------------------------------------------------------------+--------------+

