

================================================================
== Vitis HLS Report for 'pointwise_conv_2d_cl_array_array_ap_fixed_12_6_0_3_0_10u_config15_s'
================================================================
* Date:           Tue May  5 04:59:12 2026

* Version:        2025.2 (Build 6295257 on Nov 14 2025)
* Project:        cifar10_axis_wrapper_prj
* Solution:       solution1 (Vivado IP Flow Target)
* Product family: zynq
* Target device:  xc7z010-clg400-1


================================================================
== Performance Estimates
================================================================
+ Timing: 
    * Summary: 
    +--------+----------+-----------+------------+
    |  Clock |  Target  | Estimated | Uncertainty|
    +--------+----------+-----------+------------+
    |ap_clk  |  10.00 ns|  11.696 ns|     2.70 ns|
    +--------+----------+-----------+------------+

+ Latency: 
    * Summary: 
    +---------+---------+-----------+-----------+------+------+---------+
    |  Latency (cycles) |   Latency (absolute)  |   Interval  | Pipeline|
    |   min   |   max   |    min    |    max    |  min |  max |   Type  |
    +---------+---------+-----------+-----------+------+------+---------+
    |     3929|     3945|  45.955 us|  46.143 us|  3929|  3945|       no|
    +---------+---------+-----------+-----------+------+------+---------+

    + Detail: 
        * Instance: 
        +---------------------------------------------------------------------------------------+----------------------------------------------------------------------------+---------+---------+----------+----------+-----+-----+-------------------------------------------+
        |                                                                                       |                                                                            |  Latency (cycles) |  Latency (absolute) |  Interval |                  Pipeline                 |
        |                                        Instance                                       |                                   Module                                   |   min   |   max   |    min   |    max   | min | max |                    Type                   |
        +---------------------------------------------------------------------------------------+----------------------------------------------------------------------------+---------+---------+----------+----------+-----+-----+-------------------------------------------+
        |grp_dense_resource_rf_gt_nin_rem0_ap_fixed_ap_fixed_12_6_0_3_0_config15_mult_s_fu_164  |dense_resource_rf_gt_nin_rem0_ap_fixed_ap_fixed_12_6_0_3_0_config15_mult_s  |      242|      243|  2.831 us|  2.842 us|  240|  240|  loop rewind stp (delay=0 clock cycles(s))|
        +---------------------------------------------------------------------------------------+----------------------------------------------------------------------------+---------+---------+----------+----------+-----+-----+-------------------------------------------+

        * Loop: 
        +-------------------+---------+---------+-----------+-----------+-----------+------+----------+
        |                   |  Latency (cycles) | Iteration |  Initiation Interval  | Trip |          |
        |     Loop Name     |   min   |   max   |  Latency  |  achieved |   target  | Count| Pipelined|
        +-------------------+---------+---------+-----------+-----------+-----------+------+----------+
        |- ReadInputHeight  |     3928|     3944|  982 ~ 986|          -|          -|     4|        no|
        | + ReadInputWidth  |      980|      984|  245 ~ 246|          -|          -|     4|        no|
        +-------------------+---------+---------+-----------+-----------+-----------+------+----------+



================================================================
== Utilization Estimates
================================================================
* Summary: 
+-----------------+---------+----+-------+-------+-----+
|       Name      | BRAM_18K| DSP|   FF  |  LUT  | URAM|
+-----------------+---------+----+-------+-------+-----+
|DSP              |        -|   -|      -|      -|    -|
|Expression       |        -|   -|      0|     52|    -|
|FIFO             |        -|   -|      -|      -|    -|
|Instance         |        0|   1|   1281|   3309|    -|
|Memory           |        -|   -|      -|      -|    -|
|Multiplexer      |        -|   -|      0|     85|    -|
|Register         |        -|   -|    404|      -|    -|
+-----------------+---------+----+-------+-------+-----+
|Total            |        0|   1|   1685|   3446|    0|
+-----------------+---------+----+-------+-------+-----+
|Available        |      120|  80|  35200|  17600|    0|
+-----------------+---------+----+-------+-------+-----+
|Utilization (%)  |        0|   1|      4|     19|    0|
+-----------------+---------+----+-------+-------+-----+

+ Detail: 
    * Instance: 
    +---------------------------------------------------------------------------------------+----------------------------------------------------------------------------+---------+----+------+------+-----+
    |                                        Instance                                       |                                   Module                                   | BRAM_18K| DSP|  FF  |  LUT | URAM|
    +---------------------------------------------------------------------------------------+----------------------------------------------------------------------------+---------+----+------+------+-----+
    |grp_dense_resource_rf_gt_nin_rem0_ap_fixed_ap_fixed_12_6_0_3_0_config15_mult_s_fu_164  |dense_resource_rf_gt_nin_rem0_ap_fixed_ap_fixed_12_6_0_3_0_config15_mult_s  |        0|   1|  1281|  3309|    0|
    +---------------------------------------------------------------------------------------+----------------------------------------------------------------------------+---------+----+------+------+-----+
    |Total                                                                                  |                                                                            |        0|   1|  1281|  3309|    0|
    +---------------------------------------------------------------------------------------+----------------------------------------------------------------------------+---------+----+------+------+-----+

    * DSP: 
    N/A

    * Memory: 
    N/A

    * FIFO: 
    N/A

    * Expression: 
    +----------------------+----------+----+---+----+------------+------------+
    |     Variable Name    | Operation| DSP| FF| LUT| Bitwidth P0| Bitwidth P1|
    +----------------------+----------+----+---+----+------------+------------+
    |i_ih_2_fu_208_p2      |         +|   0|  0|  11|           3|           1|
    |i_iw_fu_220_p2        |         +|   0|  0|  11|           3|           1|
    |ap_block_state3       |       and|   0|  0|   2|           1|           1|
    |icmp_ln110_fu_202_p2  |      icmp|   0|  0|  13|           3|           4|
    |icmp_ln112_fu_214_p2  |      icmp|   0|  0|  13|           3|           4|
    |ap_block_state1       |        or|   0|  0|   2|           1|           1|
    +----------------------+----------+----+---+----+------------+------------+
    |Total                 |          |   0|  0|  52|          14|          12|
    +----------------------+----------+----+---+----+------------+------------+

    * Multiplexer: 
    +-------------------+----+-----------+-----+-----------+
    |        Name       | LUT| Input Size| Bits| Total Bits|
    +-------------------+----+-----------+-----+-----------+
    |ap_NS_fsm          |  31|          6|    1|          6|
    |ap_done            |   9|          2|    1|          2|
    |i_ih_fu_136        |   9|          2|    3|          6|
    |i_iw_3_reg_153     |   9|          2|    3|          6|
    |layer11_out_blk_n  |   9|          2|    1|          2|
    |layer12_out_blk_n  |   9|          2|    1|          2|
    |real_start         |   9|          2|    1|          2|
    +-------------------+----+-----------+-----+-----------+
    |Total              |  85|         18|   11|         26|
    +-------------------+----+-----------+-----+-----------+

    * Register: 
    +----------------------------------------------------------------------------------------------------+----+----+-----+-----------+
    |                                                Name                                                | FF | LUT| Bits| Const Bits|
    +----------------------------------------------------------------------------------------------------+----+----+-----+-----------+
    |ap_CS_fsm                                                                                           |   5|   0|    5|          0|
    |ap_done_reg                                                                                         |   1|   0|    1|          0|
    |data_10_reg_621                                                                                     |  11|   0|   11|          0|
    |data_11_reg_626                                                                                     |  11|   0|   11|          0|
    |data_12_reg_631                                                                                     |  11|   0|   11|          0|
    |data_13_reg_636                                                                                     |  11|   0|   11|          0|
    |data_14_reg_641                                                                                     |  11|   0|   11|          0|
    |data_15_reg_646                                                                                     |  11|   0|   11|          0|
    |data_16_reg_651                                                                                     |  11|   0|   11|          0|
    |data_17_reg_656                                                                                     |  11|   0|   11|          0|
    |data_18_reg_661                                                                                     |  11|   0|   11|          0|
    |data_19_reg_666                                                                                     |  11|   0|   11|          0|
    |data_1_reg_576                                                                                      |  11|   0|   11|          0|
    |data_20_reg_671                                                                                     |  11|   0|   11|          0|
    |data_21_reg_676                                                                                     |  11|   0|   11|          0|
    |data_22_reg_681                                                                                     |  11|   0|   11|          0|
    |data_23_reg_571                                                                                     |  11|   0|   11|          0|
    |data_2_reg_581                                                                                      |  11|   0|   11|          0|
    |data_3_reg_586                                                                                      |  11|   0|   11|          0|
    |data_4_reg_591                                                                                      |  11|   0|   11|          0|
    |data_5_reg_596                                                                                      |  11|   0|   11|          0|
    |data_6_reg_601                                                                                      |  11|   0|   11|          0|
    |data_7_reg_606                                                                                      |  11|   0|   11|          0|
    |data_8_reg_611                                                                                      |  11|   0|   11|          0|
    |data_9_reg_616                                                                                      |  11|   0|   11|          0|
    |data_reg_566                                                                                        |  11|   0|   11|          0|
    |grp_dense_resource_rf_gt_nin_rem0_ap_fixed_ap_fixed_12_6_0_3_0_config15_mult_s_fu_164_ap_start_reg  |   1|   0|    1|          0|
    |i_ih_2_reg_553                                                                                      |   3|   0|    3|          0|
    |i_ih_fu_136                                                                                         |   3|   0|    3|          0|
    |i_iw_3_reg_153                                                                                      |   3|   0|    3|          0|
    |i_iw_reg_561                                                                                        |   3|   0|    3|          0|
    |res_1_reg_691                                                                                       |  12|   0|   12|          0|
    |res_2_reg_696                                                                                       |  12|   0|   12|          0|
    |res_3_reg_701                                                                                       |  12|   0|   12|          0|
    |res_4_reg_706                                                                                       |  12|   0|   12|          0|
    |res_5_reg_711                                                                                       |  12|   0|   12|          0|
    |res_6_reg_716                                                                                       |  12|   0|   12|          0|
    |res_7_reg_721                                                                                       |  12|   0|   12|          0|
    |res_8_reg_726                                                                                       |  12|   0|   12|          0|
    |res_9_reg_731                                                                                       |  12|   0|   12|          0|
    |res_reg_686                                                                                         |  12|   0|   12|          0|
    |start_once_reg                                                                                      |   1|   0|    1|          0|
    +----------------------------------------------------------------------------------------------------+----+----+-----+-----------+
    |Total                                                                                               | 404|   0|  404|          0|
    +----------------------------------------------------------------------------------------------------+----+----+-----+-----------+



================================================================
== Interface
================================================================
* Summary: 
+----------------------------+-----+-----+------------+----------------------------------------------------------------------+--------------+
|          RTL Ports         | Dir | Bits|  Protocol  |                             Source Object                            |    C Type    |
+----------------------------+-----+-----+------------+----------------------------------------------------------------------+--------------+
|ap_clk                      |   in|    1|  ap_ctrl_hs|  pointwise_conv_2d_cl<array,array<ap_fixed<12,6,0,3,0>,10u>,config15>|  return value|
|ap_rst                      |   in|    1|  ap_ctrl_hs|  pointwise_conv_2d_cl<array,array<ap_fixed<12,6,0,3,0>,10u>,config15>|  return value|
|ap_start                    |   in|    1|  ap_ctrl_hs|  pointwise_conv_2d_cl<array,array<ap_fixed<12,6,0,3,0>,10u>,config15>|  return value|
|start_full_n                |   in|    1|  ap_ctrl_hs|  pointwise_conv_2d_cl<array,array<ap_fixed<12,6,0,3,0>,10u>,config15>|  return value|
|ap_done                     |  out|    1|  ap_ctrl_hs|  pointwise_conv_2d_cl<array,array<ap_fixed<12,6,0,3,0>,10u>,config15>|  return value|
|ap_continue                 |   in|    1|  ap_ctrl_hs|  pointwise_conv_2d_cl<array,array<ap_fixed<12,6,0,3,0>,10u>,config15>|  return value|
|ap_idle                     |  out|    1|  ap_ctrl_hs|  pointwise_conv_2d_cl<array,array<ap_fixed<12,6,0,3,0>,10u>,config15>|  return value|
|ap_ready                    |  out|    1|  ap_ctrl_hs|  pointwise_conv_2d_cl<array,array<ap_fixed<12,6,0,3,0>,10u>,config15>|  return value|
|start_out                   |  out|    1|  ap_ctrl_hs|  pointwise_conv_2d_cl<array,array<ap_fixed<12,6,0,3,0>,10u>,config15>|  return value|
|start_write                 |  out|    1|  ap_ctrl_hs|  pointwise_conv_2d_cl<array,array<ap_fixed<12,6,0,3,0>,10u>,config15>|  return value|
|layer11_out_dout            |   in|  264|     ap_fifo|                                                           layer11_out|       pointer|
|layer11_out_empty_n         |   in|    1|     ap_fifo|                                                           layer11_out|       pointer|
|layer11_out_read            |  out|    1|     ap_fifo|                                                           layer11_out|       pointer|
|layer11_out_num_data_valid  |   in|    5|     ap_fifo|                                                           layer11_out|       pointer|
|layer11_out_fifo_cap        |   in|    5|     ap_fifo|                                                           layer11_out|       pointer|
|layer12_out_din             |  out|  120|     ap_fifo|                                                           layer12_out|       pointer|
|layer12_out_full_n          |   in|    1|     ap_fifo|                                                           layer12_out|       pointer|
|layer12_out_write           |  out|    1|     ap_fifo|                                                           layer12_out|       pointer|
|layer12_out_num_data_valid  |   in|    5|     ap_fifo|                                                           layer12_out|       pointer|
|layer12_out_fifo_cap        |   in|    5|     ap_fifo|                                                           layer12_out|       pointer|
+----------------------------+-----+-----+------------+----------------------------------------------------------------------+--------------+

