

================================================================
== Vitis HLS Report for 'pooling2d_cl_array_array_ap_fixed_10_4_0_3_0_14u_config7_s'
================================================================
* Date:           Tue May  5 04:59:05 2026

* Version:        2025.2 (Build 6295257 on Nov 14 2025)
* Project:        cifar10_axis_wrapper_prj
* Solution:       solution1 (Vivado IP Flow Target)
* Product family: zynq
* Target device:  xc7z010-clg400-1


================================================================
== Performance Estimates
================================================================
+ Timing: 
    * Summary: 
    +--------+----------+----------+------------+
    |  Clock |  Target  | Estimated| Uncertainty|
    +--------+----------+----------+------------+
    |ap_clk  |  10.00 ns|  6.692 ns|     2.70 ns|
    +--------+----------+----------+------------+

+ Latency: 
    * Summary: 
    +---------+---------+----------+----------+-----+-----+---------+
    |  Latency (cycles) |  Latency (absolute) |  Interval | Pipeline|
    |   min   |   max   |    min   |    max   | min | max |   Type  |
    +---------+---------+----------+----------+-----+-----+---------+
    |      172|      172|  1.720 us|  1.720 us|  172|  172|       no|
    +---------+---------+----------+----------+-----+-----+---------+

    + Detail: 
        * Instance: 
        N/A

        * Loop: 
        +----------------------------------+---------+---------+----------+-----------+-----------+------+----------+
        |                                  |  Latency (cycles) | Iteration|  Initiation Interval  | Trip |          |
        |             Loop Name            |   min   |   max   |  Latency |  achieved |   target  | Count| Pipelined|
        +----------------------------------+---------+---------+----------+-----------+-----------+------+----------+
        |- ReadInputHeight_ReadInputWidth  |      170|      170|         3|          1|          1|   169|       yes|
        +----------------------------------+---------+---------+----------+-----------+-----------+------+----------+



================================================================
== Utilization Estimates
================================================================
* Summary: 
+-----------------+---------+----+-------+-------+-----+
|       Name      | BRAM_18K| DSP|   FF  |  LUT  | URAM|
+-----------------+---------+----+-------+-------+-----+
|DSP              |        -|   -|      -|      -|    -|
|Expression       |        -|   -|      0|   2111|    -|
|FIFO             |        -|   -|      -|      -|    -|
|Instance         |        -|   -|      -|      -|    -|
|Memory           |        -|   -|      -|      -|    -|
|Multiplexer      |        -|   -|      0|    533|    -|
|Register         |        -|   -|   1465|      -|    -|
+-----------------+---------+----+-------+-------+-----+
|Total            |        0|   0|   1465|   2644|    0|
+-----------------+---------+----+-------+-------+-----+
|Available        |      120|  80|  35200|  17600|    0|
+-----------------+---------+----+-------+-------+-----+
|Utilization (%)  |        0|   0|      4|     15|    0|
+-----------------+---------+----+-------+-------+-----+

+ Detail: 
    * Instance: 
    N/A

    * DSP: 
    N/A

    * Memory: 
    N/A

    * FIFO: 
    N/A

    * Expression: 
    +----------------------------------+----------+----+---+----+------------+------------+
    |           Variable Name          | Operation| DSP| FF| LUT| Bitwidth P0| Bitwidth P1|
    +----------------------------------+----------+----+---+----+------------+------------+
    |add_ln212_fu_983_p2               |         +|   0|  0|  39|          32|           1|
    |add_ln216_fu_1037_p2              |         +|   0|  0|  39|          32|           1|
    |add_ln222_fu_2863_p2              |         +|   0|  0|  39|          32|           1|
    |add_ln227_fu_1001_p2              |         +|   0|  0|  39|          32|           1|
    |add_ln241_fu_961_p2               |         +|   0|  0|  15|           8|           1|
    |add_ln243_fu_2887_p2              |         +|   0|  0|  13|           4|           1|
    |res_pack_10_fu_3117_p2            |         +|   0|  0|  13|          10|          10|
    |res_pack_11_fu_3125_p2            |         +|   0|  0|  13|          10|          10|
    |res_pack_12_fu_3133_p2            |         +|   0|  0|  13|          10|          10|
    |res_pack_13_fu_3141_p2            |         +|   0|  0|  13|          10|          10|
    |res_pack_14_fu_3149_p2            |         +|   0|  0|  13|          10|          10|
    |res_pack_15_fu_3157_p2            |         +|   0|  0|  13|          10|          10|
    |res_pack_16_fu_3165_p2            |         +|   0|  0|  13|          10|          10|
    |res_pack_17_fu_3173_p2            |         +|   0|  0|  13|          10|          10|
    |res_pack_18_fu_3181_p2            |         +|   0|  0|  13|          10|          10|
    |res_pack_19_fu_3189_p2            |         +|   0|  0|  13|          10|          10|
    |res_pack_20_fu_3197_p2            |         +|   0|  0|  13|          10|          10|
    |res_pack_8_fu_3101_p2             |         +|   0|  0|  13|          10|          10|
    |res_pack_9_fu_3109_p2             |         +|   0|  0|  13|          10|          10|
    |res_pack_fu_3093_p2               |         +|   0|  0|  13|          10|          10|
    |and_ln191_2_fu_1268_p2            |       and|   0|  0|   2|           1|           1|
    |and_ln191_fu_1264_p2              |       and|   0|  0|   2|           1|           1|
    |ap_block_state4_pp0_stage0_iter2  |       and|   0|  0|   2|           1|           1|
    |ap_condition_157                  |       and|   0|  0|   2|           1|           1|
    |ap_condition_416                  |       and|   0|  0|   2|           1|           1|
    |ap_predicate_op539_write_state4   |       and|   0|  0|   2|           1|           1|
    |icmp_ln191_4_fu_1258_p2           |      icmp|   0|  0|  39|          32|           1|
    |icmp_ln191_5_fu_971_p2            |      icmp|   0|  0|  39|          32|           1|
    |icmp_ln191_6_fu_977_p2            |      icmp|   0|  0|  39|          32|           1|
    |icmp_ln191_fu_951_p2              |      icmp|   0|  0|  39|          32|           1|
    |icmp_ln212_fu_989_p2              |      icmp|   0|  0|  39|          32|           4|
    |icmp_ln216_fu_1043_p2             |      icmp|   0|  0|  39|          32|           4|
    |icmp_ln222_fu_2857_p2             |      icmp|   0|  0|  39|          32|           1|
    |icmp_ln241_fu_1061_p2             |      icmp|   0|  0|  15|           8|           8|
    |icmp_ln243_fu_2901_p2             |      icmp|   0|  0|  13|           4|           3|
    |icmp_ln66_24_fu_1378_p2           |      icmp|   0|  0|  14|          13|          13|
    |icmp_ln66_25_fu_1398_p2           |      icmp|   0|  0|  14|          13|          13|
    |icmp_ln66_26_fu_1467_p2           |      icmp|   0|  0|  14|          13|          13|
    |icmp_ln66_27_fu_1487_p2           |      icmp|   0|  0|  14|          13|          13|
    |icmp_ln66_28_fu_1507_p2           |      icmp|   0|  0|  14|          13|          13|
    |icmp_ln66_29_fu_1576_p2           |      icmp|   0|  0|  14|          13|          13|
    |icmp_ln66_30_fu_1596_p2           |      icmp|   0|  0|  14|          13|          13|
    |icmp_ln66_31_fu_1616_p2           |      icmp|   0|  0|  14|          13|          13|
    |icmp_ln66_32_fu_1685_p2           |      icmp|   0|  0|  14|          13|          13|
    |icmp_ln66_33_fu_1705_p2           |      icmp|   0|  0|  14|          13|          13|
    |icmp_ln66_34_fu_1725_p2           |      icmp|   0|  0|  14|          13|          13|
    |icmp_ln66_35_fu_1794_p2           |      icmp|   0|  0|  14|          13|          13|
    |icmp_ln66_36_fu_1814_p2           |      icmp|   0|  0|  14|          13|          13|
    |icmp_ln66_37_fu_1834_p2           |      icmp|   0|  0|  14|          13|          13|
    |icmp_ln66_38_fu_1903_p2           |      icmp|   0|  0|  14|          13|          13|
    |icmp_ln66_39_fu_1923_p2           |      icmp|   0|  0|  14|          13|          13|
    |icmp_ln66_40_fu_1943_p2           |      icmp|   0|  0|  14|          13|          13|
    |icmp_ln66_41_fu_2012_p2           |      icmp|   0|  0|  14|          13|          13|
    |icmp_ln66_42_fu_2032_p2           |      icmp|   0|  0|  14|          13|          13|
    |icmp_ln66_43_fu_2052_p2           |      icmp|   0|  0|  14|          13|          13|
    |icmp_ln66_44_fu_2121_p2           |      icmp|   0|  0|  14|          13|          13|
    |icmp_ln66_45_fu_2141_p2           |      icmp|   0|  0|  14|          13|          13|
    |icmp_ln66_46_fu_2161_p2           |      icmp|   0|  0|  14|          13|          13|
    |icmp_ln66_47_fu_2230_p2           |      icmp|   0|  0|  14|          13|          13|
    |icmp_ln66_48_fu_2250_p2           |      icmp|   0|  0|  14|          13|          13|
    |icmp_ln66_49_fu_2270_p2           |      icmp|   0|  0|  14|          13|          13|
    |icmp_ln66_50_fu_2339_p2           |      icmp|   0|  0|  14|          13|          13|
    |icmp_ln66_51_fu_2359_p2           |      icmp|   0|  0|  14|          13|          13|
    |icmp_ln66_52_fu_2379_p2           |      icmp|   0|  0|  14|          13|          13|
    |icmp_ln66_53_fu_2448_p2           |      icmp|   0|  0|  14|          13|          13|
    |icmp_ln66_54_fu_2468_p2           |      icmp|   0|  0|  14|          13|          13|
    |icmp_ln66_55_fu_2488_p2           |      icmp|   0|  0|  14|          13|          13|
    |icmp_ln66_56_fu_2557_p2           |      icmp|   0|  0|  14|          13|          13|
    |icmp_ln66_57_fu_2577_p2           |      icmp|   0|  0|  14|          13|          13|
    |icmp_ln66_58_fu_2597_p2           |      icmp|   0|  0|  14|          13|          13|
    |icmp_ln66_59_fu_2666_p2           |      icmp|   0|  0|  14|          13|          13|
    |icmp_ln66_60_fu_2686_p2           |      icmp|   0|  0|  14|          13|          13|
    |icmp_ln66_61_fu_2706_p2           |      icmp|   0|  0|  14|          13|          13|
    |icmp_ln66_62_fu_2775_p2           |      icmp|   0|  0|  14|          13|          13|
    |icmp_ln66_63_fu_2795_p2           |      icmp|   0|  0|  14|          13|          13|
    |icmp_ln66_64_fu_2815_p2           |      icmp|   0|  0|  14|          13|          13|
    |icmp_ln66_fu_1358_p2              |      icmp|   0|  0|  14|          13|          13|
    |ap_block_pp0_stage0_01001         |        or|   0|  0|   2|           1|           1|
    |ap_block_state1                   |        or|   0|  0|   2|           1|           1|
    |i_iw_3_fu_2893_p3                 |    select|   0|  0|   4|           1|           1|
    |select_ln0_16_fu_1390_p3          |    select|   0|  0|  13|           1|          13|
    |select_ln0_17_fu_1479_p3          |    select|   0|  0|  13|           1|          13|
    |select_ln0_18_fu_1499_p3          |    select|   0|  0|  13|           1|          13|
    |select_ln0_19_fu_1588_p3          |    select|   0|  0|  13|           1|          13|
    |select_ln0_20_fu_1608_p3          |    select|   0|  0|  13|           1|          13|
    |select_ln0_21_fu_1697_p3          |    select|   0|  0|  13|           1|          13|
    |select_ln0_22_fu_1717_p3          |    select|   0|  0|  13|           1|          13|
    |select_ln0_23_fu_1806_p3          |    select|   0|  0|  13|           1|          13|
    |select_ln0_24_fu_1826_p3          |    select|   0|  0|  13|           1|          13|
    |select_ln0_25_fu_1915_p3          |    select|   0|  0|  13|           1|          13|
    |select_ln0_26_fu_1935_p3          |    select|   0|  0|  13|           1|          13|
    |select_ln0_27_fu_2024_p3          |    select|   0|  0|  13|           1|          13|
    |select_ln0_28_fu_2044_p3          |    select|   0|  0|  13|           1|          13|
    |select_ln0_29_fu_2133_p3          |    select|   0|  0|  13|           1|          13|
    |select_ln0_30_fu_2153_p3          |    select|   0|  0|  13|           1|          13|
    |select_ln0_31_fu_2242_p3          |    select|   0|  0|  13|           1|          13|
    |select_ln0_32_fu_2262_p3          |    select|   0|  0|  13|           1|          13|
    |select_ln0_33_fu_2351_p3          |    select|   0|  0|  13|           1|          13|
    |select_ln0_34_fu_2371_p3          |    select|   0|  0|  13|           1|          13|
    |select_ln0_35_fu_2460_p3          |    select|   0|  0|  13|           1|          13|
    |select_ln0_36_fu_2480_p3          |    select|   0|  0|  13|           1|          13|
    |select_ln0_37_fu_2569_p3          |    select|   0|  0|  13|           1|          13|
    |select_ln0_38_fu_2589_p3          |    select|   0|  0|  13|           1|          13|
    |select_ln0_39_fu_2678_p3          |    select|   0|  0|  13|           1|          13|
    |select_ln0_40_fu_2698_p3          |    select|   0|  0|  13|           1|          13|
    |select_ln0_41_fu_2787_p3          |    select|   0|  0|  13|           1|          13|
    |select_ln0_42_fu_2807_p3          |    select|   0|  0|  13|           1|          13|
    |select_ln0_fu_1370_p3             |    select|   0|  0|  13|           1|          13|
    |select_ln222_fu_2869_p3           |    select|   0|  0|  32|           1|           1|
    |select_ln227_fu_1007_p3           |    select|   0|  0|  32|           1|           1|
    |select_ln24177_fu_1335_p3         |    select|   0|  0|  10|           1|          10|
    |select_ln241_10_fu_1182_p3        |    select|   0|  0|  10|           1|          10|
    |select_ln241_11_fu_1190_p3        |    select|   0|  0|  10|           1|          10|
    |select_ln241_12_fu_1198_p3        |    select|   0|  0|  10|           1|          10|
    |select_ln241_13_fu_1206_p3        |    select|   0|  0|  10|           1|          10|
    |select_ln241_14_fu_1214_p3        |    select|   0|  0|  10|           1|          10|
    |select_ln241_15_fu_1222_p3        |    select|   0|  0|  10|           1|          10|
    |select_ln241_16_fu_1230_p3        |    select|   0|  0|  10|           1|          10|
    |select_ln241_17_fu_1238_p3        |    select|   0|  0|  10|           1|          10|
    |select_ln241_18_fu_1246_p3        |    select|   0|  0|  10|           1|          10|
    |select_ln241_7_fu_1158_p3         |    select|   0|  0|  10|           1|          10|
    |select_ln241_8_fu_1166_p3         |    select|   0|  0|  10|           1|          10|
    |select_ln241_9_fu_1174_p3         |    select|   0|  0|  10|           1|          10|
    |select_ln241_fu_1150_p3           |    select|   0|  0|  10|           1|          10|
    |select_ln66_10_fu_1737_p3         |    select|   0|  0|  13|           1|          13|
    |select_ln66_11_fu_1846_p3         |    select|   0|  0|  13|           1|          13|
    |select_ln66_12_fu_1955_p3         |    select|   0|  0|  13|           1|          13|
    |select_ln66_13_fu_2064_p3         |    select|   0|  0|  13|           1|          13|
    |select_ln66_14_fu_2173_p3         |    select|   0|  0|  13|           1|          13|
    |select_ln66_15_fu_2282_p3         |    select|   0|  0|  13|           1|          13|
    |select_ln66_16_fu_2391_p3         |    select|   0|  0|  13|           1|          13|
    |select_ln66_17_fu_2500_p3         |    select|   0|  0|  13|           1|          13|
    |select_ln66_18_fu_2609_p3         |    select|   0|  0|  13|           1|          13|
    |select_ln66_19_fu_2718_p3         |    select|   0|  0|  13|           1|          13|
    |select_ln66_20_fu_2827_p3         |    select|   0|  0|  13|           1|          13|
    |select_ln66_8_fu_1519_p3          |    select|   0|  0|  13|           1|          13|
    |select_ln66_9_fu_1628_p3          |    select|   0|  0|  13|           1|          13|
    |select_ln66_fu_1410_p3            |    select|   0|  0|  13|           1|          13|
    |ap_enable_pp0                     |       xor|   0|  0|   2|           1|           2|
    |xor_ln66_24_fu_1384_p2            |       xor|   0|  0|   2|           1|           2|
    |xor_ln66_25_fu_1404_p2            |       xor|   0|  0|   2|           1|           2|
    |xor_ln66_26_fu_1473_p2            |       xor|   0|  0|   2|           1|           2|
    |xor_ln66_27_fu_1493_p2            |       xor|   0|  0|   2|           1|           2|
    |xor_ln66_28_fu_1513_p2            |       xor|   0|  0|   2|           1|           2|
    |xor_ln66_29_fu_1582_p2            |       xor|   0|  0|   2|           1|           2|
    |xor_ln66_30_fu_1602_p2            |       xor|   0|  0|   2|           1|           2|
    |xor_ln66_31_fu_1622_p2            |       xor|   0|  0|   2|           1|           2|
    |xor_ln66_32_fu_1691_p2            |       xor|   0|  0|   2|           1|           2|
    |xor_ln66_33_fu_1711_p2            |       xor|   0|  0|   2|           1|           2|
    |xor_ln66_34_fu_1731_p2            |       xor|   0|  0|   2|           1|           2|
    |xor_ln66_35_fu_1800_p2            |       xor|   0|  0|   2|           1|           2|
    |xor_ln66_36_fu_1820_p2            |       xor|   0|  0|   2|           1|           2|
    |xor_ln66_37_fu_1840_p2            |       xor|   0|  0|   2|           1|           2|
    |xor_ln66_38_fu_1909_p2            |       xor|   0|  0|   2|           1|           2|
    |xor_ln66_39_fu_1929_p2            |       xor|   0|  0|   2|           1|           2|
    |xor_ln66_40_fu_1949_p2            |       xor|   0|  0|   2|           1|           2|
    |xor_ln66_41_fu_2018_p2            |       xor|   0|  0|   2|           1|           2|
    |xor_ln66_42_fu_2038_p2            |       xor|   0|  0|   2|           1|           2|
    |xor_ln66_43_fu_2058_p2            |       xor|   0|  0|   2|           1|           2|
    |xor_ln66_44_fu_2127_p2            |       xor|   0|  0|   2|           1|           2|
    |xor_ln66_45_fu_2147_p2            |       xor|   0|  0|   2|           1|           2|
    |xor_ln66_46_fu_2167_p2            |       xor|   0|  0|   2|           1|           2|
    |xor_ln66_47_fu_2236_p2            |       xor|   0|  0|   2|           1|           2|
    |xor_ln66_48_fu_2256_p2            |       xor|   0|  0|   2|           1|           2|
    |xor_ln66_49_fu_2276_p2            |       xor|   0|  0|   2|           1|           2|
    |xor_ln66_50_fu_2345_p2            |       xor|   0|  0|   2|           1|           2|
    |xor_ln66_51_fu_2365_p2            |       xor|   0|  0|   2|           1|           2|
    |xor_ln66_52_fu_2385_p2            |       xor|   0|  0|   2|           1|           2|
    |xor_ln66_53_fu_2454_p2            |       xor|   0|  0|   2|           1|           2|
    |xor_ln66_54_fu_2474_p2            |       xor|   0|  0|   2|           1|           2|
    |xor_ln66_55_fu_2494_p2            |       xor|   0|  0|   2|           1|           2|
    |xor_ln66_56_fu_2563_p2            |       xor|   0|  0|   2|           1|           2|
    |xor_ln66_57_fu_2583_p2            |       xor|   0|  0|   2|           1|           2|
    |xor_ln66_58_fu_2603_p2            |       xor|   0|  0|   2|           1|           2|
    |xor_ln66_59_fu_2672_p2            |       xor|   0|  0|   2|           1|           2|
    |xor_ln66_60_fu_2692_p2            |       xor|   0|  0|   2|           1|           2|
    |xor_ln66_61_fu_2712_p2            |       xor|   0|  0|   2|           1|           2|
    |xor_ln66_62_fu_2781_p2            |       xor|   0|  0|   2|           1|           2|
    |xor_ln66_63_fu_2801_p2            |       xor|   0|  0|   2|           1|           2|
    |xor_ln66_64_fu_2821_p2            |       xor|   0|  0|   2|           1|           2|
    |xor_ln66_fu_1364_p2               |       xor|   0|  0|   2|           1|           2|
    +----------------------------------+----------+----+---+----+------------+------------+
    |Total                             |          |   0|  0|2111|        1172|        1499|
    +----------------------------------+----------+----+---+----+------------+------------+

    * Multiplexer: 
    +---------------------------------------------+----+-----------+-----+-----------+
    |                     Name                    | LUT| Input Size| Bits| Total Bits|
    +---------------------------------------------+----+-----------+-----+-----------+
    |ap_NS_fsm                                    |  20|          4|    1|          4|
    |ap_done                                      |   9|          2|    1|          2|
    |ap_enable_reg_pp0_iter2                      |   9|          2|    1|          2|
    |ap_phi_mux_icmp_ln24376_phi_fu_399_p4        |   9|          2|    1|          2|
    |ap_phi_mux_p_0_0_0_0_013474_phi_fu_409_p4    |   9|          2|   10|         20|
    |ap_phi_mux_storemerge_i_i_phi_fu_420_p4      |   9|          2|   32|         64|
    |ap_phi_reg_pp0_iter1_storemerge_i_i_reg_416  |   9|          2|   32|         64|
    |i_iw_fu_378                                  |   9|          2|    4|          8|
    |icmp_ln24376_reg_395                         |   9|          2|    1|          2|
    |indvar_flatten3_fu_210                       |   9|          2|    8|         16|
    |layer6_out_blk_n                             |   9|          2|    1|          2|
    |layer7_out_blk_n                             |   9|          2|    1|          2|
    |pX_1                                         |   9|          2|   32|         64|
    |pY_1                                         |   9|          2|   32|         64|
    |p_0_0_0_0_013416259_fu_322                   |   9|          2|   10|         20|
    |p_0_0_0_0_013474_reg_406                     |   9|          2|   10|         20|
    |p_0_0_0_0_020432_fu_266                      |   9|          2|   10|         20|
    |p_0_10_0_0_015419239_fu_282                  |   9|          2|   10|         20|
    |p_0_10_0_0_015464_fu_338                     |   9|          2|   10|         20|
    |p_0_10_0_0_024412_fu_226                     |   9|          2|   10|         20|
    |p_0_11_0_0_015619537_fu_278                  |   9|          2|   10|         20|
    |p_0_11_0_0_015663_fu_334                     |   9|          2|   10|         20|
    |p_0_11_0_0_024810_fu_222                     |   9|          2|   10|         20|
    |p_0_12_0_0_015819835_fu_274                  |   9|          2|   10|         20|
    |p_0_12_0_0_015862_fu_330                     |   9|          2|   10|         20|
    |p_0_12_0_0_02528_fu_218                      |   9|          2|   10|         20|
    |p_0_13_0_0_016020133_fu_270                  |   9|          2|   10|         20|
    |p_0_13_0_0_016061_fu_326                     |   9|          2|   10|         20|
    |p_0_13_0_0_02566_fu_214                      |   9|          2|   10|         20|
    |p_0_1_0_0_013616557_fu_318                   |   9|          2|   10|         20|
    |p_0_1_0_0_013673_fu_374                      |   9|          2|   10|         20|
    |p_0_1_0_0_020830_fu_262                      |   9|          2|   10|         20|
    |p_0_2_0_0_013816855_fu_314                   |   9|          2|   10|         20|
    |p_0_2_0_0_013872_fu_370                      |   9|          2|   10|         20|
    |p_0_2_0_0_021228_fu_258                      |   9|          2|   10|         20|
    |p_0_3_0_0_014017153_fu_310                   |   9|          2|   10|         20|
    |p_0_3_0_0_014071_fu_366                      |   9|          2|   10|         20|
    |p_0_3_0_0_021626_fu_254                      |   9|          2|   10|         20|
    |p_0_4_0_0_014217451_fu_306                   |   9|          2|   10|         20|
    |p_0_4_0_0_014270_fu_362                      |   9|          2|   10|         20|
    |p_0_4_0_0_022024_fu_250                      |   9|          2|   10|         20|
    |p_0_5_0_0_014417749_fu_302                   |   9|          2|   10|         20|
    |p_0_5_0_0_014469_fu_358                      |   9|          2|   10|         20|
    |p_0_5_0_0_022422_fu_246                      |   9|          2|   10|         20|
    |p_0_6_0_0_014618047_fu_298                   |   9|          2|   10|         20|
    |p_0_6_0_0_014668_fu_354                      |   9|          2|   10|         20|
    |p_0_6_0_0_022820_fu_242                      |   9|          2|   10|         20|
    |p_0_7_0_0_014818345_fu_294                   |   9|          2|   10|         20|
    |p_0_7_0_0_014867_fu_350                      |   9|          2|   10|         20|
    |p_0_7_0_0_023218_fu_238                      |   9|          2|   10|         20|
    |p_0_8_0_0_015018643_fu_290                   |   9|          2|   10|         20|
    |p_0_8_0_0_015066_fu_346                      |   9|          2|   10|         20|
    |p_0_8_0_0_023616_fu_234                      |   9|          2|   10|         20|
    |p_0_9_0_0_015218941_fu_286                   |   9|          2|   10|         20|
    |p_0_9_0_0_015265_fu_342                      |   9|          2|   10|         20|
    |p_0_9_0_0_024014_fu_230                      |   9|          2|   10|         20|
    |real_start                                   |   9|          2|    1|          2|
    |sX_1                                         |   9|          2|   32|         64|
    +---------------------------------------------+----+-----------+-----+-----------+
    |Total                                        | 533|        118|  610|       1222|
    +---------------------------------------------+----+-----------+-----+-----------+

    * Register: 
    +--------------------------------------------------------------------------------------+----+----+-----+-----------+
    |                                         Name                                         | FF | LUT| Bits| Const Bits|
    +--------------------------------------------------------------------------------------+----+----+-----+-----------+
    |and_ln191_2_reg_3969                                                                  |   1|   0|    1|          0|
    |ap_CS_fsm                                                                             |   3|   0|    3|          0|
    |ap_done_reg                                                                           |   1|   0|    1|          0|
    |ap_enable_reg_pp0_iter0                                                               |   1|   0|    1|          0|
    |ap_enable_reg_pp0_iter1                                                               |   1|   0|    1|          0|
    |ap_enable_reg_pp0_iter2                                                               |   1|   0|    1|          0|
    |ap_phi_reg_pp0_iter1_storemerge_i_i_reg_416                                           |  32|   0|   32|          0|
    |i_iw_fu_378                                                                           |   4|   0|    4|          0|
    |icmp_ln191_5_reg_3882                                                                 |   1|   0|    1|          0|
    |icmp_ln191_6_reg_3887                                                                 |   1|   0|    1|          0|
    |icmp_ln191_reg_3878                                                                   |   1|   0|    1|          0|
    |icmp_ln191_reg_3878_pp0_iter1_reg                                                     |   1|   0|    1|          0|
    |icmp_ln212_reg_3892                                                                   |   1|   0|    1|          0|
    |icmp_ln216_reg_3896                                                                   |   1|   0|    1|          0|
    |icmp_ln241_reg_3900                                                                   |   1|   0|    1|          0|
    |icmp_ln241_reg_3900_pp0_iter1_reg                                                     |   1|   0|    1|          0|
    |icmp_ln24376_reg_395                                                                  |   1|   0|    1|          0|
    |icmp_ln243_reg_4113                                                                   |   1|   0|    1|          0|
    |indvar_flatten3_fu_210                                                                |   8|   0|    8|          0|
    |pX_1                                                                                  |  32|   0|   32|          0|
    |pY_1                                                                                  |  32|   0|   32|          0|
    |p_0_0_0_0_013416259_fu_322                                                            |  10|   0|   10|          0|
    |p_0_0_0_0_013474_reg_406                                                              |  10|   0|   10|          0|
    |p_0_0_0_0_020432_fu_266                                                               |  10|   0|   10|          0|
    |p_0_10_0_0_015419239_fu_282                                                           |  10|   0|   10|          0|
    |p_0_10_0_0_015464_fu_338                                                              |  10|   0|   10|          0|
    |p_0_10_0_0_024412_fu_226                                                              |  10|   0|   10|          0|
    |p_0_11_0_0_015619537_fu_278                                                           |  10|   0|   10|          0|
    |p_0_11_0_0_015663_fu_334                                                              |  10|   0|   10|          0|
    |p_0_11_0_0_024810_fu_222                                                              |  10|   0|   10|          0|
    |p_0_12_0_0_015819835_fu_274                                                           |  10|   0|   10|          0|
    |p_0_12_0_0_015862_fu_330                                                              |  10|   0|   10|          0|
    |p_0_12_0_0_02528_fu_218                                                               |  10|   0|   10|          0|
    |p_0_13_0_0_016020133_fu_270                                                           |  10|   0|   10|          0|
    |p_0_13_0_0_016061_fu_326                                                              |  10|   0|   10|          0|
    |p_0_13_0_0_02566_fu_214                                                               |  10|   0|   10|          0|
    |p_0_1_0_0_013616557_fu_318                                                            |  10|   0|   10|          0|
    |p_0_1_0_0_013673_fu_374                                                               |  10|   0|   10|          0|
    |p_0_1_0_0_020830_fu_262                                                               |  10|   0|   10|          0|
    |p_0_2_0_0_013816855_fu_314                                                            |  10|   0|   10|          0|
    |p_0_2_0_0_013872_fu_370                                                               |  10|   0|   10|          0|
    |p_0_2_0_0_021228_fu_258                                                               |  10|   0|   10|          0|
    |p_0_3_0_0_014017153_fu_310                                                            |  10|   0|   10|          0|
    |p_0_3_0_0_014071_fu_366                                                               |  10|   0|   10|          0|
    |p_0_3_0_0_021626_fu_254                                                               |  10|   0|   10|          0|
    |p_0_4_0_0_014217451_fu_306                                                            |  10|   0|   10|          0|
    |p_0_4_0_0_014270_fu_362                                                               |  10|   0|   10|          0|
    |p_0_4_0_0_022024_fu_250                                                               |  10|   0|   10|          0|
    |p_0_5_0_0_014417749_fu_302                                                            |  10|   0|   10|          0|
    |p_0_5_0_0_014469_fu_358                                                               |  10|   0|   10|          0|
    |p_0_5_0_0_022422_fu_246                                                               |  10|   0|   10|          0|
    |p_0_6_0_0_014618047_fu_298                                                            |  10|   0|   10|          0|
    |p_0_6_0_0_014668_fu_354                                                               |  10|   0|   10|          0|
    |p_0_6_0_0_022820_fu_242                                                               |  10|   0|   10|          0|
    |p_0_7_0_0_014818345_fu_294                                                            |  10|   0|   10|          0|
    |p_0_7_0_0_014867_fu_350                                                               |  10|   0|   10|          0|
    |p_0_7_0_0_023218_fu_238                                                               |  10|   0|   10|          0|
    |p_0_8_0_0_015018643_fu_290                                                            |  10|   0|   10|          0|
    |p_0_8_0_0_015066_fu_346                                                               |  10|   0|   10|          0|
    |p_0_8_0_0_023616_fu_234                                                               |  10|   0|   10|          0|
    |p_0_9_0_0_015218941_fu_286                                                            |  10|   0|   10|          0|
    |p_0_9_0_0_015265_fu_342                                                               |  10|   0|   10|          0|
    |p_0_9_0_0_024014_fu_230                                                               |  10|   0|   10|          0|
    |p_ZZN4nnet19pooling2d_buffer_clINS_5arrayI8ap_fixedILi10ELi4EL9ap_q_mode0EL9ap_o_1    |  10|   0|   10|          0|
    |p_ZZN4nnet19pooling2d_buffer_clINS_5arrayI8ap_fixedILi10ELi4EL9ap_q_mode0EL9ap_o_10   |  10|   0|   10|          0|
    |p_ZZN4nnet19pooling2d_buffer_clINS_5arrayI8ap_fixedILi10ELi4EL9ap_q_mode0EL9ap_o_11   |  10|   0|   10|          0|
    |p_ZZN4nnet19pooling2d_buffer_clINS_5arrayI8ap_fixedILi10ELi4EL9ap_q_mode0EL9ap_o_12   |  10|   0|   10|          0|
    |p_ZZN4nnet19pooling2d_buffer_clINS_5arrayI8ap_fixedILi10ELi4EL9ap_q_mode0EL9ap_o_2    |  10|   0|   10|          0|
    |p_ZZN4nnet19pooling2d_buffer_clINS_5arrayI8ap_fixedILi10ELi4EL9ap_q_mode0EL9ap_o_3    |  10|   0|   10|          0|
    |p_ZZN4nnet19pooling2d_buffer_clINS_5arrayI8ap_fixedILi10ELi4EL9ap_q_mode0EL9ap_o_4    |  10|   0|   10|          0|
    |p_ZZN4nnet19pooling2d_buffer_clINS_5arrayI8ap_fixedILi10ELi4EL9ap_q_mode0EL9ap_o_5    |  10|   0|   10|          0|
    |p_ZZN4nnet19pooling2d_buffer_clINS_5arrayI8ap_fixedILi10ELi4EL9ap_q_mode0EL9ap_o_6    |  10|   0|   10|          0|
    |p_ZZN4nnet19pooling2d_buffer_clINS_5arrayI8ap_fixedILi10ELi4EL9ap_q_mode0EL9ap_o_7    |  10|   0|   10|          0|
    |p_ZZN4nnet19pooling2d_buffer_clINS_5arrayI8ap_fixedILi10ELi4EL9ap_q_mode0EL9ap_o_8    |  10|   0|   10|          0|
    |p_ZZN4nnet19pooling2d_buffer_clINS_5arrayI8ap_fixedILi10ELi4EL9ap_q_mode0EL9ap_o_9    |  10|   0|   10|          0|
    |p_ZZN4nnet19pooling2d_buffer_clINS_5arrayI8ap_fixedILi10ELi4EL9ap_q_mode0EL9ap_o_s    |  10|   0|   10|          0|
    |p_ZZN4nnet22compute_pool_buffer_2dINS_5arrayI8ap_fixedILi10ELi4EL9ap_q_mode0EL9ap     |  10|   0|   10|          0|
    |p_ZZN4nnet22compute_pool_buffer_2dINS_5arrayI8ap_fixedILi10ELi4EL9ap_q_mode0EL9ap_1   |  10|   0|   10|          0|
    |p_ZZN4nnet22compute_pool_buffer_2dINS_5arrayI8ap_fixedILi10ELi4EL9ap_q_mode0EL9ap_10  |  10|   0|   10|          0|
    |p_ZZN4nnet22compute_pool_buffer_2dINS_5arrayI8ap_fixedILi10ELi4EL9ap_q_mode0EL9ap_11  |  10|   0|   10|          0|
    |p_ZZN4nnet22compute_pool_buffer_2dINS_5arrayI8ap_fixedILi10ELi4EL9ap_q_mode0EL9ap_12  |  10|   0|   10|          0|
    |p_ZZN4nnet22compute_pool_buffer_2dINS_5arrayI8ap_fixedILi10ELi4EL9ap_q_mode0EL9ap_13  |  10|   0|   10|          0|
    |p_ZZN4nnet22compute_pool_buffer_2dINS_5arrayI8ap_fixedILi10ELi4EL9ap_q_mode0EL9ap_14  |  10|   0|   10|          0|
    |p_ZZN4nnet22compute_pool_buffer_2dINS_5arrayI8ap_fixedILi10ELi4EL9ap_q_mode0EL9ap_15  |  10|   0|   10|          0|
    |p_ZZN4nnet22compute_pool_buffer_2dINS_5arrayI8ap_fixedILi10ELi4EL9ap_q_mode0EL9ap_16  |  10|   0|   10|          0|
    |p_ZZN4nnet22compute_pool_buffer_2dINS_5arrayI8ap_fixedILi10ELi4EL9ap_q_mode0EL9ap_17  |  10|   0|   10|          0|
    |p_ZZN4nnet22compute_pool_buffer_2dINS_5arrayI8ap_fixedILi10ELi4EL9ap_q_mode0EL9ap_18  |  10|   0|   10|          0|
    |p_ZZN4nnet22compute_pool_buffer_2dINS_5arrayI8ap_fixedILi10ELi4EL9ap_q_mode0EL9ap_19  |  10|   0|   10|          0|
    |p_ZZN4nnet22compute_pool_buffer_2dINS_5arrayI8ap_fixedILi10ELi4EL9ap_q_mode0EL9ap_2   |  10|   0|   10|          0|
    |p_ZZN4nnet22compute_pool_buffer_2dINS_5arrayI8ap_fixedILi10ELi4EL9ap_q_mode0EL9ap_20  |  10|   0|   10|          0|
    |p_ZZN4nnet22compute_pool_buffer_2dINS_5arrayI8ap_fixedILi10ELi4EL9ap_q_mode0EL9ap_21  |  10|   0|   10|          0|
    |p_ZZN4nnet22compute_pool_buffer_2dINS_5arrayI8ap_fixedILi10ELi4EL9ap_q_mode0EL9ap_22  |  10|   0|   10|          0|
    |p_ZZN4nnet22compute_pool_buffer_2dINS_5arrayI8ap_fixedILi10ELi4EL9ap_q_mode0EL9ap_23  |  10|   0|   10|          0|
    |p_ZZN4nnet22compute_pool_buffer_2dINS_5arrayI8ap_fixedILi10ELi4EL9ap_q_mode0EL9ap_24  |  10|   0|   10|          0|
    |p_ZZN4nnet22compute_pool_buffer_2dINS_5arrayI8ap_fixedILi10ELi4EL9ap_q_mode0EL9ap_25  |  10|   0|   10|          0|
    |p_ZZN4nnet22compute_pool_buffer_2dINS_5arrayI8ap_fixedILi10ELi4EL9ap_q_mode0EL9ap_26  |  10|   0|   10|          0|
    |p_ZZN4nnet22compute_pool_buffer_2dINS_5arrayI8ap_fixedILi10ELi4EL9ap_q_mode0EL9ap_27  |  10|   0|   10|          0|
    |p_ZZN4nnet22compute_pool_buffer_2dINS_5arrayI8ap_fixedILi10ELi4EL9ap_q_mode0EL9ap_3   |  10|   0|   10|          0|
    |p_ZZN4nnet22compute_pool_buffer_2dINS_5arrayI8ap_fixedILi10ELi4EL9ap_q_mode0EL9ap_4   |  10|   0|   10|          0|
    |p_ZZN4nnet22compute_pool_buffer_2dINS_5arrayI8ap_fixedILi10ELi4EL9ap_q_mode0EL9ap_5   |  10|   0|   10|          0|
    |p_ZZN4nnet22compute_pool_buffer_2dINS_5arrayI8ap_fixedILi10ELi4EL9ap_q_mode0EL9ap_6   |  10|   0|   10|          0|
    |p_ZZN4nnet22compute_pool_buffer_2dINS_5arrayI8ap_fixedILi10ELi4EL9ap_q_mode0EL9ap_7   |  10|   0|   10|          0|
    |p_ZZN4nnet22compute_pool_buffer_2dINS_5arrayI8ap_fixedILi10ELi4EL9ap_q_mode0EL9ap_8   |  10|   0|   10|          0|
    |p_ZZN4nnet22compute_pool_buffer_2dINS_5arrayI8ap_fixedILi10ELi4EL9ap_q_mode0EL9ap_9   |  10|   0|   10|          0|
    |sX_1                                                                                  |  32|   0|   32|          0|
    |sY_1                                                                                  |  32|   0|   32|          0|
    |select_ln241_10_reg_3924                                                              |  10|   0|   10|          0|
    |select_ln241_11_reg_3929                                                              |  10|   0|   10|          0|
    |select_ln241_12_reg_3934                                                              |  10|   0|   10|          0|
    |select_ln241_13_reg_3939                                                              |  10|   0|   10|          0|
    |select_ln241_14_reg_3944                                                              |  10|   0|   10|          0|
    |select_ln241_15_reg_3949                                                              |  10|   0|   10|          0|
    |select_ln241_16_reg_3954                                                              |  10|   0|   10|          0|
    |select_ln241_17_reg_3959                                                              |  10|   0|   10|          0|
    |select_ln241_18_reg_3964                                                              |  10|   0|   10|          0|
    |select_ln241_7_reg_3909                                                               |  10|   0|   10|          0|
    |select_ln241_8_reg_3914                                                               |  10|   0|   10|          0|
    |select_ln241_9_reg_3919                                                               |  10|   0|   10|          0|
    |select_ln241_reg_3904                                                                 |  10|   0|   10|          0|
    |start_once_reg                                                                        |   1|   0|    1|          0|
    |tmp_10_reg_4008                                                                       |   1|   0|    1|          0|
    |tmp_11_reg_4018                                                                       |   1|   0|    1|          0|
    |tmp_12_reg_4028                                                                       |   1|   0|    1|          0|
    |tmp_13_reg_4038                                                                       |   1|   0|    1|          0|
    |tmp_14_reg_4048                                                                       |   1|   0|    1|          0|
    |tmp_15_reg_4058                                                                       |   1|   0|    1|          0|
    |tmp_16_reg_4068                                                                       |   1|   0|    1|          0|
    |tmp_17_reg_4078                                                                       |   1|   0|    1|          0|
    |tmp_18_reg_4088                                                                       |   1|   0|    1|          0|
    |tmp_19_reg_4098                                                                       |   1|   0|    1|          0|
    |tmp_20_reg_4108                                                                       |   1|   0|    1|          0|
    |tmp_8_reg_3988                                                                        |   1|   0|    1|          0|
    |tmp_9_reg_3998                                                                        |   1|   0|    1|          0|
    |tmp_reg_3978                                                                          |   1|   0|    1|          0|
    |trunc_ln204_10_reg_4083                                                               |  10|   0|   10|          0|
    |trunc_ln204_11_reg_4093                                                               |  10|   0|   10|          0|
    |trunc_ln204_12_reg_4103                                                               |  10|   0|   10|          0|
    |trunc_ln204_1_reg_4013                                                                |  10|   0|   10|          0|
    |trunc_ln204_2_reg_4023                                                                |  10|   0|   10|          0|
    |trunc_ln204_3_reg_4033                                                                |  10|   0|   10|          0|
    |trunc_ln204_4_reg_4043                                                                |  10|   0|   10|          0|
    |trunc_ln204_5_reg_4053                                                                |  10|   0|   10|          0|
    |trunc_ln204_6_reg_4063                                                                |  10|   0|   10|          0|
    |trunc_ln204_7_reg_4073                                                                |  10|   0|   10|          0|
    |trunc_ln204_8_reg_3983                                                                |  10|   0|   10|          0|
    |trunc_ln204_9_reg_3993                                                                |  10|   0|   10|          0|
    |trunc_ln204_s_reg_4003                                                                |  10|   0|   10|          0|
    |trunc_ln247_10_reg_3851                                                               |  10|   0|   10|          0|
    |trunc_ln247_11_reg_3860                                                               |  10|   0|   10|          0|
    |trunc_ln247_12_reg_3869                                                               |  10|   0|   10|          0|
    |trunc_ln247_1_reg_3761                                                                |  10|   0|   10|          0|
    |trunc_ln247_2_reg_3770                                                                |  10|   0|   10|          0|
    |trunc_ln247_3_reg_3779                                                                |  10|   0|   10|          0|
    |trunc_ln247_4_reg_3788                                                                |  10|   0|   10|          0|
    |trunc_ln247_5_reg_3797                                                                |  10|   0|   10|          0|
    |trunc_ln247_6_reg_3806                                                                |  10|   0|   10|          0|
    |trunc_ln247_7_reg_3815                                                                |  10|   0|   10|          0|
    |trunc_ln247_8_reg_3824                                                                |  10|   0|   10|          0|
    |trunc_ln247_9_reg_3833                                                                |  10|   0|   10|          0|
    |trunc_ln247_reg_3752                                                                  |  10|   0|   10|          0|
    |trunc_ln247_reg_3752_pp0_iter1_reg                                                    |  10|   0|   10|          0|
    |trunc_ln247_s_reg_3842                                                                |  10|   0|   10|          0|
    |trunc_ln_reg_3973                                                                     |  10|   0|   10|          0|
    |void_pooling2d_buffer_cl_stream_stream_array_ap_fixed_14u_0_line_buffer               |  10|   0|   10|          0|
    +--------------------------------------------------------------------------------------+----+----+-----+-----------+
    |Total                                                                                 |1465|   0| 1465|          0|
    +--------------------------------------------------------------------------------------+----+----+-----+-----------+



================================================================
== Interface
================================================================
* Summary: 
+---------------------------+-----+-----+------------+-------------------------------------------------------------+--------------+
|         RTL Ports         | Dir | Bits|  Protocol  |                        Source Object                        |    C Type    |
+---------------------------+-----+-----+------------+-------------------------------------------------------------+--------------+
|ap_clk                     |   in|    1|  ap_ctrl_hs|  pooling2d_cl<array,array<ap_fixed<10,4,0,3,0>,14u>,config7>|  return value|
|ap_rst                     |   in|    1|  ap_ctrl_hs|  pooling2d_cl<array,array<ap_fixed<10,4,0,3,0>,14u>,config7>|  return value|
|ap_start                   |   in|    1|  ap_ctrl_hs|  pooling2d_cl<array,array<ap_fixed<10,4,0,3,0>,14u>,config7>|  return value|
|start_full_n               |   in|    1|  ap_ctrl_hs|  pooling2d_cl<array,array<ap_fixed<10,4,0,3,0>,14u>,config7>|  return value|
|ap_done                    |  out|    1|  ap_ctrl_hs|  pooling2d_cl<array,array<ap_fixed<10,4,0,3,0>,14u>,config7>|  return value|
|ap_continue                |   in|    1|  ap_ctrl_hs|  pooling2d_cl<array,array<ap_fixed<10,4,0,3,0>,14u>,config7>|  return value|
|ap_idle                    |  out|    1|  ap_ctrl_hs|  pooling2d_cl<array,array<ap_fixed<10,4,0,3,0>,14u>,config7>|  return value|
|ap_ready                   |  out|    1|  ap_ctrl_hs|  pooling2d_cl<array,array<ap_fixed<10,4,0,3,0>,14u>,config7>|  return value|
|start_out                  |  out|    1|  ap_ctrl_hs|  pooling2d_cl<array,array<ap_fixed<10,4,0,3,0>,14u>,config7>|  return value|
|start_write                |  out|    1|  ap_ctrl_hs|  pooling2d_cl<array,array<ap_fixed<10,4,0,3,0>,14u>,config7>|  return value|
|layer6_out_dout            |   in|  140|     ap_fifo|                                                   layer6_out|       pointer|
|layer6_out_empty_n         |   in|    1|     ap_fifo|                                                   layer6_out|       pointer|
|layer6_out_read            |  out|    1|     ap_fifo|                                                   layer6_out|       pointer|
|layer6_out_num_data_valid  |   in|    9|     ap_fifo|                                                   layer6_out|       pointer|
|layer6_out_fifo_cap        |   in|    9|     ap_fifo|                                                   layer6_out|       pointer|
|layer7_out_din             |  out|  140|     ap_fifo|                                                   layer7_out|       pointer|
|layer7_out_full_n          |   in|    1|     ap_fifo|                                                   layer7_out|       pointer|
|layer7_out_write           |  out|    1|     ap_fifo|                                                   layer7_out|       pointer|
|layer7_out_num_data_valid  |   in|    7|     ap_fifo|                                                   layer7_out|       pointer|
|layer7_out_fifo_cap        |   in|    7|     ap_fifo|                                                   layer7_out|       pointer|
+---------------------------+-----+-----+------------+-------------------------------------------------------------+--------------+

