

================================================================
== Vitis HLS Report for 'shift_line_buffer_array_ap_fixed_9_2_0_3_0_3u_config2_s'
================================================================
* Date:           Tue May  5 04:58:53 2026

* Version:        2025.2 (Build 6295257 on Nov 14 2025)
* Project:        cifar10_axis_wrapper_prj
* Solution:       solution1 (Vivado IP Flow Target)
* Product family: zynq
* Target device:  xc7z010-clg400-1


================================================================
== Performance Estimates
================================================================
+ Timing: 
    * Summary: 
    +--------+----------+----------+------------+
    |  Clock |  Target  | Estimated| Uncertainty|
    +--------+----------+----------+------------+
    |ap_clk  |  10.00 ns|  3.234 ns|     2.70 ns|
    +--------+----------+----------+------------+

+ Latency: 
    * Summary: 
    +---------+---------+----------+----------+-----+-----+---------+
    |  Latency (cycles) |  Latency (absolute) |  Interval | Pipeline|
    |   min   |   max   |    min   |    max   | min | max |   Type  |
    +---------+---------+----------+----------+-----+-----+---------+
    |        0|        0|      0 ns|      0 ns|    1|    1|      yes|
    +---------+---------+----------+----------+-----+-----+---------+

    + Detail: 
        * Instance: 
        N/A

        * Loop: 
        N/A



================================================================
== Utilization Estimates
================================================================
* Summary: 
+-----------------+---------+----+-------+-------+-----+
|       Name      | BRAM_18K| DSP|   FF  |  LUT  | URAM|
+-----------------+---------+----+-------+-------+-----+
|DSP              |        -|   -|      -|      -|    -|
|Expression       |        -|   -|      -|      -|    -|
|FIFO             |        -|   -|      -|      -|    -|
|Instance         |        -|   -|      -|      -|    -|
|Memory           |        -|   -|    384|    192|    -|
|Multiplexer      |        -|   -|      0|    162|    -|
|Register         |        -|   -|      1|      -|    -|
+-----------------+---------+----+-------+-------+-----+
|Total            |        0|   0|    385|    354|    0|
+-----------------+---------+----+-------+-------+-----+
|Available        |      120|  80|  35200|  17600|    0|
+-----------------+---------+----+-------+-------+-----+
|Utilization (%)  |        0|   0|      1|      2|    0|
+-----------------+---------+----+-------+-------+-----+

+ Detail: 
    * Instance: 
    N/A

    * DSP: 
    N/A

    * Memory: 
    +---------------------------------------------------------------------------------------+----------------------------------------------------------------------------------+---------+----+----+-----+------+-----+------+-------------+
    |                                         Memory                                        |                                      Module                                      | BRAM_18K| FF | LUT| URAM| Words| Bits| Banks| W*Bits*Banks|
    +---------------------------------------------------------------------------------------+----------------------------------------------------------------------------------+---------+----+----+-----+------+-----+------+-------------+
    |p_ZZN4nnet17conv_2d_buffer_clINS_5arrayI8ap_fixedILi9ELi2EL9ap_q_mode0EL9ap_o_mod_5_U  |shift_line_buffer_array_ap_fixed_9_2_0_3_0_3u_config2_s_p_ZZN4nnet17conv_2d_bbkb  |        0|  64|  32|    0|    32|    9|     1|          288|
    |p_ZZN4nnet17conv_2d_buffer_clINS_5arrayI8ap_fixedILi9ELi2EL9ap_q_mode0EL9ap_o_mod_2_U  |shift_line_buffer_array_ap_fixed_9_2_0_3_0_3u_config2_s_p_ZZN4nnet17conv_2d_bbkb  |        0|  64|  32|    0|    32|    9|     1|          288|
    |p_ZZN4nnet17conv_2d_buffer_clINS_5arrayI8ap_fixedILi9ELi2EL9ap_q_mode0EL9ap_o_mod_4_U  |shift_line_buffer_array_ap_fixed_9_2_0_3_0_3u_config2_s_p_ZZN4nnet17conv_2d_bbkb  |        0|  64|  32|    0|    32|    9|     1|          288|
    |p_ZZN4nnet17conv_2d_buffer_clINS_5arrayI8ap_fixedILi9ELi2EL9ap_q_mode0EL9ap_o_mod_1_U  |shift_line_buffer_array_ap_fixed_9_2_0_3_0_3u_config2_s_p_ZZN4nnet17conv_2d_bbkb  |        0|  64|  32|    0|    32|    9|     1|          288|
    |p_ZZN4nnet17conv_2d_buffer_clINS_5arrayI8ap_fixedILi9ELi2EL9ap_q_mode0EL9ap_o_mod_3_U  |shift_line_buffer_array_ap_fixed_9_2_0_3_0_3u_config2_s_p_ZZN4nnet17conv_2d_bbkb  |        0|  64|  32|    0|    32|    9|     1|          288|
    |p_ZZN4nnet17conv_2d_buffer_clINS_5arrayI8ap_fixedILi9ELi2EL9ap_q_mode0EL9ap_o_mod_U    |shift_line_buffer_array_ap_fixed_9_2_0_3_0_3u_config2_s_p_ZZN4nnet17conv_2d_bbkb  |        0|  64|  32|    0|    32|    9|     1|          288|
    +---------------------------------------------------------------------------------------+----------------------------------------------------------------------------------+---------+----+----+-----+------+-----+------+-------------+
    |Total                                                                                  |                                                                                  |        0| 384| 192|    0|   192|   54|     6|         1728|
    +---------------------------------------------------------------------------------------+----------------------------------------------------------------------------------+---------+----+----+-----+------+-----+------+-------------+

    * FIFO: 
    N/A

    * Expression: 
    N/A

    * Multiplexer: 
    +----------------------------------------------------------------------------------------+----+-----------+-----+-----------+
    |                                          Name                                          | LUT| Input Size| Bits| Total Bits|
    +----------------------------------------------------------------------------------------+----+-----------+-----+-----------+
    |p_ZZN4nnet24compute_output_buffer_2dINS_5arrayI8ap_fixedILi9ELi2EL9ap_q_mode0EL9a_10_o  |   9|          2|    9|         18|
    |p_ZZN4nnet24compute_output_buffer_2dINS_5arrayI8ap_fixedILi9ELi2EL9ap_q_mode0EL9a_11_o  |   9|          2|    9|         18|
    |p_ZZN4nnet24compute_output_buffer_2dINS_5arrayI8ap_fixedILi9ELi2EL9ap_q_mode0EL9a_12_o  |   9|          2|    9|         18|
    |p_ZZN4nnet24compute_output_buffer_2dINS_5arrayI8ap_fixedILi9ELi2EL9ap_q_mode0EL9a_13_o  |   9|          2|    9|         18|
    |p_ZZN4nnet24compute_output_buffer_2dINS_5arrayI8ap_fixedILi9ELi2EL9ap_q_mode0EL9a_14_o  |   9|          2|    9|         18|
    |p_ZZN4nnet24compute_output_buffer_2dINS_5arrayI8ap_fixedILi9ELi2EL9ap_q_mode0EL9a_1_o   |   9|          2|    9|         18|
    |p_ZZN4nnet24compute_output_buffer_2dINS_5arrayI8ap_fixedILi9ELi2EL9ap_q_mode0EL9a_2_o   |   9|          2|    9|         18|
    |p_ZZN4nnet24compute_output_buffer_2dINS_5arrayI8ap_fixedILi9ELi2EL9ap_q_mode0EL9a_3_o   |   9|          2|    9|         18|
    |p_ZZN4nnet24compute_output_buffer_2dINS_5arrayI8ap_fixedILi9ELi2EL9ap_q_mode0EL9a_4_o   |   9|          2|    9|         18|
    |p_ZZN4nnet24compute_output_buffer_2dINS_5arrayI8ap_fixedILi9ELi2EL9ap_q_mode0EL9a_5_o   |   9|          2|    9|         18|
    |p_ZZN4nnet24compute_output_buffer_2dINS_5arrayI8ap_fixedILi9ELi2EL9ap_q_mode0EL9a_9_o   |   9|          2|    9|         18|
    |p_ZZN4nnet24compute_output_buffer_2dINS_5arrayI8ap_fixedILi9ELi2EL9ap_q_mode0EL9a_o     |   9|          2|    9|         18|
    |void_compute_output_buffer_2d_array_const_ap_shift_reg_n_chan_stream_weig_11_o          |   9|          2|    9|         18|
    |void_compute_output_buffer_2d_array_const_ap_shift_reg_n_chan_stream_weig_12_o          |   9|          2|    9|         18|
    |void_compute_output_buffer_2d_array_const_ap_shift_reg_n_chan_stream_weig_13_o          |   9|          2|    9|         18|
    |void_compute_output_buffer_2d_array_const_ap_shift_reg_n_chan_stream_weig_14_o          |   9|          2|    9|         18|
    |void_compute_output_buffer_2d_array_const_ap_shift_reg_n_chan_stream_weig_15_o          |   9|          2|    9|         18|
    |void_compute_output_buffer_2d_array_const_ap_shift_reg_n_chan_stream_weig_16_o          |   9|          2|    9|         18|
    +----------------------------------------------------------------------------------------+----+-----------+-----+-----------+
    |Total                                                                                   | 162|         36|  162|        324|
    +----------------------------------------------------------------------------------------+----+-----------+-----+-----------+

    * Register: 
    +-----------+---+----+-----+-----------+
    |    Name   | FF| LUT| Bits| Const Bits|
    +-----------+---+----+-----+-----------+
    |ap_CS_fsm  |  1|   0|    1|          0|
    +-----------+---+----+-----+-----------+
    |Total      |  1|   0|    1|          0|
    +-----------+---+----+-----+-----------+



================================================================
== Interface
================================================================
* Summary: 
+-----------------------------------------------------------------------------------------------+-----+-----+------------+--------------------------------------------------------------------------------------+--------------+
|                                           RTL Ports                                           | Dir | Bits|  Protocol  |                                     Source Object                                    |    C Type    |
+-----------------------------------------------------------------------------------------------+-----+-----+------------+--------------------------------------------------------------------------------------+--------------+
|ap_clk                                                                                         |   in|    1|  ap_ctrl_hs|                        shift_line_buffer<array<ap_fixed<9, 2, 0, 3, 0>, 3u>, config2>|  return value|
|ap_rst                                                                                         |   in|    1|  ap_ctrl_hs|                        shift_line_buffer<array<ap_fixed<9, 2, 0, 3, 0>, 3u>, config2>|  return value|
|ap_start                                                                                       |   in|    1|  ap_ctrl_hs|                        shift_line_buffer<array<ap_fixed<9, 2, 0, 3, 0>, 3u>, config2>|  return value|
|ap_done                                                                                        |  out|    1|  ap_ctrl_hs|                        shift_line_buffer<array<ap_fixed<9, 2, 0, 3, 0>, 3u>, config2>|  return value|
|ap_idle                                                                                        |  out|    1|  ap_ctrl_hs|                        shift_line_buffer<array<ap_fixed<9, 2, 0, 3, 0>, 3u>, config2>|  return value|
|ap_ready                                                                                       |  out|    1|  ap_ctrl_hs|                        shift_line_buffer<array<ap_fixed<9, 2, 0, 3, 0>, 3u>, config2>|  return value|
|in_elem_0_0_0_0_0_val                                                                          |   in|    9|     ap_none|                                                                 in_elem_0_0_0_0_0_val|        scalar|
|in_elem_0_1_0_0_0_val                                                                          |   in|    9|     ap_none|                                                                 in_elem_0_1_0_0_0_val|        scalar|
|in_elem_0_2_0_0_0_val                                                                          |   in|    9|     ap_none|                                                                 in_elem_0_2_0_0_0_val|        scalar|
|void_compute_output_buffer_2d_array_const_ap_shift_reg_n_chan_stream_weig_16_i                 |   in|    9|     ap_ovld|          void_compute_output_buffer_2d_array_const_ap_shift_reg_n_chan_stream_weig_16|       pointer|
|void_compute_output_buffer_2d_array_const_ap_shift_reg_n_chan_stream_weig_16_o                 |  out|    9|     ap_ovld|          void_compute_output_buffer_2d_array_const_ap_shift_reg_n_chan_stream_weig_16|       pointer|
|void_compute_output_buffer_2d_array_const_ap_shift_reg_n_chan_stream_weig_16_o_ap_vld          |  out|    1|     ap_ovld|          void_compute_output_buffer_2d_array_const_ap_shift_reg_n_chan_stream_weig_16|       pointer|
|void_compute_output_buffer_2d_array_const_ap_shift_reg_n_chan_stream_weig_19                   |  out|    9|      ap_vld|          void_compute_output_buffer_2d_array_const_ap_shift_reg_n_chan_stream_weig_19|       pointer|
|void_compute_output_buffer_2d_array_const_ap_shift_reg_n_chan_stream_weig_19_ap_vld            |  out|    1|      ap_vld|          void_compute_output_buffer_2d_array_const_ap_shift_reg_n_chan_stream_weig_19|       pointer|
|void_compute_output_buffer_2d_array_const_ap_shift_reg_n_chan_stream_weig_15_i                 |   in|    9|     ap_ovld|          void_compute_output_buffer_2d_array_const_ap_shift_reg_n_chan_stream_weig_15|       pointer|
|void_compute_output_buffer_2d_array_const_ap_shift_reg_n_chan_stream_weig_15_o                 |  out|    9|     ap_ovld|          void_compute_output_buffer_2d_array_const_ap_shift_reg_n_chan_stream_weig_15|       pointer|
|void_compute_output_buffer_2d_array_const_ap_shift_reg_n_chan_stream_weig_15_o_ap_vld          |  out|    1|     ap_ovld|          void_compute_output_buffer_2d_array_const_ap_shift_reg_n_chan_stream_weig_15|       pointer|
|void_compute_output_buffer_2d_array_const_ap_shift_reg_n_chan_stream_weig_18                   |  out|    9|      ap_vld|          void_compute_output_buffer_2d_array_const_ap_shift_reg_n_chan_stream_weig_18|       pointer|
|void_compute_output_buffer_2d_array_const_ap_shift_reg_n_chan_stream_weig_18_ap_vld            |  out|    1|      ap_vld|          void_compute_output_buffer_2d_array_const_ap_shift_reg_n_chan_stream_weig_18|       pointer|
|void_compute_output_buffer_2d_array_const_ap_shift_reg_n_chan_stream_weig_14_i                 |   in|    9|     ap_ovld|          void_compute_output_buffer_2d_array_const_ap_shift_reg_n_chan_stream_weig_14|       pointer|
|void_compute_output_buffer_2d_array_const_ap_shift_reg_n_chan_stream_weig_14_o                 |  out|    9|     ap_ovld|          void_compute_output_buffer_2d_array_const_ap_shift_reg_n_chan_stream_weig_14|       pointer|
|void_compute_output_buffer_2d_array_const_ap_shift_reg_n_chan_stream_weig_14_o_ap_vld          |  out|    1|     ap_ovld|          void_compute_output_buffer_2d_array_const_ap_shift_reg_n_chan_stream_weig_14|       pointer|
|void_compute_output_buffer_2d_array_const_ap_shift_reg_n_chan_stream_weig_17                   |  out|    9|      ap_vld|          void_compute_output_buffer_2d_array_const_ap_shift_reg_n_chan_stream_weig_17|       pointer|
|void_compute_output_buffer_2d_array_const_ap_shift_reg_n_chan_stream_weig_17_ap_vld            |  out|    1|      ap_vld|          void_compute_output_buffer_2d_array_const_ap_shift_reg_n_chan_stream_weig_17|       pointer|
|p_ZZN4nnet24compute_output_buffer_2dINS_5arrayI8ap_fixedILi9ELi2EL9ap_q_mode0EL9a_14_i         |   in|    9|     ap_ovld|  p_ZZN4nnet24compute_output_buffer_2dINS_5arrayI8ap_fixedILi9ELi2EL9ap_q_mode0EL9a_14|       pointer|
|p_ZZN4nnet24compute_output_buffer_2dINS_5arrayI8ap_fixedILi9ELi2EL9ap_q_mode0EL9a_14_o         |  out|    9|     ap_ovld|  p_ZZN4nnet24compute_output_buffer_2dINS_5arrayI8ap_fixedILi9ELi2EL9ap_q_mode0EL9a_14|       pointer|
|p_ZZN4nnet24compute_output_buffer_2dINS_5arrayI8ap_fixedILi9ELi2EL9ap_q_mode0EL9a_14_o_ap_vld  |  out|    1|     ap_ovld|  p_ZZN4nnet24compute_output_buffer_2dINS_5arrayI8ap_fixedILi9ELi2EL9ap_q_mode0EL9a_14|       pointer|
|void_compute_output_buffer_2d_array_const_ap_shift_reg_n_chan_stream_weig_10                   |  out|    9|      ap_vld|          void_compute_output_buffer_2d_array_const_ap_shift_reg_n_chan_stream_weig_10|       pointer|
|void_compute_output_buffer_2d_array_const_ap_shift_reg_n_chan_stream_weig_10_ap_vld            |  out|    1|      ap_vld|          void_compute_output_buffer_2d_array_const_ap_shift_reg_n_chan_stream_weig_10|       pointer|
|p_ZZN4nnet24compute_output_buffer_2dINS_5arrayI8ap_fixedILi9ELi2EL9ap_q_mode0EL9a_13_i         |   in|    9|     ap_ovld|  p_ZZN4nnet24compute_output_buffer_2dINS_5arrayI8ap_fixedILi9ELi2EL9ap_q_mode0EL9a_13|       pointer|
|p_ZZN4nnet24compute_output_buffer_2dINS_5arrayI8ap_fixedILi9ELi2EL9ap_q_mode0EL9a_13_o         |  out|    9|     ap_ovld|  p_ZZN4nnet24compute_output_buffer_2dINS_5arrayI8ap_fixedILi9ELi2EL9ap_q_mode0EL9a_13|       pointer|
|p_ZZN4nnet24compute_output_buffer_2dINS_5arrayI8ap_fixedILi9ELi2EL9ap_q_mode0EL9a_13_o_ap_vld  |  out|    1|     ap_ovld|  p_ZZN4nnet24compute_output_buffer_2dINS_5arrayI8ap_fixedILi9ELi2EL9ap_q_mode0EL9a_13|       pointer|
|p_ZZN4nnet24compute_output_buffer_2dINS_5arrayI8ap_fixedILi9ELi2EL9ap_q_mode0EL9a_16           |  out|    9|      ap_vld|  p_ZZN4nnet24compute_output_buffer_2dINS_5arrayI8ap_fixedILi9ELi2EL9ap_q_mode0EL9a_16|       pointer|
|p_ZZN4nnet24compute_output_buffer_2dINS_5arrayI8ap_fixedILi9ELi2EL9ap_q_mode0EL9a_16_ap_vld    |  out|    1|      ap_vld|  p_ZZN4nnet24compute_output_buffer_2dINS_5arrayI8ap_fixedILi9ELi2EL9ap_q_mode0EL9a_16|       pointer|
|p_ZZN4nnet24compute_output_buffer_2dINS_5arrayI8ap_fixedILi9ELi2EL9ap_q_mode0EL9a_12_i         |   in|    9|     ap_ovld|  p_ZZN4nnet24compute_output_buffer_2dINS_5arrayI8ap_fixedILi9ELi2EL9ap_q_mode0EL9a_12|       pointer|
|p_ZZN4nnet24compute_output_buffer_2dINS_5arrayI8ap_fixedILi9ELi2EL9ap_q_mode0EL9a_12_o         |  out|    9|     ap_ovld|  p_ZZN4nnet24compute_output_buffer_2dINS_5arrayI8ap_fixedILi9ELi2EL9ap_q_mode0EL9a_12|       pointer|
|p_ZZN4nnet24compute_output_buffer_2dINS_5arrayI8ap_fixedILi9ELi2EL9ap_q_mode0EL9a_12_o_ap_vld  |  out|    1|     ap_ovld|  p_ZZN4nnet24compute_output_buffer_2dINS_5arrayI8ap_fixedILi9ELi2EL9ap_q_mode0EL9a_12|       pointer|
|p_ZZN4nnet24compute_output_buffer_2dINS_5arrayI8ap_fixedILi9ELi2EL9ap_q_mode0EL9a_15           |  out|    9|      ap_vld|  p_ZZN4nnet24compute_output_buffer_2dINS_5arrayI8ap_fixedILi9ELi2EL9ap_q_mode0EL9a_15|       pointer|
|p_ZZN4nnet24compute_output_buffer_2dINS_5arrayI8ap_fixedILi9ELi2EL9ap_q_mode0EL9a_15_ap_vld    |  out|    1|      ap_vld|  p_ZZN4nnet24compute_output_buffer_2dINS_5arrayI8ap_fixedILi9ELi2EL9ap_q_mode0EL9a_15|       pointer|
|p_ZZN4nnet24compute_output_buffer_2dINS_5arrayI8ap_fixedILi9ELi2EL9ap_q_mode0EL9a_5_i          |   in|    9|     ap_ovld|   p_ZZN4nnet24compute_output_buffer_2dINS_5arrayI8ap_fixedILi9ELi2EL9ap_q_mode0EL9a_5|       pointer|
|p_ZZN4nnet24compute_output_buffer_2dINS_5arrayI8ap_fixedILi9ELi2EL9ap_q_mode0EL9a_5_o          |  out|    9|     ap_ovld|   p_ZZN4nnet24compute_output_buffer_2dINS_5arrayI8ap_fixedILi9ELi2EL9ap_q_mode0EL9a_5|       pointer|
|p_ZZN4nnet24compute_output_buffer_2dINS_5arrayI8ap_fixedILi9ELi2EL9ap_q_mode0EL9a_5_o_ap_vld   |  out|    1|     ap_ovld|   p_ZZN4nnet24compute_output_buffer_2dINS_5arrayI8ap_fixedILi9ELi2EL9ap_q_mode0EL9a_5|       pointer|
|p_ZZN4nnet24compute_output_buffer_2dINS_5arrayI8ap_fixedILi9ELi2EL9ap_q_mode0EL9a_8            |  out|    9|      ap_vld|   p_ZZN4nnet24compute_output_buffer_2dINS_5arrayI8ap_fixedILi9ELi2EL9ap_q_mode0EL9a_8|       pointer|
|p_ZZN4nnet24compute_output_buffer_2dINS_5arrayI8ap_fixedILi9ELi2EL9ap_q_mode0EL9a_8_ap_vld     |  out|    1|      ap_vld|   p_ZZN4nnet24compute_output_buffer_2dINS_5arrayI8ap_fixedILi9ELi2EL9ap_q_mode0EL9a_8|       pointer|
|p_ZZN4nnet24compute_output_buffer_2dINS_5arrayI8ap_fixedILi9ELi2EL9ap_q_mode0EL9a_4_i          |   in|    9|     ap_ovld|   p_ZZN4nnet24compute_output_buffer_2dINS_5arrayI8ap_fixedILi9ELi2EL9ap_q_mode0EL9a_4|       pointer|
|p_ZZN4nnet24compute_output_buffer_2dINS_5arrayI8ap_fixedILi9ELi2EL9ap_q_mode0EL9a_4_o          |  out|    9|     ap_ovld|   p_ZZN4nnet24compute_output_buffer_2dINS_5arrayI8ap_fixedILi9ELi2EL9ap_q_mode0EL9a_4|       pointer|
|p_ZZN4nnet24compute_output_buffer_2dINS_5arrayI8ap_fixedILi9ELi2EL9ap_q_mode0EL9a_4_o_ap_vld   |  out|    1|     ap_ovld|   p_ZZN4nnet24compute_output_buffer_2dINS_5arrayI8ap_fixedILi9ELi2EL9ap_q_mode0EL9a_4|       pointer|
|p_ZZN4nnet24compute_output_buffer_2dINS_5arrayI8ap_fixedILi9ELi2EL9ap_q_mode0EL9a_7            |  out|    9|      ap_vld|   p_ZZN4nnet24compute_output_buffer_2dINS_5arrayI8ap_fixedILi9ELi2EL9ap_q_mode0EL9a_7|       pointer|
|p_ZZN4nnet24compute_output_buffer_2dINS_5arrayI8ap_fixedILi9ELi2EL9ap_q_mode0EL9a_7_ap_vld     |  out|    1|      ap_vld|   p_ZZN4nnet24compute_output_buffer_2dINS_5arrayI8ap_fixedILi9ELi2EL9ap_q_mode0EL9a_7|       pointer|
|p_ZZN4nnet24compute_output_buffer_2dINS_5arrayI8ap_fixedILi9ELi2EL9ap_q_mode0EL9a_3_i          |   in|    9|     ap_ovld|   p_ZZN4nnet24compute_output_buffer_2dINS_5arrayI8ap_fixedILi9ELi2EL9ap_q_mode0EL9a_3|       pointer|
|p_ZZN4nnet24compute_output_buffer_2dINS_5arrayI8ap_fixedILi9ELi2EL9ap_q_mode0EL9a_3_o          |  out|    9|     ap_ovld|   p_ZZN4nnet24compute_output_buffer_2dINS_5arrayI8ap_fixedILi9ELi2EL9ap_q_mode0EL9a_3|       pointer|
|p_ZZN4nnet24compute_output_buffer_2dINS_5arrayI8ap_fixedILi9ELi2EL9ap_q_mode0EL9a_3_o_ap_vld   |  out|    1|     ap_ovld|   p_ZZN4nnet24compute_output_buffer_2dINS_5arrayI8ap_fixedILi9ELi2EL9ap_q_mode0EL9a_3|       pointer|
|p_ZZN4nnet24compute_output_buffer_2dINS_5arrayI8ap_fixedILi9ELi2EL9ap_q_mode0EL9a_6            |  out|    9|      ap_vld|   p_ZZN4nnet24compute_output_buffer_2dINS_5arrayI8ap_fixedILi9ELi2EL9ap_q_mode0EL9a_6|       pointer|
|p_ZZN4nnet24compute_output_buffer_2dINS_5arrayI8ap_fixedILi9ELi2EL9ap_q_mode0EL9a_6_ap_vld     |  out|    1|      ap_vld|   p_ZZN4nnet24compute_output_buffer_2dINS_5arrayI8ap_fixedILi9ELi2EL9ap_q_mode0EL9a_6|       pointer|
|void_compute_output_buffer_2d_array_const_ap_shift_reg_n_chan_stream_weig_13_i                 |   in|    9|     ap_ovld|          void_compute_output_buffer_2d_array_const_ap_shift_reg_n_chan_stream_weig_13|       pointer|
|void_compute_output_buffer_2d_array_const_ap_shift_reg_n_chan_stream_weig_13_o                 |  out|    9|     ap_ovld|          void_compute_output_buffer_2d_array_const_ap_shift_reg_n_chan_stream_weig_13|       pointer|
|void_compute_output_buffer_2d_array_const_ap_shift_reg_n_chan_stream_weig_13_o_ap_vld          |  out|    1|     ap_ovld|          void_compute_output_buffer_2d_array_const_ap_shift_reg_n_chan_stream_weig_13|       pointer|
|void_compute_output_buffer_2d_array_const_ap_shift_reg_n_chan_stream_weig_12_i                 |   in|    9|     ap_ovld|          void_compute_output_buffer_2d_array_const_ap_shift_reg_n_chan_stream_weig_12|       pointer|
|void_compute_output_buffer_2d_array_const_ap_shift_reg_n_chan_stream_weig_12_o                 |  out|    9|     ap_ovld|          void_compute_output_buffer_2d_array_const_ap_shift_reg_n_chan_stream_weig_12|       pointer|
|void_compute_output_buffer_2d_array_const_ap_shift_reg_n_chan_stream_weig_12_o_ap_vld          |  out|    1|     ap_ovld|          void_compute_output_buffer_2d_array_const_ap_shift_reg_n_chan_stream_weig_12|       pointer|
|void_compute_output_buffer_2d_array_const_ap_shift_reg_n_chan_stream_weig_11_i                 |   in|    9|     ap_ovld|          void_compute_output_buffer_2d_array_const_ap_shift_reg_n_chan_stream_weig_11|       pointer|
|void_compute_output_buffer_2d_array_const_ap_shift_reg_n_chan_stream_weig_11_o                 |  out|    9|     ap_ovld|          void_compute_output_buffer_2d_array_const_ap_shift_reg_n_chan_stream_weig_11|       pointer|
|void_compute_output_buffer_2d_array_const_ap_shift_reg_n_chan_stream_weig_11_o_ap_vld          |  out|    1|     ap_ovld|          void_compute_output_buffer_2d_array_const_ap_shift_reg_n_chan_stream_weig_11|       pointer|
|p_ZZN4nnet24compute_output_buffer_2dINS_5arrayI8ap_fixedILi9ELi2EL9ap_q_mode0EL9a_11_i         |   in|    9|     ap_ovld|  p_ZZN4nnet24compute_output_buffer_2dINS_5arrayI8ap_fixedILi9ELi2EL9ap_q_mode0EL9a_11|       pointer|
|p_ZZN4nnet24compute_output_buffer_2dINS_5arrayI8ap_fixedILi9ELi2EL9ap_q_mode0EL9a_11_o         |  out|    9|     ap_ovld|  p_ZZN4nnet24compute_output_buffer_2dINS_5arrayI8ap_fixedILi9ELi2EL9ap_q_mode0EL9a_11|       pointer|
|p_ZZN4nnet24compute_output_buffer_2dINS_5arrayI8ap_fixedILi9ELi2EL9ap_q_mode0EL9a_11_o_ap_vld  |  out|    1|     ap_ovld|  p_ZZN4nnet24compute_output_buffer_2dINS_5arrayI8ap_fixedILi9ELi2EL9ap_q_mode0EL9a_11|       pointer|
|p_ZZN4nnet24compute_output_buffer_2dINS_5arrayI8ap_fixedILi9ELi2EL9ap_q_mode0EL9a_10_i         |   in|    9|     ap_ovld|  p_ZZN4nnet24compute_output_buffer_2dINS_5arrayI8ap_fixedILi9ELi2EL9ap_q_mode0EL9a_10|       pointer|
|p_ZZN4nnet24compute_output_buffer_2dINS_5arrayI8ap_fixedILi9ELi2EL9ap_q_mode0EL9a_10_o         |  out|    9|     ap_ovld|  p_ZZN4nnet24compute_output_buffer_2dINS_5arrayI8ap_fixedILi9ELi2EL9ap_q_mode0EL9a_10|       pointer|
|p_ZZN4nnet24compute_output_buffer_2dINS_5arrayI8ap_fixedILi9ELi2EL9ap_q_mode0EL9a_10_o_ap_vld  |  out|    1|     ap_ovld|  p_ZZN4nnet24compute_output_buffer_2dINS_5arrayI8ap_fixedILi9ELi2EL9ap_q_mode0EL9a_10|       pointer|
|p_ZZN4nnet24compute_output_buffer_2dINS_5arrayI8ap_fixedILi9ELi2EL9ap_q_mode0EL9a_9_i          |   in|    9|     ap_ovld|   p_ZZN4nnet24compute_output_buffer_2dINS_5arrayI8ap_fixedILi9ELi2EL9ap_q_mode0EL9a_9|       pointer|
|p_ZZN4nnet24compute_output_buffer_2dINS_5arrayI8ap_fixedILi9ELi2EL9ap_q_mode0EL9a_9_o          |  out|    9|     ap_ovld|   p_ZZN4nnet24compute_output_buffer_2dINS_5arrayI8ap_fixedILi9ELi2EL9ap_q_mode0EL9a_9|       pointer|
|p_ZZN4nnet24compute_output_buffer_2dINS_5arrayI8ap_fixedILi9ELi2EL9ap_q_mode0EL9a_9_o_ap_vld   |  out|    1|     ap_ovld|   p_ZZN4nnet24compute_output_buffer_2dINS_5arrayI8ap_fixedILi9ELi2EL9ap_q_mode0EL9a_9|       pointer|
|p_ZZN4nnet24compute_output_buffer_2dINS_5arrayI8ap_fixedILi9ELi2EL9ap_q_mode0EL9a_2_i          |   in|    9|     ap_ovld|   p_ZZN4nnet24compute_output_buffer_2dINS_5arrayI8ap_fixedILi9ELi2EL9ap_q_mode0EL9a_2|       pointer|
|p_ZZN4nnet24compute_output_buffer_2dINS_5arrayI8ap_fixedILi9ELi2EL9ap_q_mode0EL9a_2_o          |  out|    9|     ap_ovld|   p_ZZN4nnet24compute_output_buffer_2dINS_5arrayI8ap_fixedILi9ELi2EL9ap_q_mode0EL9a_2|       pointer|
|p_ZZN4nnet24compute_output_buffer_2dINS_5arrayI8ap_fixedILi9ELi2EL9ap_q_mode0EL9a_2_o_ap_vld   |  out|    1|     ap_ovld|   p_ZZN4nnet24compute_output_buffer_2dINS_5arrayI8ap_fixedILi9ELi2EL9ap_q_mode0EL9a_2|       pointer|
|p_ZZN4nnet24compute_output_buffer_2dINS_5arrayI8ap_fixedILi9ELi2EL9ap_q_mode0EL9a_1_i          |   in|    9|     ap_ovld|   p_ZZN4nnet24compute_output_buffer_2dINS_5arrayI8ap_fixedILi9ELi2EL9ap_q_mode0EL9a_1|       pointer|
|p_ZZN4nnet24compute_output_buffer_2dINS_5arrayI8ap_fixedILi9ELi2EL9ap_q_mode0EL9a_1_o          |  out|    9|     ap_ovld|   p_ZZN4nnet24compute_output_buffer_2dINS_5arrayI8ap_fixedILi9ELi2EL9ap_q_mode0EL9a_1|       pointer|
|p_ZZN4nnet24compute_output_buffer_2dINS_5arrayI8ap_fixedILi9ELi2EL9ap_q_mode0EL9a_1_o_ap_vld   |  out|    1|     ap_ovld|   p_ZZN4nnet24compute_output_buffer_2dINS_5arrayI8ap_fixedILi9ELi2EL9ap_q_mode0EL9a_1|       pointer|
|p_ZZN4nnet24compute_output_buffer_2dINS_5arrayI8ap_fixedILi9ELi2EL9ap_q_mode0EL9a_i            |   in|    9|     ap_ovld|     p_ZZN4nnet24compute_output_buffer_2dINS_5arrayI8ap_fixedILi9ELi2EL9ap_q_mode0EL9a|       pointer|
|p_ZZN4nnet24compute_output_buffer_2dINS_5arrayI8ap_fixedILi9ELi2EL9ap_q_mode0EL9a_o            |  out|    9|     ap_ovld|     p_ZZN4nnet24compute_output_buffer_2dINS_5arrayI8ap_fixedILi9ELi2EL9ap_q_mode0EL9a|       pointer|
|p_ZZN4nnet24compute_output_buffer_2dINS_5arrayI8ap_fixedILi9ELi2EL9ap_q_mode0EL9a_o_ap_vld     |  out|    1|     ap_ovld|     p_ZZN4nnet24compute_output_buffer_2dINS_5arrayI8ap_fixedILi9ELi2EL9ap_q_mode0EL9a|       pointer|
+-----------------------------------------------------------------------------------------------+-----+-----+------------+--------------------------------------------------------------------------------------+--------------+

