#-----------------------------------------------------------
# Vivado v2025.2 (64-bit)
# SW Build 6299465 on Fri Nov 14 19:35:11 GMT 2025
# IP Build 6300035 on Fri Nov 14 10:48:45 MST 2025
# SharedData Build 6298862 on Thu Nov 13 04:50:51 MST 2025
# Start of session at: Sun Apr 12 22:09:35 2026
# Process ID         : 9800
# Current directory  : C:/Users/Andy/Documents/TFG/Project/3_multiplicacion_acelerada/matrix_hls/matrix_hls/hls/impl/ip
# Command line       : vivado.exe -notrace -mode batch -source run_ippack.tcl
# Log file           : C:/Users/Andy/Documents/TFG/Project/3_multiplicacion_acelerada/matrix_hls/matrix_hls/hls/impl/ip/vivado.log
# Journal file       : C:/Users/Andy/Documents/TFG/Project/3_multiplicacion_acelerada/matrix_hls/matrix_hls/hls/impl/ip\vivado.jou
# Running On         : DESKTOP-M77PRRA
# Platform           : Windows Server 2016 or Windows 10
# Operating System   : 19045
# Processor Detail   : Intel(R) Celeron(R) N4020 CPU @ 1.10GHz
# CPU Frequency      : 1094 MHz
# CPU Physical cores : 2
# CPU Logical cores  : 2
# Host memory        : 8214 MB
# Swap memory        : 5129 MB
# Total Virtual      : 13343 MB
# Available Virtual  : 2148 MB
#-----------------------------------------------------------
source run_ippack.tcl -notrace
INFO: calling package_hls_ip ip_types=vitis sysgen json_file=C:/Users/Andy/Documents/TFG/Project/3_multiplicacion_acelerada/matrix_hls/matrix_hls/hls/hls_data.json outdir=C:/Users/Andy/Documents/TFG/Project/3_multiplicacion_acelerada/matrix_hls/matrix_hls/hls/impl/ip srcdir=C:/Users/Andy/Documents/TFG/Project/3_multiplicacion_acelerada/matrix_hls/matrix_hls/hls ippack_options_dict= ippack_options_dict=
INFO: Copied 1 ipmisc file(s) to C:/Users/Andy/Documents/TFG/Project/3_multiplicacion_acelerada/matrix_hls/matrix_hls/hls/impl/ip/misc
INFO: Copied 13 verilog file(s) to C:/Users/Andy/Documents/TFG/Project/3_multiplicacion_acelerada/matrix_hls/matrix_hls/hls/impl/ip/hdl/verilog
INFO: Copied 11 vhdl file(s) to C:/Users/Andy/Documents/TFG/Project/3_multiplicacion_acelerada/matrix_hls/matrix_hls/hls/impl/ip/hdl/vhdl
INFO: Copied 10 swdriver file(s) to C:/Users/Andy/Documents/TFG/Project/3_multiplicacion_acelerada/matrix_hls/matrix_hls/hls/impl/ip/drivers
ipx::create_core: Time (s): cpu = 00:00:33 ; elapsed = 00:00:42 . Memory (MB): peak = 581.223 ; gain = 252.547
INFO: Import ports from HDL: C:/Users/Andy/Documents/TFG/Project/3_multiplicacion_acelerada/matrix_hls/matrix_hls/hls/impl/ip/hdl/vhdl/matrix_mult.vhd (matrix_mult)
INFO: Add axi4lite interface s_axi_CTRL
INFO: Add clock interface ap_clk
INFO: Add reset interface ap_rst_n
INFO: Add interrupt interface interrupt
INFO: [IP_Flow 19-234] Refreshing IP repositories
INFO: [IP_Flow 19-1704] No user IP repositories specified
INFO: [IP_Flow 19-2313] Loaded Vivado IP repository 'D:/2025.2/Vivado/data/ip'.
INFO: Add axi4stream interface in_stream
INFO: Add axi4stream interface out_stream
INFO: Calling post_process_vitis to specialize IP
INFO: Calling post_process_sysgen to specialize IP
Generating sysgen info xml from json file
INFO: Created IP C:/Users/Andy/Documents/TFG/Project/3_multiplicacion_acelerada/matrix_hls/matrix_hls/hls/impl/ip/component.xml
INFO: Created IP archive C:/Users/Andy/Documents/TFG/Project/3_multiplicacion_acelerada/matrix_hls/matrix_hls/hls/impl/ip/xilinx_com_hls_matrix_mult_1_0.zip
INFO: [Common 17-206] Exiting Vivado at Sun Apr 12 22:10:57 2026...
