
*** Running vivado
    with args -log design_1_wrapper.vds -m64 -product Vivado -mode batch -messageDb vivado.pb -notrace -source design_1_wrapper.tcl



****** Vivado v2025.2 (64-bit)
  **** SW Build 6299465 on Fri Nov 14 19:35:11 GMT 2025
  **** IP Build 6300035 on Fri Nov 14 10:48:45 MST 2025
  **** SharedData Build 6298862 on Thu Nov 13 04:50:51 MST 2025
  **** Start of session at: Sun Apr 12 22:23:39 2026
    ** Copyright 1986-2022 Xilinx, Inc. All Rights Reserved.
    ** Copyright 2022-2025 Advanced Micro Devices, Inc. All Rights Reserved.

source design_1_wrapper.tcl -notrace
create_project: Time (s): cpu = 00:00:30 ; elapsed = 00:00:20 . Memory (MB): peak = 571.746 ; gain = 251.984
INFO: [IP_Flow 19-234] Refreshing IP repositories
INFO: [IP_Flow 19-1700] Loaded user IP repository 'c:/Users/Andy/Documents/TFG/Project/3_multiplicacion_acelerada/matrix_hls'.
INFO: [IP_Flow 19-2313] Loaded Vivado IP repository 'D:/2025.2/Vivado/data/ip'.
WARNING: [IP_Flow 19-4995] The host OS only allows 260 characters in a normal path. The IP cache path is more than 80 characters. If you experience issues with IP caching, please consider changing the IP cache to a location with a shorter path. Alternately consider using the OS subst command to map part of the path to a drive letter. 
Current IP cache path is c:/Users/Andy/Documents/TFG/Project/3_multiplicacion_acelerada/3_multiplicacion_acelerada/3_multiplicacion_acelerada.cache/ip 
add_files: Time (s): cpu = 00:00:14 ; elapsed = 00:00:18 . Memory (MB): peak = 604.613 ; gain = 28.914
Command: read_checkpoint -auto_incremental -incremental C:/Users/Andy/Documents/TFG/Project/3_multiplicacion_acelerada/3_multiplicacion_acelerada/3_multiplicacion_acelerada.srcs/utils_1/imports/synth_1/design_1_wrapper.dcp
INFO: [Vivado 12-5825] Read reference checkpoint from C:/Users/Andy/Documents/TFG/Project/3_multiplicacion_acelerada/3_multiplicacion_acelerada/3_multiplicacion_acelerada.srcs/utils_1/imports/synth_1/design_1_wrapper.dcp for incremental synthesis
INFO: [Vivado 12-7989] Please ensure there are no constraint changes
Command: synth_design -top design_1_wrapper -part xc7z010clg400-1
Starting synth_design
Attempting to get a license for feature 'Synthesis' and/or device 'xc7z010'
INFO: [Common 17-349] Got license for feature 'Synthesis' and/or device 'xc7z010'
INFO: [Device 21-403] Loading part xc7z010clg400-1
INFO: [Designutils 20-5440] No compile time benefit to using incremental synthesis; A full resynthesis will be run
INFO: [Designutils 20-4379] Flow is switching to default flow due to incremental criteria not met. If you would like to alter this behaviour and have the flow terminate instead, please set the following parameter config_implementation {autoIncr.Synth.RejectBehavior Terminate}
INFO: [Synth 8-7079] Multithreading enabled for synth_design using a maximum of 2 processes.
INFO: [Synth 8-7078] Launching helper process for spawning children vivado processes
INFO: [Synth 8-7075] Helper process launched with PID 12172
---------------------------------------------------------------------------------
Starting RTL Elaboration : Time (s): cpu = 00:00:16 ; elapsed = 00:00:17 . Memory (MB): peak = 1379.688 ; gain = 539.051
---------------------------------------------------------------------------------
INFO: [Synth 8-6157] synthesizing module 'design_1_wrapper' [c:/Users/Andy/Documents/TFG/Project/3_multiplicacion_acelerada/3_multiplicacion_acelerada/3_multiplicacion_acelerada.gen/sources_1/bd/design_1/hdl/design_1_wrapper.v:13]
INFO: [Synth 8-6157] synthesizing module 'design_1' [c:/Users/Andy/Documents/TFG/Project/3_multiplicacion_acelerada/3_multiplicacion_acelerada/3_multiplicacion_acelerada.gen/sources_1/bd/design_1/synth/design_1.v:13]
INFO: [Synth 8-6157] synthesizing module 'design_1_axi_dma_0_0' [C:/Users/Andy/Documents/TFG/Project/3_multiplicacion_acelerada/3_multiplicacion_acelerada/3_multiplicacion_acelerada.runs/synth_1/.Xil/Vivado-11808-DESKTOP-M77PRRA/realtime/design_1_axi_dma_0_0_stub.v:6]
INFO: [Synth 8-6155] done synthesizing module 'design_1_axi_dma_0_0' (0#1) [C:/Users/Andy/Documents/TFG/Project/3_multiplicacion_acelerada/3_multiplicacion_acelerada/3_multiplicacion_acelerada.runs/synth_1/.Xil/Vivado-11808-DESKTOP-M77PRRA/realtime/design_1_axi_dma_0_0_stub.v:6]
WARNING: [Synth 8-7071] port 'mm2s_prmry_reset_out_n' of module 'design_1_axi_dma_0_0' is unconnected for instance 'axi_dma_0' [c:/Users/Andy/Documents/TFG/Project/3_multiplicacion_acelerada/3_multiplicacion_acelerada/3_multiplicacion_acelerada.gen/sources_1/bd/design_1/synth/design_1.v:226]
WARNING: [Synth 8-7071] port 's2mm_prmry_reset_out_n' of module 'design_1_axi_dma_0_0' is unconnected for instance 'axi_dma_0' [c:/Users/Andy/Documents/TFG/Project/3_multiplicacion_acelerada/3_multiplicacion_acelerada/3_multiplicacion_acelerada.gen/sources_1/bd/design_1/synth/design_1.v:226]
WARNING: [Synth 8-7071] port 'mm2s_introut' of module 'design_1_axi_dma_0_0' is unconnected for instance 'axi_dma_0' [c:/Users/Andy/Documents/TFG/Project/3_multiplicacion_acelerada/3_multiplicacion_acelerada/3_multiplicacion_acelerada.gen/sources_1/bd/design_1/synth/design_1.v:226]
WARNING: [Synth 8-7071] port 's2mm_introut' of module 'design_1_axi_dma_0_0' is unconnected for instance 'axi_dma_0' [c:/Users/Andy/Documents/TFG/Project/3_multiplicacion_acelerada/3_multiplicacion_acelerada/3_multiplicacion_acelerada.gen/sources_1/bd/design_1/synth/design_1.v:226]
WARNING: [Synth 8-7071] port 'axi_dma_tstvec' of module 'design_1_axi_dma_0_0' is unconnected for instance 'axi_dma_0' [c:/Users/Andy/Documents/TFG/Project/3_multiplicacion_acelerada/3_multiplicacion_acelerada/3_multiplicacion_acelerada.gen/sources_1/bd/design_1/synth/design_1.v:226]
WARNING: [Synth 8-7023] instance 'axi_dma_0' of module 'design_1_axi_dma_0_0' has 64 connections declared, but only 59 given [c:/Users/Andy/Documents/TFG/Project/3_multiplicacion_acelerada/3_multiplicacion_acelerada/3_multiplicacion_acelerada.gen/sources_1/bd/design_1/synth/design_1.v:226]
INFO: [Synth 8-6157] synthesizing module 'design_1_axi_smc_0' [C:/Users/Andy/Documents/TFG/Project/3_multiplicacion_acelerada/3_multiplicacion_acelerada/3_multiplicacion_acelerada.runs/synth_1/.Xil/Vivado-11808-DESKTOP-M77PRRA/realtime/design_1_axi_smc_0_stub.v:6]
INFO: [Synth 8-6155] done synthesizing module 'design_1_axi_smc_0' (0#1) [C:/Users/Andy/Documents/TFG/Project/3_multiplicacion_acelerada/3_multiplicacion_acelerada/3_multiplicacion_acelerada.runs/synth_1/.Xil/Vivado-11808-DESKTOP-M77PRRA/realtime/design_1_axi_smc_0_stub.v:6]
WARNING: [Synth 8-7071] port 'M00_AXI_awprot' of module 'design_1_axi_smc_0' is unconnected for instance 'axi_smc' [c:/Users/Andy/Documents/TFG/Project/3_multiplicacion_acelerada/3_multiplicacion_acelerada/3_multiplicacion_acelerada.gen/sources_1/bd/design_1/synth/design_1.v:286]
WARNING: [Synth 8-7071] port 'M00_AXI_wstrb' of module 'design_1_axi_smc_0' is unconnected for instance 'axi_smc' [c:/Users/Andy/Documents/TFG/Project/3_multiplicacion_acelerada/3_multiplicacion_acelerada/3_multiplicacion_acelerada.gen/sources_1/bd/design_1/synth/design_1.v:286]
WARNING: [Synth 8-7071] port 'M00_AXI_arprot' of module 'design_1_axi_smc_0' is unconnected for instance 'axi_smc' [c:/Users/Andy/Documents/TFG/Project/3_multiplicacion_acelerada/3_multiplicacion_acelerada/3_multiplicacion_acelerada.gen/sources_1/bd/design_1/synth/design_1.v:286]
WARNING: [Synth 8-7071] port 'M01_AXI_awprot' of module 'design_1_axi_smc_0' is unconnected for instance 'axi_smc' [c:/Users/Andy/Documents/TFG/Project/3_multiplicacion_acelerada/3_multiplicacion_acelerada/3_multiplicacion_acelerada.gen/sources_1/bd/design_1/synth/design_1.v:286]
WARNING: [Synth 8-7071] port 'M01_AXI_arprot' of module 'design_1_axi_smc_0' is unconnected for instance 'axi_smc' [c:/Users/Andy/Documents/TFG/Project/3_multiplicacion_acelerada/3_multiplicacion_acelerada/3_multiplicacion_acelerada.gen/sources_1/bd/design_1/synth/design_1.v:286]
WARNING: [Synth 8-7023] instance 'axi_smc' of module 'design_1_axi_smc_0' has 78 connections declared, but only 73 given [c:/Users/Andy/Documents/TFG/Project/3_multiplicacion_acelerada/3_multiplicacion_acelerada/3_multiplicacion_acelerada.gen/sources_1/bd/design_1/synth/design_1.v:286]
INFO: [Synth 8-6157] synthesizing module 'design_1_matrix_mult_0_0' [C:/Users/Andy/Documents/TFG/Project/3_multiplicacion_acelerada/3_multiplicacion_acelerada/3_multiplicacion_acelerada.runs/synth_1/.Xil/Vivado-11808-DESKTOP-M77PRRA/realtime/design_1_matrix_mult_0_0_stub.v:6]
INFO: [Synth 8-6155] done synthesizing module 'design_1_matrix_mult_0_0' (0#1) [C:/Users/Andy/Documents/TFG/Project/3_multiplicacion_acelerada/3_multiplicacion_acelerada/3_multiplicacion_acelerada.runs/synth_1/.Xil/Vivado-11808-DESKTOP-M77PRRA/realtime/design_1_matrix_mult_0_0_stub.v:6]
WARNING: [Synth 8-7071] port 'interrupt' of module 'design_1_matrix_mult_0_0' is unconnected for instance 'matrix_mult_0' [c:/Users/Andy/Documents/TFG/Project/3_multiplicacion_acelerada/3_multiplicacion_acelerada/3_multiplicacion_acelerada.gen/sources_1/bd/design_1/synth/design_1.v:360]
WARNING: [Synth 8-7071] port 'out_stream_TDEST' of module 'design_1_matrix_mult_0_0' is unconnected for instance 'matrix_mult_0' [c:/Users/Andy/Documents/TFG/Project/3_multiplicacion_acelerada/3_multiplicacion_acelerada/3_multiplicacion_acelerada.gen/sources_1/bd/design_1/synth/design_1.v:360]
WARNING: [Synth 8-7071] port 'out_stream_TID' of module 'design_1_matrix_mult_0_0' is unconnected for instance 'matrix_mult_0' [c:/Users/Andy/Documents/TFG/Project/3_multiplicacion_acelerada/3_multiplicacion_acelerada/3_multiplicacion_acelerada.gen/sources_1/bd/design_1/synth/design_1.v:360]
WARNING: [Synth 8-7071] port 'out_stream_TSTRB' of module 'design_1_matrix_mult_0_0' is unconnected for instance 'matrix_mult_0' [c:/Users/Andy/Documents/TFG/Project/3_multiplicacion_acelerada/3_multiplicacion_acelerada/3_multiplicacion_acelerada.gen/sources_1/bd/design_1/synth/design_1.v:360]
WARNING: [Synth 8-7071] port 'out_stream_TUSER' of module 'design_1_matrix_mult_0_0' is unconnected for instance 'matrix_mult_0' [c:/Users/Andy/Documents/TFG/Project/3_multiplicacion_acelerada/3_multiplicacion_acelerada/3_multiplicacion_acelerada.gen/sources_1/bd/design_1/synth/design_1.v:360]
WARNING: [Synth 8-7023] instance 'matrix_mult_0' of module 'design_1_matrix_mult_0_0' has 38 connections declared, but only 33 given [c:/Users/Andy/Documents/TFG/Project/3_multiplicacion_acelerada/3_multiplicacion_acelerada/3_multiplicacion_acelerada.gen/sources_1/bd/design_1/synth/design_1.v:360]
INFO: [Synth 8-6157] synthesizing module 'design_1_processing_system7_0_0' [C:/Users/Andy/Documents/TFG/Project/3_multiplicacion_acelerada/3_multiplicacion_acelerada/3_multiplicacion_acelerada.runs/synth_1/.Xil/Vivado-11808-DESKTOP-M77PRRA/realtime/design_1_processing_system7_0_0_stub.v:6]
INFO: [Synth 8-6155] done synthesizing module 'design_1_processing_system7_0_0' (0#1) [C:/Users/Andy/Documents/TFG/Project/3_multiplicacion_acelerada/3_multiplicacion_acelerada/3_multiplicacion_acelerada.runs/synth_1/.Xil/Vivado-11808-DESKTOP-M77PRRA/realtime/design_1_processing_system7_0_0_stub.v:6]
WARNING: [Synth 8-7071] port 'TTC0_WAVE0_OUT' of module 'design_1_processing_system7_0_0' is unconnected for instance 'processing_system7_0' [c:/Users/Andy/Documents/TFG/Project/3_multiplicacion_acelerada/3_multiplicacion_acelerada/3_multiplicacion_acelerada.gen/sources_1/bd/design_1/synth/design_1.v:394]
WARNING: [Synth 8-7071] port 'TTC0_WAVE1_OUT' of module 'design_1_processing_system7_0_0' is unconnected for instance 'processing_system7_0' [c:/Users/Andy/Documents/TFG/Project/3_multiplicacion_acelerada/3_multiplicacion_acelerada/3_multiplicacion_acelerada.gen/sources_1/bd/design_1/synth/design_1.v:394]
WARNING: [Synth 8-7071] port 'TTC0_WAVE2_OUT' of module 'design_1_processing_system7_0_0' is unconnected for instance 'processing_system7_0' [c:/Users/Andy/Documents/TFG/Project/3_multiplicacion_acelerada/3_multiplicacion_acelerada/3_multiplicacion_acelerada.gen/sources_1/bd/design_1/synth/design_1.v:394]
WARNING: [Synth 8-7071] port 'USB0_PORT_INDCTL' of module 'design_1_processing_system7_0_0' is unconnected for instance 'processing_system7_0' [c:/Users/Andy/Documents/TFG/Project/3_multiplicacion_acelerada/3_multiplicacion_acelerada/3_multiplicacion_acelerada.gen/sources_1/bd/design_1/synth/design_1.v:394]
WARNING: [Synth 8-7071] port 'USB0_VBUS_PWRSELECT' of module 'design_1_processing_system7_0_0' is unconnected for instance 'processing_system7_0' [c:/Users/Andy/Documents/TFG/Project/3_multiplicacion_acelerada/3_multiplicacion_acelerada/3_multiplicacion_acelerada.gen/sources_1/bd/design_1/synth/design_1.v:394]
WARNING: [Synth 8-7071] port 'S_AXI_HP0_AWREADY' of module 'design_1_processing_system7_0_0' is unconnected for instance 'processing_system7_0' [c:/Users/Andy/Documents/TFG/Project/3_multiplicacion_acelerada/3_multiplicacion_acelerada/3_multiplicacion_acelerada.gen/sources_1/bd/design_1/synth/design_1.v:394]
WARNING: [Synth 8-7071] port 'S_AXI_HP0_BVALID' of module 'design_1_processing_system7_0_0' is unconnected for instance 'processing_system7_0' [c:/Users/Andy/Documents/TFG/Project/3_multiplicacion_acelerada/3_multiplicacion_acelerada/3_multiplicacion_acelerada.gen/sources_1/bd/design_1/synth/design_1.v:394]
WARNING: [Synth 8-7071] port 'S_AXI_HP0_WREADY' of module 'design_1_processing_system7_0_0' is unconnected for instance 'processing_system7_0' [c:/Users/Andy/Documents/TFG/Project/3_multiplicacion_acelerada/3_multiplicacion_acelerada/3_multiplicacion_acelerada.gen/sources_1/bd/design_1/synth/design_1.v:394]
WARNING: [Synth 8-7071] port 'S_AXI_HP0_BRESP' of module 'design_1_processing_system7_0_0' is unconnected for instance 'processing_system7_0' [c:/Users/Andy/Documents/TFG/Project/3_multiplicacion_acelerada/3_multiplicacion_acelerada/3_multiplicacion_acelerada.gen/sources_1/bd/design_1/synth/design_1.v:394]
WARNING: [Synth 8-7071] port 'S_AXI_HP0_BID' of module 'design_1_processing_system7_0_0' is unconnected for instance 'processing_system7_0' [c:/Users/Andy/Documents/TFG/Project/3_multiplicacion_acelerada/3_multiplicacion_acelerada/3_multiplicacion_acelerada.gen/sources_1/bd/design_1/synth/design_1.v:394]
WARNING: [Synth 8-7071] port 'S_AXI_HP0_RID' of module 'design_1_processing_system7_0_0' is unconnected for instance 'processing_system7_0' [c:/Users/Andy/Documents/TFG/Project/3_multiplicacion_acelerada/3_multiplicacion_acelerada/3_multiplicacion_acelerada.gen/sources_1/bd/design_1/synth/design_1.v:394]
WARNING: [Synth 8-7071] port 'S_AXI_HP0_RCOUNT' of module 'design_1_processing_system7_0_0' is unconnected for instance 'processing_system7_0' [c:/Users/Andy/Documents/TFG/Project/3_multiplicacion_acelerada/3_multiplicacion_acelerada/3_multiplicacion_acelerada.gen/sources_1/bd/design_1/synth/design_1.v:394]
WARNING: [Synth 8-7071] port 'S_AXI_HP0_WCOUNT' of module 'design_1_processing_system7_0_0' is unconnected for instance 'processing_system7_0' [c:/Users/Andy/Documents/TFG/Project/3_multiplicacion_acelerada/3_multiplicacion_acelerada/3_multiplicacion_acelerada.gen/sources_1/bd/design_1/synth/design_1.v:394]
WARNING: [Synth 8-7071] port 'S_AXI_HP0_RACOUNT' of module 'design_1_processing_system7_0_0' is unconnected for instance 'processing_system7_0' [c:/Users/Andy/Documents/TFG/Project/3_multiplicacion_acelerada/3_multiplicacion_acelerada/3_multiplicacion_acelerada.gen/sources_1/bd/design_1/synth/design_1.v:394]
WARNING: [Synth 8-7071] port 'S_AXI_HP0_WACOUNT' of module 'design_1_processing_system7_0_0' is unconnected for instance 'processing_system7_0' [c:/Users/Andy/Documents/TFG/Project/3_multiplicacion_acelerada/3_multiplicacion_acelerada/3_multiplicacion_acelerada.gen/sources_1/bd/design_1/synth/design_1.v:394]
WARNING: [Synth 8-7071] port 'S_AXI_HP1_ARREADY' of module 'design_1_processing_system7_0_0' is unconnected for instance 'processing_system7_0' [c:/Users/Andy/Documents/TFG/Project/3_multiplicacion_acelerada/3_multiplicacion_acelerada/3_multiplicacion_acelerada.gen/sources_1/bd/design_1/synth/design_1.v:394]
WARNING: [Synth 8-7071] port 'S_AXI_HP1_RLAST' of module 'design_1_processing_system7_0_0' is unconnected for instance 'processing_system7_0' [c:/Users/Andy/Documents/TFG/Project/3_multiplicacion_acelerada/3_multiplicacion_acelerada/3_multiplicacion_acelerada.gen/sources_1/bd/design_1/synth/design_1.v:394]
WARNING: [Synth 8-7071] port 'S_AXI_HP1_RVALID' of module 'design_1_processing_system7_0_0' is unconnected for instance 'processing_system7_0' [c:/Users/Andy/Documents/TFG/Project/3_multiplicacion_acelerada/3_multiplicacion_acelerada/3_multiplicacion_acelerada.gen/sources_1/bd/design_1/synth/design_1.v:394]
WARNING: [Synth 8-7071] port 'S_AXI_HP1_RRESP' of module 'design_1_processing_system7_0_0' is unconnected for instance 'processing_system7_0' [c:/Users/Andy/Documents/TFG/Project/3_multiplicacion_acelerada/3_multiplicacion_acelerada/3_multiplicacion_acelerada.gen/sources_1/bd/design_1/synth/design_1.v:394]
WARNING: [Synth 8-7071] port 'S_AXI_HP1_BID' of module 'design_1_processing_system7_0_0' is unconnected for instance 'processing_system7_0' [c:/Users/Andy/Documents/TFG/Project/3_multiplicacion_acelerada/3_multiplicacion_acelerada/3_multiplicacion_acelerada.gen/sources_1/bd/design_1/synth/design_1.v:394]
WARNING: [Synth 8-7071] port 'S_AXI_HP1_RID' of module 'design_1_processing_system7_0_0' is unconnected for instance 'processing_system7_0' [c:/Users/Andy/Documents/TFG/Project/3_multiplicacion_acelerada/3_multiplicacion_acelerada/3_multiplicacion_acelerada.gen/sources_1/bd/design_1/synth/design_1.v:394]
WARNING: [Synth 8-7071] port 'S_AXI_HP1_RDATA' of module 'design_1_processing_system7_0_0' is unconnected for instance 'processing_system7_0' [c:/Users/Andy/Documents/TFG/Project/3_multiplicacion_acelerada/3_multiplicacion_acelerada/3_multiplicacion_acelerada.gen/sources_1/bd/design_1/synth/design_1.v:394]
WARNING: [Synth 8-7071] port 'S_AXI_HP1_RCOUNT' of module 'design_1_processing_system7_0_0' is unconnected for instance 'processing_system7_0' [c:/Users/Andy/Documents/TFG/Project/3_multiplicacion_acelerada/3_multiplicacion_acelerada/3_multiplicacion_acelerada.gen/sources_1/bd/design_1/synth/design_1.v:394]
WARNING: [Synth 8-7071] port 'S_AXI_HP1_WCOUNT' of module 'design_1_processing_system7_0_0' is unconnected for instance 'processing_system7_0' [c:/Users/Andy/Documents/TFG/Project/3_multiplicacion_acelerada/3_multiplicacion_acelerada/3_multiplicacion_acelerada.gen/sources_1/bd/design_1/synth/design_1.v:394]
WARNING: [Synth 8-7071] port 'S_AXI_HP1_RACOUNT' of module 'design_1_processing_system7_0_0' is unconnected for instance 'processing_system7_0' [c:/Users/Andy/Documents/TFG/Project/3_multiplicacion_acelerada/3_multiplicacion_acelerada/3_multiplicacion_acelerada.gen/sources_1/bd/design_1/synth/design_1.v:394]
WARNING: [Synth 8-7071] port 'S_AXI_HP1_WACOUNT' of module 'design_1_processing_system7_0_0' is unconnected for instance 'processing_system7_0' [c:/Users/Andy/Documents/TFG/Project/3_multiplicacion_acelerada/3_multiplicacion_acelerada/3_multiplicacion_acelerada.gen/sources_1/bd/design_1/synth/design_1.v:394]
WARNING: [Synth 8-7023] instance 'processing_system7_0' of module 'design_1_processing_system7_0_0' has 159 connections declared, but only 133 given [c:/Users/Andy/Documents/TFG/Project/3_multiplicacion_acelerada/3_multiplicacion_acelerada/3_multiplicacion_acelerada.gen/sources_1/bd/design_1/synth/design_1.v:394]
INFO: [Synth 8-6157] synthesizing module 'design_1_rst_ps7_0_50M_0' [C:/Users/Andy/Documents/TFG/Project/3_multiplicacion_acelerada/3_multiplicacion_acelerada/3_multiplicacion_acelerada.runs/synth_1/.Xil/Vivado-11808-DESKTOP-M77PRRA/realtime/design_1_rst_ps7_0_50M_0_stub.v:6]
INFO: [Synth 8-6155] done synthesizing module 'design_1_rst_ps7_0_50M_0' (0#1) [C:/Users/Andy/Documents/TFG/Project/3_multiplicacion_acelerada/3_multiplicacion_acelerada/3_multiplicacion_acelerada.runs/synth_1/.Xil/Vivado-11808-DESKTOP-M77PRRA/realtime/design_1_rst_ps7_0_50M_0_stub.v:6]
WARNING: [Synth 8-7071] port 'mb_reset' of module 'design_1_rst_ps7_0_50M_0' is unconnected for instance 'rst_ps7_0_50M' [c:/Users/Andy/Documents/TFG/Project/3_multiplicacion_acelerada/3_multiplicacion_acelerada/3_multiplicacion_acelerada.gen/sources_1/bd/design_1/synth/design_1.v:528]
WARNING: [Synth 8-7071] port 'bus_struct_reset' of module 'design_1_rst_ps7_0_50M_0' is unconnected for instance 'rst_ps7_0_50M' [c:/Users/Andy/Documents/TFG/Project/3_multiplicacion_acelerada/3_multiplicacion_acelerada/3_multiplicacion_acelerada.gen/sources_1/bd/design_1/synth/design_1.v:528]
WARNING: [Synth 8-7071] port 'peripheral_reset' of module 'design_1_rst_ps7_0_50M_0' is unconnected for instance 'rst_ps7_0_50M' [c:/Users/Andy/Documents/TFG/Project/3_multiplicacion_acelerada/3_multiplicacion_acelerada/3_multiplicacion_acelerada.gen/sources_1/bd/design_1/synth/design_1.v:528]
WARNING: [Synth 8-7071] port 'interconnect_aresetn' of module 'design_1_rst_ps7_0_50M_0' is unconnected for instance 'rst_ps7_0_50M' [c:/Users/Andy/Documents/TFG/Project/3_multiplicacion_acelerada/3_multiplicacion_acelerada/3_multiplicacion_acelerada.gen/sources_1/bd/design_1/synth/design_1.v:528]
WARNING: [Synth 8-7023] instance 'rst_ps7_0_50M' of module 'design_1_rst_ps7_0_50M_0' has 10 connections declared, but only 6 given [c:/Users/Andy/Documents/TFG/Project/3_multiplicacion_acelerada/3_multiplicacion_acelerada/3_multiplicacion_acelerada.gen/sources_1/bd/design_1/synth/design_1.v:528]
INFO: [Synth 8-6157] synthesizing module 'design_1_smartconnect_0_1' [C:/Users/Andy/Documents/TFG/Project/3_multiplicacion_acelerada/3_multiplicacion_acelerada/3_multiplicacion_acelerada.runs/synth_1/.Xil/Vivado-11808-DESKTOP-M77PRRA/realtime/design_1_smartconnect_0_1_stub.v:6]
INFO: [Synth 8-6155] done synthesizing module 'design_1_smartconnect_0_1' (0#1) [C:/Users/Andy/Documents/TFG/Project/3_multiplicacion_acelerada/3_multiplicacion_acelerada/3_multiplicacion_acelerada.runs/synth_1/.Xil/Vivado-11808-DESKTOP-M77PRRA/realtime/design_1_smartconnect_0_1_stub.v:6]
INFO: [Synth 8-6157] synthesizing module 'design_1_smartconnect_1_0' [C:/Users/Andy/Documents/TFG/Project/3_multiplicacion_acelerada/3_multiplicacion_acelerada/3_multiplicacion_acelerada.runs/synth_1/.Xil/Vivado-11808-DESKTOP-M77PRRA/realtime/design_1_smartconnect_1_0_stub.v:6]
INFO: [Synth 8-6155] done synthesizing module 'design_1_smartconnect_1_0' (0#1) [C:/Users/Andy/Documents/TFG/Project/3_multiplicacion_acelerada/3_multiplicacion_acelerada/3_multiplicacion_acelerada.runs/synth_1/.Xil/Vivado-11808-DESKTOP-M77PRRA/realtime/design_1_smartconnect_1_0_stub.v:6]
INFO: [Synth 8-6155] done synthesizing module 'design_1' (0#1) [c:/Users/Andy/Documents/TFG/Project/3_multiplicacion_acelerada/3_multiplicacion_acelerada/3_multiplicacion_acelerada.gen/sources_1/bd/design_1/synth/design_1.v:13]
INFO: [Synth 8-6155] done synthesizing module 'design_1_wrapper' (0#1) [c:/Users/Andy/Documents/TFG/Project/3_multiplicacion_acelerada/3_multiplicacion_acelerada/3_multiplicacion_acelerada.gen/sources_1/bd/design_1/hdl/design_1_wrapper.v:13]
---------------------------------------------------------------------------------
Finished RTL Elaboration : Time (s): cpu = 00:00:22 ; elapsed = 00:00:23 . Memory (MB): peak = 1507.762 ; gain = 667.125
---------------------------------------------------------------------------------
---------------------------------------------------------------------------------
Start Handling Custom Attributes
---------------------------------------------------------------------------------
---------------------------------------------------------------------------------
Finished Handling Custom Attributes : Time (s): cpu = 00:00:22 ; elapsed = 00:00:24 . Memory (MB): peak = 1507.762 ; gain = 667.125
---------------------------------------------------------------------------------
---------------------------------------------------------------------------------
Finished RTL Optimization Phase 1 : Time (s): cpu = 00:00:22 ; elapsed = 00:00:24 . Memory (MB): peak = 1507.762 ; gain = 667.125
---------------------------------------------------------------------------------
Netlist sorting complete. Time (s): cpu = 00:00:00 ; elapsed = 00:00:00.057 . Memory (MB): peak = 1507.762 ; gain = 0.000
INFO: [Project 1-570] Preparing netlist for logic optimization

Processing XDC Constraints
Initializing timing engine
Parsing XDC File [c:/Users/Andy/Documents/TFG/Project/3_multiplicacion_acelerada/3_multiplicacion_acelerada/3_multiplicacion_acelerada.gen/sources_1/bd/design_1/ip/design_1_processing_system7_0_0/design_1_processing_system7_0_0/design_1_processing_system7_0_0_in_context.xdc] for cell 'design_1_i/processing_system7_0'
Finished Parsing XDC File [c:/Users/Andy/Documents/TFG/Project/3_multiplicacion_acelerada/3_multiplicacion_acelerada/3_multiplicacion_acelerada.gen/sources_1/bd/design_1/ip/design_1_processing_system7_0_0/design_1_processing_system7_0_0/design_1_processing_system7_0_0_in_context.xdc] for cell 'design_1_i/processing_system7_0'
Parsing XDC File [c:/Users/Andy/Documents/TFG/Project/3_multiplicacion_acelerada/3_multiplicacion_acelerada/3_multiplicacion_acelerada.gen/sources_1/bd/design_1/ip/design_1_axi_dma_0_0/design_1_axi_dma_0_0/design_1_axi_dma_0_0_in_context.xdc] for cell 'design_1_i/axi_dma_0'
Finished Parsing XDC File [c:/Users/Andy/Documents/TFG/Project/3_multiplicacion_acelerada/3_multiplicacion_acelerada/3_multiplicacion_acelerada.gen/sources_1/bd/design_1/ip/design_1_axi_dma_0_0/design_1_axi_dma_0_0/design_1_axi_dma_0_0_in_context.xdc] for cell 'design_1_i/axi_dma_0'
Parsing XDC File [c:/Users/Andy/Documents/TFG/Project/3_multiplicacion_acelerada/3_multiplicacion_acelerada/3_multiplicacion_acelerada.gen/sources_1/bd/design_1/ip/design_1_matrix_mult_0_0/design_1_matrix_mult_0_0/design_1_matrix_mult_0_0_in_context.xdc] for cell 'design_1_i/matrix_mult_0'
Finished Parsing XDC File [c:/Users/Andy/Documents/TFG/Project/3_multiplicacion_acelerada/3_multiplicacion_acelerada/3_multiplicacion_acelerada.gen/sources_1/bd/design_1/ip/design_1_matrix_mult_0_0/design_1_matrix_mult_0_0/design_1_matrix_mult_0_0_in_context.xdc] for cell 'design_1_i/matrix_mult_0'
Parsing XDC File [c:/Users/Andy/Documents/TFG/Project/3_multiplicacion_acelerada/3_multiplicacion_acelerada/3_multiplicacion_acelerada.gen/sources_1/bd/design_1/ip/design_1_rst_ps7_0_50M_0/design_1_rst_ps7_0_50M_0/design_1_rst_ps7_0_50M_0_in_context.xdc] for cell 'design_1_i/rst_ps7_0_50M'
Finished Parsing XDC File [c:/Users/Andy/Documents/TFG/Project/3_multiplicacion_acelerada/3_multiplicacion_acelerada/3_multiplicacion_acelerada.gen/sources_1/bd/design_1/ip/design_1_rst_ps7_0_50M_0/design_1_rst_ps7_0_50M_0/design_1_rst_ps7_0_50M_0_in_context.xdc] for cell 'design_1_i/rst_ps7_0_50M'
Parsing XDC File [c:/Users/Andy/Documents/TFG/Project/3_multiplicacion_acelerada/3_multiplicacion_acelerada/3_multiplicacion_acelerada.gen/sources_1/bd/design_1/ip/design_1_axi_smc_0/design_1_axi_smc_0/design_1_axi_smc_0_in_context.xdc] for cell 'design_1_i/axi_smc'
Finished Parsing XDC File [c:/Users/Andy/Documents/TFG/Project/3_multiplicacion_acelerada/3_multiplicacion_acelerada/3_multiplicacion_acelerada.gen/sources_1/bd/design_1/ip/design_1_axi_smc_0/design_1_axi_smc_0/design_1_axi_smc_0_in_context.xdc] for cell 'design_1_i/axi_smc'
Parsing XDC File [c:/Users/Andy/Documents/TFG/Project/3_multiplicacion_acelerada/3_multiplicacion_acelerada/3_multiplicacion_acelerada.gen/sources_1/bd/design_1/ip/design_1_smartconnect_0_1/design_1_smartconnect_0_1/design_1_smartconnect_0_1_in_context.xdc] for cell 'design_1_i/smartconnect_0'
Finished Parsing XDC File [c:/Users/Andy/Documents/TFG/Project/3_multiplicacion_acelerada/3_multiplicacion_acelerada/3_multiplicacion_acelerada.gen/sources_1/bd/design_1/ip/design_1_smartconnect_0_1/design_1_smartconnect_0_1/design_1_smartconnect_0_1_in_context.xdc] for cell 'design_1_i/smartconnect_0'
Parsing XDC File [c:/Users/Andy/Documents/TFG/Project/3_multiplicacion_acelerada/3_multiplicacion_acelerada/3_multiplicacion_acelerada.gen/sources_1/bd/design_1/ip/design_1_smartconnect_1_0/design_1_smartconnect_1_0/design_1_smartconnect_1_0_in_context.xdc] for cell 'design_1_i/smartconnect_1'
Finished Parsing XDC File [c:/Users/Andy/Documents/TFG/Project/3_multiplicacion_acelerada/3_multiplicacion_acelerada/3_multiplicacion_acelerada.gen/sources_1/bd/design_1/ip/design_1_smartconnect_1_0/design_1_smartconnect_1_0/design_1_smartconnect_1_0_in_context.xdc] for cell 'design_1_i/smartconnect_1'
Parsing XDC File [C:/Users/Andy/Documents/TFG/Project/3_multiplicacion_acelerada/3_multiplicacion_acelerada/3_multiplicacion_acelerada.runs/synth_1/dont_touch.xdc]
Finished Parsing XDC File [C:/Users/Andy/Documents/TFG/Project/3_multiplicacion_acelerada/3_multiplicacion_acelerada/3_multiplicacion_acelerada.runs/synth_1/dont_touch.xdc]
Completed Processing XDC Constraints

Netlist sorting complete. Time (s): cpu = 00:00:00 ; elapsed = 00:00:00.001 . Memory (MB): peak = 1507.762 ; gain = 0.000
INFO: [Project 1-111] Unisim Transformation Summary:
No Unisim elements were transformed.

Constraint Validation Runtime : Time (s): cpu = 00:00:00 ; elapsed = 00:00:00.051 . Memory (MB): peak = 1507.762 ; gain = 0.000
INFO: [Designutils 20-5440] No compile time benefit to using incremental synthesis; A full resynthesis will be run
INFO: [Designutils 20-4379] Flow is switching to default flow due to incremental criteria not met. If you would like to alter this behaviour and have the flow terminate instead, please set the following parameter config_implementation {autoIncr.Synth.RejectBehavior Terminate}
---------------------------------------------------------------------------------
Finished Constraint Validation : Time (s): cpu = 00:00:46 ; elapsed = 00:00:49 . Memory (MB): peak = 1507.762 ; gain = 667.125
---------------------------------------------------------------------------------
---------------------------------------------------------------------------------
Start Loading Part and Timing Information
---------------------------------------------------------------------------------
Loading part: xc7z010clg400-1
---------------------------------------------------------------------------------
Finished Loading Part and Timing Information : Time (s): cpu = 00:00:46 ; elapsed = 00:00:49 . Memory (MB): peak = 1507.762 ; gain = 667.125
---------------------------------------------------------------------------------
---------------------------------------------------------------------------------
Start Applying 'set_property' XDC Constraints
---------------------------------------------------------------------------------
---------------------------------------------------------------------------------
Finished applying 'set_property' XDC Constraints : Time (s): cpu = 00:00:47 ; elapsed = 00:00:50 . Memory (MB): peak = 1507.762 ; gain = 667.125
---------------------------------------------------------------------------------
---------------------------------------------------------------------------------
Finished RTL Optimization Phase 2 : Time (s): cpu = 00:00:47 ; elapsed = 00:00:50 . Memory (MB): peak = 1507.762 ; gain = 667.125
---------------------------------------------------------------------------------
---------------------------------------------------------------------------------
Start RTL Component Statistics 
---------------------------------------------------------------------------------
Detailed RTL Component Info : 
---------------------------------------------------------------------------------
Finished RTL Component Statistics 
---------------------------------------------------------------------------------
---------------------------------------------------------------------------------
Start Part Resource Summary
---------------------------------------------------------------------------------
Part Resources:
DSPs: 80 (col length:40)
BRAMs: 120 (col length: RAMB18 40 RAMB36 20)
---------------------------------------------------------------------------------
Finished Part Resource Summary
---------------------------------------------------------------------------------
---------------------------------------------------------------------------------
Start Cross Boundary and Area Optimization
---------------------------------------------------------------------------------
---------------------------------------------------------------------------------
Finished Cross Boundary and Area Optimization : Time (s): cpu = 00:00:56 ; elapsed = 00:00:59 . Memory (MB): peak = 1510.867 ; gain = 670.230
---------------------------------------------------------------------------------
---------------------------------------------------------------------------------
Start Applying XDC Timing Constraints
---------------------------------------------------------------------------------
---------------------------------------------------------------------------------
Finished Applying XDC Timing Constraints : Time (s): cpu = 00:01:11 ; elapsed = 00:01:15 . Memory (MB): peak = 1690.453 ; gain = 849.816
---------------------------------------------------------------------------------
---------------------------------------------------------------------------------
Start Timing Optimization
---------------------------------------------------------------------------------
---------------------------------------------------------------------------------
Finished Timing Optimization : Time (s): cpu = 00:01:11 ; elapsed = 00:01:15 . Memory (MB): peak = 1690.676 ; gain = 850.039
---------------------------------------------------------------------------------
---------------------------------------------------------------------------------
Start Technology Mapping
---------------------------------------------------------------------------------
---------------------------------------------------------------------------------
Finished Technology Mapping : Time (s): cpu = 00:01:11 ; elapsed = 00:01:15 . Memory (MB): peak = 1700.781 ; gain = 860.145
---------------------------------------------------------------------------------
---------------------------------------------------------------------------------
Start IO Insertion
---------------------------------------------------------------------------------
---------------------------------------------------------------------------------
Start Flattening Before IO Insertion
---------------------------------------------------------------------------------
---------------------------------------------------------------------------------
Finished Flattening Before IO Insertion
---------------------------------------------------------------------------------
---------------------------------------------------------------------------------
Start Final Netlist Cleanup
---------------------------------------------------------------------------------
---------------------------------------------------------------------------------
Finished Final Netlist Cleanup
---------------------------------------------------------------------------------
---------------------------------------------------------------------------------
Finished IO Insertion : Time (s): cpu = 00:01:28 ; elapsed = 00:01:32 . Memory (MB): peak = 1949.629 ; gain = 1108.992
---------------------------------------------------------------------------------
---------------------------------------------------------------------------------
Start Renaming Generated Instances
---------------------------------------------------------------------------------
---------------------------------------------------------------------------------
Finished Renaming Generated Instances : Time (s): cpu = 00:01:28 ; elapsed = 00:01:32 . Memory (MB): peak = 1949.629 ; gain = 1108.992
---------------------------------------------------------------------------------
---------------------------------------------------------------------------------
Start Rebuilding User Hierarchy
---------------------------------------------------------------------------------
---------------------------------------------------------------------------------
Finished Rebuilding User Hierarchy : Time (s): cpu = 00:01:28 ; elapsed = 00:01:32 . Memory (MB): peak = 1949.629 ; gain = 1108.992
---------------------------------------------------------------------------------
---------------------------------------------------------------------------------
Start Renaming Generated Ports
---------------------------------------------------------------------------------
---------------------------------------------------------------------------------
Finished Renaming Generated Ports : Time (s): cpu = 00:01:28 ; elapsed = 00:01:32 . Memory (MB): peak = 1949.629 ; gain = 1108.992
---------------------------------------------------------------------------------
---------------------------------------------------------------------------------
Start Handling Custom Attributes
---------------------------------------------------------------------------------
---------------------------------------------------------------------------------
Finished Handling Custom Attributes : Time (s): cpu = 00:01:28 ; elapsed = 00:01:32 . Memory (MB): peak = 1949.629 ; gain = 1108.992
---------------------------------------------------------------------------------
---------------------------------------------------------------------------------
Start Renaming Generated Nets
---------------------------------------------------------------------------------
---------------------------------------------------------------------------------
Finished Renaming Generated Nets : Time (s): cpu = 00:01:28 ; elapsed = 00:01:32 . Memory (MB): peak = 1949.629 ; gain = 1108.992
---------------------------------------------------------------------------------
---------------------------------------------------------------------------------
Start Writing Synthesis Report
---------------------------------------------------------------------------------

Report BlackBoxes: 
+------+--------------------------------+----------+
|      |BlackBox name                   |Instances |
+------+--------------------------------+----------+
|1     |design_1_axi_dma_0_0            |         1|
|2     |design_1_axi_smc_0              |         1|
|3     |design_1_matrix_mult_0_0        |         1|
|4     |design_1_processing_system7_0_0 |         1|
|5     |design_1_rst_ps7_0_50M_0        |         1|
|6     |design_1_smartconnect_0_1       |         1|
|7     |design_1_smartconnect_1_0       |         1|
+------+--------------------------------+----------+

Report Cell Usage: 
+------+------------------------------+------+
|      |Cell                          |Count |
+------+------------------------------+------+
|1     |design_1_axi_dma_0            |     1|
|2     |design_1_axi_smc              |     1|
|3     |design_1_matrix_mult_0        |     1|
|4     |design_1_processing_system7_0 |     1|
|5     |design_1_rst_ps7_0_50M        |     1|
|6     |design_1_smartconnect_0       |     1|
|7     |design_1_smartconnect_1       |     1|
+------+------------------------------+------+
---------------------------------------------------------------------------------
Finished Writing Synthesis Report : Time (s): cpu = 00:01:28 ; elapsed = 00:01:32 . Memory (MB): peak = 1949.629 ; gain = 1108.992
---------------------------------------------------------------------------------
Synthesis finished with 0 errors, 0 critical warnings and 0 warnings.
Synthesis Optimization Runtime : Time (s): cpu = 00:01:00 ; elapsed = 00:01:26 . Memory (MB): peak = 1949.629 ; gain = 1108.992
Synthesis Optimization Complete : Time (s): cpu = 00:01:29 ; elapsed = 00:01:33 . Memory (MB): peak = 1949.629 ; gain = 1108.992
INFO: [Project 1-571] Translating synthesized netlist
Netlist sorting complete. Time (s): cpu = 00:00:00 ; elapsed = 00:00:00.055 . Memory (MB): peak = 1949.629 ; gain = 0.000
INFO: [Project 1-570] Preparing netlist for logic optimization
INFO: [Opt 31-138] Pushed 0 inverter(s) to 0 load pin(s).
Netlist sorting complete. Time (s): cpu = 00:00:00 ; elapsed = 00:00:00 . Memory (MB): peak = 1958.188 ; gain = 0.000
INFO: [Project 1-111] Unisim Transformation Summary:
No Unisim elements were transformed.

Synth Design complete | Checksum: 5999ddc8
INFO: [Common 17-83] Releasing license: Synthesis
39 Infos, 51 Warnings, 0 Critical Warnings and 0 Errors encountered.
synth_design completed successfully
synth_design: Time (s): cpu = 00:01:40 ; elapsed = 00:02:02 . Memory (MB): peak = 1962.211 ; gain = 1331.094
INFO: [Common 17-1381] The checkpoint 'C:/Users/Andy/Documents/TFG/Project/3_multiplicacion_acelerada/3_multiplicacion_acelerada/3_multiplicacion_acelerada.runs/synth_1/design_1_wrapper.dcp' has been generated.
INFO: [Vivado 12-24828] Executing command : report_utilization -file design_1_wrapper_utilization_synth.rpt -pb design_1_wrapper_utilization_synth.pb
INFO: [Common 17-206] Exiting Vivado at Sun Apr 12 22:26:31 2026...
